CELL winter_typical   tz=0 realised 51.4139 -> 49.8821 SEK/day (+1.5317)  viol 0.0000->0.0000  minT 18.259->18.277
CELL winter_typical   tz=1 realised 77.2276 -> 75.7438 SEK/day (+1.4838)  viol 0.0016->0.0000  minT 16.998->17.000
CELL winter_extreme   tz=0 realised 70.4873 -> 70.4693 SEK/day (+0.0180)  viol 0.0000->0.0000  minT 17.617->17.637
CELL winter_extreme   tz=1 realised 124.7998 -> 124.8003 SEK/day (-0.0004)  viol 0.0000->0.0002  minT 17.000->17.000
CELL shoulder         tz=0 realised 44.1378 -> 44.4180 SEK/day (-0.2802)  viol 0.0000->0.0000  minT 18.418->18.467
CELL shoulder         tz=1 realised 58.7148 -> 58.4414 SEK/day (+0.2734)  viol 0.0000->0.0000  minT 17.138->17.000
CELL summer_negative  tz=0 realised 12.2810 -> 12.4630 SEK/day (-0.1820)  viol 0.0000->0.0000  minT 19.143->19.175
CELL summer_negative  tz=1 realised 17.1016 -> 17.3782 SEK/day (-0.2766)  viol 0.0000->0.0000  minT 17.283->17.654
CELL flat             tz=0 realised 80.9797 -> 82.1229 SEK/day (-1.1431)  viol 0.0000->0.0000  minT 17.078->17.249
CELL flat             tz=1 realised 104.7098 -> 107.7931 SEK/day (-3.0832)  viol 0.0002->0.0000  minT 17.000->17.001
RESULT cells_priced=8
RESULT cells_flat_null_control=2
RESULT mean_realised_delta_priced_SEK_per_day=0.320965 SEK
RESULT max_realised_delta_priced_SEK_per_day=1.53174 SEK
RESULT min_realised_delta_priced_SEK_per_day=-0.280198 SEK
RESULT loo_mean_realised_delta_priced_SEK_per_day=0.147996 SEK
RESULT mean_realised_delta_flat_SEK_per_day=-2.11318 SEK
RESULT max_realised_delta_flat_SEK_per_day=-1.14313 SEK
RESULT mean_bill_priced_SEK_per_day=57.0205 SEK
RESULT mean_delta_share_of_bill_pct=0.562893 %
RESULT cells_challenger_worse_comfort=1
RESULT cells_production_cheaper=4
RESULT max_comfort_violation_either_arm=0.00160614
RESULT thread_factor=1
RESULT load1=6.9
RESULT swapins=41481226
