CELL winter_typical   tz=0 J=68.81957  restart=+0.0000%  coopt_iter=+0.0000%
CELL winter_typical   tz=1 J=87.27327  restart=+0.0050%  coopt_iter=+0.0000%
CELL winter_extreme   tz=0 J=95.78439  restart=+0.0000%  coopt_iter=+0.0000%
CELL winter_extreme   tz=1 J=128.37548  restart=+0.0001%  coopt_iter=+0.0000%
CELL shoulder         tz=0 J=54.53902  restart=+0.0000%  coopt_iter=+0.0000%
CELL shoulder         tz=1 J=64.98693  restart=+0.1348%  coopt_iter=+0.0000%
CELL summer_negative  tz=0 J=15.17211  restart=+0.0000%  coopt_iter=+0.0000%
CELL summer_negative  tz=1 J=19.33594  restart=+0.0000%  coopt_iter=+0.0000%
CELL winter_moderate  tz=0 J=84.40599  restart=+0.0000%  coopt_iter=+0.0000%
CELL winter_moderate  tz=1 J=104.35158  restart=+0.0000%  coopt_iter=+0.0000%
CELL flat             tz=0 J=90.55169  restart=+0.0000%  coopt_iter=+0.0000%
CELL flat             tz=1 J=107.67103  restart=+0.0234%  coopt_iter=+0.0000%
RESULT mean_gain_restart_priced_pct=0.014006 %
RESULT max_gain_restart_priced_pct=0.134817 %
RESULT min_gain_restart_priced_pct=0 %
RESULT loo_mean_gain_restart_priced_pct=0.00058258 %
RESULT mean_gain_restart_flat_pct=0.0116836 %
RESULT max_gain_restart_flat_pct=0.0233572 %
RESULT mean_gain_coopt_priced_pct=0 %
RESULT max_gain_coopt_priced_pct=0 %
RESULT min_gain_coopt_priced_pct=0 %
RESULT loo_mean_gain_coopt_priced_pct=0 %
RESULT mean_gain_coopt_flat_pct=0 %
RESULT max_gain_coopt_flat_pct=0 %
RESULT cells_priced=10
RESULT cells_flat_null_control=2
RESULT cells_restart_gain_zero=3
RESULT cells_coopt_iter_worse_than_production=0
RESULT thread_factor=1
RESULT load1=6.32
RESULT swapins=41481734
