  3657 unpinned site(s) of 3985 candidate sites, 3670 at the ratchet base dbcca5fda478a419a959ef40a1704ff4a4ce9c7d; the ledger agrees with the deterministic inventory
MUTATION TABLE -- scope changed: 2 production file(s) whose code this diff adds or modifies
  6 mutant(s) over 2 file(s); drivers in play: tests/backtest.py, tests/config_flow_steps.py, tests/deployment_shape.py, tests/doc_claims.py, tests/edge.py, tests/entities.py, tests/env_drift.py, tests/features.py, tests/finite_boundary.py, tests/guard_pins.py, tests/manual_plan.py, tests/optimality.py, tests/plan_view.py, tests/solar_alignment.py, tests/stress.py, tests/structure.py, tests/typing_ruler.py, tests/validate.py, tests/wood_advisor.py
  ref-driven drivers compare against 'dbcca5fda478a419a959ef40a1704ff4a4ce9c7d' (run.sh's GOLDEN_REF resolution)
  null control: custom_components/heatpump_optimizer/optimizer.py:218 NULL_COMMENT, a comment-only edit every driver in play must let survive
  tests/stress.py: baseline and null control deferred until a mutant survives every shared driver
  baseline tests/backtest.py: rc=0 failed=0 62s
  baseline tests/env_drift.py: rc=0 failed=0 134s
  baseline tests/config_flow_steps.py: rc=0 failed=0 11s
  baseline tests/deployment_shape.py: rc=0 failed=0 2s
  baseline tests/doc_claims.py: rc=0 failed=0 3s
  baseline tests/edge.py: rc=0 failed=0 22s
  baseline tests/entities.py: rc=0 failed=0 77s
  baseline tests/finite_boundary.py: rc=0 failed=0 10s
  baseline tests/guard_pins.py: rc=0 failed=0 1s
  baseline tests/manual_plan.py: rc=0 failed=0 4s
  baseline tests/features.py: rc=0 failed=0 183s
  baseline tests/optimality.py: rc=0 failed=0 112s
  baseline tests/plan_view.py: rc=0 failed=0 1s
  baseline tests/solar_alignment.py: rc=0 failed=0 1s
  baseline tests/structure.py: rc=0 failed=0 2s
  baseline tests/typing_ruler.py: rc=0 failed=0 0s
  baseline tests/validate.py: rc=0 failed=0 20s
  baseline tests/wood_advisor.py: rc=0 failed=0 1s
  null control custom_components/heatpump_optimizer/optimizer.py:218 NULL_COMMENT survived every driver
  tests/stress.py: DEFERRED AND NEVER RUN -- no mutant survived every shared driver, so its baseline was never checked here; a red one would have made it INCONCLUSIVE, a killed null REFUSED
  ok    custom_components/heatpump_optimizer/optimizer.py:415 RETURN_DEL  -- killed by tests/doc_claims.py
  ok    custom_components/heatpump_optimizer/optimizer.py:515 CONST  -- killed by tests/features.py
  ok    custom_components/heatpump_optimizer/optimizer.py:5890 RETURN_DEL  -- killed by tests/doc_claims.py
  ok    custom_components/heatpump_optimizer/thermal_model.py:669 RETURN_DEL  -- killed by tests/features.py
  ok    custom_components/heatpump_optimizer/thermal_model.py:681 GUARD_OFF  -- killed by tests/features.py
  ok    custom_components/heatpump_optimizer/thermal_model.py:792 RETURN_DEL  -- killed by tests/features.py

  0 survivor(s) of 6 evaluated = 0.0%, cap 20.0%

MUTATION TABLE PASSED
rc=0
