  3689 unpinned site(s) of 3979 candidate sites, 3670 at the ratchet base 399ef171e4fa6777a2c0648d1d49ae756e1125b1; the ledger agrees with the deterministic inventory
MUTATION TABLE -- scope changed: 2 production file(s) whose code this diff adds or modifies
PIN KILLED -- 32 new unpinned site(s) against 399ef171e4fa6777a2c0648d1d49ae756e1125b1 to drive
  32 mutant(s) over 2 file(s); drivers in play: tests/backtest.py, tests/config_flow_steps.py, tests/deployment_shape.py, tests/doc_claims.py, tests/edge.py, tests/entities.py, tests/env_drift.py, tests/features.py, tests/finite_boundary.py, tests/guard_pins.py, tests/manual_plan.py, tests/optimality.py, tests/plan_view.py, tests/solar_alignment.py, tests/stress.py, tests/structure.py, tests/typing_ruler.py, tests/validate.py, tests/wood_advisor.py
  ref-driven drivers compare against '399ef171e4fa6777a2c0648d1d49ae756e1125b1' (run.sh's GOLDEN_REF resolution)
  null control: custom_components/heatpump_optimizer/optimizer.py:218 NULL_COMMENT, a comment-only edit every driver in play must let survive
  tests/stress.py: baseline and null control deferred until a mutant survives every shared driver
  baseline tests/backtest.py: rc=0 failed=0 114s
  baseline tests/config_flow_steps.py: rc=0 failed=0 15s
  baseline tests/deployment_shape.py: rc=0 failed=0 3s
  baseline tests/doc_claims.py: rc=0 failed=0 5s
  baseline tests/edge.py: rc=0 failed=0 43s
  baseline tests/env_drift.py: rc=0 failed=0 231s
  baseline tests/entities.py: rc=0 failed=0 97s
  baseline tests/finite_boundary.py: rc=0 failed=0 11s
  baseline tests/guard_pins.py: rc=0 failed=0 1s
  baseline tests/manual_plan.py: rc=0 failed=0 5s
  baseline tests/features.py: rc=0 failed=0 194s
  baseline tests/plan_view.py: rc=0 failed=0 1s
  baseline tests/solar_alignment.py: rc=0 failed=0 1s
  baseline tests/structure.py: rc=0 failed=0 2s
  baseline tests/typing_ruler.py: rc=0 failed=0 0s
  baseline tests/optimality.py: rc=0 failed=0 138s
  baseline tests/wood_advisor.py: rc=0 failed=0 1s
  baseline tests/validate.py: rc=0 failed=0 24s
  null control custom_components/heatpump_optimizer/optimizer.py:218 NULL_COMMENT survived every driver
  baseline tests/stress.py: rc=0 failed=0 561s
  null control custom_components/heatpump_optimizer/optimizer.py:218 NULL_COMMENT survived tests/stress.py
  pinned   custom_components/heatpump_optimizer/optimizer.py:371 GUARD_OFF -- killed by tests/features.py
  pinned   custom_components/heatpump_optimizer/optimizer.py:373 RETURN_DEL -- killed by tests/structure.py
  pinned   custom_components/heatpump_optimizer/optimizer.py:407 RETURN_DEL -- killed by tests/features.py
  pinned   custom_components/heatpump_optimizer/optimizer.py:415 RETURN_DEL -- killed by tests/features.py
  pinned   custom_components/heatpump_optimizer/optimizer.py:429 RETURN_DEL -- killed by tests/doc_claims.py
  pinned   custom_components/heatpump_optimizer/optimizer.py:456 RETURN_DEL -- killed by tests/features.py
  UNPINNED custom_components/heatpump_optimizer/optimizer.py:459 GUARD_OFF -- lives
  pinned   custom_components/heatpump_optimizer/optimizer.py:461 RETURN_DEL -- killed by tests/features.py
  pinned   custom_components/heatpump_optimizer/optimizer.py:463 RETURN_DEL -- killed by tests/features.py
  pinned   custom_components/heatpump_optimizer/optimizer.py:519 CONST -- killed by tests/features.py
  pinned   custom_components/heatpump_optimizer/optimizer.py:879 CONST -- killed by tests/features.py
  pinned   custom_components/heatpump_optimizer/optimizer.py:898 GUARD_OFF -- killed by tests/features.py
  pinned   custom_components/heatpump_optimizer/optimizer.py:902 RETURN_DEL -- killed by tests/features.py
  pinned   custom_components/heatpump_optimizer/optimizer.py:903 GUARD_OFF -- killed by tests/features.py
  pinned   custom_components/heatpump_optimizer/optimizer.py:908 RETURN_DEL -- killed by tests/features.py
  pinned   custom_components/heatpump_optimizer/optimizer.py:919 RETURN_DEL -- killed by tests/features.py
  pinned   custom_components/heatpump_optimizer/optimizer.py:1946 RETURN_DEL -- killed by tests/features.py
  UNPINNED custom_components/heatpump_optimizer/optimizer.py:5850 CLAMP_DROP -- lives
  pinned   custom_components/heatpump_optimizer/optimizer.py:5856 GUARD_OFF -- killed by tests/features.py
  pinned   custom_components/heatpump_optimizer/optimizer.py:5859 RETURN_DEL -- killed by tests/features.py
  pinned   custom_components/heatpump_optimizer/thermal_model.py:662 BOOLOP -- killed by tests/features.py
  pinned   custom_components/heatpump_optimizer/thermal_model.py:662 GUARD_OFF -- killed by tests/features.py
  pinned   custom_components/heatpump_optimizer/thermal_model.py:669 RETURN_DEL -- killed by tests/features.py
  pinned   custom_components/heatpump_optimizer/thermal_model.py:681 BOOLOP -- killed by tests/features.py
  pinned   custom_components/heatpump_optimizer/thermal_model.py:681 GUARD_OFF -- killed by tests/features.py
  pinned   custom_components/heatpump_optimizer/thermal_model.py:689 RETURN_DEL -- killed by tests/features.py
  pinned   custom_components/heatpump_optimizer/thermal_model.py:789 GUARD_OFF -- killed by tests/features.py
  pinned   custom_components/heatpump_optimizer/thermal_model.py:792 RETURN_DEL -- killed by tests/features.py
  UNPINNED custom_components/heatpump_optimizer/thermal_model.py:797 GUARD_OFF -- lives
  pinned   custom_components/heatpump_optimizer/thermal_model.py:799 GUARD_OFF -- killed by tests/env_drift.py
  UNPINNED custom_components/heatpump_optimizer/thermal_model.py:807 GUARD_OFF -- lives
  pinned   custom_components/heatpump_optimizer/thermal_model.py:810 RETURN_DEL -- killed by tests/features.py

PIN KILLED: 28 pinned, 4 left unpinned -- a survivor needs a killing check or a survivor_triage verdict, which no tool writes
rc=1
