
=== Stress and economics ===
# solves=60 accuracy_samples=20
# loop cpu series ms: [41.6, 37.5, 37.9, 47.1, 41.7, 37.0, 48.0, 42.0, 41.1, 43.6, 43.9, 55.0, 43.7, 43.0, 43.0, 41.1, 39.4, 37.5, 36.9, 38.4, 43.7, 38.2, 38.1, 41.8, 41.8, 40.4, 44.7, 42.9, 44.7, 41.4, 42.1, 44.1, 44.8, 42.5, 45.1, 50.6, 47.8, 48.3, 51.4, 41.3, 44.6, 43.9, 49.3, 49.4, 45.4, 42.7, 41.9, 45.3, 46.4, 48.2, 57.6, 43.9, 39.8, 41.2, 44.3, 43.2, 39.4, 39.2, 42.1, 44.9]
RESULT loop_cpu_per_cycle=43.38 ms (provisional)
RESULT loop_cpu_max_cycle=57.55 ms (provisional)
RESULT reference_solve_cpu=155.2 ms (provisional)
RESULT loop_cpu_share_of_reference=0.2796 ratio
RESULT traced_slope_first_half=1810 bytes/cycle
RESULT traced_slope_second_half=729 bytes/cycle
# attr growth first half: [(15184, '_accuracy'), (0, 'refresh_requests'), (0, 'name'), (0, 'logger'), (0, 'last_update_success'), (0, 'last_exception')]
# attr growth second half: [(5284, '_accuracy'), (13, '_optimization_result'), (0, 'refresh_requests'), (0, 'name'), (0, 'logger'), (0, 'last_update_success')]
RESULT data_dict_bytes=75397 bytes
RESULT entities=74 count
RESULT recorded_attr_bytes_per_cycle=8176 bytes
RESULT excluded_attr_bytes_per_cycle=78647 bytes
RESULT max_recorded_attr_bytes_one_entity=773 bytes
# top recorded: [(773, 2, 'climate.HeatPumpOptimizerClimate'), (718, 2, 'sensor.plan_narrative'), (704, 480, 'sensor.predictive_insight'), (504, 23327, 'sensor.space_heating_plan'), (498, 23468, 'sensor.dhw_heating_plan')]
RESULT ipc_job_bytes=12997 bytes
RESULT ipc_reply_bytes=16689 bytes
RESULT deliberate_thread_cpu=168.3 ms
RESULT thread_factor=1.005
RESULT load1=19.97
RESULT swapins=0
