RESULT mc1z_samples=1500 count
RESULT mc1z_escapes=0 count
RESULT mc1z_diverged_100K=0 count
RESULT mc1z_analytic_rho_gt1=0 count
RESULT mc1z_escape_vs_rho_agreement=1500 of 1500
RESULT mc1z_worst_analytic_rho=1.0000
RESULT mc1z_plausible_samples=586 count
RESULT mc1z_plausible_escapes=0 count
RESULT mc1z_largest_min_mass_among_escapes=0.000 kWh/K
RESULT mc2z_samples=1500 count
RESULT mc2z_escapes=0 count
RESULT mc2z_diverged_100K=0 count
RESULT mc2z_analytic_rho_gt1=0 count
RESULT mc2z_escape_vs_rho_agreement=1500 of 1500
RESULT mc2z_worst_analytic_rho=1.0000
RESULT mc2z_plausible_samples=316 count
RESULT mc2z_plausible_escapes=0 count
RESULT mc2z_largest_min_mass_among_escapes=0.000 kWh/K
RESULT thread_factor=1.0000
RESULT load1=2.52
RESULT swapins=0
