
=== Stress and economics ===
RESULT light_new_step_kw=1.028 (plant max 6.00, at_max=False)
RESULT light_new_noiseless_headroom=0.0015 K
RESULT light_new_cad0.5_s0_abort_prob=0.0000
RESULT light_new_cad0.5_s0.01_abort_prob=0.0120
RESULT light_new_cad0.5_s0.02_abort_prob=0.1410
RESULT light_new_cad0.5_s0.05_abort_prob=0.4253
RESULT light_new_cad0.5_quant0.1_abort_prob=1.0000
RESULT light_new_cad0.25_s0_abort_prob=0.0000
RESULT light_new_cad0.25_s0.01_abort_prob=0.0118
RESULT light_new_cad0.25_s0.02_abort_prob=0.2132
RESULT light_new_cad0.25_s0.05_abort_prob=0.5657
RESULT light_new_cad0.25_quant0.1_abort_prob=1.0000
RESULT heavy_old_step_kw=6.000 (plant max 6.00, at_max=True)
RESULT heavy_old_noiseless_headroom=0.5102 K
RESULT heavy_old_cad0.5_s0_abort_prob=0.0000
RESULT heavy_old_cad0.5_s0.01_abort_prob=0.0000
RESULT heavy_old_cad0.5_s0.02_abort_prob=0.0000
RESULT heavy_old_cad0.5_s0.05_abort_prob=0.0000
RESULT heavy_old_cad0.5_quant0.1_abort_prob=0.0000
RESULT heavy_old_cad0.25_s0_abort_prob=0.0000
RESULT heavy_old_cad0.25_s0.01_abort_prob=0.0000
RESULT heavy_old_cad0.25_s0.02_abort_prob=0.0000
RESULT heavy_old_cad0.25_s0.05_abort_prob=0.0000
RESULT heavy_old_cad0.25_quant0.1_abort_prob=0.0000
RESULT typical_slab_step_kw=6.000 (plant max 6.00, at_max=True)
RESULT typical_slab_noiseless_headroom=0.0139 K
RESULT typical_slab_cad0.5_s0_abort_prob=0.0000
RESULT typical_slab_cad0.5_s0.01_abort_prob=0.0430
RESULT typical_slab_cad0.5_s0.02_abort_prob=0.2000
RESULT typical_slab_cad0.5_s0.05_abort_prob=0.4083
RESULT typical_slab_cad0.5_quant0.1_abort_prob=1.0000
RESULT typical_slab_cad0.25_s0_abort_prob=0.0000
RESULT typical_slab_cad0.25_s0.01_abort_prob=0.0420
RESULT typical_slab_cad0.25_s0.02_abort_prob=0.2182
RESULT typical_slab_cad0.25_s0.05_abort_prob=0.4980
RESULT typical_slab_cad0.25_quant0.1_abort_prob=1.0000
RESULT all_s0_abort_prob_mean=0.0000 (cells 6, max 0.0000)
RESULT all_s0.01_abort_prob_mean=0.0181 (cells 6, max 0.0430)
RESULT all_s0.02_abort_prob_mean=0.1288 (cells 6, max 0.2182)
RESULT all_s0.05_abort_prob_mean=0.3162 (cells 6, max 0.5657)
RESULT all_quant0.1_abort_prob_mean=0.6667 (cells 6, max 1.0000)
RESULT worst_noiseless_headroom=0.0015 K
RESULT thread_factor=1.0000
RESULT load1=0.83
RESULT swapins=0
