basewt rc=0
0
-- generated-figure freshness (#1389)
-- ECL110 topic shipped defaults (#1391)
-- entity object-id prefix (#1393)
-- README requirements vs manifest.json (#1537)
-- Quick start step numbering is distinct and diagram-agreed (#1535)
-- Initial setup: the finish_setup menu and the token requirement (#1645 D5-s1-01)
-- simulate_plan's documented field list matches its schema (#1645 D6-s2-05)
-- Two-zone field labels and options-page placement (#1645 D5-s1-05, D6-s1-02)
-- Heat Pump Action state list matches the sensor (#1645 D6-s1-01)
-- Disabled-by-default census covers a no-hot-water install too (#1645 D6-s1-03)
-- how-it-works.md's multi-start count matches the optimizer (#1645 D6-s2-04)
-- quality_scale census self-test (#1545, #1546)
-- quality_scale.yaml censuses (#1545, #1546)
-- quick-setup storage promises vs what the answers build (D5-s1-02)
-- the card-version banner vs what a stamp writes (D5-s1-03)
-- the curve-bias learner against a weekly bound (D6-s2-03)
-- README's currency fallback claim vs resolve_currency (D6-s1-81)
-- service paragraphs vs the registered schemas (I5)
-- entity prose vs the constructed entity set (I5)
-- backticked private names in the card resolve (I5)
-- translated text writes units as the selectors do (I5)
-- option fields the docs name are fields the forms show (I5)
-- a field the docs place on an options page is on that page (I5, D6-s1-02)
i5base rc=1
25
-- generated-figure freshness (#1389)
-- ECL110 topic shipped defaults (#1391)
-- entity object-id prefix (#1393)
-- README requirements vs manifest.json (#1537)
-- Quick start step numbering is distinct and diagram-agreed (#1535)
-- Initial setup: the finish_setup menu and the token requirement (#1645 D5-s1-01)
  FAIL every finish_setup menu option is named in the 'Initial setup' section (D5-s1-01: the section drew the pre-v6.6.5 wizard, which had no such menu)  [menu={'quick_setup': 'Quick setup (recommended)', 'temperature': 'Continue setup', 'finish_now'
  FAIL the section does not claim the Tibber token is unconditionally required, now that a price-entity source clears the first screen without one (D5-s1-01)  [token-required claim still present]
-- simulate_plan's documented field list matches its schema (#1645 D6-s2-05)
  FAIL configuration.md's simulate_plan field list names every schema field, including the wood fields the schema grew without the prose following (D6-s2-05)  [schema=['comfort_temp_day', 'comfort_temp_night', 'comfort_weight', 'day_end_hour', 'day_s
-- Two-zone field labels and options-page placement (#1645 D5-s1-05, D6-s1-02)
  FAIL configuration.md's Two-zone model table names the inter-zone transfer field by its actual options-form label, not a paraphrase (D5-s1-05)  [
  FAIL ...and the radiator-power-fraction field likewise (D5-s1-05)  [
  FAIL configuration.md's mixing-valve note cites the floor-return probe by its actual options-form label (D5-s1-05)  [not found]
  FAIL how-it-works.md's weather section cites the solar-source field by its actual options-form label (D5-s1-05)  [not found]
  FAIL README's page-placement paragraph names the two-zone split's real options page (D6-s1-02)  [, and every value either one sets can be edited
  FAIL ...and does not claim the two-zone split lives on Thermal model (expert), which holds only the single-zone fields (D6-s1-02)  [, and every value either one sets can be edited
-- Heat Pump Action state list matches the sensor (#1645 D6-s1-01)
  FAIL README's Heat Pump Action row names every state HEAT_PUMP_ACTION_STATES lists except the no-data fallback 'unknown' (D6-s1-01: idle and system_identification were omitted)  [row='| Heat Pump Action | — | What the plan is doing now: `off` (ne
-- Disabled-by-default census covers a no-hot-water install too (#1645 D6-s1-03)
  FAIL README documents all six as disabled by default, in one sentence naming each (D6-s1-03)  [undocumented: ['DHW Cost (lifetime)', 'DHW Energy (lifetime)', 'DHW Heating Cost (next 24 h)', 'DHW Heating Schedule', 'DHW Setpoint Advisor', 'Plan DHW 
-- how-it-works.md's multi-start count matches the optimizer (#1645 D6-s2-04)
  FAIL how-it-works.md no longer claims a fixed count of two starting points now that the optimizer scores more (D6-s2-04: measured 4)  [still present]
  FAIL ...and the number it does state matches what the optimizer runs (anchor + D6-s2-04)  [doc states None, measured 4]
  FAIL every starting-point count the corpus states is the count the optimizer runs (I5, measured 4)  [[('how-it-works.md', 2), ('how-it-works.md', 2)]]
-- quality_scale census self-test (#1545, #1546)
-- quality_scale.yaml censuses (#1545, #1546)
-- quick-setup storage promises vs what the answers build (D5-s1-02)
  FAIL every storage promise names its mixing-valve precondition  [['| Buffer tank | off | A tank between the heat pump and the heating circuits, large enough to store heat. "Yes" records a store-sized tank (500 litres; the shipped default of 35 litr
-- the card-version banner vs what a stamp writes (D5-s1-03)
  FAIL the doc no longer says the banner lags the integration version  [['often lower than the integration version']]
-- the curve-bias learner against a weekly bound (D6-s2-03)
  FAIL no reader doc bounds the curve-bias learner by a weekly amount  [{'README.md': ['0.5 K per week'], 'configuration.md': ['half a degree per week'], 'ecl110.md': ['0.5 K per week'], 'how-it-works.md': ['0.5 K per week']}]
-- README's currency fallback claim vs resolve_currency (D6-s1-81)
  FAIL README no longer claims SEK for an unconfigured instance  [['SEK when the instance has none\nconfigured']]
-- service paragraphs vs the registered schemas (I5)
  FAIL every service paragraph that lists or counts fields matches its schema  [{'simulate_plan': "lists 11, omits ['wood_furnace_efficiency', 'wood_packing', 'wood_price_sek_m3', 'wood_slots', 'wood_type']", 'assign_entity': "lists 2, omits ['manual
-- entity prose vs the constructed entity set (I5)
  FAIL every '<N> entities' in the corpus equals the constructed total  [total 75: [('README.md', 75), ('architecture.md', 75), ('configuration.md', 74)]]
  FAIL every README row that lists an enum entity's states lists all of them  [{'Heat Pump Action': ['idle', 'system_identification']}]
  FAIL every entity a no-hot-water install disables is documented as disabled  [['DHW Cost (lifetime)', 'DHW Energy (lifetime)', 'DHW Heating Cost (next 24 h)', 'DHW Heating Schedule', 'DHW Setpoint Advisor', 'Plan DHW Heating (next 24 h)']]
-- backticked private names in the card resolve (I5)
  FAIL every backticked private name in the card names something that exists  [['_applyView', '_extraFields', '_fieldPoints', '_laneGroupInner', '_lineLabel', '_onSlotEdit', '_onWhatIfInput', '_refreshLayout', '_resolveEntity', '_restoreSlotFocus', '
-- translated text writes units as the selectors do (I5)
  FAIL no translated string writes '<n> C' or 'm2' for °C / m²  [['strings.json.config.step.dhw.data_description.dhw_cooling_rate', 'strings.json.config.step.dhw.data_description.dhw_legionella_temperature', 'strings.json.config.step.dhw.data_descr
-- option fields the docs name are fields the forms show (I5)
  FAIL every options field the docs name is a label the forms render  [['configuration.md: *Floor return temperature*', 'configuration.md: *Floor return temperature*', "configuration.md 'Two-zone model': Inter-zone transfer", "configuration.md 'Two-z
-- a field the docs place on an options page is on that page (I5, D6-s1-02)
