[global-mode-boost-null] day 0 bias=-0.017 hh=0.9799 alarmed=False
[global-mode-boost-null] day 1 bias=-0.011 hh=1.0108 alarmed=False
[global-mode-boost-null] day 2 bias=-0.012 hh=1.0314 alarmed=False
[global-mode-boost-null] day 3 bias=-0.015 hh=1.0401 alarmed=False
[global-mode-boost-null] day 4 bias=-0.015 hh=1.0416 alarmed=False
[global-mode-boost-null] day 5 bias=-0.016 hh=1.0425 alarmed=False
[global-mode-boost-null] day 6 bias=-0.017 hh=1.0423 alarmed=False
[global-mode-boost-null] day 7 bias=-0.017 hh=1.0424 alarmed=False
[global-mode-boost-null] day 8 bias=-0.018 hh=1.0451 alarmed=False
[global-mode-boost-null] day 9 bias=-0.031 hh=0.7246 alarmed=False
[global-mode-boost-null] day 10 bias=-0.038 hh=0.5221 alarmed=False
[global-mode-boost-null] day 11 bias=-0.026 hh=0.7984 alarmed=False
[global-mode-boost-null] day 12 bias=-0.019 hh=0.9526 alarmed=False
[global-mode-boost-null] day 13 bias=-0.017 hh=1.0122 alarmed=False
[global-mode-boost-null] day 14 bias=-0.017 hh=1.0367 alarmed=False
[global-mode-boost-null] day 15 bias=-0.018 hh=1.0442 alarmed=False

=== arm global-mode-boost-null ===
day    bias     mae    n      hh    cop alarmed days
  0  -0.017   0.049    6  0.9799    1.0   False    0
  1  -0.011   0.056   54  1.0108    1.0   False    0
  2  -0.012   0.063  102  1.0314    1.0   False    0
  3  -0.015   0.066  150  1.0401    1.0   False    0
  4  -0.015   0.068  198  1.0416    1.0   False    0
  5  -0.016   0.069  246  1.0425    1.0   False    0
  6  -0.017   0.071  294  1.0423    1.0   False    0
  7  -0.017   0.071  342  1.0424    1.0   False    0
  8  -0.018   0.071  390  1.0451    1.0   False    0
  9  -0.031   0.083  438  0.7246    1.0   False    0
 10  -0.038   0.086  486  0.5221    1.0   False    0
 11  -0.026   0.087  534  0.7984    1.0   False    0
 12  -0.019   0.084  582  0.9526    1.0   False    0
 13  -0.017   0.082  630  1.0122    1.0   False    0
 14  -0.017   0.081  672  1.0367    1.0   False    0
 15  -0.018   0.081  672  1.0442 1.0001   False    0
non-boost errors:      n=743 mean=-0.018
alarmed=False rolled_back=False hh_final=1.0701 cop_final=1.0001
accuracy_drift issues raised: []
written: /Users/timmalmstrom/hpo-seats/r9-diag-1/out/global-mode-boost-null.json
