2026-10-09T13:09:57.9350612Z Current runner version: '2.337.0'
2026-10-09T13:09:57.9372430Z ##[group]Runner Image Provisioner
2026-10-09T13:09:57.9373107Z Hosted Compute Agent
2026-10-09T13:09:57.9373602Z Version: 20261002.596
2026-10-09T13:09:57.9374184Z Commit: c3d12f3313a95f25162a1503be624f3b0617f8c0
2026-10-09T13:09:57.9374773Z Build Date: 2026-10-02T22:28:27Z
2026-10-09T13:09:57.9375349Z Worker ID: {8872606e-0de2-4ad9-ab64-2c39d35ecbeb}
2026-10-09T13:09:57.9375939Z Region: eastus
2026-10-09T13:09:57.9376411Z Cloud: Azure
2026-10-09T13:09:57.9377209Z ##[endgroup]
2026-10-09T13:09:57.9378784Z ##[group]Operating System
2026-10-09T13:09:57.9379367Z Ubuntu
2026-10-09T13:09:57.9379803Z 24.04.5
2026-10-09T13:09:57.9380238Z LTS
2026-10-09T13:09:57.9380721Z ##[endgroup]
2026-10-09T13:09:57.9381173Z ##[group]Runner Image
2026-10-09T13:09:57.9381690Z Image: ubuntu-24.04
2026-10-09T13:09:57.9382178Z Version: 20261004.327.1
2026-10-09T13:09:57.9383320Z Included Software: https://github.com/actions/runner-images/blob/ubuntu24/20261004.327/images/ubuntu/Ubuntu2404-Readme.md
2026-10-09T13:09:57.9384583Z Image Release: https://github.com/actions/runner-images/releases/tag/ubuntu24%2F20261004.327
2026-10-09T13:09:57.9385386Z ##[endgroup]
2026-10-09T13:09:57.9386331Z ##[group]GITHUB_TOKEN Permissions
2026-10-09T13:09:57.9388230Z Contents: read
2026-10-09T13:09:57.9388758Z Metadata: read
2026-10-09T13:09:57.9389267Z ##[endgroup]
2026-10-09T13:09:57.9390949Z Secret source: Actions
2026-10-09T13:09:57.9391693Z Cache mode: write
2026-10-09T13:09:57.9392339Z Prepare workflow directory
2026-10-09T13:09:57.9648810Z Prepare all required actions
2026-10-09T13:09:57.9688033Z Getting action download info
2026-10-09T13:09:58.1742104Z Download action repository 'actions/checkout@fbc6f3992d24b796d5a048ff273f7fcc4a7b6c09' (SHA:fbc6f3992d24b796d5a048ff273f7fcc4a7b6c09)
2026-10-09T13:09:58.2795285Z Download action repository 'actions/setup-python@ece7cb06caefa5fff74198d8649806c4678c61a1' (SHA:ece7cb06caefa5fff74198d8649806c4678c61a1)
2026-10-09T13:09:58.3698438Z Download action repository 'actions/download-artifact@37930b1c2abaa49bbe596cd826c3c89aef350131' (SHA:37930b1c2abaa49bbe596cd826c3c89aef350131)
2026-10-09T13:09:58.5593080Z Download action repository 'actions/upload-artifact@b7c566a772e6b6bfb58ed0dc250532a479d7789f' (SHA:b7c566a772e6b6bfb58ed0dc250532a479d7789f)
2026-10-09T13:09:58.7804004Z Complete job name: mutation-pins (3)
2026-10-09T13:09:58.8500360Z ##[group]Run actions/checkout@fbc6f3992d24b796d5a048ff273f7fcc4a7b6c09
2026-10-09T13:09:58.8501214Z with:
2026-10-09T13:09:58.8501553Z   fetch-depth: 0
2026-10-09T13:09:58.8501933Z   repository: tvofi/heatpump_optimizer
2026-10-09T13:09:58.8505246Z   token: ***
2026-10-09T13:09:58.8505591Z   ssh-strict: true
2026-10-09T13:09:58.8505939Z   ssh-user: git
2026-10-09T13:09:58.8506297Z   persist-credentials: true
2026-10-09T13:09:58.8506833Z   clean: true
2026-10-09T13:09:58.8507193Z   sparse-checkout-cone-mode: true
2026-10-09T13:09:58.8507605Z   fetch-tags: false
2026-10-09T13:09:58.8507961Z   show-progress: true
2026-10-09T13:09:58.8508343Z   lfs: false
2026-10-09T13:09:58.8508689Z   submodules: false
2026-10-09T13:09:58.8509054Z   set-safe-directory: true
2026-10-09T13:09:58.8509468Z   allow-unsafe-pr-checkout: false
2026-10-09T13:09:58.8510045Z ##[endgroup]
2026-10-09T13:09:58.9405680Z Syncing repository: tvofi/heatpump_optimizer
2026-10-09T13:09:58.9408321Z ##[group]Getting Git version info
2026-10-09T13:09:58.9409390Z Working directory is '/home/runner/work/heatpump_optimizer/heatpump_optimizer'
2026-10-09T13:09:58.9410875Z [command]/usr/bin/git version
2026-10-09T13:09:58.9499821Z git version 2.55.0
2026-10-09T13:09:58.9523222Z ##[endgroup]
2026-10-09T13:09:58.9549513Z Temporarily overriding HOME='/home/runner/work/_temp/8bd0cc1d-981b-4153-abc0-0411d0835419' before making global git config changes
2026-10-09T13:09:58.9557654Z Adding repository directory to the temporary git global config as a safe directory
2026-10-09T13:09:58.9561258Z [command]/usr/bin/git config --global --add safe.directory /home/runner/work/heatpump_optimizer/heatpump_optimizer
2026-10-09T13:09:58.9611473Z Deleting the contents of '/home/runner/work/heatpump_optimizer/heatpump_optimizer'
2026-10-09T13:09:58.9616604Z ##[group]Initializing the repository
2026-10-09T13:09:58.9621188Z [command]/usr/bin/git init /home/runner/work/heatpump_optimizer/heatpump_optimizer
2026-10-09T13:09:58.9836052Z hint: Using 'master' as the name for the initial branch. This default branch name
2026-10-09T13:09:58.9837730Z hint: will change to "main" in Git 3.0. To configure the initial branch name
2026-10-09T13:09:58.9838996Z hint: to use in all of your new repositories, which will suppress this warning,
2026-10-09T13:09:58.9840072Z hint: call:
2026-10-09T13:09:58.9840715Z hint:
2026-10-09T13:09:58.9841503Z hint: 	git config --global init.defaultBranch <name>
2026-10-09T13:09:58.9842404Z hint:
2026-10-09T13:09:58.9843257Z hint: Names commonly chosen instead of 'master' are 'main', 'trunk' and
2026-10-09T13:09:58.9844555Z hint: 'development'. The just-created branch can be renamed via this command:
2026-10-09T13:09:58.9845633Z hint:
2026-10-09T13:09:58.9846274Z hint: 	git branch -m <name>
2026-10-09T13:09:58.9847155Z hint:
2026-10-09T13:09:58.9848074Z hint: Disable this message with "git config set advice.defaultBranchName false"
2026-10-09T13:09:58.9849843Z Initialized empty Git repository in /home/runner/work/heatpump_optimizer/heatpump_optimizer/.git/
2026-10-09T13:09:58.9852080Z [command]/usr/bin/git remote add origin https://github.com/tvofi/heatpump_optimizer
2026-10-09T13:09:58.9912366Z ##[endgroup]
2026-10-09T13:09:58.9913312Z ##[group]Disabling automatic garbage collection
2026-10-09T13:09:58.9914913Z [command]/usr/bin/git config --local gc.auto 0
2026-10-09T13:09:58.9947123Z ##[endgroup]
2026-10-09T13:09:58.9948127Z ##[group]Setting up auth
2026-10-09T13:09:58.9953238Z [command]/usr/bin/git config --local --name-only --get-regexp core\.sshCommand
2026-10-09T13:09:58.9987163Z [command]/usr/bin/git submodule foreach --recursive sh -c "git config --local --name-only --get-regexp 'core\.sshCommand' && git config --local --unset-all 'core.sshCommand' || :"
2026-10-09T13:09:59.0326989Z [command]/usr/bin/git config --local --name-only --get-regexp http\.https\:\/\/github\.com\/\.extraheader
2026-10-09T13:09:59.0362846Z [command]/usr/bin/git submodule foreach --recursive sh -c "git config --local --name-only --get-regexp 'http\.https\:\/\/github\.com\/\.extraheader' && git config --local --unset-all 'http.https://github.com/.extraheader' || :"
2026-10-09T13:09:59.0552386Z [command]/usr/bin/git config --local --name-only --get-regexp ^includeIf\.gitdir:
2026-10-09T13:09:59.0582498Z [command]/usr/bin/git submodule foreach --recursive git config --local --show-origin --name-only --get-regexp remote.origin.url
2026-10-09T13:09:59.0771654Z [command]/usr/bin/git config --local http.https://github.com/.extraheader AUTHORIZATION: basic ***
2026-10-09T13:09:59.0933153Z ##[endgroup]
2026-10-09T13:09:59.0933888Z ##[group]Fetching the repository
2026-10-09T13:09:59.0941495Z [command]/usr/bin/git -c protocol.version=2 fetch --prune --no-recurse-submodules origin +refs/heads/*:refs/remotes/origin/* +refs/tags/*:refs/tags/* +5e0fa497ba0773e5f45b3eb8fe74f699de0a94b0:refs/remotes/pull/2066/merge
2026-10-09T13:10:06.7411675Z From https://github.com/tvofi/heatpump_optimizer
2026-10-09T13:10:06.7413703Z  * [new branch]        bus/approvals           -> origin/bus/approvals
2026-10-09T13:10:06.7415314Z  * [new branch]        cursor/r9-eg-entry-config-9aac -> origin/cursor/r9-eg-entry-config-9aac
2026-10-09T13:10:06.7417093Z  * [new branch]        cursor/r9-sw-1-resume-826f -> origin/cursor/r9-sw-1-resume-826f
2026-10-09T13:10:06.7418332Z  * [new branch]        cursor/r9-sw-2-actuation-6d19 -> origin/cursor/r9-sw-2-actuation-6d19
2026-10-09T13:10:06.7419495Z  * [new branch]        fix/cop-duty-floor      -> origin/fix/cop-duty-floor
2026-10-09T13:10:06.7420617Z  * [new branch]        fix/early-cutoff-pr     -> origin/fix/early-cutoff-pr
2026-10-09T13:10:06.7421771Z  * [new branch]        fix/live-diag           -> origin/fix/live-diag
2026-10-09T13:10:06.7423562Z  * [new branch]        fix/live-power-clamp-foundation-pr -> origin/fix/live-power-clamp-foundation-pr
2026-10-09T13:10:06.7425023Z  * [new branch]        fix/r9-ci-2b-carry      -> origin/fix/r9-ci-2b-carry
2026-10-09T13:10:06.7426131Z  * [new branch]        fix/r9-eg-a4            -> origin/fix/r9-eg-a4
2026-10-09T13:10:06.7427505Z  * [new branch]        fix/r9-nightly-bound    -> origin/fix/r9-nightly-bound
2026-10-09T13:10:06.7428698Z  * [new branch]        fix/r9-rca-prepr-tmp    -> origin/fix/r9-rca-prepr-tmp
2026-10-09T13:10:06.7430050Z  * [new branch]        fix/r9-review-timing    -> origin/fix/r9-review-timing
2026-10-09T13:10:06.7431401Z  * [new branch]        fix/r9-ux-actions       -> origin/fix/r9-ux-actions
2026-10-09T13:10:06.7432738Z  * [new branch]        fix/r9-ux9              -> origin/fix/r9-ux9
2026-10-09T13:10:06.7434040Z  * [new branch]        fix/rca-harness-path    -> origin/fix/rca-harness-path
2026-10-09T13:10:06.7435579Z  * [new branch]        fix/rca-stale-ledger-pins -> origin/fix/rca-stale-ledger-pins
2026-10-09T13:10:06.7437906Z  * [new branch]        fix/recarry-skip-prepr  -> origin/fix/recarry-skip-prepr
2026-10-09T13:10:06.7440288Z  * [new branch]        handoff-body/arch-sound-fixes -> origin/handoff-body/arch-sound-fixes
2026-10-09T13:10:06.7442889Z  * [new branch]        handoff-body/cop-duty-floor -> origin/handoff-body/cop-duty-floor
2026-10-09T13:10:06.7444924Z  * [new branch]        handoff-body/early-cutoff -> origin/handoff-body/early-cutoff
2026-10-09T13:10:06.7446979Z  * [new branch]        handoff-body/live-diag  -> origin/handoff-body/live-diag
2026-10-09T13:10:06.7449408Z  * [new branch]        handoff-body/live-power-clamp-foundation -> origin/handoff-body/live-power-clamp-foundation
2026-10-09T13:10:06.7451705Z  * [new branch]        handoff-body/r9-ci-1    -> origin/handoff-body/r9-ci-1
2026-10-09T13:10:06.7453760Z  * [new branch]        handoff-body/r9-ci-1-autofix-skip -> origin/handoff-body/r9-ci-1-autofix-skip
2026-10-09T13:10:06.7455779Z  * [new branch]        handoff-body/r9-ci-2a   -> origin/handoff-body/r9-ci-2a
2026-10-09T13:10:06.7457816Z  * [new branch]        handoff-body/r9-ci-2b   -> origin/handoff-body/r9-ci-2b
2026-10-09T13:10:06.7459640Z  * [new branch]        handoff-body/r9-ci-2b-carry -> origin/handoff-body/r9-ci-2b-carry
2026-10-09T13:10:06.7462373Z  * [new branch]        handoff-body/r9-closures-eg-b7 -> origin/handoff-body/r9-closures-eg-b7
2026-10-09T13:10:06.7464810Z  * [new branch]        handoff-body/r9-cop-duty-floor -> origin/handoff-body/r9-cop-duty-floor
2026-10-09T13:10:06.7466837Z  * [new branch]        handoff-body/r9-dbg-1   -> origin/handoff-body/r9-dbg-1
2026-10-09T13:10:06.7468490Z  * [new branch]        handoff-body/r9-dbg-2   -> origin/handoff-body/r9-dbg-2
2026-10-09T13:10:06.7470109Z  * [new branch]        handoff-body/r9-eg-a4   -> origin/handoff-body/r9-eg-a4
2026-10-09T13:10:06.7471897Z  * [new branch]        handoff-body/r9-eg-b7-harness -> origin/handoff-body/r9-eg-b7-harness
2026-10-09T13:10:06.7474049Z  * [new branch]        handoff-body/r9-eg-coordinator-seams -> origin/handoff-body/r9-eg-coordinator-seams
2026-10-09T13:10:06.7476252Z  * [new branch]        handoff-body/r9-eg-entry-config -> origin/handoff-body/r9-eg-entry-config
2026-10-09T13:10:06.7478526Z  * [new branch]        handoff-body/r9-eg-solve-inputs -> origin/handoff-body/r9-eg-solve-inputs
2026-10-09T13:10:06.7480455Z  * [new branch]        handoff-body/r9-fixer-cap -> origin/handoff-body/r9-fixer-cap
2026-10-09T13:10:06.7482225Z  * [new branch]        handoff-body/r9-gittmp  -> origin/handoff-body/r9-gittmp
2026-10-09T13:10:06.7484453Z  * [new branch]        handoff-body/r9-live-power-clamp-foundation -> origin/handoff-body/r9-live-power-clamp-foundation
2026-10-09T13:10:06.7486969Z  * [new branch]        handoff-body/r9-main-closures -> origin/handoff-body/r9-main-closures
2026-10-09T13:10:06.7488919Z  * [new branch]        handoff-body/r9-nightly-bdr -> origin/handoff-body/r9-nightly-bdr
2026-10-09T13:10:06.7491012Z  * [new branch]        handoff-body/r9-nightly-bound -> origin/handoff-body/r9-nightly-bound
2026-10-09T13:10:06.7492880Z  * [new branch]        handoff-body/r9-nightly-ha -> origin/handoff-body/r9-nightly-ha
2026-10-09T13:10:06.7494809Z  * [new branch]        handoff-body/r9-nightly-ha-on-pr -> origin/handoff-body/r9-nightly-ha-on-pr
2026-10-09T13:10:06.7497085Z  * [new branch]        handoff-body/r9-prepr-selftest -> origin/handoff-body/r9-prepr-selftest
2026-10-09T13:10:06.7498923Z  * [new branch]        handoff-body/r9-rca-1985 -> origin/handoff-body/r9-rca-1985
2026-10-09T13:10:06.7500581Z  * [new branch]        handoff-body/r9-rca-1990 -> origin/handoff-body/r9-rca-1990
2026-10-09T13:10:06.7502247Z  * [new branch]        handoff-body/r9-rca-2004 -> origin/handoff-body/r9-rca-2004
2026-10-09T13:10:06.7503918Z  * [new branch]        handoff-body/r9-rca-2028 -> origin/handoff-body/r9-rca-2028
2026-10-09T13:10:06.7505751Z  * [new branch]        handoff-body/r9-rca-bugclasses -> origin/handoff-body/r9-rca-bugclasses
2026-10-09T13:10:06.7507873Z  * [new branch]        handoff-body/r9-rca-prepr-tmp -> origin/handoff-body/r9-rca-prepr-tmp
2026-10-09T13:10:06.7509824Z  * [new branch]        handoff-body/r9-rca-stamp-race -> origin/handoff-body/r9-rca-stamp-race
2026-10-09T13:10:06.7511963Z  * [new branch]        handoff-body/r9-rca-stress-recording -> origin/handoff-body/r9-rca-stress-recording
2026-10-09T13:10:06.7514207Z  * [new branch]        handoff-body/r9-record-automerge -> origin/handoff-body/r9-record-automerge
2026-10-09T13:10:06.7516213Z  * [new branch]        handoff-body/r9-record-path -> origin/handoff-body/r9-record-path
2026-10-09T13:10:06.7518210Z  * [new branch]        handoff-body/r9-review-timing -> origin/handoff-body/r9-review-timing
2026-10-09T13:10:06.7520003Z  * [new branch]        handoff-body/r9-ro-10   -> origin/handoff-body/r9-ro-10
2026-10-09T13:10:06.7521603Z  * [new branch]        handoff-body/r9-ro-11   -> origin/handoff-body/r9-ro-11
2026-10-09T13:10:06.7523205Z  * [new branch]        handoff-body/r9-ro-12   -> origin/handoff-body/r9-ro-12
2026-10-09T13:10:06.7524770Z  * [new branch]        handoff-body/r9-ro-8    -> origin/handoff-body/r9-ro-8
2026-10-09T13:10:06.7526332Z  * [new branch]        handoff-body/r9-ro-9a   -> origin/handoff-body/r9-ro-9a
2026-10-09T13:10:06.7528164Z  * [new branch]        handoff-body/r9-sw-5    -> origin/handoff-body/r9-sw-5
2026-10-09T13:10:06.7529875Z  * [new branch]        handoff-body/r9-sw-actuation -> origin/handoff-body/r9-sw-actuation
2026-10-09T13:10:06.7531598Z  * [new branch]        handoff-body/r9-sw6     -> origin/handoff-body/r9-sw6
2026-10-09T13:10:06.7533239Z  * [new branch]        handoff-body/r9-ux-10   -> origin/handoff-body/r9-ux-10
2026-10-09T13:10:06.7534802Z  * [new branch]        handoff-body/r9-ux-6    -> origin/handoff-body/r9-ux-6
2026-10-09T13:10:06.7536337Z  * [new branch]        handoff-body/r9-ux-7    -> origin/handoff-body/r9-ux-7
2026-10-09T13:10:06.7538166Z  * [new branch]        handoff-body/r9-ux-actions -> origin/handoff-body/r9-ux-actions
2026-10-09T13:10:06.7539830Z  * [new branch]        handoff-body/r9-ux9     -> origin/handoff-body/r9-ux9
2026-10-09T13:10:06.7541427Z  * [new branch]        handoff/arch-sound-fixes -> origin/handoff/arch-sound-fixes
2026-10-09T13:10:06.7543045Z  * [new branch]        handoff/audit-r9-alt    -> origin/handoff/audit-r9-alt
2026-10-09T13:10:06.7544685Z  * [new branch]        handoff/audit-r9-evidence -> origin/handoff/audit-r9-evidence
2026-10-09T13:10:06.7546373Z  * [new branch]        handoff/audit-r9-find-B1 -> origin/handoff/audit-r9-find-B1
2026-10-09T13:10:06.7548140Z  * [new branch]        handoff/audit-r9-find-B10 -> origin/handoff/audit-r9-find-B10
2026-10-09T13:10:06.7549840Z  * [new branch]        handoff/audit-r9-find-B2 -> origin/handoff/audit-r9-find-B2
2026-10-09T13:10:06.7551514Z  * [new branch]        handoff/audit-r9-find-B3 -> origin/handoff/audit-r9-find-B3
2026-10-09T13:10:06.7553189Z  * [new branch]        handoff/audit-r9-find-B4 -> origin/handoff/audit-r9-find-B4
2026-10-09T13:10:06.7555026Z  * [new branch]        handoff/audit-r9-find-B5 -> origin/handoff/audit-r9-find-B5
2026-10-09T13:10:06.7556898Z  * [new branch]        handoff/audit-r9-find-B6 -> origin/handoff/audit-r9-find-B6
2026-10-09T13:10:06.7558607Z  * [new branch]        handoff/audit-r9-find-B7 -> origin/handoff/audit-r9-find-B7
2026-10-09T13:10:06.7560319Z  * [new branch]        handoff/audit-r9-find-B8 -> origin/handoff/audit-r9-find-B8
2026-10-09T13:10:06.7562009Z  * [new branch]        handoff/audit-r9-find-B9 -> origin/handoff/audit-r9-find-B9
2026-10-09T13:10:06.7563709Z  * [new branch]        handoff/audit-r9-fixplan -> origin/handoff/audit-r9-fixplan
2026-10-09T13:10:06.7565377Z  * [new branch]        handoff/audit-r9-issues -> origin/handoff/audit-r9-issues
2026-10-09T13:10:06.7567086Z  * [new branch]        handoff/audit-r9-judge  -> origin/handoff/audit-r9-judge
2026-10-09T13:10:06.7568696Z  * [new branch]        handoff/audit-r9-leads  -> origin/handoff/audit-r9-leads
2026-10-09T13:10:06.7570353Z  * [new branch]        handoff/audit-r9-leads-l2 -> origin/handoff/audit-r9-leads-l2
2026-10-09T13:10:06.7572056Z  * [new branch]        handoff/audit-r9-leads-l3 -> origin/handoff/audit-r9-leads-l3
2026-10-09T13:10:06.7573774Z  * [new branch]        handoff/audit-r9-leads-l4 -> origin/handoff/audit-r9-leads-l4
2026-10-09T13:10:06.7575503Z  * [new branch]        handoff/audit-r9-leads-lc -> origin/handoff/audit-r9-leads-lc
2026-10-09T13:10:06.7577341Z  * [new branch]        handoff/audit-r9-plan   -> origin/handoff/audit-r9-plan
2026-10-09T13:10:06.7579003Z  * [new branch]        handoff/audit-r9-register -> origin/handoff/audit-r9-register
2026-10-09T13:10:06.7580742Z  * [new branch]        handoff/audit-r9-runner-1 -> origin/handoff/audit-r9-runner-1
2026-10-09T13:10:06.7582461Z  * [new branch]        handoff/audit-r9-sweep-s1 -> origin/handoff/audit-r9-sweep-s1
2026-10-09T13:10:06.7584178Z  * [new branch]        handoff/audit-r9-sweep-s2 -> origin/handoff/audit-r9-sweep-s2
2026-10-09T13:10:06.7585897Z  * [new branch]        handoff/audit-r9-sweep-s3 -> origin/handoff/audit-r9-sweep-s3
2026-10-09T13:10:06.7587722Z  * [new branch]        handoff/audit-r9-sweep-s4 -> origin/handoff/audit-r9-sweep-s4
2026-10-09T13:10:06.7589402Z  * [new branch]        handoff/audit-r9-sweep-s5 -> origin/handoff/audit-r9-sweep-s5
2026-10-09T13:10:06.7591241Z  * [new branch]        handoff/audit-r9-sweep-s6 -> origin/handoff/audit-r9-sweep-s6
2026-10-09T13:10:06.7592928Z  * [new branch]        handoff/audit-r9-sweep-s7 -> origin/handoff/audit-r9-sweep-s7
2026-10-09T13:10:06.7594683Z  * [new branch]        handoff/audit-r9-verify-g1-v1 -> origin/handoff/audit-r9-verify-g1-v1
2026-10-09T13:10:06.7596740Z  * [new branch]        handoff/audit-r9-verify-g1-v2 -> origin/handoff/audit-r9-verify-g1-v2
2026-10-09T13:10:06.7598641Z  * [new branch]        handoff/audit-r9-verify-g1-v3 -> origin/handoff/audit-r9-verify-g1-v3
2026-10-09T13:10:06.7600487Z  * [new branch]        handoff/audit-r9-verify-g2-v1 -> origin/handoff/audit-r9-verify-g2-v1
2026-10-09T13:10:06.7602326Z  * [new branch]        handoff/audit-r9-verify-g2-v2 -> origin/handoff/audit-r9-verify-g2-v2
2026-10-09T13:10:06.7604172Z  * [new branch]        handoff/audit-r9-verify-g2-v3 -> origin/handoff/audit-r9-verify-g2-v3
2026-10-09T13:10:06.7606018Z  * [new branch]        handoff/audit-r9-verify-g3-v1 -> origin/handoff/audit-r9-verify-g3-v1
2026-10-09T13:10:06.7607993Z  * [new branch]        handoff/audit-r9-verify-g3-v2 -> origin/handoff/audit-r9-verify-g3-v2
2026-10-09T13:10:06.7609836Z  * [new branch]        handoff/audit-r9-verify-g3-v3 -> origin/handoff/audit-r9-verify-g3-v3
2026-10-09T13:10:06.7611660Z  * [new branch]        handoff/audit-r9-verify-g4-v1 -> origin/handoff/audit-r9-verify-g4-v1
2026-10-09T13:10:06.7613485Z  * [new branch]        handoff/audit-r9-verify-g4-v2 -> origin/handoff/audit-r9-verify-g4-v2
2026-10-09T13:10:06.7615301Z  * [new branch]        handoff/audit-r9-verify-g4-v3 -> origin/handoff/audit-r9-verify-g4-v3
2026-10-09T13:10:06.7617223Z  * [new branch]        handoff/cop-duty-floor  -> origin/handoff/cop-duty-floor
2026-10-09T13:10:06.7618733Z  * [new branch]        handoff/early-cutoff    -> origin/handoff/early-cutoff
2026-10-09T13:10:06.7620176Z  * [new branch]        handoff/live-diag       -> origin/handoff/live-diag
2026-10-09T13:10:06.7621958Z  * [new branch]        handoff/live-power-clamp-foundation -> origin/handoff/live-power-clamp-foundation
2026-10-09T13:10:06.7623719Z  * [new branch]        handoff/r9-ci-1         -> origin/handoff/r9-ci-1
2026-10-09T13:10:06.7625311Z  * [new branch]        handoff/r9-ci-1-autofix-skip -> origin/handoff/r9-ci-1-autofix-skip
2026-10-09T13:10:06.7626958Z  * [new branch]        handoff/r9-ci-2a        -> origin/handoff/r9-ci-2a
2026-10-09T13:10:06.7628337Z  * [new branch]        handoff/r9-ci-2b        -> origin/handoff/r9-ci-2b
2026-10-09T13:10:06.7629776Z  * [new branch]        handoff/r9-ci-2b-carry  -> origin/handoff/r9-ci-2b-carry
2026-10-09T13:10:06.7631386Z  * [new branch]        handoff/r9-closures-eg-b7 -> origin/handoff/r9-closures-eg-b7
2026-10-09T13:10:06.7633026Z  * [new branch]        handoff/r9-cop-duty-floor -> origin/handoff/r9-cop-duty-floor
2026-10-09T13:10:06.7634533Z  * [new branch]        handoff/r9-dbg-0        -> origin/handoff/r9-dbg-0
2026-10-09T13:10:06.7635916Z  * [new branch]        handoff/r9-dbg-1        -> origin/handoff/r9-dbg-1
2026-10-09T13:10:06.7637489Z  * [new branch]        handoff/r9-dbg-2        -> origin/handoff/r9-dbg-2
2026-10-09T13:10:06.7638851Z  * [new branch]        handoff/r9-dbg-3        -> origin/handoff/r9-dbg-3
2026-10-09T13:10:06.7640222Z  * [new branch]        handoff/r9-diag-1       -> origin/handoff/r9-diag-1
2026-10-09T13:10:06.7641598Z  * [new branch]        handoff/r9-diag-2s      -> origin/handoff/r9-diag-2s
2026-10-09T13:10:06.7642982Z  * [new branch]        handoff/r9-eg-a4        -> origin/handoff/r9-eg-a4
2026-10-09T13:10:06.7644438Z  * [new branch]        handoff/r9-eg-archscore -> origin/handoff/r9-eg-archscore
2026-10-09T13:10:06.7645887Z  * [new branch]        handoff/r9-eg-b0        -> origin/handoff/r9-eg-b0
2026-10-09T13:10:06.7647906Z  * [new branch]        handoff/r9-eg-b7-harness -> origin/handoff/r9-eg-b7-harness
2026-10-09T13:10:06.7650114Z  * [new branch]        handoff/r9-eg-collaborator-interfaces -> origin/handoff/r9-eg-collaborator-interfaces
2026-10-09T13:10:06.7652405Z  * [new branch]        handoff/r9-eg-coordinator-seams -> origin/handoff/r9-eg-coordinator-seams
2026-10-09T13:10:06.7654394Z  * [new branch]        handoff/r9-eg-dhw-closure-dedupe-v2 -> origin/handoff/r9-eg-dhw-closure-dedupe-v2
2026-10-09T13:10:06.7656212Z  * [new branch]        handoff/r9-eg-dhw-planner -> origin/handoff/r9-eg-dhw-planner
2026-10-09T13:10:06.7658015Z  * [new branch]        handoff/r9-eg-entry-config -> origin/handoff/r9-eg-entry-config
2026-10-09T13:10:06.7659580Z  * [new branch]        handoff/r9-eg-one-copy  -> origin/handoff/r9-eg-one-copy
2026-10-09T13:10:06.7661148Z  * [new branch]        handoff/r9-eg-param-objects -> origin/handoff/r9-eg-param-objects
2026-10-09T13:10:06.7662810Z  * [new branch]        handoff/r9-eg-register-fold -> origin/handoff/r9-eg-register-fold
2026-10-09T13:10:06.7664437Z  * [new branch]        handoff/r9-eg-solve-inputs -> origin/handoff/r9-eg-solve-inputs
2026-10-09T13:10:06.7666065Z  * [new branch]        handoff/r9-eg-store-version -> origin/handoff/r9-eg-store-version
2026-10-09T13:10:06.7667964Z  * [new branch]        handoff/r9-eg-surface-identity -> origin/handoff/r9-eg-surface-identity
2026-10-09T13:10:06.7669709Z  * [new branch]        handoff/r9-eg-typed-payload -> origin/handoff/r9-eg-typed-payload
2026-10-09T13:10:06.7671434Z  * [new branch]        handoff/r9-eg-typed-payload-b -> origin/handoff/r9-eg-typed-payload-b
2026-10-09T13:10:06.7673144Z  * [new branch]        handoff/r9-f1-coordinator-10 -> origin/handoff/r9-f1-coordinator-10
2026-10-09T13:10:06.7674828Z  * [new branch]        handoff/r9-f1-coordinator-2 -> origin/handoff/r9-f1-coordinator-2
2026-10-09T13:10:06.7676487Z  * [new branch]        handoff/r9-f1-coordinator-3 -> origin/handoff/r9-f1-coordinator-3
2026-10-09T13:10:06.7678319Z  * [new branch]        handoff/r9-f1-coordinator-4 -> origin/handoff/r9-f1-coordinator-4
2026-10-09T13:10:06.7679954Z  * [new branch]        handoff/r9-f1-coordinator-5 -> origin/handoff/r9-f1-coordinator-5
2026-10-09T13:10:06.7681593Z  * [new branch]        handoff/r9-f1-coordinator-7 -> origin/handoff/r9-f1-coordinator-7
2026-10-09T13:10:06.7683397Z  * [new branch]        handoff/r9-f1-coordinator-7-review -> origin/handoff/r9-f1-coordinator-7-review
2026-10-09T13:10:06.7685039Z  * [new branch]        handoff/r9-f10-12       -> origin/handoff/r9-f10-12
2026-10-09T13:10:06.7686371Z  * [new branch]        handoff/r9-f10-13       -> origin/handoff/r9-f10-13
2026-10-09T13:10:06.7687800Z  * [new branch]        handoff/r9-f10-14       -> origin/handoff/r9-f10-14
2026-10-09T13:10:06.7689129Z  * [new branch]        handoff/r9-f10-15       -> origin/handoff/r9-f10-15
2026-10-09T13:10:06.7690458Z  * [new branch]        handoff/r9-f10-16       -> origin/handoff/r9-f10-16
2026-10-09T13:10:06.7691963Z  * [new branch]        handoff/r9-f10-ci-efficiency -> origin/handoff/r9-f10-ci-efficiency
2026-10-09T13:10:06.7693792Z  * [new branch]        handoff/r9-f10-claims-baseline-rca -> origin/handoff/r9-f10-claims-baseline-rca
2026-10-09T13:10:06.7695698Z  * [new branch]        handoff/r9-f10-closure-runalways -> origin/handoff/r9-f10-closure-runalways
2026-10-09T13:10:06.7697537Z  * [new branch]        handoff/r9-f10-gate-infra-1 -> origin/handoff/r9-f10-gate-infra-1
2026-10-09T13:10:06.7699206Z  * [new branch]        handoff/r9-f10-gate-infra-1d -> origin/handoff/r9-f10-gate-infra-1d
2026-10-09T13:10:06.7700859Z  * [new branch]        handoff/r9-f10-gate-infra-4 -> origin/handoff/r9-f10-gate-infra-4
2026-10-09T13:10:06.7702475Z  * [new branch]        handoff/r9-f10-gate-infra-5 -> origin/handoff/r9-f10-gate-infra-5
2026-10-09T13:10:06.7704092Z  * [new branch]        handoff/r9-f10-gate-infra-6 -> origin/handoff/r9-f10-gate-infra-6
2026-10-09T13:10:06.7705821Z  * [new branch]        handoff/r9-f10-harness-timeout -> origin/handoff/r9-f10-harness-timeout
2026-10-09T13:10:06.7707680Z  * [new branch]        handoff/r9-f10-loop-heartbeat -> origin/handoff/r9-f10-loop-heartbeat
2026-10-09T13:10:06.7709357Z  * [new branch]        handoff/r9-f10-merge-queue -> origin/handoff/r9-f10-merge-queue
2026-10-09T13:10:06.7711112Z  * [new branch]        handoff/r9-f11-governance-1 -> origin/handoff/r9-f11-governance-1
2026-10-09T13:10:06.7712753Z  * [new branch]        handoff/r9-f11-governance-3 -> origin/handoff/r9-f11-governance-3
2026-10-09T13:10:06.7714375Z  * [new branch]        handoff/r9-f11-governance-4 -> origin/handoff/r9-f11-governance-4
2026-10-09T13:10:06.7716151Z  * [new branch]        handoff/r9-f11-governance-4-review -> origin/handoff/r9-f11-governance-4-review
2026-10-09T13:10:06.7718003Z  * [new branch]        handoff/r9-f11-governance-5 -> origin/handoff/r9-f11-governance-5
2026-10-09T13:10:06.7719598Z  * [new branch]        handoff/r9-f11-governance-6 -> origin/handoff/r9-f11-governance-6
2026-10-09T13:10:06.7721225Z  * [new branch]        handoff/r9-f11-governance-7 -> origin/handoff/r9-f11-governance-7
2026-10-09T13:10:06.7722753Z  * [new branch]        handoff/r9-f2-solver-1  -> origin/handoff/r9-f2-solver-1
2026-10-09T13:10:06.7724202Z  * [new branch]        handoff/r9-f2-solver-3  -> origin/handoff/r9-f2-solver-3
2026-10-09T13:10:06.7725637Z  * [new branch]        handoff/r9-f2-solver-4  -> origin/handoff/r9-f2-solver-4
2026-10-09T13:10:06.7727216Z  * [new branch]        handoff/r9-f2-solver-5  -> origin/handoff/r9-f2-solver-5
2026-10-09T13:10:06.7728660Z  * [new branch]        handoff/r9-f3-stores-1  -> origin/handoff/r9-f3-stores-1
2026-10-09T13:10:06.7730093Z  * [new branch]        handoff/r9-f3-stores-3  -> origin/handoff/r9-f3-stores-3
2026-10-09T13:10:06.7731647Z  * [new branch]        handoff/r9-f4-inputs-sysid-1 -> origin/handoff/r9-f4-inputs-sysid-1
2026-10-09T13:10:06.7733321Z  * [new branch]        handoff/r9-f4-inputs-sysid-2 -> origin/handoff/r9-f4-inputs-sysid-2
2026-10-09T13:10:06.7735093Z  * [new branch]        handoff/r9-f5-config-text-1 -> origin/handoff/r9-f5-config-text-1
2026-10-09T13:10:06.7736701Z  * [new branch]        handoff/r9-f6-card-1    -> origin/handoff/r9-f6-card-1
2026-10-09T13:10:06.7738117Z  * [new branch]        handoff/r9-f6-card-2    -> origin/handoff/r9-f6-card-2
2026-10-09T13:10:06.7739518Z  * [new branch]        handoff/r9-f6-card-4    -> origin/handoff/r9-f6-card-4
2026-10-09T13:10:06.7740964Z  * [new branch]        handoff/r9-f7-entities-1 -> origin/handoff/r9-f7-entities-1
2026-10-09T13:10:06.7742452Z  * [new branch]        handoff/r9-f7-entities-2 -> origin/handoff/r9-f7-entities-2
2026-10-09T13:10:06.7744206Z  * [new branch]        handoff/r9-f7-family-splits -> origin/handoff/r9-f7-family-splits
2026-10-09T13:10:06.7745760Z  * [new branch]        handoff/r9-f8-docs-1    -> origin/handoff/r9-f8-docs-1
2026-10-09T13:10:06.7747234Z  * [new branch]        handoff/r9-f8-docs-2    -> origin/handoff/r9-f8-docs-2
2026-10-09T13:10:06.7748654Z  * [new branch]        handoff/r9-f8-docs-3    -> origin/handoff/r9-f8-docs-3
2026-10-09T13:10:06.7750124Z  * [new branch]        handoff/r9-f9-test-pins-2 -> origin/handoff/r9-f9-test-pins-2
2026-10-09T13:10:06.7751676Z  * [new branch]        handoff/r9-f9-test-pins-3 -> origin/handoff/r9-f9-test-pins-3
2026-10-09T13:10:06.7753184Z  * [new branch]        handoff/r9-fixer-cap    -> origin/handoff/r9-fixer-cap
2026-10-09T13:10:06.7754543Z  * [new branch]        handoff/r9-fr-10        -> origin/handoff/r9-fr-10
2026-10-09T13:10:06.7755962Z  * [new branch]        handoff/r9-friction-study -> origin/handoff/r9-friction-study
2026-10-09T13:10:06.7757483Z  * [new branch]        handoff/r9-gittmp       -> origin/handoff/r9-gittmp
2026-10-09T13:10:06.7759229Z  * [new branch]        handoff/r9-live-power-clamp-foundation -> origin/handoff/r9-live-power-clamp-foundation
2026-10-09T13:10:06.7761047Z  * [new branch]        handoff/r9-main-closures -> origin/handoff/r9-main-closures
2026-10-09T13:10:06.7762537Z  * [new branch]        handoff/r9-nightly-bdr  -> origin/handoff/r9-nightly-bdr
2026-10-09T13:10:06.7764013Z  * [new branch]        handoff/r9-nightly-bound -> origin/handoff/r9-nightly-bound
2026-10-09T13:10:06.7765468Z  * [new branch]        handoff/r9-nightly-ha   -> origin/handoff/r9-nightly-ha
2026-10-09T13:10:06.7767262Z  * [new branch]        handoff/r9-nightly-ha-measure -> origin/handoff/r9-nightly-ha-measure
2026-10-09T13:10:06.7768963Z  * [new branch]        handoff/r9-nightly-ha-on-pr -> origin/handoff/r9-nightly-ha-on-pr
2026-10-09T13:10:06.7770692Z  * [new branch]        handoff/r9-nightly-status-k5uati -> origin/handoff/r9-nightly-status-k5uati
2026-10-09T13:10:06.7772377Z  * [new branch]        handoff/r9-prepr-selftest -> origin/handoff/r9-prepr-selftest
2026-10-09T13:10:06.7773822Z  * [new branch]        handoff/r9-proc-1       -> origin/handoff/r9-proc-1
2026-10-09T13:10:06.7775159Z  * [new branch]        handoff/r9-proc-3       -> origin/handoff/r9-proc-3
2026-10-09T13:10:06.7776571Z  * [new branch]        handoff/r9-proc-4       -> origin/handoff/r9-proc-4
2026-10-09T13:10:06.7777890Z  * [new branch]        handoff/r9-proc-5       -> origin/handoff/r9-proc-5
2026-10-09T13:10:06.7779378Z  * [new branch]        handoff/r9-rc-prcontract-fix -> origin/handoff/r9-rc-prcontract-fix
2026-10-09T13:10:06.7780903Z  * [new branch]        handoff/r9-rca-1985     -> origin/handoff/r9-rca-1985
2026-10-09T13:10:06.7782246Z  * [new branch]        handoff/r9-rca-1990     -> origin/handoff/r9-rca-1990
2026-10-09T13:10:06.7783597Z  * [new branch]        handoff/r9-rca-2004     -> origin/handoff/r9-rca-2004
2026-10-09T13:10:06.7784946Z  * [new branch]        handoff/r9-rca-2028     -> origin/handoff/r9-rca-2028
2026-10-09T13:10:06.7787200Z  * [new branch]        handoff/r9-rca-avoidable-interpreter-bound-recomputation -> origin/handoff/r9-rca-avoidable-interpreter-bound-recomputation
2026-10-09T13:10:06.7789455Z  * [new branch]        handoff/r9-rca-bugclasses -> origin/handoff/r9-rca-bugclasses
2026-10-09T13:10:06.7791169Z  * [new branch]        handoff/r9-rca-cpu-gate-blind -> origin/handoff/r9-rca-cpu-gate-blind
2026-10-09T13:10:06.7792675Z  * [new branch]        handoff/r9-rca-i1       -> origin/handoff/r9-rca-i1
2026-10-09T13:10:06.7793980Z  * [new branch]        handoff/r9-rca-i3       -> origin/handoff/r9-rca-i3
2026-10-09T13:10:06.7795289Z  * [new branch]        handoff/r9-rca-i4       -> origin/handoff/r9-rca-i4
2026-10-09T13:10:06.7796675Z  * [new branch]        handoff/r9-rca-i5       -> origin/handoff/r9-rca-i5
2026-10-09T13:10:06.7798032Z  * [new branch]        handoff/r9-rca-p1       -> origin/handoff/r9-rca-p1
2026-10-09T13:10:06.7799368Z  * [new branch]        handoff/r9-rca-p11      -> origin/handoff/r9-rca-p11
2026-10-09T13:10:06.7800703Z  * [new branch]        handoff/r9-rca-p2       -> origin/handoff/r9-rca-p2
2026-10-09T13:10:06.7802018Z  * [new branch]        handoff/r9-rca-p3       -> origin/handoff/r9-rca-p3
2026-10-09T13:10:06.7803327Z  * [new branch]        handoff/r9-rca-p5       -> origin/handoff/r9-rca-p5
2026-10-09T13:10:06.7804645Z  * [new branch]        handoff/r9-rca-p6       -> origin/handoff/r9-rca-p6
2026-10-09T13:10:06.7805958Z  * [new branch]        handoff/r9-rca-p9       -> origin/handoff/r9-rca-p9
2026-10-09T13:10:06.7808292Z  * [new branch]        handoff/r9-rca-persisted-future-instant-trusted-without-bound -> origin/handoff/r9-rca-persisted-future-instant-trusted-without-bound
2026-10-09T13:10:06.7810643Z  * [new branch]        handoff/r9-rca-prepr-tmp -> origin/handoff/r9-rca-prepr-tmp
2026-10-09T13:10:06.7812148Z  * [new branch]        handoff/r9-rca-stamp-race -> origin/handoff/r9-rca-stamp-race
2026-10-09T13:10:06.7813789Z  * [new branch]        handoff/r9-rca-stress-recording -> origin/handoff/r9-rca-stress-recording
2026-10-09T13:10:06.7815464Z  * [new branch]        handoff/r9-record-automerge -> origin/handoff/r9-record-automerge
2026-10-09T13:10:06.7817049Z  * [new branch]        handoff/r9-record-path  -> origin/handoff/r9-record-path
2026-10-09T13:10:06.7818512Z  * [new branch]        handoff/r9-review-timing -> origin/handoff/r9-review-timing
2026-10-09T13:10:06.7819889Z  * [new branch]        handoff/r9-ro-1         -> origin/handoff/r9-ro-1
2026-10-09T13:10:06.7821181Z  * [new branch]        handoff/r9-ro-10        -> origin/handoff/r9-ro-10
2026-10-09T13:10:06.7822614Z  * [new branch]        handoff/r9-ro-11        -> origin/handoff/r9-ro-11
2026-10-09T13:10:06.7823912Z  * [new branch]        handoff/r9-ro-12        -> origin/handoff/r9-ro-12
2026-10-09T13:10:06.7825202Z  * [new branch]        handoff/r9-ro-2         -> origin/handoff/r9-ro-2
2026-10-09T13:10:06.7826555Z  * [new branch]        handoff/r9-ro-3         -> origin/handoff/r9-ro-3
2026-10-09T13:10:06.7827821Z  * [new branch]        handoff/r9-ro-4         -> origin/handoff/r9-ro-4
2026-10-09T13:10:06.7829091Z  * [new branch]        handoff/r9-ro-5         -> origin/handoff/r9-ro-5
2026-10-09T13:10:06.7830348Z  * [new branch]        handoff/r9-ro-6         -> origin/handoff/r9-ro-6
2026-10-09T13:10:06.7831619Z  * [new branch]        handoff/r9-ro-7         -> origin/handoff/r9-ro-7
2026-10-09T13:10:06.7832874Z  * [new branch]        handoff/r9-ro-8         -> origin/handoff/r9-ro-8
2026-10-09T13:10:06.7834143Z  * [new branch]        handoff/r9-ro-9a        -> origin/handoff/r9-ro-9a
2026-10-09T13:10:06.7835410Z  * [new branch]        handoff/r9-sw-5         -> origin/handoff/r9-sw-5
2026-10-09T13:10:06.7836822Z  * [new branch]        handoff/r9-sw-actuation -> origin/handoff/r9-sw-actuation
2026-10-09T13:10:06.7838206Z  * [new branch]        handoff/r9-sw-card      -> origin/handoff/r9-sw-card
2026-10-09T13:10:06.7839512Z  * [new branch]        handoff/r9-sw-gchv      -> origin/handoff/r9-sw-gchv
2026-10-09T13:10:06.7840829Z  * [new branch]        handoff/r9-sw-model     -> origin/handoff/r9-sw-model
2026-10-09T13:10:06.7842120Z  * [new branch]        handoff/r9-sw6          -> origin/handoff/r9-sw6
2026-10-09T13:10:06.7843368Z  * [new branch]        handoff/r9-ux-10        -> origin/handoff/r9-ux-10
2026-10-09T13:10:06.7844844Z  * [new branch]        handoff/r9-ux-6         -> origin/handoff/r9-ux-6
2026-10-09T13:10:06.7846096Z  * [new branch]        handoff/r9-ux-7         -> origin/handoff/r9-ux-7
2026-10-09T13:10:06.7847494Z  * [new branch]        handoff/r9-ux-actions   -> origin/handoff/r9-ux-actions
2026-10-09T13:10:06.7848863Z  * [new branch]        handoff/r9-ux-events    -> origin/handoff/r9-ux-events
2026-10-09T13:10:06.7850220Z  * [new branch]        handoff/r9-ux-health    -> origin/handoff/r9-ux-health
2026-10-09T13:10:06.7851656Z  * [new branch]        handoff/r9-ux-insight-text -> origin/handoff/r9-ux-insight-text
2026-10-09T13:10:06.7853063Z  * [new branch]        handoff/r9-ux9          -> origin/handoff/r9-ux9
2026-10-09T13:10:06.7854367Z  * [new branch]        handoff/r9-ux9-recarry  -> origin/handoff/r9-ux9-recarry
2026-10-09T13:10:06.7855705Z  * [new branch]        handoff/r9-web-3        -> origin/handoff/r9-web-3
2026-10-09T13:10:06.7857045Z  * [new branch]        handoff/r9-web-4        -> origin/handoff/r9-web-4
2026-10-09T13:10:06.7858347Z  * [new branch]        handoff/r9-web-5        -> origin/handoff/r9-web-5
2026-10-09T13:10:06.7859670Z  * [new branch]        handoff/r9-web-page     -> origin/handoff/r9-web-page
2026-10-09T13:10:06.7860988Z  * [new branch]        handoff/rca-1747        -> origin/handoff/rca-1747
2026-10-09T13:10:06.7862356Z  * [new branch]        handoff/repo-reorg-plan -> origin/handoff/repo-reorg-plan
2026-10-09T13:10:06.7863873Z  * [new branch]        handoff/silent-windows-plan -> origin/handoff/silent-windows-plan
2026-10-09T13:10:06.7865220Z  * [new branch]        main                    -> origin/main
2026-10-09T13:10:06.7866417Z  * [new branch]        proof/r9-ci-1-pr2010    -> origin/proof/r9-ci-1-pr2010
2026-10-09T13:10:06.7867852Z  * [new branch]        proof/r9-ci-1-pr2025    -> origin/proof/r9-ci-1-pr2025
2026-10-09T13:10:06.7869173Z  * [new branch]        proof/r9-ci-1-sw1       -> origin/proof/r9-ci-1-sw1
2026-10-09T13:10:06.7870423Z  * [new branch]        review/1987             -> origin/review/1987
2026-10-09T13:10:06.7871607Z  * [new branch]        review/1997             -> origin/review/1997
2026-10-09T13:10:06.7872788Z  * [new branch]        review/2002             -> origin/review/2002
2026-10-09T13:10:06.7874127Z  * [new branch]        review/2006             -> origin/review/2006
2026-10-09T13:10:06.7875311Z  * [new branch]        review/2007             -> origin/review/2007
2026-10-09T13:10:06.7876571Z  * [new branch]        review/2010             -> origin/review/2010
2026-10-09T13:10:06.7877763Z  * [new branch]        review/2011             -> origin/review/2011
2026-10-09T13:10:06.7878950Z  * [new branch]        review/2012             -> origin/review/2012
2026-10-09T13:10:06.7880131Z  * [new branch]        review/2013             -> origin/review/2013
2026-10-09T13:10:06.7881321Z  * [new branch]        review/2014             -> origin/review/2014
2026-10-09T13:10:06.7882502Z  * [new branch]        review/2015             -> origin/review/2015
2026-10-09T13:10:06.7883722Z  * [new branch]        review/2017             -> origin/review/2017
2026-10-09T13:10:06.7884902Z  * [new branch]        review/2018             -> origin/review/2018
2026-10-09T13:10:06.7886087Z  * [new branch]        review/2021             -> origin/review/2021
2026-10-09T13:10:06.7887343Z  * [new branch]        review/2022             -> origin/review/2022
2026-10-09T13:10:06.7888519Z  * [new branch]        review/2024             -> origin/review/2024
2026-10-09T13:10:06.7889686Z  * [new branch]        review/2025             -> origin/review/2025
2026-10-09T13:10:06.7890854Z  * [new branch]        review/2026             -> origin/review/2026
2026-10-09T13:10:06.7892025Z  * [new branch]        review/2027             -> origin/review/2027
2026-10-09T13:10:06.7893212Z  * [new branch]        review/2029             -> origin/review/2029
2026-10-09T13:10:06.7894389Z  * [new branch]        review/2030             -> origin/review/2030
2026-10-09T13:10:06.7895697Z  * [new branch]        review/2040             -> origin/review/2040
2026-10-09T13:10:06.7896966Z  * [new branch]        review/2041             -> origin/review/2041
2026-10-09T13:10:06.7898147Z  * [new branch]        review/2042             -> origin/review/2042
2026-10-09T13:10:06.7899340Z  * [new branch]        review/2044             -> origin/review/2044
2026-10-09T13:10:06.7900527Z  * [new branch]        review/2049             -> origin/review/2049
2026-10-09T13:10:06.7901703Z  * [new branch]        review/2051             -> origin/review/2051
2026-10-09T13:10:06.7902885Z  * [new branch]        review/2053             -> origin/review/2053
2026-10-09T13:10:06.7904072Z  * [new branch]        review/2054             -> origin/review/2054
2026-10-09T13:10:06.7905252Z  * [new branch]        review/2055             -> origin/review/2055
2026-10-09T13:10:06.7906434Z  * [new branch]        review/2056             -> origin/review/2056
2026-10-09T13:10:06.7907704Z  * [new branch]        review/2057             -> origin/review/2057
2026-10-09T13:10:06.7908886Z  * [new branch]        review/2058             -> origin/review/2058
2026-10-09T13:10:06.7910068Z  * [new branch]        review/2059             -> origin/review/2059
2026-10-09T13:10:06.7911381Z  * [new branch]        review/2060             -> origin/review/2060
2026-10-09T13:10:06.7912578Z  * [new branch]        review/2061             -> origin/review/2061
2026-10-09T13:10:06.7913760Z  * [new branch]        review/2062             -> origin/review/2062
2026-10-09T13:10:06.7914931Z  * [new branch]        review/2063             -> origin/review/2063
2026-10-09T13:10:06.7916114Z  * [new branch]        review/2064             -> origin/review/2064
2026-10-09T13:10:06.7917385Z  * [new branch]        review/2065             -> origin/review/2065
2026-10-09T13:10:06.7918564Z  * [new branch]        review/2066             -> origin/review/2066
2026-10-09T13:10:06.7919731Z  * [new branch]        review/2067             -> origin/review/2067
2026-10-09T13:10:06.7920909Z  * [new branch]        review/2068             -> origin/review/2068
2026-10-09T13:10:06.7922087Z  * [new branch]        review/2069             -> origin/review/2069
2026-10-09T13:10:06.7923269Z  * [new branch]        review/2070             -> origin/review/2070
2026-10-09T13:10:06.7924576Z  * [new branch]        review/2071             -> origin/review/2071
2026-10-09T13:10:06.7925762Z  * [new branch]        review/2072             -> origin/review/2072
2026-10-09T13:10:06.7927015Z  * [new branch]        review/2073             -> origin/review/2073
2026-10-09T13:10:06.7928201Z  * [new branch]        verdict/1987            -> origin/verdict/1987
2026-10-09T13:10:06.7929405Z  * [new branch]        verdict/1997            -> origin/verdict/1997
2026-10-09T13:10:06.7930605Z  * [new branch]        verdict/2002            -> origin/verdict/2002
2026-10-09T13:10:06.7931798Z  * [new branch]        verdict/2006            -> origin/verdict/2006
2026-10-09T13:10:06.7933011Z  * [new branch]        verdict/2007            -> origin/verdict/2007
2026-10-09T13:10:06.7934197Z  * [new branch]        verdict/2010            -> origin/verdict/2010
2026-10-09T13:10:06.7935386Z  * [new branch]        verdict/2011            -> origin/verdict/2011
2026-10-09T13:10:06.7936644Z  * [new branch]        verdict/2012            -> origin/verdict/2012
2026-10-09T13:10:06.7937834Z  * [new branch]        verdict/2013            -> origin/verdict/2013
2026-10-09T13:10:06.7939011Z  * [new branch]        verdict/2014            -> origin/verdict/2014
2026-10-09T13:10:06.7940207Z  * [new branch]        verdict/2015            -> origin/verdict/2015
2026-10-09T13:10:06.7941412Z  * [new branch]        verdict/2017            -> origin/verdict/2017
2026-10-09T13:10:06.7942610Z  * [new branch]        verdict/2018            -> origin/verdict/2018
2026-10-09T13:10:06.7943800Z  * [new branch]        verdict/2021            -> origin/verdict/2021
2026-10-09T13:10:06.7944990Z  * [new branch]        verdict/2022            -> origin/verdict/2022
2026-10-09T13:10:06.7946296Z  * [new branch]        verdict/2024            -> origin/verdict/2024
2026-10-09T13:10:06.7947555Z  * [new branch]        verdict/2025            -> origin/verdict/2025
2026-10-09T13:10:06.7948731Z  * [new branch]        verdict/2026            -> origin/verdict/2026
2026-10-09T13:10:06.7949914Z  * [new branch]        verdict/2027            -> origin/verdict/2027
2026-10-09T13:10:06.7951103Z  * [new branch]        verdict/2029            -> origin/verdict/2029
2026-10-09T13:10:06.7952294Z  * [new branch]        verdict/2030            -> origin/verdict/2030
2026-10-09T13:10:06.7953468Z  * [new branch]        verdict/2040            -> origin/verdict/2040
2026-10-09T13:10:06.7954644Z  * [new branch]        verdict/2041            -> origin/verdict/2041
2026-10-09T13:10:06.7955808Z  * [new branch]        verdict/2042            -> origin/verdict/2042
2026-10-09T13:10:06.7957056Z  * [new branch]        verdict/2044            -> origin/verdict/2044
2026-10-09T13:10:06.7958229Z  * [new branch]        verdict/2049            -> origin/verdict/2049
2026-10-09T13:10:06.7959391Z  * [new branch]        verdict/2051            -> origin/verdict/2051
2026-10-09T13:10:06.7960556Z  * [new branch]        verdict/2053            -> origin/verdict/2053
2026-10-09T13:10:06.7961731Z  * [new branch]        verdict/2054            -> origin/verdict/2054
2026-10-09T13:10:06.7962900Z  * [new branch]        verdict/2055            -> origin/verdict/2055
2026-10-09T13:10:06.7964070Z  * [new branch]        verdict/2056            -> origin/verdict/2056
2026-10-09T13:10:06.7965237Z  * [new branch]        verdict/2057            -> origin/verdict/2057
2026-10-09T13:10:06.7966401Z  * [new branch]        verdict/2058            -> origin/verdict/2058
2026-10-09T13:10:06.7967638Z  * [new branch]        verdict/2059            -> origin/verdict/2059
2026-10-09T13:10:06.7968815Z  * [new branch]        verdict/2060            -> origin/verdict/2060
2026-10-09T13:10:06.7969986Z  * [new branch]        verdict/2061            -> origin/verdict/2061
2026-10-09T13:10:06.7971157Z  * [new branch]        verdict/2062            -> origin/verdict/2062
2026-10-09T13:10:06.7972323Z  * [new branch]        verdict/2063            -> origin/verdict/2063
2026-10-09T13:10:06.7973600Z  * [new branch]        verdict/2064            -> origin/verdict/2064
2026-10-09T13:10:06.7974771Z  * [new branch]        verdict/2065            -> origin/verdict/2065
2026-10-09T13:10:06.7975940Z  * [new branch]        verdict/2066            -> origin/verdict/2066
2026-10-09T13:10:06.7977183Z  * [new branch]        verdict/2067            -> origin/verdict/2067
2026-10-09T13:10:06.7978342Z  * [new branch]        verdict/2068            -> origin/verdict/2068
2026-10-09T13:10:06.7979506Z  * [new branch]        verdict/2069            -> origin/verdict/2069
2026-10-09T13:10:06.7980685Z  * [new branch]        verdict/2070            -> origin/verdict/2070
2026-10-09T13:10:06.7981840Z  * [new branch]        verdict/2071            -> origin/verdict/2071
2026-10-09T13:10:06.7983005Z  * [new branch]        verdict/2072            -> origin/verdict/2072
2026-10-09T13:10:06.7984177Z  * [new branch]        verdict/2073            -> origin/verdict/2073
2026-10-09T13:10:06.7985571Z  * [new branch]        wip-sync/orchestrator-scratch -> origin/wip-sync/orchestrator-scratch
2026-10-09T13:10:06.7987207Z  * [new tag]           audit-round2-evidence   -> audit-round2-evidence
2026-10-09T13:10:06.7988344Z  * [new tag]           v2.3.0-beta.1           -> v2.3.0-beta.1
2026-10-09T13:10:06.7989353Z  * [new tag]           v2.4.0                  -> v2.4.0
2026-10-09T13:10:06.7990309Z  * [new tag]           v2.4.1                  -> v2.4.1
2026-10-09T13:10:06.7991268Z  * [new tag]           v2.5.0                  -> v2.5.0
2026-10-09T13:10:06.7992238Z  * [new tag]           v2.6.0                  -> v2.6.0
2026-10-09T13:10:06.7993195Z  * [new tag]           v2.6.1                  -> v2.6.1
2026-10-09T13:10:06.7994155Z  * [new tag]           v2.7.0                  -> v2.7.0
2026-10-09T13:10:06.7995224Z  * [new tag]           v2.8.0                  -> v2.8.0
2026-10-09T13:10:06.7996185Z  * [new tag]           v3.0.0                  -> v3.0.0
2026-10-09T13:10:06.7997237Z  * [new tag]           v3.1.0                  -> v3.1.0
2026-10-09T13:10:06.7998208Z  * [new tag]           v3.1.1                  -> v3.1.1
2026-10-09T13:10:06.7999167Z  * [new tag]           v3.1.2                  -> v3.1.2
2026-10-09T13:10:06.8000124Z  * [new tag]           v3.14.0                 -> v3.14.0
2026-10-09T13:10:06.8001101Z  * [new tag]           v3.16.0                 -> v3.16.0
2026-10-09T13:10:06.8002064Z  * [new tag]           v3.2.0                  -> v3.2.0
2026-10-09T13:10:06.8003026Z  * [new tag]           v3.3.0                  -> v3.3.0
2026-10-09T13:10:06.8003976Z  * [new tag]           v3.3.1                  -> v3.3.1
2026-10-09T13:10:06.8004926Z  * [new tag]           v3.4.0                  -> v3.4.0
2026-10-09T13:10:06.8005887Z  * [new tag]           v3.4.1                  -> v3.4.1
2026-10-09T13:10:06.8006924Z  * [new tag]           v3.5.0                  -> v3.5.0
2026-10-09T13:10:06.8007903Z  * [new tag]           v3.6.0                  -> v3.6.0
2026-10-09T13:10:06.8008854Z  * [new tag]           v3.6.1                  -> v3.6.1
2026-10-09T13:10:06.8009808Z  * [new tag]           v3.7.0                  -> v3.7.0
2026-10-09T13:10:06.8010760Z  * [new tag]           v3.7.1                  -> v3.7.1
2026-10-09T13:10:06.8011713Z  * [new tag]           v3.8.0                  -> v3.8.0
2026-10-09T13:10:06.8012667Z  * [new tag]           v4.0.0                  -> v4.0.0
2026-10-09T13:10:06.8013612Z  * [new tag]           v4.0.1                  -> v4.0.1
2026-10-09T13:10:06.8014559Z  * [new tag]           v4.0.2                  -> v4.0.2
2026-10-09T13:10:06.8015502Z  * [new tag]           v4.0.3                  -> v4.0.3
2026-10-09T13:10:06.8016459Z  * [new tag]           v4.0.4                  -> v4.0.4
2026-10-09T13:10:06.8017510Z  * [new tag]           v4.0.5                  -> v4.0.5
2026-10-09T13:10:06.8018455Z  * [new tag]           v4.0.6                  -> v4.0.6
2026-10-09T13:10:06.8019399Z  * [new tag]           v4.0.7                  -> v4.0.7
2026-10-09T13:10:06.8020350Z  * [new tag]           v4.1.0                  -> v4.1.0
2026-10-09T13:10:06.8021455Z  * [new tag]           v4.2.0                  -> v4.2.0
2026-10-09T13:10:06.8022411Z  * [new tag]           v4.3.0                  -> v4.3.0
2026-10-09T13:10:06.8023360Z  * [new tag]           v5.0.0                  -> v5.0.0
2026-10-09T13:10:06.8024321Z  * [new tag]           v5.1.0                  -> v5.1.0
2026-10-09T13:10:06.8025276Z  * [new tag]           v5.1.1                  -> v5.1.1
2026-10-09T13:10:06.8026228Z  * [new tag]           v5.1.10                 -> v5.1.10
2026-10-09T13:10:06.8027265Z  * [new tag]           v5.1.2                  -> v5.1.2
2026-10-09T13:10:06.8050879Z  * [new tag]           v5.1.3                  -> v5.1.3
2026-10-09T13:10:06.8052034Z  * [new tag]           v5.1.4                  -> v5.1.4
2026-10-09T13:10:06.8053026Z  * [new tag]           v5.1.5                  -> v5.1.5
2026-10-09T13:10:06.8053998Z  * [new tag]           v5.1.6                  -> v5.1.6
2026-10-09T13:10:06.8054966Z  * [new tag]           v5.1.7                  -> v5.1.7
2026-10-09T13:10:06.8055945Z  * [new tag]           v5.1.9                  -> v5.1.9
2026-10-09T13:10:06.8057136Z  * [new tag]           v5.2.0                  -> v5.2.0
2026-10-09T13:10:06.8058109Z  * [new tag]           v5.3.0                  -> v5.3.0
2026-10-09T13:10:06.8059081Z  * [new tag]           v5.4.0                  -> v5.4.0
2026-10-09T13:10:06.8060046Z  * [new tag]           v5.4.1                  -> v5.4.1
2026-10-09T13:10:06.8061074Z  * [new tag]           v5.5.0                  -> v5.5.0
2026-10-09T13:10:06.8062029Z  * [new tag]           v5.6.0                  -> v5.6.0
2026-10-09T13:10:06.8062982Z  * [new tag]           v5.6.1                  -> v5.6.1
2026-10-09T13:10:06.8064157Z  * [new tag]           v5.6.2                  -> v5.6.2
2026-10-09T13:10:06.8065113Z  * [new tag]           v5.7.0                  -> v5.7.0
2026-10-09T13:10:06.8066074Z  * [new tag]           v5.7.1                  -> v5.7.1
2026-10-09T13:10:06.8067131Z  * [new tag]           v6.0.0                  -> v6.0.0
2026-10-09T13:10:06.8068093Z  * [new tag]           v6.0.1                  -> v6.0.1
2026-10-09T13:10:06.8069040Z  * [new tag]           v6.0.2                  -> v6.0.2
2026-10-09T13:10:06.8069999Z  * [new tag]           v6.0.3                  -> v6.0.3
2026-10-09T13:10:06.8070947Z  * [new tag]           v6.0.4                  -> v6.0.4
2026-10-09T13:10:06.8071896Z  * [new tag]           v6.0.5                  -> v6.0.5
2026-10-09T13:10:06.8072843Z  * [new tag]           v6.0.6                  -> v6.0.6
2026-10-09T13:10:06.8073800Z  * [new tag]           v6.0.7                  -> v6.0.7
2026-10-09T13:10:06.8074750Z  * [new tag]           v6.0.8                  -> v6.0.8
2026-10-09T13:10:06.8075702Z  * [new tag]           v6.0.9                  -> v6.0.9
2026-10-09T13:10:06.8076741Z  * [new tag]           v6.1.0                  -> v6.1.0
2026-10-09T13:10:06.8077691Z  * [new tag]           v6.1.1                  -> v6.1.1
2026-10-09T13:10:06.8078638Z  * [new tag]           v6.1.2                  -> v6.1.2
2026-10-09T13:10:06.8079595Z  * [new tag]           v6.2.0                  -> v6.2.0
2026-10-09T13:10:06.8080552Z  * [new tag]           v6.2.1                  -> v6.2.1
2026-10-09T13:10:06.8081543Z  * [new tag]           v6.2.10                 -> v6.2.10
2026-10-09T13:10:06.8082506Z  * [new tag]           v6.2.11                 -> v6.2.11
2026-10-09T13:10:06.8083472Z  * [new tag]           v6.2.12                 -> v6.2.12
2026-10-09T13:10:06.8084429Z  * [new tag]           v6.2.13                 -> v6.2.13
2026-10-09T13:10:06.8085385Z  * [new tag]           v6.2.14                 -> v6.2.14
2026-10-09T13:10:06.8086339Z  * [new tag]           v6.2.15                 -> v6.2.15
2026-10-09T13:10:06.8087393Z  * [new tag]           v6.2.16                 -> v6.2.16
2026-10-09T13:10:06.8088347Z  * [new tag]           v6.2.17                 -> v6.2.17
2026-10-09T13:10:06.8089296Z  * [new tag]           v6.2.2                  -> v6.2.2
2026-10-09T13:10:06.8090238Z  * [new tag]           v6.2.3                  -> v6.2.3
2026-10-09T13:10:06.8091314Z  * [new tag]           v6.2.4                  -> v6.2.4
2026-10-09T13:10:06.8092270Z  * [new tag]           v6.2.5                  -> v6.2.5
2026-10-09T13:10:06.8093220Z  * [new tag]           v6.2.6                  -> v6.2.6
2026-10-09T13:10:06.8094174Z  * [new tag]           v6.2.7                  -> v6.2.7
2026-10-09T13:10:06.8095113Z  * [new tag]           v6.2.8                  -> v6.2.8
2026-10-09T13:10:06.8096064Z  * [new tag]           v6.2.9                  -> v6.2.9
2026-10-09T13:10:06.8097236Z  * [new tag]           v6.3.0                  -> v6.3.0
2026-10-09T13:10:06.8098182Z  * [new tag]           v6.3.1                  -> v6.3.1
2026-10-09T13:10:06.8099155Z  * [new tag]           v6.3.10                 -> v6.3.10
2026-10-09T13:10:06.8100116Z  * [new tag]           v6.3.11                 -> v6.3.11
2026-10-09T13:10:06.8101086Z  * [new tag]           v6.3.12                 -> v6.3.12
2026-10-09T13:10:06.8102047Z  * [new tag]           v6.3.13                 -> v6.3.13
2026-10-09T13:10:06.8102999Z  * [new tag]           v6.3.14                 -> v6.3.14
2026-10-09T13:10:06.8103961Z  * [new tag]           v6.3.15                 -> v6.3.15
2026-10-09T13:10:06.8104913Z  * [new tag]           v6.3.16                 -> v6.3.16
2026-10-09T13:10:06.8105879Z  * [new tag]           v6.3.17                 -> v6.3.17
2026-10-09T13:10:06.8106930Z  * [new tag]           v6.3.18                 -> v6.3.18
2026-10-09T13:10:06.8107900Z  * [new tag]           v6.3.19                 -> v6.3.19
2026-10-09T13:10:06.8108848Z  * [new tag]           v6.3.2                  -> v6.3.2
2026-10-09T13:10:06.8109808Z  * [new tag]           v6.3.20                 -> v6.3.20
2026-10-09T13:10:06.8110888Z  * [new tag]           v6.3.3                  -> v6.3.3
2026-10-09T13:10:06.8111835Z  * [new tag]           v6.3.4                  -> v6.3.4
2026-10-09T13:10:06.8112784Z  * [new tag]           v6.3.5                  -> v6.3.5
2026-10-09T13:10:06.8113739Z  * [new tag]           v6.3.6                  -> v6.3.6
2026-10-09T13:10:06.8114700Z  * [new tag]           v6.3.7                  -> v6.3.7
2026-10-09T13:10:06.8115664Z  * [new tag]           v6.3.8                  -> v6.3.8
2026-10-09T13:10:06.8116694Z  * [new tag]           v6.3.9                  -> v6.3.9
2026-10-09T13:10:06.8117638Z  * [new tag]           v6.4.0                  -> v6.4.0
2026-10-09T13:10:06.8118586Z  * [new tag]           v6.4.1                  -> v6.4.1
2026-10-09T13:10:06.8119531Z  * [new tag]           v6.4.2                  -> v6.4.2
2026-10-09T13:10:06.8120468Z  * [new tag]           v6.4.3                  -> v6.4.3
2026-10-09T13:10:06.8121419Z  * [new tag]           v6.4.4                  -> v6.4.4
2026-10-09T13:10:06.8122374Z  * [new tag]           v6.5.0                  -> v6.5.0
2026-10-09T13:10:06.8123312Z  * [new tag]           v6.5.1                  -> v6.5.1
2026-10-09T13:10:06.8124260Z  * [new tag]           v6.6.0                  -> v6.6.0
2026-10-09T13:10:06.8125221Z  * [new tag]           v6.6.1                  -> v6.6.1
2026-10-09T13:10:06.8126176Z  * [new tag]           v6.6.10                 -> v6.6.10
2026-10-09T13:10:06.8127209Z  * [new tag]           v6.6.11                 -> v6.6.11
2026-10-09T13:10:06.8128157Z  * [new tag]           v6.6.12                 -> v6.6.12
2026-10-09T13:10:06.8129109Z  * [new tag]           v6.6.2                  -> v6.6.2
2026-10-09T13:10:06.8130058Z  * [new tag]           v6.6.3                  -> v6.6.3
2026-10-09T13:10:06.8131003Z  * [new tag]           v6.6.4                  -> v6.6.4
2026-10-09T13:10:06.8131958Z  * [new tag]           v6.6.5                  -> v6.6.5
2026-10-09T13:10:06.8132908Z  * [new tag]           v6.6.6                  -> v6.6.6
2026-10-09T13:10:06.8133859Z  * [new tag]           v6.6.7                  -> v6.6.7
2026-10-09T13:10:06.8134807Z  * [new tag]           v6.6.8                  -> v6.6.8
2026-10-09T13:10:06.8135744Z  * [new tag]           v6.6.9                  -> v6.6.9
2026-10-09T13:10:06.8136976Z  * [new tag]           v6.7.0                  -> v6.7.0
2026-10-09T13:10:06.8137976Z  * [new tag]           v6.7.1                  -> v6.7.1
2026-10-09T13:10:06.8138936Z  * [new tag]           v6.7.10                 -> v6.7.10
2026-10-09T13:10:06.8139899Z  * [new tag]           v6.7.11                 -> v6.7.11
2026-10-09T13:10:06.8140860Z  * [new tag]           v6.7.12                 -> v6.7.12
2026-10-09T13:10:06.8141823Z  * [new tag]           v6.7.13                 -> v6.7.13
2026-10-09T13:10:06.8142794Z  * [new tag]           v6.7.14                 -> v6.7.14
2026-10-09T13:10:06.8143751Z  * [new tag]           v6.7.15                 -> v6.7.15
2026-10-09T13:10:06.8144707Z  * [new tag]           v6.7.16                 -> v6.7.16
2026-10-09T13:10:06.8145656Z  * [new tag]           v6.7.17                 -> v6.7.17
2026-10-09T13:10:06.8146692Z  * [new tag]           v6.7.2                  -> v6.7.2
2026-10-09T13:10:06.8147640Z  * [new tag]           v6.7.3                  -> v6.7.3
2026-10-09T13:10:06.8148590Z  * [new tag]           v6.7.4                  -> v6.7.4
2026-10-09T13:10:06.8149536Z  * [new tag]           v6.7.5                  -> v6.7.5
2026-10-09T13:10:06.8150490Z  * [new tag]           v6.7.6                  -> v6.7.6
2026-10-09T13:10:06.8151437Z  * [new tag]           v6.7.7                  -> v6.7.7
2026-10-09T13:10:06.8152391Z  * [new tag]           v6.7.8                  -> v6.7.8
2026-10-09T13:10:06.8153375Z  * [new tag]           v6.7.9                  -> v6.7.9
2026-10-09T13:10:06.8154512Z  * [new ref]           5e0fa497ba0773e5f45b3eb8fe74f699de0a94b0 -> pull/2066/merge
2026-10-09T13:10:06.8157432Z ##[endgroup]
2026-10-09T13:10:06.8158627Z ##[group]Determining the checkout info
2026-10-09T13:10:06.8159811Z ##[endgroup]
2026-10-09T13:10:06.8160515Z [command]/usr/bin/git sparse-checkout disable
2026-10-09T13:10:06.9823537Z [command]/usr/bin/git config --local --unset-all extensions.worktreeConfig
2026-10-09T13:10:06.9853976Z ##[group]Checking out the ref
2026-10-09T13:10:06.9856822Z [command]/usr/bin/git checkout --progress --force refs/remotes/pull/2066/merge
2026-10-09T13:10:07.3832025Z Note: switching to 'refs/remotes/pull/2066/merge'.
2026-10-09T13:10:07.3832283Z 
2026-10-09T13:10:07.3832468Z You are in 'detached HEAD' state. You can look around, make experimental
2026-10-09T13:10:07.3832896Z changes and commit them, and you can discard any commits you make in this
2026-10-09T13:10:07.3833262Z state without impacting any branches by switching back to a branch.
2026-10-09T13:10:07.3833480Z 
2026-10-09T13:10:07.3833628Z If you want to create a new branch to retain commits you create, you may
2026-10-09T13:10:07.3833985Z do so (now or later) by using -c with the switch command. Example:
2026-10-09T13:10:07.3834224Z 
2026-10-09T13:10:07.3834315Z   git switch -c <new-branch-name>
2026-10-09T13:10:07.3834571Z 
2026-10-09T13:10:07.3834706Z Or undo this operation with:
2026-10-09T13:10:07.3834881Z 
2026-10-09T13:10:07.3834993Z   git switch -
2026-10-09T13:10:07.3835127Z 
2026-10-09T13:10:07.3835387Z Turn off this advice by setting config variable advice.detachedHead to false
2026-10-09T13:10:07.3835726Z 
2026-10-09T13:10:07.3836160Z HEAD is now at 5e0fa497 Merge b511f9dc5b9ee076d3113aaad4b9e296222bbd7c into b2b6acd64cde652676a568e93c05f021571ebe5e
2026-10-09T13:10:07.3859811Z ##[endgroup]
2026-10-09T13:10:07.3905389Z [command]/usr/bin/git log -1 --format=%H
2026-10-09T13:10:07.3931365Z 5e0fa497ba0773e5f45b3eb8fe74f699de0a94b0
2026-10-09T13:10:07.4163518Z ##[group]Run actions/setup-python@ece7cb06caefa5fff74198d8649806c4678c61a1
2026-10-09T13:10:07.4163852Z with:
2026-10-09T13:10:07.4164025Z   python-version: 3.13
2026-10-09T13:10:07.4164228Z   check-latest: false
2026-10-09T13:10:07.4166663Z   token: ***
2026-10-09T13:10:07.4166855Z   update-environment: true
2026-10-09T13:10:07.4167064Z   allow-prereleases: false
2026-10-09T13:10:07.4167258Z   freethreaded: false
2026-10-09T13:10:07.4167446Z ##[endgroup]
2026-10-09T13:10:07.5231032Z ##[group]Installed versions
2026-10-09T13:10:07.5306808Z Successfully set up CPython (3.13.16)
2026-10-09T13:10:07.5307396Z ##[endgroup]
2026-10-09T13:10:07.5470269Z ##[group]Run pip install --require-hashes --build-constraint tests/requirements-build.txt -r tests/requirements-ci.txt
2026-10-09T13:10:07.5471070Z [36;1mpip install --require-hashes --build-constraint tests/requirements-build.txt -r tests/requirements-ci.txt[0m
2026-10-09T13:10:07.6279322Z shell: /usr/bin/bash -e {0}
2026-10-09T13:10:07.6279586Z env:
2026-10-09T13:10:07.6279851Z   pythonLocation: /opt/hostedtoolcache/Python/3.13.16/x64
2026-10-09T13:10:07.6280255Z   PKG_CONFIG_PATH: /opt/hostedtoolcache/Python/3.13.16/x64/lib/pkgconfig
2026-10-09T13:10:07.6280616Z   Python_ROOT_DIR: /opt/hostedtoolcache/Python/3.13.16/x64
2026-10-09T13:10:07.6280916Z   Python2_ROOT_DIR: /opt/hostedtoolcache/Python/3.13.16/x64
2026-10-09T13:10:07.6281211Z   Python3_ROOT_DIR: /opt/hostedtoolcache/Python/3.13.16/x64
2026-10-09T13:10:07.6281507Z   LD_LIBRARY_PATH: /opt/hostedtoolcache/Python/3.13.16/x64/lib
2026-10-09T13:10:07.6281761Z ##[endgroup]
2026-10-09T13:10:11.8468073Z Collecting aiohappyeyeballs==2.7.1 (from -r tests/requirements-ci.txt (line 27))
2026-10-09T13:10:11.8901926Z   Downloading aiohappyeyeballs-2.7.1-py3-none-any.whl (15 kB)
2026-10-09T13:10:12.3706937Z Collecting aiohttp==3.14.3 (from -r tests/requirements-ci.txt (line 30))
2026-10-09T13:10:12.3744382Z   Downloading aiohttp-3.14.3-cp313-cp313-manylinux2014_x86_64.manylinux_2_17_x86_64.manylinux_2_28_x86_64.whl (1.8 MB)
2026-10-09T13:10:12.4018180Z      ━━━━━━━━━━━━━━━━━━━━━━━━━━━━━━━━━━━━━━━━ 1.8/1.8 MB 126.4 MB/s  0:00:00
2026-10-09T13:10:12.4120116Z Collecting aiosignal==1.4.0 (from -r tests/requirements-ci.txt (line 150))
2026-10-09T13:10:12.4156139Z   Downloading aiosignal-1.4.0-py3-none-any.whl (7.5 kB)
2026-10-09T13:10:12.4256861Z Collecting attrs==26.1.0 (from -r tests/requirements-ci.txt (line 153))
2026-10-09T13:10:12.4294116Z   Downloading attrs-26.1.0-py3-none-any.whl (67 kB)
2026-10-09T13:10:12.4858975Z Collecting frozenlist==1.8.0 (from -r tests/requirements-ci.txt (line 156))
2026-10-09T13:10:12.4912688Z   Downloading frozenlist-1.8.0-cp313-cp313-manylinux1_x86_64.manylinux_2_28_x86_64.manylinux_2_5_x86_64.whl (234 kB)
2026-10-09T13:10:12.5023979Z Collecting idna==3.20 (from -r tests/requirements-ci.txt (line 287))
2026-10-09T13:10:12.5055015Z   Downloading idna-3.20-py3-none-any.whl (69 kB)
2026-10-09T13:10:12.6742139Z Collecting multidict==6.9.1 (from -r tests/requirements-ci.txt (line 290))
2026-10-09T13:10:12.6781597Z   Downloading multidict-6.9.1-cp313-cp313-manylinux2014_x86_64.manylinux_2_17_x86_64.manylinux_2_28_x86_64.whl (336 kB)
2026-10-09T13:10:13.0222814Z Collecting numpy==2.4.6 (from -r tests/requirements-ci.txt (line 462))
2026-10-09T13:10:13.0263891Z   Downloading numpy-2.4.6-cp313-cp313-manylinux_2_27_x86_64.manylinux_2_28_x86_64.whl (16.6 MB)
2026-10-09T13:10:13.1655815Z      ━━━━━━━━━━━━━━━━━━━━━━━━━━━━━━━━━━━━━━━━ 16.6/16.6 MB 119.4 MB/s  0:00:00
2026-10-09T13:10:13.2269471Z Collecting propcache==0.5.4 (from -r tests/requirements-ci.txt (line 535))
2026-10-09T13:10:13.2323700Z   Downloading propcache-0.5.4-cp313-cp313-manylinux2014_x86_64.manylinux_2_17_x86_64.manylinux_2_28_x86_64.whl (234 kB)
2026-10-09T13:10:13.3233219Z Collecting pyyaml==6.0.1 (from -r tests/requirements-ci.txt (line 674))
2026-10-09T13:10:13.3267076Z   Downloading PyYAML-6.0.1.tar.gz (125 kB)
2026-10-09T13:10:13.4244135Z   Installing build dependencies: started
2026-10-09T13:10:14.7786977Z   Installing build dependencies: finished with status 'done'
2026-10-09T13:10:14.7792131Z   Getting requirements to build wheel: started
2026-10-09T13:10:17.1530906Z   Getting requirements to build wheel: finished with status 'done'
2026-10-09T13:10:17.1538802Z   Preparing metadata (pyproject.toml): started
2026-10-09T13:10:17.4448458Z   Preparing metadata (pyproject.toml): finished with status 'done'
2026-10-09T13:10:17.7880251Z Collecting scipy==1.17.1 (from -r tests/requirements-ci.txt (line 726))
2026-10-09T13:10:17.7917739Z   Downloading scipy-1.17.1-cp313-cp313-manylinux_2_27_x86_64.manylinux_2_28_x86_64.whl (35.2 MB)
2026-10-09T13:10:18.5496461Z      ━━━━━━━━━━━━━━━━━━━━━━━━━━━━━━━━━━━━━━━━ 35.2/35.2 MB 46.2 MB/s  0:00:00
2026-10-09T13:10:18.7859608Z Collecting threadpoolctl==3.6.0 (from -r tests/requirements-ci.txt (line 788))
2026-10-09T13:10:18.7896121Z   Downloading threadpoolctl-3.6.0-py3-none-any.whl (18 kB)
2026-10-09T13:10:19.2592465Z Collecting voluptuous==0.16.0 (from -r tests/requirements-ci.txt (line 791))
2026-10-09T13:10:19.2627999Z   Downloading voluptuous-0.16.0-py3-none-any.whl (31 kB)
2026-10-09T13:10:20.4224348Z Collecting yarl==1.25.1 (from -r tests/requirements-ci.txt (line 794))
2026-10-09T13:10:20.4259533Z   Downloading yarl-1.25.1-cp313-cp313-manylinux2014_x86_64.manylinux_2_17_x86_64.manylinux_2_28_x86_64.whl (117 kB)
2026-10-09T13:10:21.0070225Z Building wheels for collected packages: pyyaml
2026-10-09T13:10:21.0076796Z   Building wheel for pyyaml (pyproject.toml): started
2026-10-09T13:10:22.6535655Z   Building wheel for pyyaml (pyproject.toml): finished with status 'done'
2026-10-09T13:10:22.6540522Z   Created wheel for pyyaml: filename=pyyaml-6.0.1-cp313-cp313-linux_x86_64.whl size=45459 sha256=8e3d9253324c1812e9f0e777e5365f0f4b63dcb53a9d2e7ab9e20104b13a1810
2026-10-09T13:10:22.6541718Z   Stored in directory: /home/runner/.cache/pip/wheels/9c/9e/34/1e1548811b63a9d001469f21797e8b7d5c216d8eb928e7d6ad
2026-10-09T13:10:22.6557715Z Successfully built pyyaml
2026-10-09T13:10:22.7031997Z Installing collected packages: voluptuous, threadpoolctl, pyyaml, propcache, numpy, multidict, idna, frozenlist, attrs, aiohappyeyeballs, yarl, scipy, aiosignal, aiohttp
2026-10-09T13:10:28.4932950Z 
2026-10-09T13:10:28.4950372Z Successfully installed aiohappyeyeballs-2.7.1 aiohttp-3.14.3 aiosignal-1.4.0 attrs-26.1.0 frozenlist-1.8.0 idna-3.20 multidict-6.9.1 numpy-2.4.6 propcache-0.5.4 pyyaml-6.0.1 scipy-1.17.1 threadpoolctl-3.6.0 voluptuous-0.16.0 yarl-1.25.1
2026-10-09T13:10:28.8383065Z ##[group]Run actions/download-artifact@37930b1c2abaa49bbe596cd826c3c89aef350131
2026-10-09T13:10:28.8383417Z with:
2026-10-09T13:10:28.8383596Z   name: mutation-table
2026-10-09T13:10:28.8383791Z   path: /home/runner/work/_temp
2026-10-09T13:10:28.8384006Z   merge-multiple: false
2026-10-09T13:10:28.8384212Z   repository: tvofi/heatpump_optimizer
2026-10-09T13:10:28.8384429Z   run-id: 37934798476
2026-10-09T13:10:28.8384609Z env:
2026-10-09T13:10:28.8384827Z   pythonLocation: /opt/hostedtoolcache/Python/3.13.16/x64
2026-10-09T13:10:28.8385169Z   PKG_CONFIG_PATH: /opt/hostedtoolcache/Python/3.13.16/x64/lib/pkgconfig
2026-10-09T13:10:28.8385505Z   Python_ROOT_DIR: /opt/hostedtoolcache/Python/3.13.16/x64
2026-10-09T13:10:28.8385808Z   Python2_ROOT_DIR: /opt/hostedtoolcache/Python/3.13.16/x64
2026-10-09T13:10:28.8386118Z   Python3_ROOT_DIR: /opt/hostedtoolcache/Python/3.13.16/x64
2026-10-09T13:10:28.8386416Z   LD_LIBRARY_PATH: /opt/hostedtoolcache/Python/3.13.16/x64/lib
2026-10-09T13:10:28.8386953Z ##[endgroup]
2026-10-09T13:10:28.9633671Z Downloading single artifact
2026-10-09T13:10:29.0740737Z Preparing to download the following artifacts:
2026-10-09T13:10:29.0741637Z - mutation-table (ID: 11618021125, Size: 1197, Expected Digest: sha256:54ec77539bcf5ee38ee821ef22f7c8c3ccbed6981b35ea4a184ae3da461eac66)
2026-10-09T13:10:29.2476687Z Redirecting to blob download url: https://productionresultssa8.blob.core.windows.net/actions-results/bad0273b-3be9-82c9-9686-b14d4333e7d7/workflow-job-run-78944fad-34e1-58ea-814d-c8a377a58586/artifacts/5d7e9df18d19e08df95298d9d7a5600f129014ed18b05ac1072a2e0061fbce3c.zip
2026-10-09T13:10:29.2477661Z Starting download of artifact to: /home/runner/work/_temp
2026-10-09T13:10:29.2912907Z (node:2164) [DEP0005] DeprecationWarning: Buffer() is deprecated due to security and usability issues. Please use the Buffer.alloc(), Buffer.allocUnsafe(), or Buffer.from() methods instead.
2026-10-09T13:10:29.2914321Z (Use `node --trace-deprecation ...` to show where the warning was created)
2026-10-09T13:10:29.2944493Z SHA256 digest of downloaded artifact is 54ec77539bcf5ee38ee821ef22f7c8c3ccbed6981b35ea4a184ae3da461eac66
2026-10-09T13:10:29.2945532Z Artifact download completed successfully.
2026-10-09T13:10:29.2946191Z Total of 1 artifact(s) downloaded
2026-10-09T13:10:29.2949753Z Download artifact has finished successfully
2026-10-09T13:10:29.3080309Z ##[group]Run set -uo pipefail
2026-10-09T13:10:29.3080624Z [36;1mset -uo pipefail[0m
2026-10-09T13:10:29.3080844Z [36;1mgit fetch --no-tags origin main[0m
2026-10-09T13:10:29.3081098Z [36;1mout="$RUNNER_TEMP/mutation-pins"[0m
2026-10-09T13:10:29.3081328Z [36;1mmkdir -p "$out"[0m
2026-10-09T13:10:29.3081550Z [36;1mprintf '%s\n' "$PR_HEAD" > "$out/head"[0m
2026-10-09T13:10:29.3081828Z [36;1mtouch "$RUNNER_TEMP/mutation-table.txt"[0m
2026-10-09T13:10:29.3082298Z [36;1mpython3 -c 'import json, sys; sys.path.insert(0, "tests"); import mutation_table as m; print(json.dumps(m.load_budgets()))' \[0m
2026-10-09T13:10:29.3082782Z [36;1m  > "$RUNNER_TEMP/ledger-before.json"[0m
2026-10-09T13:10:29.3083038Z [36;1mrm -f "$RUNNER_TEMP/pin-run.txt"[0m
2026-10-09T13:10:29.3083367Z [36;1m# Under the 170-minute step timeout with room for the runs in flight[0m
2026-10-09T13:10:29.3083744Z [36;1m# (R9-F10.12): admission charges a lazy driver its run alone, so a[0m
2026-10-09T13:10:29.3084165Z [36;1m# red run's baseline and null control are paid past the deadline --[0m
2026-10-09T13:10:29.3084557Z [36;1m# boost_drift_replay.py's three runs are ~26 minutes at its recorded[0m
2026-10-09T13:10:29.3084920Z [36;1m# seconds. At 90 minutes four shards of 14 pinned 19 of #2025's 56[0m
2026-10-09T13:10:29.3085290Z [36;1m# sites, each site ~2000 s of driver work; six sites a shard fit 120[0m
2026-10-09T13:10:29.3085800Z [36;1m# (R9-CI-1). Only a base program that has a flag gets it.[0m
2026-10-09T13:10:29.3086066Z [36;1mbudget=()[0m
2026-10-09T13:10:29.3086249Z [36;1mshard=()[0m
2026-10-09T13:10:29.3086423Z [36;1mrun=1[0m
2026-10-09T13:10:29.3086978Z [36;1mif grep -qE '^MUTATION TABLE REFUSED -- [0-9]+ unpinned site\(s\) against' \[0m
2026-10-09T13:10:29.3087328Z [36;1m     "$RUNNER_TEMP/mutation-table.txt" \[0m
2026-10-09T13:10:29.3087685Z [36;1m   && git show "$PR_BASE":tests/mutation_table.py > tests/_mutation_table_base.py \[0m
2026-10-09T13:10:29.3088093Z [36;1m   && grep -q -- '--pin-killed' tests/_mutation_table_base.py; then[0m
2026-10-09T13:10:29.3088432Z [36;1m  echo tests/_mutation_table_base.py >> .git/info/exclude[0m
2026-10-09T13:10:29.3088765Z [36;1m  grep -q -- '--budget-minutes' tests/_mutation_table_base.py \[0m
2026-10-09T13:10:29.3089072Z [36;1m    && budget=(--budget-minutes 120)[0m
2026-10-09T13:10:29.3089355Z [36;1m  if grep -q -- '--shard' tests/_mutation_table_base.py; then[0m
2026-10-09T13:10:29.3089647Z [36;1m    shard=(--shard "$SHARD/$SHARDS")[0m
2026-10-09T13:10:29.3089878Z [36;1m  elif [ "$SHARD" != 1 ]; then[0m
2026-10-09T13:10:29.3090098Z [36;1m    run=0[0m
2026-10-09T13:10:29.3090361Z [36;1m    echo "base program has no --shard: shard 1 measures the whole pool"[0m
2026-10-09T13:10:29.3090657Z [36;1m  fi[0m
2026-10-09T13:10:29.3090897Z [36;1m  # A refusal exits non-zero; the runner's `bash -e` would end the[0m
2026-10-09T13:10:29.3091250Z [36;1m  # step there, before measurement() wrote any status, and[0m
2026-10-09T13:10:29.3091618Z [36;1m  # mutation-autofix then read a missing file as skip-no-measurement[0m
2026-10-09T13:10:29.3091984Z [36;1m  # (#2025, run 37663843895). measurement() grades the run instead.[0m
2026-10-09T13:10:29.3092406Z [36;1m  [ "$run" = 1 ] && { python3 tests/_mutation_table_base.py --pin-killed --base origin/main --jobs 3 \[0m
2026-10-09T13:10:29.3092850Z [36;1m    "${budget[@]}" "${shard[@]}" 2>&1 | tee "$RUNNER_TEMP/pin-run.txt" \[0m
2026-10-09T13:10:29.3093198Z [36;1m    || echo "pin run exited non-zero; measurement() grades it"; }[0m
2026-10-09T13:10:29.3093466Z [36;1mfi[0m
2026-10-09T13:10:29.3093665Z [36;1mrm -f tests/_mutation_table_base.py[0m
2026-10-09T13:10:29.3093898Z [36;1m[ "$run" = 1 ] || exit 0[0m
2026-10-09T13:10:29.3094129Z [36;1mpython3 - "$RUNNER_TEMP" "$out" <<'PY'[0m
2026-10-09T13:10:29.3094366Z [36;1mimport json, sys[0m
2026-10-09T13:10:29.3094573Z [36;1mfrom pathlib import Path[0m
2026-10-09T13:10:29.3094792Z [36;1msys.path.insert(0, "tests")[0m
2026-10-09T13:10:29.3095164Z [36;1mimport mutation_table[0m
2026-10-09T13:10:29.3095415Z [36;1mtmp, out = Path(sys.argv[1]), Path(sys.argv[2])[0m
2026-10-09T13:10:29.3095690Z [36;1mrun = tmp / "pin-run.txt"[0m
2026-10-09T13:10:29.3095938Z [36;1mstatus, added = mutation_table.measurement([0m
2026-10-09T13:10:29.3096219Z [36;1m    (tmp / "mutation-table.txt").read_text(),[0m
2026-10-09T13:10:29.3096657Z [36;1m    run.read_text() if run.exists() else None,[0m
2026-10-09T13:10:29.3096967Z [36;1m    json.loads((tmp / "ledger-before.json").read_text()),[0m
2026-10-09T13:10:29.3097258Z [36;1m    mutation_table.load_budgets())[0m
2026-10-09T13:10:29.3097542Z [36;1m(out / "pins.json").write_text(json.dumps(added, indent=2))[0m
2026-10-09T13:10:29.3097838Z [36;1m(out / "status").write_text(status + "\n")[0m
2026-10-09T13:10:29.3098126Z [36;1mprint(f"measure: {status}, {len(added)} anchor(s)")[0m
2026-10-09T13:10:29.3098379Z [36;1mPY[0m
2026-10-09T13:10:29.3156997Z shell: /usr/bin/bash --noprofile --norc -e -o pipefail {0}
2026-10-09T13:10:29.3157301Z env:
2026-10-09T13:10:29.3157531Z   pythonLocation: /opt/hostedtoolcache/Python/3.13.16/x64
2026-10-09T13:10:29.3157883Z   PKG_CONFIG_PATH: /opt/hostedtoolcache/Python/3.13.16/x64/lib/pkgconfig
2026-10-09T13:10:29.3158223Z   Python_ROOT_DIR: /opt/hostedtoolcache/Python/3.13.16/x64
2026-10-09T13:10:29.3158533Z   Python2_ROOT_DIR: /opt/hostedtoolcache/Python/3.13.16/x64
2026-10-09T13:10:29.3159008Z   Python3_ROOT_DIR: /opt/hostedtoolcache/Python/3.13.16/x64
2026-10-09T13:10:29.3159315Z   LD_LIBRARY_PATH: /opt/hostedtoolcache/Python/3.13.16/x64/lib
2026-10-09T13:10:29.3159610Z   PR_HEAD: b511f9dc5b9ee076d3113aaad4b9e296222bbd7c
2026-10-09T13:10:29.3159877Z   PR_BASE: b2b6acd64cde652676a568e93c05f021571ebe5e
2026-10-09T13:10:29.3160105Z   SHARD: 3
2026-10-09T13:10:29.3160266Z   SHARDS: 3
2026-10-09T13:10:29.3160427Z ##[endgroup]
2026-10-09T13:10:29.5259450Z From https://github.com/tvofi/heatpump_optimizer
2026-10-09T13:10:29.5259847Z  * branch              main       -> FETCH_HEAD
2026-10-09T13:10:31.7991769Z   4620 unpinned site(s) of 5970 candidate sites, 4623 at the ratchet base b2b6acd64cde652676a568e93c05f021571ebe5e; the ledger agrees with the deterministic inventory
2026-10-09T13:10:31.8293437Z MUTATION TABLE -- scope changed: 7 production file(s) whose code this diff adds or modifies
2026-10-09T13:10:31.8411841Z PIN SHARD 3/3 -- 5 of 16 site(s), split by anchor
2026-10-09T13:10:31.8412357Z PIN KILLED -- 5 new unpinned site(s) against b2b6acd64cde652676a568e93c05f021571ebe5e to drive
2026-10-09T13:10:31.8414062Z   5 mutant(s) over 7 file(s); drivers in play: tests/arch_score_head.py, tests/backtest.py, tests/block_duty.py, tests/boost_drift_replay.py, tests/config_flow_steps.py, tests/debug_collect.py, tests/deployment_shape.py, tests/doc_claims.py, tests/edge.py, tests/entities.py, tests/env_drift.py, tests/features.py, tests/finite_boundary.py, tests/guard_pins.py, tests/harness_headers.py, tests/manual_plan.py, tests/optimality.py, tests/plan_view.py, tests/solar_alignment.py, tests/stress.py, tests/structure.py, tests/typing_ruler.py, tests/validate.py, tests/wood_advisor.py
2026-10-09T13:10:31.8415855Z   ref-driven drivers compare against 'b2b6acd64cde652676a568e93c05f021571ebe5e' (run.sh's GOLDEN_REF resolution)
2026-10-09T13:10:33.6650246Z   null control: custom_components/heatpump_optimizer/coordinator.py:496 NULL_COMMENT, a comment-only edit every driver in play must let survive
2026-10-09T13:10:36.0126785Z   tests/harness_headers.py: baseline and null control deferred until a mutant survives every shared driver
2026-10-09T13:10:36.0127460Z   tests/stress.py: baseline and null control deferred until a mutant survives every shared driver
2026-10-09T13:10:36.0128254Z   tests/arch_score_head.py: baseline and null control deferred until a mutant run of it is red
2026-10-09T13:10:36.0128948Z   tests/backtest.py: baseline and null control deferred until a mutant run of it is red
2026-10-09T13:10:36.0129947Z   tests/block_duty.py: baseline and null control deferred until a mutant run of it is red
2026-10-09T13:10:36.0130654Z   tests/boost_drift_replay.py: baseline and null control deferred until a mutant run of it is red
2026-10-09T13:10:36.0131478Z   tests/config_flow_steps.py: baseline and null control deferred until a mutant run of it is red
2026-10-09T13:10:36.0132245Z   tests/debug_collect.py: baseline and null control deferred until a mutant run of it is red
2026-10-09T13:10:36.0132945Z   tests/deployment_shape.py: baseline and null control deferred until a mutant run of it is red
2026-10-09T13:10:36.0133623Z   tests/doc_claims.py: baseline and null control deferred until a mutant run of it is red
2026-10-09T13:10:36.0134195Z   tests/edge.py: baseline and null control deferred until a mutant run of it is red
2026-10-09T13:10:36.0134793Z   tests/entities.py: baseline and null control deferred until a mutant run of it is red
2026-10-09T13:10:36.0135377Z   tests/features.py: baseline and null control deferred until a mutant run of it is red
2026-10-09T13:10:36.0135997Z   tests/finite_boundary.py: baseline and null control deferred until a mutant run of it is red
2026-10-09T13:10:36.0136795Z   tests/guard_pins.py: baseline and null control deferred until a mutant run of it is red
2026-10-09T13:10:36.0137462Z   tests/manual_plan.py: baseline and null control deferred until a mutant run of it is red
2026-10-09T13:10:36.0138186Z   tests/optimality.py: baseline and null control deferred until a mutant run of it is red
2026-10-09T13:10:36.0139100Z   tests/plan_view.py: baseline and null control deferred until a mutant run of it is red
2026-10-09T13:10:36.0139839Z   tests/solar_alignment.py: baseline and null control deferred until a mutant run of it is red
2026-10-09T13:10:36.0140559Z   tests/structure.py: baseline and null control deferred until a mutant run of it is red
2026-10-09T13:10:36.0141288Z   tests/typing_ruler.py: baseline and null control deferred until a mutant run of it is red
2026-10-09T13:10:36.0142012Z   tests/validate.py: baseline and null control deferred until a mutant run of it is red
2026-10-09T13:10:36.0142725Z   tests/wood_advisor.py: baseline and null control deferred until a mutant run of it is red
2026-10-09T13:14:45.3254307Z   baseline tests/env_drift.py: rc=0 failed=0 249s
2026-10-09T13:14:45.3256302Z   null control custom_components/heatpump_optimizer/coordinator.py:496 NULL_COMMENT survived every driver
2026-10-09T13:19:19.0633147Z   baseline tests/entities.py: rc=0 failed=0 129s
2026-10-09T13:21:35.1410321Z   null control custom_components/heatpump_optimizer/coordinator.py:496 NULL_COMMENT survived tests/entities.py
2026-10-09T14:23:20.2611679Z   baseline tests/features.py: rc=0 failed=0 513s
2026-10-09T14:32:17.4702198Z   null control custom_components/heatpump_optimizer/coordinator.py:496 NULL_COMMENT survived tests/features.py
2026-10-09T14:48:51.3472709Z   baseline tests/harness_headers.py: rc=0 failed=0 160s
2026-10-09T14:51:30.3987257Z   null control custom_components/heatpump_optimizer/coordinator.py:496 NULL_COMMENT survived tests/harness_headers.py
2026-10-09T14:59:28.7370331Z   tests/arch_score_head.py: LAZY AND NEVER RUN -- every mutant run of it was green, so no verdict read its baseline; a red one would have made it INCONCLUSIVE, a killed null REFUSED
2026-10-09T14:59:28.7371923Z   tests/backtest.py: LAZY AND NEVER RUN -- every mutant run of it was green, so no verdict read its baseline; a red one would have made it INCONCLUSIVE, a killed null REFUSED
2026-10-09T14:59:28.7373259Z   tests/block_duty.py: LAZY AND NEVER RUN -- every mutant run of it was green, so no verdict read its baseline; a red one would have made it INCONCLUSIVE, a killed null REFUSED
2026-10-09T14:59:28.7374313Z   tests/boost_drift_replay.py: LAZY AND NEVER RUN -- every mutant run of it was green, so no verdict read its baseline; a red one would have made it INCONCLUSIVE, a killed null REFUSED
2026-10-09T14:59:28.7375382Z   tests/config_flow_steps.py: LAZY AND NEVER RUN -- every mutant run of it was green, so no verdict read its baseline; a red one would have made it INCONCLUSIVE, a killed null REFUSED
2026-10-09T14:59:28.7376320Z   tests/debug_collect.py: LAZY AND NEVER RUN -- every mutant run of it was green, so no verdict read its baseline; a red one would have made it INCONCLUSIVE, a killed null REFUSED
2026-10-09T14:59:28.7377312Z   tests/deployment_shape.py: LAZY AND NEVER RUN -- every mutant run of it was green, so no verdict read its baseline; a red one would have made it INCONCLUSIVE, a killed null REFUSED
2026-10-09T14:59:28.7378124Z   tests/doc_claims.py: LAZY AND NEVER RUN -- every mutant run of it was green, so no verdict read its baseline; a red one would have made it INCONCLUSIVE, a killed null REFUSED
2026-10-09T14:59:28.7378890Z   tests/edge.py: LAZY AND NEVER RUN -- every mutant run of it was green, so no verdict read its baseline; a red one would have made it INCONCLUSIVE, a killed null REFUSED
2026-10-09T14:59:28.7379681Z   tests/finite_boundary.py: LAZY AND NEVER RUN -- every mutant run of it was green, so no verdict read its baseline; a red one would have made it INCONCLUSIVE, a killed null REFUSED
2026-10-09T14:59:28.7380491Z   tests/guard_pins.py: LAZY AND NEVER RUN -- every mutant run of it was green, so no verdict read its baseline; a red one would have made it INCONCLUSIVE, a killed null REFUSED
2026-10-09T14:59:28.7381319Z   tests/manual_plan.py: LAZY AND NEVER RUN -- every mutant run of it was green, so no verdict read its baseline; a red one would have made it INCONCLUSIVE, a killed null REFUSED
2026-10-09T14:59:28.7382284Z   tests/optimality.py: LAZY AND NEVER RUN -- every mutant run of it was green, so no verdict read its baseline; a red one would have made it INCONCLUSIVE, a killed null REFUSED
2026-10-09T14:59:28.7383067Z   tests/plan_view.py: LAZY AND NEVER RUN -- every mutant run of it was green, so no verdict read its baseline; a red one would have made it INCONCLUSIVE, a killed null REFUSED
2026-10-09T14:59:28.7383862Z   tests/solar_alignment.py: LAZY AND NEVER RUN -- every mutant run of it was green, so no verdict read its baseline; a red one would have made it INCONCLUSIVE, a killed null REFUSED
2026-10-09T14:59:28.7384650Z   tests/structure.py: LAZY AND NEVER RUN -- every mutant run of it was green, so no verdict read its baseline; a red one would have made it INCONCLUSIVE, a killed null REFUSED
2026-10-09T14:59:28.7385442Z   tests/typing_ruler.py: LAZY AND NEVER RUN -- every mutant run of it was green, so no verdict read its baseline; a red one would have made it INCONCLUSIVE, a killed null REFUSED
2026-10-09T14:59:28.7386227Z   tests/validate.py: LAZY AND NEVER RUN -- every mutant run of it was green, so no verdict read its baseline; a red one would have made it INCONCLUSIVE, a killed null REFUSED
2026-10-09T14:59:28.7387255Z   tests/wood_advisor.py: LAZY AND NEVER RUN -- every mutant run of it was green, so no verdict read its baseline; a red one would have made it INCONCLUSIVE, a killed null REFUSED
2026-10-09T14:59:28.7388112Z   tests/stress.py: DEFERRED AND NEVER RUN -- no mutant survived every shared driver, so its baseline was never checked here; a red one would have made it INCONCLUSIVE, a killed null REFUSED
2026-10-09T14:59:30.6306637Z   NOT RUN custom_components/heatpump_optimizer/draw_range.py:60 CONST -- not started: it would have overrun --budget-minutes
2026-10-09T14:59:30.6307404Z   NOT RUN custom_components/heatpump_optimizer/draw_range.py:122 CMP_BOUND -- not started: it would have overrun --budget-minutes
2026-10-09T14:59:30.6308118Z   NOT RUN custom_components/heatpump_optimizer/draw_range.py:149 GUARD_OFF -- not started: it would have overrun --budget-minutes
2026-10-09T14:59:30.6329207Z   pinned   custom_components/heatpump_optimizer/coordinator.py:4532 GUARD_OFF -- killed by tests/entities.py
2026-10-09T14:59:30.6329986Z   UNPINNED custom_components/heatpump_optimizer/draw_range.py:60 CONST -- skip-budget
2026-10-09T14:59:30.6330647Z   UNPINNED custom_components/heatpump_optimizer/draw_range.py:122 CMP_BOUND -- skip-budget
2026-10-09T14:59:30.6331546Z   UNPINNED custom_components/heatpump_optimizer/draw_range.py:149 GUARD_OFF -- skip-budget
2026-10-09T14:59:30.6332287Z   pinned   custom_components/heatpump_optimizer/thermal_model.py:1280 RETURN_DEL -- killed by tests/features.py
2026-10-09T14:59:30.6332754Z 
2026-10-09T14:59:30.6333197Z PIN KILLED: 2 pinned, 3 left unpinned (0 survived, 3 not started for the budget, 0 timed out, 0 skipped) -- no survivor: a later run drives the rest
2026-10-09T14:59:30.7377766Z pin run exited non-zero; measurement() grades it
2026-10-09T14:59:30.8282868Z measure: measured, 2 anchor(s)
2026-10-09T14:59:30.8447133Z ##[group]Run actions/upload-artifact@b7c566a772e6b6bfb58ed0dc250532a479d7789f
2026-10-09T14:59:30.8447483Z with:
2026-10-09T14:59:30.8447656Z   name: mutation-pins-3
2026-10-09T14:59:30.8447874Z   path: /home/runner/work/_temp/mutation-pins/
2026-10-09T14:59:30.8448125Z   if-no-files-found: ignore
2026-10-09T14:59:30.8448325Z   compression-level: 6
2026-10-09T14:59:30.8448510Z   overwrite: false
2026-10-09T14:59:30.8448691Z   include-hidden-files: false
2026-10-09T14:59:30.8448888Z env:
2026-10-09T14:59:30.8449104Z   pythonLocation: /opt/hostedtoolcache/Python/3.13.16/x64
2026-10-09T14:59:30.8449448Z   PKG_CONFIG_PATH: /opt/hostedtoolcache/Python/3.13.16/x64/lib/pkgconfig
2026-10-09T14:59:30.8449788Z   Python_ROOT_DIR: /opt/hostedtoolcache/Python/3.13.16/x64
2026-10-09T14:59:30.8450097Z   Python2_ROOT_DIR: /opt/hostedtoolcache/Python/3.13.16/x64
2026-10-09T14:59:30.8450398Z   Python3_ROOT_DIR: /opt/hostedtoolcache/Python/3.13.16/x64
2026-10-09T14:59:30.8450925Z   LD_LIBRARY_PATH: /opt/hostedtoolcache/Python/3.13.16/x64/lib
2026-10-09T14:59:30.8451189Z ##[endgroup]
2026-10-09T14:59:30.9905676Z With the provided path, there will be 3 files uploaded
2026-10-09T14:59:30.9917262Z Artifact name is valid!
2026-10-09T14:59:30.9917635Z Root directory input is valid!
2026-10-09T14:59:31.1835439Z Beginning upload of artifact content to blob storage
2026-10-09T14:59:31.2522933Z Uploaded bytes 800
2026-10-09T14:59:31.2694846Z Finished uploading artifact content to blob storage!
2026-10-09T14:59:31.2695728Z SHA256 digest of uploaded artifact zip is fb0c178b46a4e992a9fdb13bff982660b7a7229a4ea8404d275f8664fa6658cd
2026-10-09T14:59:31.2697897Z Finalizing artifact upload
2026-10-09T14:59:31.4713891Z Artifact mutation-pins-3.zip successfully finalized. Artifact ID 11623694501
2026-10-09T14:59:31.4714647Z Artifact mutation-pins-3 has been successfully uploaded! Final size is 800 bytes. Artifact ID is 11623694501
2026-10-09T14:59:31.4719170Z Artifact download URL: https://github.com/tvofi/heatpump_optimizer/actions/runs/37934798476/artifacts/11623694501
2026-10-09T14:59:31.4877357Z Post job cleanup.
2026-10-09T14:59:31.6098932Z Post job cleanup.
2026-10-09T14:59:31.6854547Z [command]/usr/bin/git version
2026-10-09T14:59:31.6898283Z git version 2.55.0
2026-10-09T14:59:31.6934069Z Temporarily overriding HOME='/home/runner/work/_temp/6987699d-fa02-4469-a0bc-7fb27fb13d20' before making global git config changes
2026-10-09T14:59:31.6935066Z Adding repository directory to the temporary git global config as a safe directory
2026-10-09T14:59:31.6939644Z [command]/usr/bin/git config --global --add safe.directory /home/runner/work/heatpump_optimizer/heatpump_optimizer
2026-10-09T14:59:31.6983007Z [command]/usr/bin/git config --local --name-only --get-regexp core\.sshCommand
2026-10-09T14:59:31.7019044Z [command]/usr/bin/git submodule foreach --recursive sh -c "git config --local --name-only --get-regexp 'core\.sshCommand' && git config --local --unset-all 'core.sshCommand' || :"
2026-10-09T14:59:31.7247999Z [command]/usr/bin/git config --local --name-only --get-regexp http\.https\:\/\/github\.com\/\.extraheader
2026-10-09T14:59:31.7273162Z http.https://github.com/.extraheader
2026-10-09T14:59:31.7286921Z [command]/usr/bin/git config --local --unset-all http.https://github.com/.extraheader
2026-10-09T14:59:31.7319719Z [command]/usr/bin/git submodule foreach --recursive sh -c "git config --local --name-only --get-regexp 'http\.https\:\/\/github\.com\/\.extraheader' && git config --local --unset-all 'http.https://github.com/.extraheader' || :"
2026-10-09T14:59:31.7552078Z [command]/usr/bin/git config --local --name-only --get-regexp ^includeIf\.gitdir:
2026-10-09T14:59:31.7592124Z [command]/usr/bin/git submodule foreach --recursive git config --local --show-origin --name-only --get-regexp remote.origin.url
2026-10-09T14:59:31.7980280Z Cleaning up orphan processes
