2026-10-09T13:09:57.6209521Z Current runner version: '2.337.0'
2026-10-09T13:09:57.6231986Z ##[group]Runner Image Provisioner
2026-10-09T13:09:57.6232703Z Hosted Compute Agent
2026-10-09T13:09:57.6233251Z Version: 20261002.596
2026-10-09T13:09:57.6233757Z Commit: c3d12f3313a95f25162a1503be624f3b0617f8c0
2026-10-09T13:09:57.6234337Z Build Date: 2026-10-02T22:28:27Z
2026-10-09T13:09:57.6234989Z Worker ID: {305bce63-38a9-4ffe-a04f-1c7a8ff87c30}
2026-10-09T13:09:57.6235564Z Region: eastus
2026-10-09T13:09:57.6236024Z Cloud: Azure
2026-10-09T13:09:57.6236473Z ##[endgroup]
2026-10-09T13:09:57.6237505Z ##[group]Operating System
2026-10-09T13:09:57.6238086Z Ubuntu
2026-10-09T13:09:57.6238548Z 24.04.5
2026-10-09T13:09:57.6238989Z LTS
2026-10-09T13:09:57.6239424Z ##[endgroup]
2026-10-09T13:09:57.6239907Z ##[group]Runner Image
2026-10-09T13:09:57.6240676Z Image: ubuntu-24.04
2026-10-09T13:09:57.6241171Z Version: 20261004.327.1
2026-10-09T13:09:57.6242442Z Included Software: https://github.com/actions/runner-images/blob/ubuntu24/20261004.327/images/ubuntu/Ubuntu2404-Readme.md
2026-10-09T13:09:57.6243714Z Image Release: https://github.com/actions/runner-images/releases/tag/ubuntu24%2F20261004.327
2026-10-09T13:09:57.6244530Z ##[endgroup]
2026-10-09T13:09:57.6245449Z ##[group]GITHUB_TOKEN Permissions
2026-10-09T13:09:57.6247213Z Contents: read
2026-10-09T13:09:57.6247706Z Metadata: read
2026-10-09T13:09:57.6248377Z ##[endgroup]
2026-10-09T13:09:57.6250192Z Secret source: Actions
2026-10-09T13:09:57.6251061Z Cache mode: write
2026-10-09T13:09:57.6251858Z Prepare workflow directory
2026-10-09T13:09:57.6568734Z Prepare all required actions
2026-10-09T13:09:57.6622907Z Getting action download info
2026-10-09T13:09:57.8572324Z Download action repository 'actions/checkout@fbc6f3992d24b796d5a048ff273f7fcc4a7b6c09' (SHA:fbc6f3992d24b796d5a048ff273f7fcc4a7b6c09)
2026-10-09T13:09:57.9705237Z Download action repository 'actions/setup-python@ece7cb06caefa5fff74198d8649806c4678c61a1' (SHA:ece7cb06caefa5fff74198d8649806c4678c61a1)
2026-10-09T13:09:58.1011480Z Download action repository 'actions/download-artifact@37930b1c2abaa49bbe596cd826c3c89aef350131' (SHA:37930b1c2abaa49bbe596cd826c3c89aef350131)
2026-10-09T13:09:58.2729546Z Download action repository 'actions/upload-artifact@b7c566a772e6b6bfb58ed0dc250532a479d7789f' (SHA:b7c566a772e6b6bfb58ed0dc250532a479d7789f)
2026-10-09T13:09:58.6405712Z Complete job name: mutation-pins (1)
2026-10-09T13:09:58.7182828Z ##[group]Run actions/checkout@fbc6f3992d24b796d5a048ff273f7fcc4a7b6c09
2026-10-09T13:09:58.7184134Z with:
2026-10-09T13:09:58.7184722Z   fetch-depth: 0
2026-10-09T13:09:58.7185410Z   repository: tvofi/heatpump_optimizer
2026-10-09T13:09:58.7192384Z   token: ***
2026-10-09T13:09:58.7193006Z   ssh-strict: true
2026-10-09T13:09:58.7193629Z   ssh-user: git
2026-10-09T13:09:58.7194269Z   persist-credentials: true
2026-10-09T13:09:58.7194980Z   clean: true
2026-10-09T13:09:58.7195619Z   sparse-checkout-cone-mode: true
2026-10-09T13:09:58.7196391Z   fetch-tags: false
2026-10-09T13:09:58.7197044Z   show-progress: true
2026-10-09T13:09:58.7197706Z   lfs: false
2026-10-09T13:09:58.7198328Z   submodules: false
2026-10-09T13:09:58.7198988Z   set-safe-directory: true
2026-10-09T13:09:58.7199724Z   allow-unsafe-pr-checkout: false
2026-10-09T13:09:58.7200935Z ##[endgroup]
2026-10-09T13:09:58.8034683Z Syncing repository: tvofi/heatpump_optimizer
2026-10-09T13:09:58.8037849Z ##[group]Getting Git version info
2026-10-09T13:09:58.8039632Z Working directory is '/home/runner/work/heatpump_optimizer/heatpump_optimizer'
2026-10-09T13:09:58.8042381Z [command]/usr/bin/git version
2026-10-09T13:09:58.8173897Z git version 2.55.0
2026-10-09T13:09:58.8200874Z ##[endgroup]
2026-10-09T13:09:58.8209650Z Temporarily overriding HOME='/home/runner/work/_temp/f3251da0-c51e-4599-b4dc-dfb9421335f4' before making global git config changes
2026-10-09T13:09:58.8213177Z Adding repository directory to the temporary git global config as a safe directory
2026-10-09T13:09:58.8216154Z [command]/usr/bin/git config --global --add safe.directory /home/runner/work/heatpump_optimizer/heatpump_optimizer
2026-10-09T13:09:58.8260482Z Deleting the contents of '/home/runner/work/heatpump_optimizer/heatpump_optimizer'
2026-10-09T13:09:58.8267559Z ##[group]Initializing the repository
2026-10-09T13:09:58.8271943Z [command]/usr/bin/git init /home/runner/work/heatpump_optimizer/heatpump_optimizer
2026-10-09T13:09:58.8398476Z hint: Using 'master' as the name for the initial branch. This default branch name
2026-10-09T13:09:58.8400883Z hint: will change to "main" in Git 3.0. To configure the initial branch name
2026-10-09T13:09:58.8402854Z hint: to use in all of your new repositories, which will suppress this warning,
2026-10-09T13:09:58.8405005Z hint: call:
2026-10-09T13:09:58.8405897Z hint:
2026-10-09T13:09:58.8406980Z hint: 	git config --global init.defaultBranch <name>
2026-10-09T13:09:58.8408377Z hint:
2026-10-09T13:09:58.8409663Z hint: Names commonly chosen instead of 'master' are 'main', 'trunk' and
2026-10-09T13:09:58.8411963Z hint: 'development'. The just-created branch can be renamed via this command:
2026-10-09T13:09:58.8413712Z hint:
2026-10-09T13:09:58.8415025Z hint: 	git branch -m <name>
2026-10-09T13:09:58.8416166Z hint:
2026-10-09T13:09:58.8417633Z hint: Disable this message with "git config set advice.defaultBranchName false"
2026-10-09T13:09:58.8420421Z Initialized empty Git repository in /home/runner/work/heatpump_optimizer/heatpump_optimizer/.git/
2026-10-09T13:09:58.8431856Z [command]/usr/bin/git remote add origin https://github.com/tvofi/heatpump_optimizer
2026-10-09T13:09:58.8473872Z ##[endgroup]
2026-10-09T13:09:58.8475002Z ##[group]Disabling automatic garbage collection
2026-10-09T13:09:58.8476804Z [command]/usr/bin/git config --local gc.auto 0
2026-10-09T13:09:58.8519750Z ##[endgroup]
2026-10-09T13:09:58.8521593Z ##[group]Setting up auth
2026-10-09T13:09:58.8525946Z [command]/usr/bin/git config --local --name-only --get-regexp core\.sshCommand
2026-10-09T13:09:58.8561160Z [command]/usr/bin/git submodule foreach --recursive sh -c "git config --local --name-only --get-regexp 'core\.sshCommand' && git config --local --unset-all 'core.sshCommand' || :"
2026-10-09T13:09:58.8900272Z [command]/usr/bin/git config --local --name-only --get-regexp http\.https\:\/\/github\.com\/\.extraheader
2026-10-09T13:09:58.8933232Z [command]/usr/bin/git submodule foreach --recursive sh -c "git config --local --name-only --get-regexp 'http\.https\:\/\/github\.com\/\.extraheader' && git config --local --unset-all 'http.https://github.com/.extraheader' || :"
2026-10-09T13:09:58.9117721Z [command]/usr/bin/git config --local --name-only --get-regexp ^includeIf\.gitdir:
2026-10-09T13:09:58.9147005Z [command]/usr/bin/git submodule foreach --recursive git config --local --show-origin --name-only --get-regexp remote.origin.url
2026-10-09T13:09:58.9330633Z [command]/usr/bin/git config --local http.https://github.com/.extraheader AUTHORIZATION: basic ***
2026-10-09T13:09:58.9364663Z ##[endgroup]
2026-10-09T13:09:58.9365778Z ##[group]Fetching the repository
2026-10-09T13:09:58.9373380Z [command]/usr/bin/git -c protocol.version=2 fetch --prune --no-recurse-submodules origin +refs/heads/*:refs/remotes/origin/* +refs/tags/*:refs/tags/* +5e0fa497ba0773e5f45b3eb8fe74f699de0a94b0:refs/remotes/pull/2066/merge
2026-10-09T13:10:06.0078540Z From https://github.com/tvofi/heatpump_optimizer
2026-10-09T13:10:06.0079371Z  * [new branch]        bus/approvals           -> origin/bus/approvals
2026-10-09T13:10:06.0080151Z  * [new branch]        cursor/r9-eg-entry-config-9aac -> origin/cursor/r9-eg-entry-config-9aac
2026-10-09T13:10:06.0081591Z  * [new branch]        cursor/r9-sw-1-resume-826f -> origin/cursor/r9-sw-1-resume-826f
2026-10-09T13:10:06.0082382Z  * [new branch]        cursor/r9-sw-2-actuation-6d19 -> origin/cursor/r9-sw-2-actuation-6d19
2026-10-09T13:10:06.0083131Z  * [new branch]        fix/cop-duty-floor      -> origin/fix/cop-duty-floor
2026-10-09T13:10:06.0083817Z  * [new branch]        fix/early-cutoff-pr     -> origin/fix/early-cutoff-pr
2026-10-09T13:10:06.0084465Z  * [new branch]        fix/live-diag           -> origin/fix/live-diag
2026-10-09T13:10:06.0085712Z  * [new branch]        fix/live-power-clamp-foundation-pr -> origin/fix/live-power-clamp-foundation-pr
2026-10-09T13:10:06.0086379Z  * [new branch]        fix/r9-ci-2b-carry      -> origin/fix/r9-ci-2b-carry
2026-10-09T13:10:06.0086780Z  * [new branch]        fix/r9-eg-a4            -> origin/fix/r9-eg-a4
2026-10-09T13:10:06.0087258Z  * [new branch]        fix/r9-nightly-bound    -> origin/fix/r9-nightly-bound
2026-10-09T13:10:06.0087672Z  * [new branch]        fix/r9-rca-prepr-tmp    -> origin/fix/r9-rca-prepr-tmp
2026-10-09T13:10:06.0088086Z  * [new branch]        fix/r9-review-timing    -> origin/fix/r9-review-timing
2026-10-09T13:10:06.0088523Z  * [new branch]        fix/r9-ux-actions       -> origin/fix/r9-ux-actions
2026-10-09T13:10:06.0088952Z  * [new branch]        fix/r9-ux9              -> origin/fix/r9-ux9
2026-10-09T13:10:06.0089356Z  * [new branch]        fix/rca-harness-path    -> origin/fix/rca-harness-path
2026-10-09T13:10:06.0089823Z  * [new branch]        fix/rca-stale-ledger-pins -> origin/fix/rca-stale-ledger-pins
2026-10-09T13:10:06.0090412Z  * [new branch]        fix/recarry-skip-prepr  -> origin/fix/recarry-skip-prepr
2026-10-09T13:10:06.0091087Z  * [new branch]        handoff-body/arch-sound-fixes -> origin/handoff-body/arch-sound-fixes
2026-10-09T13:10:06.0091840Z  * [new branch]        handoff-body/cop-duty-floor -> origin/handoff-body/cop-duty-floor
2026-10-09T13:10:06.0092359Z  * [new branch]        handoff-body/early-cutoff -> origin/handoff-body/early-cutoff
2026-10-09T13:10:06.0092803Z  * [new branch]        handoff-body/live-diag  -> origin/handoff-body/live-diag
2026-10-09T13:10:06.0093327Z  * [new branch]        handoff-body/live-power-clamp-foundation -> origin/handoff-body/live-power-clamp-foundation
2026-10-09T13:10:06.0093867Z  * [new branch]        handoff-body/r9-ci-1    -> origin/handoff-body/r9-ci-1
2026-10-09T13:10:06.0094342Z  * [new branch]        handoff-body/r9-ci-1-autofix-skip -> origin/handoff-body/r9-ci-1-autofix-skip
2026-10-09T13:10:06.0094833Z  * [new branch]        handoff-body/r9-ci-2a   -> origin/handoff-body/r9-ci-2a
2026-10-09T13:10:06.0095233Z  * [new branch]        handoff-body/r9-ci-2b   -> origin/handoff-body/r9-ci-2b
2026-10-09T13:10:06.0095668Z  * [new branch]        handoff-body/r9-ci-2b-carry -> origin/handoff-body/r9-ci-2b-carry
2026-10-09T13:10:06.0096408Z  * [new branch]        handoff-body/r9-closures-eg-b7 -> origin/handoff-body/r9-closures-eg-b7
2026-10-09T13:10:06.0097117Z  * [new branch]        handoff-body/r9-cop-duty-floor -> origin/handoff-body/r9-cop-duty-floor
2026-10-09T13:10:06.0098511Z  * [new branch]        handoff-body/r9-dbg-1   -> origin/handoff-body/r9-dbg-1
2026-10-09T13:10:06.0099322Z  * [new branch]        handoff-body/r9-dbg-2   -> origin/handoff-body/r9-dbg-2
2026-10-09T13:10:06.0100119Z  * [new branch]        handoff-body/r9-eg-a4   -> origin/handoff-body/r9-eg-a4
2026-10-09T13:10:06.0100958Z  * [new branch]        handoff-body/r9-eg-b7-harness -> origin/handoff-body/r9-eg-b7-harness
2026-10-09T13:10:06.0101833Z  * [new branch]        handoff-body/r9-eg-coordinator-seams -> origin/handoff-body/r9-eg-coordinator-seams
2026-10-09T13:10:06.0102626Z  * [new branch]        handoff-body/r9-eg-entry-config -> origin/handoff-body/r9-eg-entry-config
2026-10-09T13:10:06.0103378Z  * [new branch]        handoff-body/r9-eg-solve-inputs -> origin/handoff-body/r9-eg-solve-inputs
2026-10-09T13:10:06.0104106Z  * [new branch]        handoff-body/r9-fixer-cap -> origin/handoff-body/r9-fixer-cap
2026-10-09T13:10:06.0104741Z  * [new branch]        handoff-body/r9-gittmp  -> origin/handoff-body/r9-gittmp
2026-10-09T13:10:06.0105605Z  * [new branch]        handoff-body/r9-live-power-clamp-foundation -> origin/handoff-body/r9-live-power-clamp-foundation
2026-10-09T13:10:06.0106526Z  * [new branch]        handoff-body/r9-main-closures -> origin/handoff-body/r9-main-closures
2026-10-09T13:10:06.0107269Z  * [new branch]        handoff-body/r9-nightly-bdr -> origin/handoff-body/r9-nightly-bdr
2026-10-09T13:10:06.0108424Z  * [new branch]        handoff-body/r9-nightly-bound -> origin/handoff-body/r9-nightly-bound
2026-10-09T13:10:06.0109148Z  * [new branch]        handoff-body/r9-nightly-ha -> origin/handoff-body/r9-nightly-ha
2026-10-09T13:10:06.0109901Z  * [new branch]        handoff-body/r9-nightly-ha-on-pr -> origin/handoff-body/r9-nightly-ha-on-pr
2026-10-09T13:10:06.0110939Z  * [new branch]        handoff-body/r9-prepr-selftest -> origin/handoff-body/r9-prepr-selftest
2026-10-09T13:10:06.0111601Z  * [new branch]        handoff-body/r9-rca-1985 -> origin/handoff-body/r9-rca-1985
2026-10-09T13:10:06.0112042Z  * [new branch]        handoff-body/r9-rca-1990 -> origin/handoff-body/r9-rca-1990
2026-10-09T13:10:06.0112467Z  * [new branch]        handoff-body/r9-rca-2004 -> origin/handoff-body/r9-rca-2004
2026-10-09T13:10:06.0112887Z  * [new branch]        handoff-body/r9-rca-2028 -> origin/handoff-body/r9-rca-2028
2026-10-09T13:10:06.0113364Z  * [new branch]        handoff-body/r9-rca-bugclasses -> origin/handoff-body/r9-rca-bugclasses
2026-10-09T13:10:06.0113867Z  * [new branch]        handoff-body/r9-rca-prepr-tmp -> origin/handoff-body/r9-rca-prepr-tmp
2026-10-09T13:10:06.0114400Z  * [new branch]        handoff-body/r9-rca-stamp-race -> origin/handoff-body/r9-rca-stamp-race
2026-10-09T13:10:06.0114976Z  * [new branch]        handoff-body/r9-rca-stress-recording -> origin/handoff-body/r9-rca-stress-recording
2026-10-09T13:10:06.0115551Z  * [new branch]        handoff-body/r9-record-automerge -> origin/handoff-body/r9-record-automerge
2026-10-09T13:10:06.0116055Z  * [new branch]        handoff-body/r9-record-path -> origin/handoff-body/r9-record-path
2026-10-09T13:10:06.0116540Z  * [new branch]        handoff-body/r9-review-timing -> origin/handoff-body/r9-review-timing
2026-10-09T13:10:06.0116993Z  * [new branch]        handoff-body/r9-ro-10   -> origin/handoff-body/r9-ro-10
2026-10-09T13:10:06.0117403Z  * [new branch]        handoff-body/r9-ro-11   -> origin/handoff-body/r9-ro-11
2026-10-09T13:10:06.0117818Z  * [new branch]        handoff-body/r9-ro-12   -> origin/handoff-body/r9-ro-12
2026-10-09T13:10:06.0118229Z  * [new branch]        handoff-body/r9-ro-8    -> origin/handoff-body/r9-ro-8
2026-10-09T13:10:06.0118636Z  * [new branch]        handoff-body/r9-ro-9a   -> origin/handoff-body/r9-ro-9a
2026-10-09T13:10:06.0119213Z  * [new branch]        handoff-body/r9-sw-5    -> origin/handoff-body/r9-sw-5
2026-10-09T13:10:06.0119669Z  * [new branch]        handoff-body/r9-sw-actuation -> origin/handoff-body/r9-sw-actuation
2026-10-09T13:10:06.0120132Z  * [new branch]        handoff-body/r9-sw6     -> origin/handoff-body/r9-sw6
2026-10-09T13:10:06.0120799Z  * [new branch]        handoff-body/r9-ux-10   -> origin/handoff-body/r9-ux-10
2026-10-09T13:10:06.0121207Z  * [new branch]        handoff-body/r9-ux-6    -> origin/handoff-body/r9-ux-6
2026-10-09T13:10:06.0121614Z  * [new branch]        handoff-body/r9-ux-7    -> origin/handoff-body/r9-ux-7
2026-10-09T13:10:06.0122045Z  * [new branch]        handoff-body/r9-ux-actions -> origin/handoff-body/r9-ux-actions
2026-10-09T13:10:06.0122487Z  * [new branch]        handoff-body/r9-ux9     -> origin/handoff-body/r9-ux9
2026-10-09T13:10:06.0122912Z  * [new branch]        handoff/arch-sound-fixes -> origin/handoff/arch-sound-fixes
2026-10-09T13:10:06.0123338Z  * [new branch]        handoff/audit-r9-alt    -> origin/handoff/audit-r9-alt
2026-10-09T13:10:06.0123771Z  * [new branch]        handoff/audit-r9-evidence -> origin/handoff/audit-r9-evidence
2026-10-09T13:10:06.0124217Z  * [new branch]        handoff/audit-r9-find-B1 -> origin/handoff/audit-r9-find-B1
2026-10-09T13:10:06.0124669Z  * [new branch]        handoff/audit-r9-find-B10 -> origin/handoff/audit-r9-find-B10
2026-10-09T13:10:06.0125140Z  * [new branch]        handoff/audit-r9-find-B2 -> origin/handoff/audit-r9-find-B2
2026-10-09T13:10:06.0125581Z  * [new branch]        handoff/audit-r9-find-B3 -> origin/handoff/audit-r9-find-B3
2026-10-09T13:10:06.0126013Z  * [new branch]        handoff/audit-r9-find-B4 -> origin/handoff/audit-r9-find-B4
2026-10-09T13:10:06.0126567Z  * [new branch]        handoff/audit-r9-find-B5 -> origin/handoff/audit-r9-find-B5
2026-10-09T13:10:06.0127015Z  * [new branch]        handoff/audit-r9-find-B6 -> origin/handoff/audit-r9-find-B6
2026-10-09T13:10:06.0127446Z  * [new branch]        handoff/audit-r9-find-B7 -> origin/handoff/audit-r9-find-B7
2026-10-09T13:10:06.0127882Z  * [new branch]        handoff/audit-r9-find-B8 -> origin/handoff/audit-r9-find-B8
2026-10-09T13:10:06.0128325Z  * [new branch]        handoff/audit-r9-find-B9 -> origin/handoff/audit-r9-find-B9
2026-10-09T13:10:06.0128760Z  * [new branch]        handoff/audit-r9-fixplan -> origin/handoff/audit-r9-fixplan
2026-10-09T13:10:06.0129193Z  * [new branch]        handoff/audit-r9-issues -> origin/handoff/audit-r9-issues
2026-10-09T13:10:06.0129623Z  * [new branch]        handoff/audit-r9-judge  -> origin/handoff/audit-r9-judge
2026-10-09T13:10:06.0130042Z  * [new branch]        handoff/audit-r9-leads  -> origin/handoff/audit-r9-leads
2026-10-09T13:10:06.0130621Z  * [new branch]        handoff/audit-r9-leads-l2 -> origin/handoff/audit-r9-leads-l2
2026-10-09T13:10:06.0131073Z  * [new branch]        handoff/audit-r9-leads-l3 -> origin/handoff/audit-r9-leads-l3
2026-10-09T13:10:06.0131516Z  * [new branch]        handoff/audit-r9-leads-l4 -> origin/handoff/audit-r9-leads-l4
2026-10-09T13:10:06.0132046Z  * [new branch]        handoff/audit-r9-leads-lc -> origin/handoff/audit-r9-leads-lc
2026-10-09T13:10:06.0132487Z  * [new branch]        handoff/audit-r9-plan   -> origin/handoff/audit-r9-plan
2026-10-09T13:10:06.0132921Z  * [new branch]        handoff/audit-r9-register -> origin/handoff/audit-r9-register
2026-10-09T13:10:06.0133361Z  * [new branch]        handoff/audit-r9-runner-1 -> origin/handoff/audit-r9-runner-1
2026-10-09T13:10:06.0133802Z  * [new branch]        handoff/audit-r9-sweep-s1 -> origin/handoff/audit-r9-sweep-s1
2026-10-09T13:10:06.0134463Z  * [new branch]        handoff/audit-r9-sweep-s2 -> origin/handoff/audit-r9-sweep-s2
2026-10-09T13:10:06.0135046Z  * [new branch]        handoff/audit-r9-sweep-s3 -> origin/handoff/audit-r9-sweep-s3
2026-10-09T13:10:06.0135493Z  * [new branch]        handoff/audit-r9-sweep-s4 -> origin/handoff/audit-r9-sweep-s4
2026-10-09T13:10:06.0135938Z  * [new branch]        handoff/audit-r9-sweep-s5 -> origin/handoff/audit-r9-sweep-s5
2026-10-09T13:10:06.0136521Z  * [new branch]        handoff/audit-r9-sweep-s6 -> origin/handoff/audit-r9-sweep-s6
2026-10-09T13:10:06.0137230Z  * [new branch]        handoff/audit-r9-sweep-s7 -> origin/handoff/audit-r9-sweep-s7
2026-10-09T13:10:06.0137907Z  * [new branch]        handoff/audit-r9-verify-g1-v1 -> origin/handoff/audit-r9-verify-g1-v1
2026-10-09T13:10:06.0138467Z  * [new branch]        handoff/audit-r9-verify-g1-v2 -> origin/handoff/audit-r9-verify-g1-v2
2026-10-09T13:10:06.0139102Z  * [new branch]        handoff/audit-r9-verify-g1-v3 -> origin/handoff/audit-r9-verify-g1-v3
2026-10-09T13:10:06.0139587Z  * [new branch]        handoff/audit-r9-verify-g2-v1 -> origin/handoff/audit-r9-verify-g2-v1
2026-10-09T13:10:06.0140110Z  * [new branch]        handoff/audit-r9-verify-g2-v2 -> origin/handoff/audit-r9-verify-g2-v2
2026-10-09T13:10:06.0140733Z  * [new branch]        handoff/audit-r9-verify-g2-v3 -> origin/handoff/audit-r9-verify-g2-v3
2026-10-09T13:10:06.0141217Z  * [new branch]        handoff/audit-r9-verify-g3-v1 -> origin/handoff/audit-r9-verify-g3-v1
2026-10-09T13:10:06.0141695Z  * [new branch]        handoff/audit-r9-verify-g3-v2 -> origin/handoff/audit-r9-verify-g3-v2
2026-10-09T13:10:06.0142358Z  * [new branch]        handoff/audit-r9-verify-g3-v3 -> origin/handoff/audit-r9-verify-g3-v3
2026-10-09T13:10:06.0142835Z  * [new branch]        handoff/audit-r9-verify-g4-v1 -> origin/handoff/audit-r9-verify-g4-v1
2026-10-09T13:10:06.0143480Z  * [new branch]        handoff/audit-r9-verify-g4-v2 -> origin/handoff/audit-r9-verify-g4-v2
2026-10-09T13:10:06.0143967Z  * [new branch]        handoff/audit-r9-verify-g4-v3 -> origin/handoff/audit-r9-verify-g4-v3
2026-10-09T13:10:06.0144564Z  * [new branch]        handoff/cop-duty-floor  -> origin/handoff/cop-duty-floor
2026-10-09T13:10:06.0144984Z  * [new branch]        handoff/early-cutoff    -> origin/handoff/early-cutoff
2026-10-09T13:10:06.0145385Z  * [new branch]        handoff/live-diag       -> origin/handoff/live-diag
2026-10-09T13:10:06.0145901Z  * [new branch]        handoff/live-power-clamp-foundation -> origin/handoff/live-power-clamp-foundation
2026-10-09T13:10:06.0146374Z  * [new branch]        handoff/r9-ci-1         -> origin/handoff/r9-ci-1
2026-10-09T13:10:06.0146873Z  * [new branch]        handoff/r9-ci-1-autofix-skip -> origin/handoff/r9-ci-1-autofix-skip
2026-10-09T13:10:06.0147397Z  * [new branch]        handoff/r9-ci-2a        -> origin/handoff/r9-ci-2a
2026-10-09T13:10:06.0147997Z  * [new branch]        handoff/r9-ci-2b        -> origin/handoff/r9-ci-2b
2026-10-09T13:10:06.0148435Z  * [new branch]        handoff/r9-ci-2b-carry  -> origin/handoff/r9-ci-2b-carry
2026-10-09T13:10:06.0148879Z  * [new branch]        handoff/r9-closures-eg-b7 -> origin/handoff/r9-closures-eg-b7
2026-10-09T13:10:06.0149329Z  * [new branch]        handoff/r9-cop-duty-floor -> origin/handoff/r9-cop-duty-floor
2026-10-09T13:10:06.0149735Z  * [new branch]        handoff/r9-dbg-0        -> origin/handoff/r9-dbg-0
2026-10-09T13:10:06.0150117Z  * [new branch]        handoff/r9-dbg-1        -> origin/handoff/r9-dbg-1
2026-10-09T13:10:06.0150640Z  * [new branch]        handoff/r9-dbg-2        -> origin/handoff/r9-dbg-2
2026-10-09T13:10:06.0151035Z  * [new branch]        handoff/r9-dbg-3        -> origin/handoff/r9-dbg-3
2026-10-09T13:10:06.0151424Z  * [new branch]        handoff/r9-diag-1       -> origin/handoff/r9-diag-1
2026-10-09T13:10:06.0151818Z  * [new branch]        handoff/r9-diag-2s      -> origin/handoff/r9-diag-2s
2026-10-09T13:10:06.0152206Z  * [new branch]        handoff/r9-eg-a4        -> origin/handoff/r9-eg-a4
2026-10-09T13:10:06.0152613Z  * [new branch]        handoff/r9-eg-archscore -> origin/handoff/r9-eg-archscore
2026-10-09T13:10:06.0153020Z  * [new branch]        handoff/r9-eg-b0        -> origin/handoff/r9-eg-b0
2026-10-09T13:10:06.0153426Z  * [new branch]        handoff/r9-eg-b7-harness -> origin/handoff/r9-eg-b7-harness
2026-10-09T13:10:06.0153947Z  * [new branch]        handoff/r9-eg-collaborator-interfaces -> origin/handoff/r9-eg-collaborator-interfaces
2026-10-09T13:10:06.0154666Z  * [new branch]        handoff/r9-eg-coordinator-seams -> origin/handoff/r9-eg-coordinator-seams
2026-10-09T13:10:06.0155332Z  * [new branch]        handoff/r9-eg-dhw-closure-dedupe-v2 -> origin/handoff/r9-eg-dhw-closure-dedupe-v2
2026-10-09T13:10:06.0155845Z  * [new branch]        handoff/r9-eg-dhw-planner -> origin/handoff/r9-eg-dhw-planner
2026-10-09T13:10:06.0156294Z  * [new branch]        handoff/r9-eg-entry-config -> origin/handoff/r9-eg-entry-config
2026-10-09T13:10:06.0156729Z  * [new branch]        handoff/r9-eg-one-copy  -> origin/handoff/r9-eg-one-copy
2026-10-09T13:10:06.0157168Z  * [new branch]        handoff/r9-eg-param-objects -> origin/handoff/r9-eg-param-objects
2026-10-09T13:10:06.0157664Z  * [new branch]        handoff/r9-eg-register-fold -> origin/handoff/r9-eg-register-fold
2026-10-09T13:10:06.0158122Z  * [new branch]        handoff/r9-eg-solve-inputs -> origin/handoff/r9-eg-solve-inputs
2026-10-09T13:10:06.0158571Z  * [new branch]        handoff/r9-eg-store-version -> origin/handoff/r9-eg-store-version
2026-10-09T13:10:06.0159076Z  * [new branch]        handoff/r9-eg-surface-identity -> origin/handoff/r9-eg-surface-identity
2026-10-09T13:10:06.0159555Z  * [new branch]        handoff/r9-eg-typed-payload -> origin/handoff/r9-eg-typed-payload
2026-10-09T13:10:06.0160030Z  * [new branch]        handoff/r9-eg-typed-payload-b -> origin/handoff/r9-eg-typed-payload-b
2026-10-09T13:10:06.0160698Z  * [new branch]        handoff/r9-f1-coordinator-10 -> origin/handoff/r9-f1-coordinator-10
2026-10-09T13:10:06.0161162Z  * [new branch]        handoff/r9-f1-coordinator-2 -> origin/handoff/r9-f1-coordinator-2
2026-10-09T13:10:06.0161615Z  * [new branch]        handoff/r9-f1-coordinator-3 -> origin/handoff/r9-f1-coordinator-3
2026-10-09T13:10:06.0162191Z  * [new branch]        handoff/r9-f1-coordinator-4 -> origin/handoff/r9-f1-coordinator-4
2026-10-09T13:10:06.0162637Z  * [new branch]        handoff/r9-f1-coordinator-5 -> origin/handoff/r9-f1-coordinator-5
2026-10-09T13:10:06.0163082Z  * [new branch]        handoff/r9-f1-coordinator-7 -> origin/handoff/r9-f1-coordinator-7
2026-10-09T13:10:06.0163582Z  * [new branch]        handoff/r9-f1-coordinator-7-review -> origin/handoff/r9-f1-coordinator-7-review
2026-10-09T13:10:06.0164041Z  * [new branch]        handoff/r9-f10-12       -> origin/handoff/r9-f10-12
2026-10-09T13:10:06.0164456Z  * [new branch]        handoff/r9-f10-13       -> origin/handoff/r9-f10-13
2026-10-09T13:10:06.0164835Z  * [new branch]        handoff/r9-f10-14       -> origin/handoff/r9-f10-14
2026-10-09T13:10:06.0165215Z  * [new branch]        handoff/r9-f10-15       -> origin/handoff/r9-f10-15
2026-10-09T13:10:06.0165600Z  * [new branch]        handoff/r9-f10-16       -> origin/handoff/r9-f10-16
2026-10-09T13:10:06.0166035Z  * [new branch]        handoff/r9-f10-ci-efficiency -> origin/handoff/r9-f10-ci-efficiency
2026-10-09T13:10:06.0166551Z  * [new branch]        handoff/r9-f10-claims-baseline-rca -> origin/handoff/r9-f10-claims-baseline-rca
2026-10-09T13:10:06.0167087Z  * [new branch]        handoff/r9-f10-closure-runalways -> origin/handoff/r9-f10-closure-runalways
2026-10-09T13:10:06.0167588Z  * [new branch]        handoff/r9-f10-gate-infra-1 -> origin/handoff/r9-f10-gate-infra-1
2026-10-09T13:10:06.0168056Z  * [new branch]        handoff/r9-f10-gate-infra-1d -> origin/handoff/r9-f10-gate-infra-1d
2026-10-09T13:10:06.0168520Z  * [new branch]        handoff/r9-f10-gate-infra-4 -> origin/handoff/r9-f10-gate-infra-4
2026-10-09T13:10:06.0168969Z  * [new branch]        handoff/r9-f10-gate-infra-5 -> origin/handoff/r9-f10-gate-infra-5
2026-10-09T13:10:06.0169409Z  * [new branch]        handoff/r9-f10-gate-infra-6 -> origin/handoff/r9-f10-gate-infra-6
2026-10-09T13:10:06.0169885Z  * [new branch]        handoff/r9-f10-harness-timeout -> origin/handoff/r9-f10-harness-timeout
2026-10-09T13:10:06.0170547Z  * [new branch]        handoff/r9-f10-loop-heartbeat -> origin/handoff/r9-f10-loop-heartbeat
2026-10-09T13:10:06.0171074Z  * [new branch]        handoff/r9-f10-merge-queue -> origin/handoff/r9-f10-merge-queue
2026-10-09T13:10:06.0171644Z  * [new branch]        handoff/r9-f11-governance-1 -> origin/handoff/r9-f11-governance-1
2026-10-09T13:10:06.0172102Z  * [new branch]        handoff/r9-f11-governance-3 -> origin/handoff/r9-f11-governance-3
2026-10-09T13:10:06.0172551Z  * [new branch]        handoff/r9-f11-governance-4 -> origin/handoff/r9-f11-governance-4
2026-10-09T13:10:06.0173046Z  * [new branch]        handoff/r9-f11-governance-4-review -> origin/handoff/r9-f11-governance-4-review
2026-10-09T13:10:06.0173530Z  * [new branch]        handoff/r9-f11-governance-5 -> origin/handoff/r9-f11-governance-5
2026-10-09T13:10:06.0173967Z  * [new branch]        handoff/r9-f11-governance-6 -> origin/handoff/r9-f11-governance-6
2026-10-09T13:10:06.0174422Z  * [new branch]        handoff/r9-f11-governance-7 -> origin/handoff/r9-f11-governance-7
2026-10-09T13:10:06.0174852Z  * [new branch]        handoff/r9-f2-solver-1  -> origin/handoff/r9-f2-solver-1
2026-10-09T13:10:06.0175263Z  * [new branch]        handoff/r9-f2-solver-3  -> origin/handoff/r9-f2-solver-3
2026-10-09T13:10:06.0175672Z  * [new branch]        handoff/r9-f2-solver-4  -> origin/handoff/r9-f2-solver-4
2026-10-09T13:10:06.0176068Z  * [new branch]        handoff/r9-f2-solver-5  -> origin/handoff/r9-f2-solver-5
2026-10-09T13:10:06.0176462Z  * [new branch]        handoff/r9-f3-stores-1  -> origin/handoff/r9-f3-stores-1
2026-10-09T13:10:06.0176862Z  * [new branch]        handoff/r9-f3-stores-3  -> origin/handoff/r9-f3-stores-3
2026-10-09T13:10:06.0177298Z  * [new branch]        handoff/r9-f4-inputs-sysid-1 -> origin/handoff/r9-f4-inputs-sysid-1
2026-10-09T13:10:06.0177765Z  * [new branch]        handoff/r9-f4-inputs-sysid-2 -> origin/handoff/r9-f4-inputs-sysid-2
2026-10-09T13:10:06.0178369Z  * [new branch]        handoff/r9-f5-config-text-1 -> origin/handoff/r9-f5-config-text-1
2026-10-09T13:10:06.0178812Z  * [new branch]        handoff/r9-f6-card-1    -> origin/handoff/r9-f6-card-1
2026-10-09T13:10:06.0179212Z  * [new branch]        handoff/r9-f6-card-2    -> origin/handoff/r9-f6-card-2
2026-10-09T13:10:06.0179601Z  * [new branch]        handoff/r9-f6-card-4    -> origin/handoff/r9-f6-card-4
2026-10-09T13:10:06.0180011Z  * [new branch]        handoff/r9-f7-entities-1 -> origin/handoff/r9-f7-entities-1
2026-10-09T13:10:06.0180618Z  * [new branch]        handoff/r9-f7-entities-2 -> origin/handoff/r9-f7-entities-2
2026-10-09T13:10:06.0181066Z  * [new branch]        handoff/r9-f7-family-splits -> origin/handoff/r9-f7-family-splits
2026-10-09T13:10:06.0181531Z  * [new branch]        handoff/r9-f8-docs-1    -> origin/handoff/r9-f8-docs-1
2026-10-09T13:10:06.0181922Z  * [new branch]        handoff/r9-f8-docs-2    -> origin/handoff/r9-f8-docs-2
2026-10-09T13:10:06.0182319Z  * [new branch]        handoff/r9-f8-docs-3    -> origin/handoff/r9-f8-docs-3
2026-10-09T13:10:06.0182733Z  * [new branch]        handoff/r9-f9-test-pins-2 -> origin/handoff/r9-f9-test-pins-2
2026-10-09T13:10:06.0183165Z  * [new branch]        handoff/r9-f9-test-pins-3 -> origin/handoff/r9-f9-test-pins-3
2026-10-09T13:10:06.0183587Z  * [new branch]        handoff/r9-fixer-cap    -> origin/handoff/r9-fixer-cap
2026-10-09T13:10:06.0183976Z  * [new branch]        handoff/r9-fr-10        -> origin/handoff/r9-fr-10
2026-10-09T13:10:06.0184390Z  * [new branch]        handoff/r9-friction-study -> origin/handoff/r9-friction-study
2026-10-09T13:10:06.0184798Z  * [new branch]        handoff/r9-gittmp       -> origin/handoff/r9-gittmp
2026-10-09T13:10:06.0185302Z  * [new branch]        handoff/r9-live-power-clamp-foundation -> origin/handoff/r9-live-power-clamp-foundation
2026-10-09T13:10:06.0185813Z  * [new branch]        handoff/r9-main-closures -> origin/handoff/r9-main-closures
2026-10-09T13:10:06.0186242Z  * [new branch]        handoff/r9-nightly-bdr  -> origin/handoff/r9-nightly-bdr
2026-10-09T13:10:06.0186669Z  * [new branch]        handoff/r9-nightly-bound -> origin/handoff/r9-nightly-bound
2026-10-09T13:10:06.0187097Z  * [new branch]        handoff/r9-nightly-ha   -> origin/handoff/r9-nightly-ha
2026-10-09T13:10:06.0187655Z  * [new branch]        handoff/r9-nightly-ha-measure -> origin/handoff/r9-nightly-ha-measure
2026-10-09T13:10:06.0188142Z  * [new branch]        handoff/r9-nightly-ha-on-pr -> origin/handoff/r9-nightly-ha-on-pr
2026-10-09T13:10:06.0188640Z  * [new branch]        handoff/r9-nightly-status-k5uati -> origin/handoff/r9-nightly-status-k5uati
2026-10-09T13:10:06.0189120Z  * [new branch]        handoff/r9-prepr-selftest -> origin/handoff/r9-prepr-selftest
2026-10-09T13:10:06.0189532Z  * [new branch]        handoff/r9-proc-1       -> origin/handoff/r9-proc-1
2026-10-09T13:10:06.0189910Z  * [new branch]        handoff/r9-proc-3       -> origin/handoff/r9-proc-3
2026-10-09T13:10:06.0190390Z  * [new branch]        handoff/r9-proc-4       -> origin/handoff/r9-proc-4
2026-10-09T13:10:06.0190763Z  * [new branch]        handoff/r9-proc-5       -> origin/handoff/r9-proc-5
2026-10-09T13:10:06.0191187Z  * [new branch]        handoff/r9-rc-prcontract-fix -> origin/handoff/r9-rc-prcontract-fix
2026-10-09T13:10:06.0191627Z  * [new branch]        handoff/r9-rca-1985     -> origin/handoff/r9-rca-1985
2026-10-09T13:10:06.0192017Z  * [new branch]        handoff/r9-rca-1990     -> origin/handoff/r9-rca-1990
2026-10-09T13:10:06.0192411Z  * [new branch]        handoff/r9-rca-2004     -> origin/handoff/r9-rca-2004
2026-10-09T13:10:06.0192798Z  * [new branch]        handoff/r9-rca-2028     -> origin/handoff/r9-rca-2028
2026-10-09T13:10:06.0193418Z  * [new branch]        handoff/r9-rca-avoidable-interpreter-bound-recomputation -> origin/handoff/r9-rca-avoidable-interpreter-bound-recomputation
2026-10-09T13:10:06.0194049Z  * [new branch]        handoff/r9-rca-bugclasses -> origin/handoff/r9-rca-bugclasses
2026-10-09T13:10:06.0194617Z  * [new branch]        handoff/r9-rca-cpu-gate-blind -> origin/handoff/r9-rca-cpu-gate-blind
2026-10-09T13:10:06.0195048Z  * [new branch]        handoff/r9-rca-i1       -> origin/handoff/r9-rca-i1
2026-10-09T13:10:06.0195421Z  * [new branch]        handoff/r9-rca-i3       -> origin/handoff/r9-rca-i3
2026-10-09T13:10:06.0195799Z  * [new branch]        handoff/r9-rca-i4       -> origin/handoff/r9-rca-i4
2026-10-09T13:10:06.0196167Z  * [new branch]        handoff/r9-rca-i5       -> origin/handoff/r9-rca-i5
2026-10-09T13:10:06.0196570Z  * [new branch]        handoff/r9-rca-p1       -> origin/handoff/r9-rca-p1
2026-10-09T13:10:06.0196967Z  * [new branch]        handoff/r9-rca-p11      -> origin/handoff/r9-rca-p11
2026-10-09T13:10:06.0197350Z  * [new branch]        handoff/r9-rca-p2       -> origin/handoff/r9-rca-p2
2026-10-09T13:10:06.0197722Z  * [new branch]        handoff/r9-rca-p3       -> origin/handoff/r9-rca-p3
2026-10-09T13:10:06.0198090Z  * [new branch]        handoff/r9-rca-p5       -> origin/handoff/r9-rca-p5
2026-10-09T13:10:06.0198466Z  * [new branch]        handoff/r9-rca-p6       -> origin/handoff/r9-rca-p6
2026-10-09T13:10:06.0198833Z  * [new branch]        handoff/r9-rca-p9       -> origin/handoff/r9-rca-p9
2026-10-09T13:10:06.0199491Z  * [new branch]        handoff/r9-rca-persisted-future-instant-trusted-without-bound -> origin/handoff/r9-rca-persisted-future-instant-trusted-without-bound
2026-10-09T13:10:06.0200161Z  * [new branch]        handoff/r9-rca-prepr-tmp -> origin/handoff/r9-rca-prepr-tmp
2026-10-09T13:10:06.0200693Z  * [new branch]        handoff/r9-rca-stamp-race -> origin/handoff/r9-rca-stamp-race
2026-10-09T13:10:06.0201169Z  * [new branch]        handoff/r9-rca-stress-recording -> origin/handoff/r9-rca-stress-recording
2026-10-09T13:10:06.0201651Z  * [new branch]        handoff/r9-record-automerge -> origin/handoff/r9-record-automerge
2026-10-09T13:10:06.0202094Z  * [new branch]        handoff/r9-record-path  -> origin/handoff/r9-record-path
2026-10-09T13:10:06.0202526Z  * [new branch]        handoff/r9-review-timing -> origin/handoff/r9-review-timing
2026-10-09T13:10:06.0202927Z  * [new branch]        handoff/r9-ro-1         -> origin/handoff/r9-ro-1
2026-10-09T13:10:06.0203303Z  * [new branch]        handoff/r9-ro-10        -> origin/handoff/r9-ro-10
2026-10-09T13:10:06.0203801Z  * [new branch]        handoff/r9-ro-11        -> origin/handoff/r9-ro-11
2026-10-09T13:10:06.0204175Z  * [new branch]        handoff/r9-ro-12        -> origin/handoff/r9-ro-12
2026-10-09T13:10:06.0204547Z  * [new branch]        handoff/r9-ro-2         -> origin/handoff/r9-ro-2
2026-10-09T13:10:06.0204920Z  * [new branch]        handoff/r9-ro-3         -> origin/handoff/r9-ro-3
2026-10-09T13:10:06.0205278Z  * [new branch]        handoff/r9-ro-4         -> origin/handoff/r9-ro-4
2026-10-09T13:10:06.0205635Z  * [new branch]        handoff/r9-ro-5         -> origin/handoff/r9-ro-5
2026-10-09T13:10:06.0205985Z  * [new branch]        handoff/r9-ro-6         -> origin/handoff/r9-ro-6
2026-10-09T13:10:06.0206352Z  * [new branch]        handoff/r9-ro-7         -> origin/handoff/r9-ro-7
2026-10-09T13:10:06.0206715Z  * [new branch]        handoff/r9-ro-8         -> origin/handoff/r9-ro-8
2026-10-09T13:10:06.0207077Z  * [new branch]        handoff/r9-ro-9a        -> origin/handoff/r9-ro-9a
2026-10-09T13:10:06.0207444Z  * [new branch]        handoff/r9-sw-5         -> origin/handoff/r9-sw-5
2026-10-09T13:10:06.0207829Z  * [new branch]        handoff/r9-sw-actuation -> origin/handoff/r9-sw-actuation
2026-10-09T13:10:06.0208225Z  * [new branch]        handoff/r9-sw-card      -> origin/handoff/r9-sw-card
2026-10-09T13:10:06.0208605Z  * [new branch]        handoff/r9-sw-gchv      -> origin/handoff/r9-sw-gchv
2026-10-09T13:10:06.0208987Z  * [new branch]        handoff/r9-sw-model     -> origin/handoff/r9-sw-model
2026-10-09T13:10:06.0209383Z  * [new branch]        handoff/r9-sw6          -> origin/handoff/r9-sw6
2026-10-09T13:10:06.0209754Z  * [new branch]        handoff/r9-ux-10        -> origin/handoff/r9-ux-10
2026-10-09T13:10:06.0210248Z  * [new branch]        handoff/r9-ux-6         -> origin/handoff/r9-ux-6
2026-10-09T13:10:06.0210841Z  * [new branch]        handoff/r9-ux-7         -> origin/handoff/r9-ux-7
2026-10-09T13:10:06.0211228Z  * [new branch]        handoff/r9-ux-actions   -> origin/handoff/r9-ux-actions
2026-10-09T13:10:06.0211630Z  * [new branch]        handoff/r9-ux-events    -> origin/handoff/r9-ux-events
2026-10-09T13:10:06.0212026Z  * [new branch]        handoff/r9-ux-health    -> origin/handoff/r9-ux-health
2026-10-09T13:10:06.0212446Z  * [new branch]        handoff/r9-ux-insight-text -> origin/handoff/r9-ux-insight-text
2026-10-09T13:10:06.0212855Z  * [new branch]        handoff/r9-ux9          -> origin/handoff/r9-ux9
2026-10-09T13:10:06.0213254Z  * [new branch]        handoff/r9-ux9-recarry  -> origin/handoff/r9-ux9-recarry
2026-10-09T13:10:06.0213641Z  * [new branch]        handoff/r9-web-3        -> origin/handoff/r9-web-3
2026-10-09T13:10:06.0214007Z  * [new branch]        handoff/r9-web-4        -> origin/handoff/r9-web-4
2026-10-09T13:10:06.0214378Z  * [new branch]        handoff/r9-web-5        -> origin/handoff/r9-web-5
2026-10-09T13:10:06.0214752Z  * [new branch]        handoff/r9-web-page     -> origin/handoff/r9-web-page
2026-10-09T13:10:06.0215128Z  * [new branch]        handoff/rca-1747        -> origin/handoff/rca-1747
2026-10-09T13:10:06.0215527Z  * [new branch]        handoff/repo-reorg-plan -> origin/handoff/repo-reorg-plan
2026-10-09T13:10:06.0215975Z  * [new branch]        handoff/silent-windows-plan -> origin/handoff/silent-windows-plan
2026-10-09T13:10:06.0216382Z  * [new branch]        main                    -> origin/main
2026-10-09T13:10:06.0216744Z  * [new branch]        proof/r9-ci-1-pr2010    -> origin/proof/r9-ci-1-pr2010
2026-10-09T13:10:06.0217134Z  * [new branch]        proof/r9-ci-1-pr2025    -> origin/proof/r9-ci-1-pr2025
2026-10-09T13:10:06.0217516Z  * [new branch]        proof/r9-ci-1-sw1       -> origin/proof/r9-ci-1-sw1
2026-10-09T13:10:06.0217887Z  * [new branch]        review/1987             -> origin/review/1987
2026-10-09T13:10:06.0218238Z  * [new branch]        review/1997             -> origin/review/1997
2026-10-09T13:10:06.0218586Z  * [new branch]        review/2002             -> origin/review/2002
2026-10-09T13:10:06.0219108Z  * [new branch]        review/2006             -> origin/review/2006
2026-10-09T13:10:06.0219458Z  * [new branch]        review/2007             -> origin/review/2007
2026-10-09T13:10:06.0219798Z  * [new branch]        review/2010             -> origin/review/2010
2026-10-09T13:10:06.0220139Z  * [new branch]        review/2011             -> origin/review/2011
2026-10-09T13:10:06.0220652Z  * [new branch]        review/2012             -> origin/review/2012
2026-10-09T13:10:06.0220994Z  * [new branch]        review/2013             -> origin/review/2013
2026-10-09T13:10:06.0221330Z  * [new branch]        review/2014             -> origin/review/2014
2026-10-09T13:10:06.0221665Z  * [new branch]        review/2015             -> origin/review/2015
2026-10-09T13:10:06.0222015Z  * [new branch]        review/2017             -> origin/review/2017
2026-10-09T13:10:06.0222362Z  * [new branch]        review/2018             -> origin/review/2018
2026-10-09T13:10:06.0222696Z  * [new branch]        review/2021             -> origin/review/2021
2026-10-09T13:10:06.0223032Z  * [new branch]        review/2022             -> origin/review/2022
2026-10-09T13:10:06.0223368Z  * [new branch]        review/2024             -> origin/review/2024
2026-10-09T13:10:06.0223700Z  * [new branch]        review/2025             -> origin/review/2025
2026-10-09T13:10:06.0224031Z  * [new branch]        review/2026             -> origin/review/2026
2026-10-09T13:10:06.0224366Z  * [new branch]        review/2027             -> origin/review/2027
2026-10-09T13:10:06.0224697Z  * [new branch]        review/2029             -> origin/review/2029
2026-10-09T13:10:06.0225046Z  * [new branch]        review/2030             -> origin/review/2030
2026-10-09T13:10:06.0225501Z  * [new branch]        review/2040             -> origin/review/2040
2026-10-09T13:10:06.0225837Z  * [new branch]        review/2041             -> origin/review/2041
2026-10-09T13:10:06.0226172Z  * [new branch]        review/2042             -> origin/review/2042
2026-10-09T13:10:06.0226513Z  * [new branch]        review/2044             -> origin/review/2044
2026-10-09T13:10:06.0226853Z  * [new branch]        review/2049             -> origin/review/2049
2026-10-09T13:10:06.0227188Z  * [new branch]        review/2051             -> origin/review/2051
2026-10-09T13:10:06.0227521Z  * [new branch]        review/2053             -> origin/review/2053
2026-10-09T13:10:06.0227860Z  * [new branch]        review/2054             -> origin/review/2054
2026-10-09T13:10:06.0228195Z  * [new branch]        review/2055             -> origin/review/2055
2026-10-09T13:10:06.0228526Z  * [new branch]        review/2056             -> origin/review/2056
2026-10-09T13:10:06.0228863Z  * [new branch]        review/2057             -> origin/review/2057
2026-10-09T13:10:06.0229199Z  * [new branch]        review/2058             -> origin/review/2058
2026-10-09T13:10:06.0229534Z  * [new branch]        review/2059             -> origin/review/2059
2026-10-09T13:10:06.0229863Z  * [new branch]        review/2060             -> origin/review/2060
2026-10-09T13:10:06.0230199Z  * [new branch]        review/2061             -> origin/review/2061
2026-10-09T13:10:06.0230626Z  * [new branch]        review/2062             -> origin/review/2062
2026-10-09T13:10:06.0230961Z  * [new branch]        review/2063             -> origin/review/2063
2026-10-09T13:10:06.0231296Z  * [new branch]        review/2064             -> origin/review/2064
2026-10-09T13:10:06.0231631Z  * [new branch]        review/2065             -> origin/review/2065
2026-10-09T13:10:06.0231968Z  * [new branch]        review/2066             -> origin/review/2066
2026-10-09T13:10:06.0232298Z  * [new branch]        review/2067             -> origin/review/2067
2026-10-09T13:10:06.0232640Z  * [new branch]        review/2068             -> origin/review/2068
2026-10-09T13:10:06.0232971Z  * [new branch]        review/2069             -> origin/review/2069
2026-10-09T13:10:06.0233307Z  * [new branch]        review/2070             -> origin/review/2070
2026-10-09T13:10:06.0233763Z  * [new branch]        review/2071             -> origin/review/2071
2026-10-09T13:10:06.0234095Z  * [new branch]        review/2072             -> origin/review/2072
2026-10-09T13:10:06.0234436Z  * [new branch]        review/2073             -> origin/review/2073
2026-10-09T13:10:06.0234781Z  * [new branch]        verdict/1987            -> origin/verdict/1987
2026-10-09T13:10:06.0235131Z  * [new branch]        verdict/1997            -> origin/verdict/1997
2026-10-09T13:10:06.0235476Z  * [new branch]        verdict/2002            -> origin/verdict/2002
2026-10-09T13:10:06.0235818Z  * [new branch]        verdict/2006            -> origin/verdict/2006
2026-10-09T13:10:06.0236174Z  * [new branch]        verdict/2007            -> origin/verdict/2007
2026-10-09T13:10:06.0236521Z  * [new branch]        verdict/2010            -> origin/verdict/2010
2026-10-09T13:10:06.0236862Z  * [new branch]        verdict/2011            -> origin/verdict/2011
2026-10-09T13:10:06.0237207Z  * [new branch]        verdict/2012            -> origin/verdict/2012
2026-10-09T13:10:06.0237550Z  * [new branch]        verdict/2013            -> origin/verdict/2013
2026-10-09T13:10:06.0237893Z  * [new branch]        verdict/2014            -> origin/verdict/2014
2026-10-09T13:10:06.0238238Z  * [new branch]        verdict/2015            -> origin/verdict/2015
2026-10-09T13:10:06.0238580Z  * [new branch]        verdict/2017            -> origin/verdict/2017
2026-10-09T13:10:06.0238917Z  * [new branch]        verdict/2018            -> origin/verdict/2018
2026-10-09T13:10:06.0239267Z  * [new branch]        verdict/2021            -> origin/verdict/2021
2026-10-09T13:10:06.0239603Z  * [new branch]        verdict/2022            -> origin/verdict/2022
2026-10-09T13:10:06.0240049Z  * [new branch]        verdict/2024            -> origin/verdict/2024
2026-10-09T13:10:06.0240478Z  * [new branch]        verdict/2025            -> origin/verdict/2025
2026-10-09T13:10:06.0240841Z  * [new branch]        verdict/2026            -> origin/verdict/2026
2026-10-09T13:10:06.0241195Z  * [new branch]        verdict/2027            -> origin/verdict/2027
2026-10-09T13:10:06.0241542Z  * [new branch]        verdict/2029            -> origin/verdict/2029
2026-10-09T13:10:06.0241881Z  * [new branch]        verdict/2030            -> origin/verdict/2030
2026-10-09T13:10:06.0242231Z  * [new branch]        verdict/2040            -> origin/verdict/2040
2026-10-09T13:10:06.0242570Z  * [new branch]        verdict/2041            -> origin/verdict/2041
2026-10-09T13:10:06.0242912Z  * [new branch]        verdict/2042            -> origin/verdict/2042
2026-10-09T13:10:06.0243256Z  * [new branch]        verdict/2044            -> origin/verdict/2044
2026-10-09T13:10:06.0243603Z  * [new branch]        verdict/2049            -> origin/verdict/2049
2026-10-09T13:10:06.0243945Z  * [new branch]        verdict/2051            -> origin/verdict/2051
2026-10-09T13:10:06.0244287Z  * [new branch]        verdict/2053            -> origin/verdict/2053
2026-10-09T13:10:06.0244632Z  * [new branch]        verdict/2054            -> origin/verdict/2054
2026-10-09T13:10:06.0245000Z  * [new branch]        verdict/2055            -> origin/verdict/2055
2026-10-09T13:10:06.0245347Z  * [new branch]        verdict/2056            -> origin/verdict/2056
2026-10-09T13:10:06.0245691Z  * [new branch]        verdict/2057            -> origin/verdict/2057
2026-10-09T13:10:06.0246038Z  * [new branch]        verdict/2058            -> origin/verdict/2058
2026-10-09T13:10:06.0246376Z  * [new branch]        verdict/2059            -> origin/verdict/2059
2026-10-09T13:10:06.0246717Z  * [new branch]        verdict/2060            -> origin/verdict/2060
2026-10-09T13:10:06.0247064Z  * [new branch]        verdict/2061            -> origin/verdict/2061
2026-10-09T13:10:06.0247408Z  * [new branch]        verdict/2062            -> origin/verdict/2062
2026-10-09T13:10:06.0247755Z  * [new branch]        verdict/2063            -> origin/verdict/2063
2026-10-09T13:10:06.0248222Z  * [new branch]        verdict/2064            -> origin/verdict/2064
2026-10-09T13:10:06.0248567Z  * [new branch]        verdict/2065            -> origin/verdict/2065
2026-10-09T13:10:06.0248908Z  * [new branch]        verdict/2066            -> origin/verdict/2066
2026-10-09T13:10:06.0249249Z  * [new branch]        verdict/2067            -> origin/verdict/2067
2026-10-09T13:10:06.0249586Z  * [new branch]        verdict/2068            -> origin/verdict/2068
2026-10-09T13:10:06.0249929Z  * [new branch]        verdict/2069            -> origin/verdict/2069
2026-10-09T13:10:06.0250267Z  * [new branch]        verdict/2070            -> origin/verdict/2070
2026-10-09T13:10:06.0250808Z  * [new branch]        verdict/2071            -> origin/verdict/2071
2026-10-09T13:10:06.0251158Z  * [new branch]        verdict/2072            -> origin/verdict/2072
2026-10-09T13:10:06.0251499Z  * [new branch]        verdict/2073            -> origin/verdict/2073
2026-10-09T13:10:06.0251934Z  * [new branch]        wip-sync/orchestrator-scratch -> origin/wip-sync/orchestrator-scratch
2026-10-09T13:10:06.0252375Z  * [new tag]           audit-round2-evidence   -> audit-round2-evidence
2026-10-09T13:10:06.0252747Z  * [new tag]           v2.3.0-beta.1           -> v2.3.0-beta.1
2026-10-09T13:10:06.0253068Z  * [new tag]           v2.4.0                  -> v2.4.0
2026-10-09T13:10:06.0253370Z  * [new tag]           v2.4.1                  -> v2.4.1
2026-10-09T13:10:06.0253667Z  * [new tag]           v2.5.0                  -> v2.5.0
2026-10-09T13:10:06.0253952Z  * [new tag]           v2.6.0                  -> v2.6.0
2026-10-09T13:10:06.0254235Z  * [new tag]           v2.6.1                  -> v2.6.1
2026-10-09T13:10:06.0254519Z  * [new tag]           v2.7.0                  -> v2.7.0
2026-10-09T13:10:06.0254923Z  * [new tag]           v2.8.0                  -> v2.8.0
2026-10-09T13:10:06.0255203Z  * [new tag]           v3.0.0                  -> v3.0.0
2026-10-09T13:10:06.0255493Z  * [new tag]           v3.1.0                  -> v3.1.0
2026-10-09T13:10:06.0255783Z  * [new tag]           v3.1.1                  -> v3.1.1
2026-10-09T13:10:06.0256064Z  * [new tag]           v3.1.2                  -> v3.1.2
2026-10-09T13:10:06.0256359Z  * [new tag]           v3.14.0                 -> v3.14.0
2026-10-09T13:10:06.0256654Z  * [new tag]           v3.16.0                 -> v3.16.0
2026-10-09T13:10:06.0256940Z  * [new tag]           v3.2.0                  -> v3.2.0
2026-10-09T13:10:06.0257224Z  * [new tag]           v3.3.0                  -> v3.3.0
2026-10-09T13:10:06.0257510Z  * [new tag]           v3.3.1                  -> v3.3.1
2026-10-09T13:10:06.0257791Z  * [new tag]           v3.4.0                  -> v3.4.0
2026-10-09T13:10:06.0258073Z  * [new tag]           v3.4.1                  -> v3.4.1
2026-10-09T13:10:06.0258359Z  * [new tag]           v3.5.0                  -> v3.5.0
2026-10-09T13:10:06.0258635Z  * [new tag]           v3.6.0                  -> v3.6.0
2026-10-09T13:10:06.0258925Z  * [new tag]           v3.6.1                  -> v3.6.1
2026-10-09T13:10:06.0259212Z  * [new tag]           v3.7.0                  -> v3.7.0
2026-10-09T13:10:06.0259496Z  * [new tag]           v3.7.1                  -> v3.7.1
2026-10-09T13:10:06.0259776Z  * [new tag]           v3.8.0                  -> v3.8.0
2026-10-09T13:10:06.0260057Z  * [new tag]           v4.0.0                  -> v4.0.0
2026-10-09T13:10:06.0260499Z  * [new tag]           v4.0.1                  -> v4.0.1
2026-10-09T13:10:06.0260784Z  * [new tag]           v4.0.2                  -> v4.0.2
2026-10-09T13:10:06.0261068Z  * [new tag]           v4.0.3                  -> v4.0.3
2026-10-09T13:10:06.0261349Z  * [new tag]           v4.0.4                  -> v4.0.4
2026-10-09T13:10:06.0261649Z  * [new tag]           v4.0.5                  -> v4.0.5
2026-10-09T13:10:06.0261930Z  * [new tag]           v4.0.6                  -> v4.0.6
2026-10-09T13:10:06.0262211Z  * [new tag]           v4.0.7                  -> v4.0.7
2026-10-09T13:10:06.0262494Z  * [new tag]           v4.1.0                  -> v4.1.0
2026-10-09T13:10:06.0262896Z  * [new tag]           v4.2.0                  -> v4.2.0
2026-10-09T13:10:06.0263181Z  * [new tag]           v4.3.0                  -> v4.3.0
2026-10-09T13:10:06.0263463Z  * [new tag]           v5.0.0                  -> v5.0.0
2026-10-09T13:10:06.0263743Z  * [new tag]           v5.1.0                  -> v5.1.0
2026-10-09T13:10:06.0264031Z  * [new tag]           v5.1.1                  -> v5.1.1
2026-10-09T13:10:06.0264343Z  * [new tag]           v5.1.10                 -> v5.1.10
2026-10-09T13:10:06.0264628Z  * [new tag]           v5.1.2                  -> v5.1.2
2026-10-09T13:10:06.0264911Z  * [new tag]           v5.1.3                  -> v5.1.3
2026-10-09T13:10:06.0265199Z  * [new tag]           v5.1.4                  -> v5.1.4
2026-10-09T13:10:06.0265475Z  * [new tag]           v5.1.5                  -> v5.1.5
2026-10-09T13:10:06.0265753Z  * [new tag]           v5.1.6                  -> v5.1.6
2026-10-09T13:10:06.0288852Z  * [new tag]           v5.1.7                  -> v5.1.7
2026-10-09T13:10:06.0289228Z  * [new tag]           v5.1.9                  -> v5.1.9
2026-10-09T13:10:06.0289544Z  * [new tag]           v5.2.0                  -> v5.2.0
2026-10-09T13:10:06.0289843Z  * [new tag]           v5.3.0                  -> v5.3.0
2026-10-09T13:10:06.0290144Z  * [new tag]           v5.4.0                  -> v5.4.0
2026-10-09T13:10:06.0290618Z  * [new tag]           v5.4.1                  -> v5.4.1
2026-10-09T13:10:06.0290970Z  * [new tag]           v5.5.0                  -> v5.5.0
2026-10-09T13:10:06.0291254Z  * [new tag]           v5.6.0                  -> v5.6.0
2026-10-09T13:10:06.0291538Z  * [new tag]           v5.6.1                  -> v5.6.1
2026-10-09T13:10:06.0292023Z  * [new tag]           v5.6.2                  -> v5.6.2
2026-10-09T13:10:06.0292308Z  * [new tag]           v5.7.0                  -> v5.7.0
2026-10-09T13:10:06.0292591Z  * [new tag]           v5.7.1                  -> v5.7.1
2026-10-09T13:10:06.0292880Z  * [new tag]           v6.0.0                  -> v6.0.0
2026-10-09T13:10:06.0293161Z  * [new tag]           v6.0.1                  -> v6.0.1
2026-10-09T13:10:06.0293444Z  * [new tag]           v6.0.2                  -> v6.0.2
2026-10-09T13:10:06.0293723Z  * [new tag]           v6.0.3                  -> v6.0.3
2026-10-09T13:10:06.0294007Z  * [new tag]           v6.0.4                  -> v6.0.4
2026-10-09T13:10:06.0294297Z  * [new tag]           v6.0.5                  -> v6.0.5
2026-10-09T13:10:06.0294597Z  * [new tag]           v6.0.6                  -> v6.0.6
2026-10-09T13:10:06.0294888Z  * [new tag]           v6.0.7                  -> v6.0.7
2026-10-09T13:10:06.0295178Z  * [new tag]           v6.0.8                  -> v6.0.8
2026-10-09T13:10:06.0295470Z  * [new tag]           v6.0.9                  -> v6.0.9
2026-10-09T13:10:06.0295748Z  * [new tag]           v6.1.0                  -> v6.1.0
2026-10-09T13:10:06.0296030Z  * [new tag]           v6.1.1                  -> v6.1.1
2026-10-09T13:10:06.0296310Z  * [new tag]           v6.1.2                  -> v6.1.2
2026-10-09T13:10:06.0296589Z  * [new tag]           v6.2.0                  -> v6.2.0
2026-10-09T13:10:06.0296870Z  * [new tag]           v6.2.1                  -> v6.2.1
2026-10-09T13:10:06.0297210Z  * [new tag]           v6.2.10                 -> v6.2.10
2026-10-09T13:10:06.0297514Z  * [new tag]           v6.2.11                 -> v6.2.11
2026-10-09T13:10:06.0297837Z  * [new tag]           v6.2.12                 -> v6.2.12
2026-10-09T13:10:06.0298142Z  * [new tag]           v6.2.13                 -> v6.2.13
2026-10-09T13:10:06.0298453Z  * [new tag]           v6.2.14                 -> v6.2.14
2026-10-09T13:10:06.0298737Z  * [new tag]           v6.2.15                 -> v6.2.15
2026-10-09T13:10:06.0299024Z  * [new tag]           v6.2.16                 -> v6.2.16
2026-10-09T13:10:06.0299312Z  * [new tag]           v6.2.17                 -> v6.2.17
2026-10-09T13:10:06.0299596Z  * [new tag]           v6.2.2                  -> v6.2.2
2026-10-09T13:10:06.0299886Z  * [new tag]           v6.2.3                  -> v6.2.3
2026-10-09T13:10:06.0300389Z  * [new tag]           v6.2.4                  -> v6.2.4
2026-10-09T13:10:06.0300688Z  * [new tag]           v6.2.5                  -> v6.2.5
2026-10-09T13:10:06.0300975Z  * [new tag]           v6.2.6                  -> v6.2.6
2026-10-09T13:10:06.0301256Z  * [new tag]           v6.2.7                  -> v6.2.7
2026-10-09T13:10:06.0301536Z  * [new tag]           v6.2.8                  -> v6.2.8
2026-10-09T13:10:06.0301831Z  * [new tag]           v6.2.9                  -> v6.2.9
2026-10-09T13:10:06.0302113Z  * [new tag]           v6.3.0                  -> v6.3.0
2026-10-09T13:10:06.0302395Z  * [new tag]           v6.3.1                  -> v6.3.1
2026-10-09T13:10:06.0302688Z  * [new tag]           v6.3.10                 -> v6.3.10
2026-10-09T13:10:06.0302976Z  * [new tag]           v6.3.11                 -> v6.3.11
2026-10-09T13:10:06.0303268Z  * [new tag]           v6.3.12                 -> v6.3.12
2026-10-09T13:10:06.0303557Z  * [new tag]           v6.3.13                 -> v6.3.13
2026-10-09T13:10:06.0303843Z  * [new tag]           v6.3.14                 -> v6.3.14
2026-10-09T13:10:06.0304129Z  * [new tag]           v6.3.15                 -> v6.3.15
2026-10-09T13:10:06.0304416Z  * [new tag]           v6.3.16                 -> v6.3.16
2026-10-09T13:10:06.0304698Z  * [new tag]           v6.3.17                 -> v6.3.17
2026-10-09T13:10:06.0304981Z  * [new tag]           v6.3.18                 -> v6.3.18
2026-10-09T13:10:06.0305264Z  * [new tag]           v6.3.19                 -> v6.3.19
2026-10-09T13:10:06.0305559Z  * [new tag]           v6.3.2                  -> v6.3.2
2026-10-09T13:10:06.0305844Z  * [new tag]           v6.3.20                 -> v6.3.20
2026-10-09T13:10:06.0306246Z  * [new tag]           v6.3.3                  -> v6.3.3
2026-10-09T13:10:06.0306533Z  * [new tag]           v6.3.4                  -> v6.3.4
2026-10-09T13:10:06.0306816Z  * [new tag]           v6.3.5                  -> v6.3.5
2026-10-09T13:10:06.0307103Z  * [new tag]           v6.3.6                  -> v6.3.6
2026-10-09T13:10:06.0307390Z  * [new tag]           v6.3.7                  -> v6.3.7
2026-10-09T13:10:06.0307677Z  * [new tag]           v6.3.8                  -> v6.3.8
2026-10-09T13:10:06.0307954Z  * [new tag]           v6.3.9                  -> v6.3.9
2026-10-09T13:10:06.0308243Z  * [new tag]           v6.4.0                  -> v6.4.0
2026-10-09T13:10:06.0308527Z  * [new tag]           v6.4.1                  -> v6.4.1
2026-10-09T13:10:06.0308810Z  * [new tag]           v6.4.2                  -> v6.4.2
2026-10-09T13:10:06.0309094Z  * [new tag]           v6.4.3                  -> v6.4.3
2026-10-09T13:10:06.0309458Z  * [new tag]           v6.4.4                  -> v6.4.4
2026-10-09T13:10:06.0309744Z  * [new tag]           v6.5.0                  -> v6.5.0
2026-10-09T13:10:06.0310017Z  * [new tag]           v6.5.1                  -> v6.5.1
2026-10-09T13:10:06.0310447Z  * [new tag]           v6.6.0                  -> v6.6.0
2026-10-09T13:10:06.0310783Z  * [new tag]           v6.6.1                  -> v6.6.1
2026-10-09T13:10:06.0311068Z  * [new tag]           v6.6.10                 -> v6.6.10
2026-10-09T13:10:06.0311352Z  * [new tag]           v6.6.11                 -> v6.6.11
2026-10-09T13:10:06.0311632Z  * [new tag]           v6.6.12                 -> v6.6.12
2026-10-09T13:10:06.0311915Z  * [new tag]           v6.6.2                  -> v6.6.2
2026-10-09T13:10:06.0312200Z  * [new tag]           v6.6.3                  -> v6.6.3
2026-10-09T13:10:06.0312475Z  * [new tag]           v6.6.4                  -> v6.6.4
2026-10-09T13:10:06.0312755Z  * [new tag]           v6.6.5                  -> v6.6.5
2026-10-09T13:10:06.0313049Z  * [new tag]           v6.6.6                  -> v6.6.6
2026-10-09T13:10:06.0313323Z  * [new tag]           v6.6.7                  -> v6.6.7
2026-10-09T13:10:06.0313603Z  * [new tag]           v6.6.8                  -> v6.6.8
2026-10-09T13:10:06.0313877Z  * [new tag]           v6.6.9                  -> v6.6.9
2026-10-09T13:10:06.0314265Z  * [new tag]           v6.7.0                  -> v6.7.0
2026-10-09T13:10:06.0314543Z  * [new tag]           v6.7.1                  -> v6.7.1
2026-10-09T13:10:06.0314828Z  * [new tag]           v6.7.10                 -> v6.7.10
2026-10-09T13:10:06.0315119Z  * [new tag]           v6.7.11                 -> v6.7.11
2026-10-09T13:10:06.0315402Z  * [new tag]           v6.7.12                 -> v6.7.12
2026-10-09T13:10:06.0315689Z  * [new tag]           v6.7.13                 -> v6.7.13
2026-10-09T13:10:06.0315985Z  * [new tag]           v6.7.14                 -> v6.7.14
2026-10-09T13:10:06.0316273Z  * [new tag]           v6.7.15                 -> v6.7.15
2026-10-09T13:10:06.0316562Z  * [new tag]           v6.7.16                 -> v6.7.16
2026-10-09T13:10:06.0316849Z  * [new tag]           v6.7.17                 -> v6.7.17
2026-10-09T13:10:06.0317150Z  * [new tag]           v6.7.2                  -> v6.7.2
2026-10-09T13:10:06.0317440Z  * [new tag]           v6.7.3                  -> v6.7.3
2026-10-09T13:10:06.0317731Z  * [new tag]           v6.7.4                  -> v6.7.4
2026-10-09T13:10:06.0318014Z  * [new tag]           v6.7.5                  -> v6.7.5
2026-10-09T13:10:06.0318295Z  * [new tag]           v6.7.6                  -> v6.7.6
2026-10-09T13:10:06.0318575Z  * [new tag]           v6.7.7                  -> v6.7.7
2026-10-09T13:10:06.0318854Z  * [new tag]           v6.7.8                  -> v6.7.8
2026-10-09T13:10:06.0319139Z  * [new tag]           v6.7.9                  -> v6.7.9
2026-10-09T13:10:06.0319491Z  * [new ref]           5e0fa497ba0773e5f45b3eb8fe74f699de0a94b0 -> pull/2066/merge
2026-10-09T13:10:06.0320826Z ##[endgroup]
2026-10-09T13:10:06.0321313Z ##[group]Determining the checkout info
2026-10-09T13:10:06.0321687Z ##[endgroup]
2026-10-09T13:10:06.0321923Z [command]/usr/bin/git sparse-checkout disable
2026-10-09T13:10:06.0502549Z [command]/usr/bin/git config --local --unset-all extensions.worktreeConfig
2026-10-09T13:10:06.0534117Z ##[group]Checking out the ref
2026-10-09T13:10:06.0538319Z [command]/usr/bin/git checkout --progress --force refs/remotes/pull/2066/merge
2026-10-09T13:10:06.4505143Z Note: switching to 'refs/remotes/pull/2066/merge'.
2026-10-09T13:10:06.4505379Z 
2026-10-09T13:10:06.4505561Z You are in 'detached HEAD' state. You can look around, make experimental
2026-10-09T13:10:06.4505958Z changes and commit them, and you can discard any commits you make in this
2026-10-09T13:10:06.4506320Z state without impacting any branches by switching back to a branch.
2026-10-09T13:10:06.4506534Z 
2026-10-09T13:10:06.4506679Z If you want to create a new branch to retain commits you create, you may
2026-10-09T13:10:06.4507019Z do so (now or later) by using -c with the switch command. Example:
2026-10-09T13:10:06.4507242Z 
2026-10-09T13:10:06.4507343Z   git switch -c <new-branch-name>
2026-10-09T13:10:06.4507484Z 
2026-10-09T13:10:06.4507573Z Or undo this operation with:
2026-10-09T13:10:06.4507699Z 
2026-10-09T13:10:06.4507777Z   git switch -
2026-10-09T13:10:06.4507877Z 
2026-10-09T13:10:06.4508060Z Turn off this advice by setting config variable advice.detachedHead to false
2026-10-09T13:10:06.4508298Z 
2026-10-09T13:10:06.4508564Z HEAD is now at 5e0fa497 Merge b511f9dc5b9ee076d3113aaad4b9e296222bbd7c into b2b6acd64cde652676a568e93c05f021571ebe5e
2026-10-09T13:10:06.4533614Z ##[endgroup]
2026-10-09T13:10:06.4574885Z [command]/usr/bin/git log -1 --format=%H
2026-10-09T13:10:06.4598936Z 5e0fa497ba0773e5f45b3eb8fe74f699de0a94b0
2026-10-09T13:10:06.4827066Z ##[group]Run actions/setup-python@ece7cb06caefa5fff74198d8649806c4678c61a1
2026-10-09T13:10:06.4827401Z with:
2026-10-09T13:10:06.4827577Z   python-version: 3.13
2026-10-09T13:10:06.4827777Z   check-latest: false
2026-10-09T13:10:06.4829778Z   token: ***
2026-10-09T13:10:06.4829955Z   update-environment: true
2026-10-09T13:10:06.4830156Z   allow-prereleases: false
2026-10-09T13:10:06.4830554Z   freethreaded: false
2026-10-09T13:10:06.4830738Z ##[endgroup]
2026-10-09T13:10:06.5894244Z ##[group]Installed versions
2026-10-09T13:10:06.7056225Z Successfully set up CPython (3.13.16)
2026-10-09T13:10:06.7056896Z ##[endgroup]
2026-10-09T13:10:06.7213672Z ##[group]Run pip install --require-hashes --build-constraint tests/requirements-build.txt -r tests/requirements-ci.txt
2026-10-09T13:10:06.7214451Z [36;1mpip install --require-hashes --build-constraint tests/requirements-build.txt -r tests/requirements-ci.txt[0m
2026-10-09T13:10:06.7575012Z shell: /usr/bin/bash -e {0}
2026-10-09T13:10:06.7575257Z env:
2026-10-09T13:10:06.7575499Z   pythonLocation: /opt/hostedtoolcache/Python/3.13.16/x64
2026-10-09T13:10:06.7575895Z   PKG_CONFIG_PATH: /opt/hostedtoolcache/Python/3.13.16/x64/lib/pkgconfig
2026-10-09T13:10:06.7576256Z   Python_ROOT_DIR: /opt/hostedtoolcache/Python/3.13.16/x64
2026-10-09T13:10:06.7576573Z   Python2_ROOT_DIR: /opt/hostedtoolcache/Python/3.13.16/x64
2026-10-09T13:10:06.7576880Z   Python3_ROOT_DIR: /opt/hostedtoolcache/Python/3.13.16/x64
2026-10-09T13:10:06.7577179Z   LD_LIBRARY_PATH: /opt/hostedtoolcache/Python/3.13.16/x64/lib
2026-10-09T13:10:06.7577449Z ##[endgroup]
2026-10-09T13:10:08.5196956Z Collecting aiohappyeyeballs==2.7.1 (from -r tests/requirements-ci.txt (line 27))
2026-10-09T13:10:08.5596150Z   Downloading aiohappyeyeballs-2.7.1-py3-none-any.whl (15 kB)
2026-10-09T13:10:08.9178355Z Collecting aiohttp==3.14.3 (from -r tests/requirements-ci.txt (line 30))
2026-10-09T13:10:08.9218847Z   Downloading aiohttp-3.14.3-cp313-cp313-manylinux2014_x86_64.manylinux_2_17_x86_64.manylinux_2_28_x86_64.whl (1.8 MB)
2026-10-09T13:10:08.9855520Z      ━━━━━━━━━━━━━━━━━━━━━━━━━━━━━━━━━━━━━━━━ 1.8/1.8 MB 31.4 MB/s  0:00:00
2026-10-09T13:10:09.0139581Z Collecting aiosignal==1.4.0 (from -r tests/requirements-ci.txt (line 150))
2026-10-09T13:10:09.0180121Z   Downloading aiosignal-1.4.0-py3-none-any.whl (7.5 kB)
2026-10-09T13:10:09.1047080Z Collecting attrs==26.1.0 (from -r tests/requirements-ci.txt (line 153))
2026-10-09T13:10:09.1094216Z   Downloading attrs-26.1.0-py3-none-any.whl (67 kB)
2026-10-09T13:10:09.1534248Z Collecting frozenlist==1.8.0 (from -r tests/requirements-ci.txt (line 156))
2026-10-09T13:10:09.1585306Z   Downloading frozenlist-1.8.0-cp313-cp313-manylinux1_x86_64.manylinux_2_28_x86_64.manylinux_2_5_x86_64.whl (234 kB)
2026-10-09T13:10:09.1723844Z Collecting idna==3.20 (from -r tests/requirements-ci.txt (line 287))
2026-10-09T13:10:09.1762768Z   Downloading idna-3.20-py3-none-any.whl (69 kB)
2026-10-09T13:10:09.3700209Z Collecting multidict==6.9.1 (from -r tests/requirements-ci.txt (line 290))
2026-10-09T13:10:09.3744478Z   Downloading multidict-6.9.1-cp313-cp313-manylinux2014_x86_64.manylinux_2_17_x86_64.manylinux_2_28_x86_64.whl (336 kB)
2026-10-09T13:10:09.6040106Z Collecting numpy==2.4.6 (from -r tests/requirements-ci.txt (line 462))
2026-10-09T13:10:09.6091376Z   Downloading numpy-2.4.6-cp313-cp313-manylinux_2_27_x86_64.manylinux_2_28_x86_64.whl (16.6 MB)
2026-10-09T13:10:09.7664673Z      ━━━━━━━━━━━━━━━━━━━━━━━━━━━━━━━━━━━━━━━━ 16.6/16.6 MB 106.8 MB/s  0:00:00
2026-10-09T13:10:09.8350014Z Collecting propcache==0.5.4 (from -r tests/requirements-ci.txt (line 535))
2026-10-09T13:10:09.8387733Z   Downloading propcache-0.5.4-cp313-cp313-manylinux2014_x86_64.manylinux_2_17_x86_64.manylinux_2_28_x86_64.whl (234 kB)
2026-10-09T13:10:09.8666264Z Collecting pyyaml==6.0.1 (from -r tests/requirements-ci.txt (line 674))
2026-10-09T13:10:09.8702200Z   Downloading PyYAML-6.0.1.tar.gz (125 kB)
2026-10-09T13:10:09.9661179Z   Installing build dependencies: started
2026-10-09T13:10:10.9156521Z   Installing build dependencies: finished with status 'done'
2026-10-09T13:10:10.9161507Z   Getting requirements to build wheel: started
2026-10-09T13:10:12.1633032Z   Getting requirements to build wheel: finished with status 'done'
2026-10-09T13:10:12.1640440Z   Preparing metadata (pyproject.toml): started
2026-10-09T13:10:12.3682026Z   Preparing metadata (pyproject.toml): finished with status 'done'
2026-10-09T13:10:12.4858545Z Collecting scipy==1.17.1 (from -r tests/requirements-ci.txt (line 726))
2026-10-09T13:10:12.4898401Z   Downloading scipy-1.17.1-cp313-cp313-manylinux_2_27_x86_64.manylinux_2_28_x86_64.whl (35.2 MB)
2026-10-09T13:10:12.8352251Z      ━━━━━━━━━━━━━━━━━━━━━━━━━━━━━━━━━━━━━━━━ 35.2/35.2 MB 101.9 MB/s  0:00:00
2026-10-09T13:10:12.8774700Z Collecting threadpoolctl==3.6.0 (from -r tests/requirements-ci.txt (line 788))
2026-10-09T13:10:12.8808993Z   Downloading threadpoolctl-3.6.0-py3-none-any.whl (18 kB)
2026-10-09T13:10:12.8912683Z Collecting voluptuous==0.16.0 (from -r tests/requirements-ci.txt (line 791))
2026-10-09T13:10:12.8949241Z   Downloading voluptuous-0.16.0-py3-none-any.whl (31 kB)
2026-10-09T13:10:13.0879870Z Collecting yarl==1.25.1 (from -r tests/requirements-ci.txt (line 794))
2026-10-09T13:10:13.0915762Z   Downloading yarl-1.25.1-cp313-cp313-manylinux2014_x86_64.manylinux_2_17_x86_64.manylinux_2_28_x86_64.whl (117 kB)
2026-10-09T13:10:13.1081648Z Building wheels for collected packages: pyyaml
2026-10-09T13:10:13.1088263Z   Building wheel for pyyaml (pyproject.toml): started
2026-10-09T13:10:13.8904030Z   Building wheel for pyyaml (pyproject.toml): finished with status 'done'
2026-10-09T13:10:13.8908512Z   Created wheel for pyyaml: filename=pyyaml-6.0.1-cp313-cp313-linux_x86_64.whl size=45459 sha256=1b2177ad588101742e311bc6ca3f83563089e08f2a042d54c53d2acc63333c0e
2026-10-09T13:10:13.8909700Z   Stored in directory: /home/runner/.cache/pip/wheels/9c/9e/34/1e1548811b63a9d001469f21797e8b7d5c216d8eb928e7d6ad
2026-10-09T13:10:13.8924967Z Successfully built pyyaml
2026-10-09T13:10:13.9392593Z Installing collected packages: voluptuous, threadpoolctl, pyyaml, propcache, numpy, multidict, idna, frozenlist, attrs, aiohappyeyeballs, yarl, scipy, aiosignal, aiohttp
2026-10-09T13:10:19.4851985Z 
2026-10-09T13:10:19.4869149Z Successfully installed aiohappyeyeballs-2.7.1 aiohttp-3.14.3 aiosignal-1.4.0 attrs-26.1.0 frozenlist-1.8.0 idna-3.20 multidict-6.9.1 numpy-2.4.6 propcache-0.5.4 pyyaml-6.0.1 scipy-1.17.1 threadpoolctl-3.6.0 voluptuous-0.16.0 yarl-1.25.1
2026-10-09T13:10:19.6052707Z ##[group]Run actions/download-artifact@37930b1c2abaa49bbe596cd826c3c89aef350131
2026-10-09T13:10:19.6053040Z with:
2026-10-09T13:10:19.6053218Z   name: mutation-table
2026-10-09T13:10:19.6053413Z   path: /home/runner/work/_temp
2026-10-09T13:10:19.6053628Z   merge-multiple: false
2026-10-09T13:10:19.6053830Z   repository: tvofi/heatpump_optimizer
2026-10-09T13:10:19.6054045Z   run-id: 37934798476
2026-10-09T13:10:19.6054215Z env:
2026-10-09T13:10:19.6054428Z   pythonLocation: /opt/hostedtoolcache/Python/3.13.16/x64
2026-10-09T13:10:19.6054766Z   PKG_CONFIG_PATH: /opt/hostedtoolcache/Python/3.13.16/x64/lib/pkgconfig
2026-10-09T13:10:19.6055094Z   Python_ROOT_DIR: /opt/hostedtoolcache/Python/3.13.16/x64
2026-10-09T13:10:19.6055395Z   Python2_ROOT_DIR: /opt/hostedtoolcache/Python/3.13.16/x64
2026-10-09T13:10:19.6055705Z   Python3_ROOT_DIR: /opt/hostedtoolcache/Python/3.13.16/x64
2026-10-09T13:10:19.6055997Z   LD_LIBRARY_PATH: /opt/hostedtoolcache/Python/3.13.16/x64/lib
2026-10-09T13:10:19.6056285Z ##[endgroup]
2026-10-09T13:10:19.7262907Z Downloading single artifact
2026-10-09T13:10:19.8344301Z Preparing to download the following artifacts:
2026-10-09T13:10:19.8345116Z - mutation-table (ID: 11618021125, Size: 1197, Expected Digest: sha256:54ec77539bcf5ee38ee821ef22f7c8c3ccbed6981b35ea4a184ae3da461eac66)
2026-10-09T13:10:20.0039708Z Redirecting to blob download url: https://productionresultssa8.blob.core.windows.net/actions-results/bad0273b-3be9-82c9-9686-b14d4333e7d7/workflow-job-run-78944fad-34e1-58ea-814d-c8a377a58586/artifacts/5d7e9df18d19e08df95298d9d7a5600f129014ed18b05ac1072a2e0061fbce3c.zip
2026-10-09T13:10:20.0041594Z Starting download of artifact to: /home/runner/work/_temp
2026-10-09T13:10:20.0439371Z (node:2214) [DEP0005] DeprecationWarning: Buffer() is deprecated due to security and usability issues. Please use the Buffer.alloc(), Buffer.allocUnsafe(), or Buffer.from() methods instead.
2026-10-09T13:10:20.0441934Z (Use `node --trace-deprecation ...` to show where the warning was created)
2026-10-09T13:10:20.0468397Z SHA256 digest of downloaded artifact is 54ec77539bcf5ee38ee821ef22f7c8c3ccbed6981b35ea4a184ae3da461eac66
2026-10-09T13:10:20.0469398Z Artifact download completed successfully.
2026-10-09T13:10:20.0470136Z Total of 1 artifact(s) downloaded
2026-10-09T13:10:20.0473714Z Download artifact has finished successfully
2026-10-09T13:10:20.0612211Z ##[group]Run set -uo pipefail
2026-10-09T13:10:20.0612510Z [36;1mset -uo pipefail[0m
2026-10-09T13:10:20.0612736Z [36;1mgit fetch --no-tags origin main[0m
2026-10-09T13:10:20.0613089Z [36;1mout="$RUNNER_TEMP/mutation-pins"[0m
2026-10-09T13:10:20.0613323Z [36;1mmkdir -p "$out"[0m
2026-10-09T13:10:20.0613555Z [36;1mprintf '%s\n' "$PR_HEAD" > "$out/head"[0m
2026-10-09T13:10:20.0613835Z [36;1mtouch "$RUNNER_TEMP/mutation-table.txt"[0m
2026-10-09T13:10:20.0614296Z [36;1mpython3 -c 'import json, sys; sys.path.insert(0, "tests"); import mutation_table as m; print(json.dumps(m.load_budgets()))' \[0m
2026-10-09T13:10:20.0614738Z [36;1m  > "$RUNNER_TEMP/ledger-before.json"[0m
2026-10-09T13:10:20.0614986Z [36;1mrm -f "$RUNNER_TEMP/pin-run.txt"[0m
2026-10-09T13:10:20.0615306Z [36;1m# Under the 170-minute step timeout with room for the runs in flight[0m
2026-10-09T13:10:20.0615685Z [36;1m# (R9-F10.12): admission charges a lazy driver its run alone, so a[0m
2026-10-09T13:10:20.0616083Z [36;1m# red run's baseline and null control are paid past the deadline --[0m
2026-10-09T13:10:20.0616496Z [36;1m# boost_drift_replay.py's three runs are ~26 minutes at its recorded[0m
2026-10-09T13:10:20.0616861Z [36;1m# seconds. At 90 minutes four shards of 14 pinned 19 of #2025's 56[0m
2026-10-09T13:10:20.0617221Z [36;1m# sites, each site ~2000 s of driver work; six sites a shard fit 120[0m
2026-10-09T13:10:20.0617721Z [36;1m# (R9-CI-1). Only a base program that has a flag gets it.[0m
2026-10-09T13:10:20.0617984Z [36;1mbudget=()[0m
2026-10-09T13:10:20.0618169Z [36;1mshard=()[0m
2026-10-09T13:10:20.0618344Z [36;1mrun=1[0m
2026-10-09T13:10:20.0618618Z [36;1mif grep -qE '^MUTATION TABLE REFUSED -- [0-9]+ unpinned site\(s\) against' \[0m
2026-10-09T13:10:20.0618968Z [36;1m     "$RUNNER_TEMP/mutation-table.txt" \[0m
2026-10-09T13:10:20.0619317Z [36;1m   && git show "$PR_BASE":tests/mutation_table.py > tests/_mutation_table_base.py \[0m
2026-10-09T13:10:20.0619733Z [36;1m   && grep -q -- '--pin-killed' tests/_mutation_table_base.py; then[0m
2026-10-09T13:10:20.0620073Z [36;1m  echo tests/_mutation_table_base.py >> .git/info/exclude[0m
2026-10-09T13:10:20.0620669Z [36;1m  grep -q -- '--budget-minutes' tests/_mutation_table_base.py \[0m
2026-10-09T13:10:20.0620983Z [36;1m    && budget=(--budget-minutes 120)[0m
2026-10-09T13:10:20.0621269Z [36;1m  if grep -q -- '--shard' tests/_mutation_table_base.py; then[0m
2026-10-09T13:10:20.0621563Z [36;1m    shard=(--shard "$SHARD/$SHARDS")[0m
2026-10-09T13:10:20.0621790Z [36;1m  elif [ "$SHARD" != 1 ]; then[0m
2026-10-09T13:10:20.0622009Z [36;1m    run=0[0m
2026-10-09T13:10:20.0622276Z [36;1m    echo "base program has no --shard: shard 1 measures the whole pool"[0m
2026-10-09T13:10:20.0622575Z [36;1m  fi[0m
2026-10-09T13:10:20.0622819Z [36;1m  # A refusal exits non-zero; the runner's `bash -e` would end the[0m
2026-10-09T13:10:20.0623171Z [36;1m  # step there, before measurement() wrote any status, and[0m
2026-10-09T13:10:20.0623530Z [36;1m  # mutation-autofix then read a missing file as skip-no-measurement[0m
2026-10-09T13:10:20.0623890Z [36;1m  # (#2025, run 37663843895). measurement() grades the run instead.[0m
2026-10-09T13:10:20.0624312Z [36;1m  [ "$run" = 1 ] && { python3 tests/_mutation_table_base.py --pin-killed --base origin/main --jobs 3 \[0m
2026-10-09T13:10:20.0624738Z [36;1m    "${budget[@]}" "${shard[@]}" 2>&1 | tee "$RUNNER_TEMP/pin-run.txt" \[0m
2026-10-09T13:10:20.0625084Z [36;1m    || echo "pin run exited non-zero; measurement() grades it"; }[0m
2026-10-09T13:10:20.0625352Z [36;1mfi[0m
2026-10-09T13:10:20.0625547Z [36;1mrm -f tests/_mutation_table_base.py[0m
2026-10-09T13:10:20.0625778Z [36;1m[ "$run" = 1 ] || exit 0[0m
2026-10-09T13:10:20.0626010Z [36;1mpython3 - "$RUNNER_TEMP" "$out" <<'PY'[0m
2026-10-09T13:10:20.0626246Z [36;1mimport json, sys[0m
2026-10-09T13:10:20.0626459Z [36;1mfrom pathlib import Path[0m
2026-10-09T13:10:20.0626676Z [36;1msys.path.insert(0, "tests")[0m
2026-10-09T13:10:20.0627044Z [36;1mimport mutation_table[0m
2026-10-09T13:10:20.0627291Z [36;1mtmp, out = Path(sys.argv[1]), Path(sys.argv[2])[0m
2026-10-09T13:10:20.0627557Z [36;1mrun = tmp / "pin-run.txt"[0m
2026-10-09T13:10:20.0627801Z [36;1mstatus, added = mutation_table.measurement([0m
2026-10-09T13:10:20.0628082Z [36;1m    (tmp / "mutation-table.txt").read_text(),[0m
2026-10-09T13:10:20.0628353Z [36;1m    run.read_text() if run.exists() else None,[0m
2026-10-09T13:10:20.0628650Z [36;1m    json.loads((tmp / "ledger-before.json").read_text()),[0m
2026-10-09T13:10:20.0628932Z [36;1m    mutation_table.load_budgets())[0m
2026-10-09T13:10:20.0629214Z [36;1m(out / "pins.json").write_text(json.dumps(added, indent=2))[0m
2026-10-09T13:10:20.0629508Z [36;1m(out / "status").write_text(status + "\n")[0m
2026-10-09T13:10:20.0629801Z [36;1mprint(f"measure: {status}, {len(added)} anchor(s)")[0m
2026-10-09T13:10:20.0630054Z [36;1mPY[0m
2026-10-09T13:10:20.0688857Z shell: /usr/bin/bash --noprofile --norc -e -o pipefail {0}
2026-10-09T13:10:20.0689150Z env:
2026-10-09T13:10:20.0689376Z   pythonLocation: /opt/hostedtoolcache/Python/3.13.16/x64
2026-10-09T13:10:20.0689723Z   PKG_CONFIG_PATH: /opt/hostedtoolcache/Python/3.13.16/x64/lib/pkgconfig
2026-10-09T13:10:20.0690068Z   Python_ROOT_DIR: /opt/hostedtoolcache/Python/3.13.16/x64
2026-10-09T13:10:20.0690596Z   Python2_ROOT_DIR: /opt/hostedtoolcache/Python/3.13.16/x64
2026-10-09T13:10:20.0691052Z   Python3_ROOT_DIR: /opt/hostedtoolcache/Python/3.13.16/x64
2026-10-09T13:10:20.0691354Z   LD_LIBRARY_PATH: /opt/hostedtoolcache/Python/3.13.16/x64/lib
2026-10-09T13:10:20.0691648Z   PR_HEAD: b511f9dc5b9ee076d3113aaad4b9e296222bbd7c
2026-10-09T13:10:20.0691911Z   PR_BASE: b2b6acd64cde652676a568e93c05f021571ebe5e
2026-10-09T13:10:20.0692137Z   SHARD: 1
2026-10-09T13:10:20.0692291Z   SHARDS: 3
2026-10-09T13:10:20.0692456Z ##[endgroup]
2026-10-09T13:10:20.2460940Z From https://github.com/tvofi/heatpump_optimizer
2026-10-09T13:10:20.2471085Z  * branch              main       -> FETCH_HEAD
2026-10-09T13:10:22.3458316Z   4620 unpinned site(s) of 5970 candidate sites, 4623 at the ratchet base b2b6acd64cde652676a568e93c05f021571ebe5e; the ledger agrees with the deterministic inventory
2026-10-09T13:10:22.3762916Z MUTATION TABLE -- scope changed: 7 production file(s) whose code this diff adds or modifies
2026-10-09T13:10:22.3875360Z PIN SHARD 1/3 -- 5 of 16 site(s), split by anchor
2026-10-09T13:10:22.3877472Z PIN KILLED -- 5 new unpinned site(s) against b2b6acd64cde652676a568e93c05f021571ebe5e to drive
2026-10-09T13:10:22.3883270Z   5 mutant(s) over 7 file(s); drivers in play: tests/arch_score_head.py, tests/backtest.py, tests/block_duty.py, tests/boost_drift_replay.py, tests/config_flow_steps.py, tests/debug_collect.py, tests/deployment_shape.py, tests/doc_claims.py, tests/edge.py, tests/entities.py, tests/env_drift.py, tests/features.py, tests/finite_boundary.py, tests/guard_pins.py, tests/harness_headers.py, tests/manual_plan.py, tests/optimality.py, tests/plan_view.py, tests/solar_alignment.py, tests/stress.py, tests/structure.py, tests/typing_ruler.py, tests/validate.py, tests/wood_advisor.py
2026-10-09T13:10:22.3886475Z   ref-driven drivers compare against 'b2b6acd64cde652676a568e93c05f021571ebe5e' (run.sh's GOLDEN_REF resolution)
2026-10-09T13:10:24.0238438Z   null control: custom_components/heatpump_optimizer/coordinator.py:496 NULL_COMMENT, a comment-only edit every driver in play must let survive
2026-10-09T13:10:26.3453814Z   tests/harness_headers.py: baseline and null control deferred until a mutant survives every shared driver
2026-10-09T13:10:26.3454439Z   tests/stress.py: baseline and null control deferred until a mutant survives every shared driver
2026-10-09T13:10:26.3454932Z   tests/arch_score_head.py: baseline and null control deferred until a mutant run of it is red
2026-10-09T13:10:26.3455407Z   tests/backtest.py: baseline and null control deferred until a mutant run of it is red
2026-10-09T13:10:26.3456051Z   tests/block_duty.py: baseline and null control deferred until a mutant run of it is red
2026-10-09T13:10:26.3456605Z   tests/boost_drift_replay.py: baseline and null control deferred until a mutant run of it is red
2026-10-09T13:10:26.3457169Z   tests/config_flow_steps.py: baseline and null control deferred until a mutant run of it is red
2026-10-09T13:10:26.3457864Z   tests/debug_collect.py: baseline and null control deferred until a mutant run of it is red
2026-10-09T13:10:26.3458570Z   tests/deployment_shape.py: baseline and null control deferred until a mutant run of it is red
2026-10-09T13:10:26.3459104Z   tests/doc_claims.py: baseline and null control deferred until a mutant run of it is red
2026-10-09T13:10:26.3459793Z   tests/edge.py: baseline and null control deferred until a mutant run of it is red
2026-10-09T13:10:26.3460636Z   tests/entities.py: baseline and null control deferred until a mutant run of it is red
2026-10-09T13:10:26.3461305Z   tests/features.py: baseline and null control deferred until a mutant run of it is red
2026-10-09T13:10:26.3462001Z   tests/finite_boundary.py: baseline and null control deferred until a mutant run of it is red
2026-10-09T13:10:26.3462693Z   tests/guard_pins.py: baseline and null control deferred until a mutant run of it is red
2026-10-09T13:10:26.3463218Z   tests/manual_plan.py: baseline and null control deferred until a mutant run of it is red
2026-10-09T13:10:26.3463652Z   tests/optimality.py: baseline and null control deferred until a mutant run of it is red
2026-10-09T13:10:26.3464501Z   tests/plan_view.py: baseline and null control deferred until a mutant run of it is red
2026-10-09T13:10:26.3465102Z   tests/solar_alignment.py: baseline and null control deferred until a mutant run of it is red
2026-10-09T13:10:26.3465544Z   tests/structure.py: baseline and null control deferred until a mutant run of it is red
2026-10-09T13:10:26.3465974Z   tests/typing_ruler.py: baseline and null control deferred until a mutant run of it is red
2026-10-09T13:10:26.3466408Z   tests/validate.py: baseline and null control deferred until a mutant run of it is red
2026-10-09T13:10:26.3466829Z   tests/wood_advisor.py: baseline and null control deferred until a mutant run of it is red
2026-10-09T13:14:31.5347433Z   baseline tests/env_drift.py: rc=0 failed=0 245s
2026-10-09T13:14:35.0093651Z   null control custom_components/heatpump_optimizer/coordinator.py:496 NULL_COMMENT survived every driver
2026-10-09T14:01:39.5762629Z   baseline tests/entities.py: rc=0 failed=0 135s
2026-10-09T14:03:42.9979971Z   null control custom_components/heatpump_optimizer/coordinator.py:496 NULL_COMMENT survived tests/entities.py
2026-10-09T14:34:23.8575834Z   baseline tests/harness_headers.py: rc=0 failed=0 159s
2026-10-09T14:37:02.2639827Z   null control custom_components/heatpump_optimizer/coordinator.py:496 NULL_COMMENT survived tests/harness_headers.py
2026-10-09T14:47:42.6788329Z   tests/arch_score_head.py: LAZY AND NEVER RUN -- every mutant run of it was green, so no verdict read its baseline; a red one would have made it INCONCLUSIVE, a killed null REFUSED
2026-10-09T14:47:42.6789585Z   tests/backtest.py: LAZY AND NEVER RUN -- every mutant run of it was green, so no verdict read its baseline; a red one would have made it INCONCLUSIVE, a killed null REFUSED
2026-10-09T14:47:42.6790833Z   tests/block_duty.py: LAZY AND NEVER RUN -- every mutant run of it was green, so no verdict read its baseline; a red one would have made it INCONCLUSIVE, a killed null REFUSED
2026-10-09T14:47:42.6791947Z   tests/boost_drift_replay.py: LAZY AND NEVER RUN -- every mutant run of it was green, so no verdict read its baseline; a red one would have made it INCONCLUSIVE, a killed null REFUSED
2026-10-09T14:47:42.6793200Z   tests/config_flow_steps.py: LAZY AND NEVER RUN -- every mutant run of it was green, so no verdict read its baseline; a red one would have made it INCONCLUSIVE, a killed null REFUSED
2026-10-09T14:47:42.6794301Z   tests/debug_collect.py: LAZY AND NEVER RUN -- every mutant run of it was green, so no verdict read its baseline; a red one would have made it INCONCLUSIVE, a killed null REFUSED
2026-10-09T14:47:42.6795099Z   tests/deployment_shape.py: LAZY AND NEVER RUN -- every mutant run of it was green, so no verdict read its baseline; a red one would have made it INCONCLUSIVE, a killed null REFUSED
2026-10-09T14:47:42.6795873Z   tests/doc_claims.py: LAZY AND NEVER RUN -- every mutant run of it was green, so no verdict read its baseline; a red one would have made it INCONCLUSIVE, a killed null REFUSED
2026-10-09T14:47:42.6796647Z   tests/edge.py: LAZY AND NEVER RUN -- every mutant run of it was green, so no verdict read its baseline; a red one would have made it INCONCLUSIVE, a killed null REFUSED
2026-10-09T14:47:42.6797393Z   tests/features.py: LAZY AND NEVER RUN -- every mutant run of it was green, so no verdict read its baseline; a red one would have made it INCONCLUSIVE, a killed null REFUSED
2026-10-09T14:47:42.6798170Z   tests/finite_boundary.py: LAZY AND NEVER RUN -- every mutant run of it was green, so no verdict read its baseline; a red one would have made it INCONCLUSIVE, a killed null REFUSED
2026-10-09T14:47:42.6798949Z   tests/guard_pins.py: LAZY AND NEVER RUN -- every mutant run of it was green, so no verdict read its baseline; a red one would have made it INCONCLUSIVE, a killed null REFUSED
2026-10-09T14:47:42.6799704Z   tests/manual_plan.py: LAZY AND NEVER RUN -- every mutant run of it was green, so no verdict read its baseline; a red one would have made it INCONCLUSIVE, a killed null REFUSED
2026-10-09T14:47:42.6800809Z   tests/optimality.py: LAZY AND NEVER RUN -- every mutant run of it was green, so no verdict read its baseline; a red one would have made it INCONCLUSIVE, a killed null REFUSED
2026-10-09T14:47:42.6801584Z   tests/plan_view.py: LAZY AND NEVER RUN -- every mutant run of it was green, so no verdict read its baseline; a red one would have made it INCONCLUSIVE, a killed null REFUSED
2026-10-09T14:47:42.6802356Z   tests/solar_alignment.py: LAZY AND NEVER RUN -- every mutant run of it was green, so no verdict read its baseline; a red one would have made it INCONCLUSIVE, a killed null REFUSED
2026-10-09T14:47:42.6803129Z   tests/structure.py: LAZY AND NEVER RUN -- every mutant run of it was green, so no verdict read its baseline; a red one would have made it INCONCLUSIVE, a killed null REFUSED
2026-10-09T14:47:42.6803886Z   tests/typing_ruler.py: LAZY AND NEVER RUN -- every mutant run of it was green, so no verdict read its baseline; a red one would have made it INCONCLUSIVE, a killed null REFUSED
2026-10-09T14:47:42.6804700Z   tests/validate.py: LAZY AND NEVER RUN -- every mutant run of it was green, so no verdict read its baseline; a red one would have made it INCONCLUSIVE, a killed null REFUSED
2026-10-09T14:47:42.6805475Z   tests/wood_advisor.py: LAZY AND NEVER RUN -- every mutant run of it was green, so no verdict read its baseline; a red one would have made it INCONCLUSIVE, a killed null REFUSED
2026-10-09T14:47:42.6806292Z   tests/stress.py: DEFERRED AND NEVER RUN -- no mutant survived every shared driver, so its baseline was never checked here; a red one would have made it INCONCLUSIVE, a killed null REFUSED
2026-10-09T14:47:44.5383705Z   NOT RUN custom_components/heatpump_optimizer/draw_range.py:45 CONST -- not started: it would have overrun --budget-minutes
2026-10-09T14:47:44.5384418Z   NOT RUN custom_components/heatpump_optimizer/draw_range.py:48 CONST -- not started: it would have overrun --budget-minutes
2026-10-09T14:47:44.5385045Z   NOT RUN custom_components/heatpump_optimizer/draw_range.py:305 CLAMP_DROP -- not started: it would have overrun --budget-minutes
2026-10-09T14:47:44.5404639Z   UNPINNED custom_components/heatpump_optimizer/coordinator.py:4525 CMP_BOUND -- lives
2026-10-09T14:47:44.5405322Z   UNPINNED custom_components/heatpump_optimizer/draw_range.py:45 CONST -- skip-budget
2026-10-09T14:47:44.5405752Z   UNPINNED custom_components/heatpump_optimizer/draw_range.py:48 CONST -- skip-budget
2026-10-09T14:47:44.5406238Z   pinned   custom_components/heatpump_optimizer/draw_range.py:113 CLAMP_DROP -- killed by tests/entities.py
2026-10-09T14:47:44.5406931Z   UNPINNED custom_components/heatpump_optimizer/draw_range.py:305 CLAMP_DROP -- skip-budget
2026-10-09T14:47:44.5407205Z 
2026-10-09T14:47:44.5407632Z PIN KILLED: 1 pinned, 4 left unpinned (1 survived, 3 not started for the budget, 0 timed out, 0 skipped) -- a survivor needs a killing check or a survivor_triage verdict, which no tool writes
2026-10-09T14:47:44.6410671Z pin run exited non-zero; measurement() grades it
2026-10-09T14:47:44.7250880Z measure: measured, 1 anchor(s)
2026-10-09T14:47:44.7397728Z ##[group]Run actions/upload-artifact@b7c566a772e6b6bfb58ed0dc250532a479d7789f
2026-10-09T14:47:44.7398064Z with:
2026-10-09T14:47:44.7398242Z   name: mutation-pins-1
2026-10-09T14:47:44.7398464Z   path: /home/runner/work/_temp/mutation-pins/
2026-10-09T14:47:44.7398713Z   if-no-files-found: ignore
2026-10-09T14:47:44.7398909Z   compression-level: 6
2026-10-09T14:47:44.7399090Z   overwrite: false
2026-10-09T14:47:44.7399268Z   include-hidden-files: false
2026-10-09T14:47:44.7399462Z env:
2026-10-09T14:47:44.7399665Z   pythonLocation: /opt/hostedtoolcache/Python/3.13.16/x64
2026-10-09T14:47:44.7399997Z   PKG_CONFIG_PATH: /opt/hostedtoolcache/Python/3.13.16/x64/lib/pkgconfig
2026-10-09T14:47:44.7400501Z   Python_ROOT_DIR: /opt/hostedtoolcache/Python/3.13.16/x64
2026-10-09T14:47:44.7400805Z   Python2_ROOT_DIR: /opt/hostedtoolcache/Python/3.13.16/x64
2026-10-09T14:47:44.7401099Z   Python3_ROOT_DIR: /opt/hostedtoolcache/Python/3.13.16/x64
2026-10-09T14:47:44.7401585Z   LD_LIBRARY_PATH: /opt/hostedtoolcache/Python/3.13.16/x64/lib
2026-10-09T14:47:44.7401843Z ##[endgroup]
2026-10-09T14:47:44.8661262Z With the provided path, there will be 3 files uploaded
2026-10-09T14:47:44.8661721Z Artifact name is valid!
2026-10-09T14:47:44.8661923Z Root directory input is valid!
2026-10-09T14:47:45.0519132Z Beginning upload of artifact content to blob storage
2026-10-09T14:47:45.1210758Z Uploaded bytes 665
2026-10-09T14:47:45.1354123Z Finished uploading artifact content to blob storage!
2026-10-09T14:47:45.1354889Z SHA256 digest of uploaded artifact zip is e1c77bf7038774bb66708efa29b78cc575d840ae329c22cb94f3afd8ba73c072
2026-10-09T14:47:45.1356008Z Finalizing artifact upload
2026-10-09T14:47:45.3487716Z Artifact mutation-pins-1.zip successfully finalized. Artifact ID 11624786190
2026-10-09T14:47:45.3488541Z Artifact mutation-pins-1 has been successfully uploaded! Final size is 665 bytes. Artifact ID is 11624786190
2026-10-09T14:47:45.3492157Z Artifact download URL: https://github.com/tvofi/heatpump_optimizer/actions/runs/37934798476/artifacts/11624786190
2026-10-09T14:47:45.3637303Z Post job cleanup.
2026-10-09T14:47:45.4795297Z Post job cleanup.
2026-10-09T14:47:45.5590609Z [command]/usr/bin/git version
2026-10-09T14:47:45.5630605Z git version 2.55.0
2026-10-09T14:47:45.5674161Z Temporarily overriding HOME='/home/runner/work/_temp/2e8596eb-3e50-4a66-bff3-51966cd2fb36' before making global git config changes
2026-10-09T14:47:45.5679981Z Adding repository directory to the temporary git global config as a safe directory
2026-10-09T14:47:45.5684950Z [command]/usr/bin/git config --global --add safe.directory /home/runner/work/heatpump_optimizer/heatpump_optimizer
2026-10-09T14:47:45.5720597Z [command]/usr/bin/git config --local --name-only --get-regexp core\.sshCommand
2026-10-09T14:47:45.5765476Z [command]/usr/bin/git submodule foreach --recursive sh -c "git config --local --name-only --get-regexp 'core\.sshCommand' && git config --local --unset-all 'core.sshCommand' || :"
2026-10-09T14:47:45.6033726Z [command]/usr/bin/git config --local --name-only --get-regexp http\.https\:\/\/github\.com\/\.extraheader
2026-10-09T14:47:45.6062033Z http.https://github.com/.extraheader
2026-10-09T14:47:45.6073991Z [command]/usr/bin/git config --local --unset-all http.https://github.com/.extraheader
2026-10-09T14:47:45.6114092Z [command]/usr/bin/git submodule foreach --recursive sh -c "git config --local --name-only --get-regexp 'http\.https\:\/\/github\.com\/\.extraheader' && git config --local --unset-all 'http.https://github.com/.extraheader' || :"
2026-10-09T14:47:45.6423391Z [command]/usr/bin/git config --local --name-only --get-regexp ^includeIf\.gitdir:
2026-10-09T14:47:45.6465209Z [command]/usr/bin/git submodule foreach --recursive git config --local --show-origin --name-only --get-regexp remote.origin.url
2026-10-09T14:47:45.6825982Z Cleaning up orphan processes
