private coordinator-member reaches outside coordinator.py, per file:
  pump_arbiter.py: 37
  diagnostics.py: 8
  away.py: 7
  sensor.py: 7
  wood_fuel.py: 7
  boost.py: 6
  __init__.py: 3
  entity.py: 2
  services.py: 2
  setpoint_check.py: 2
  binary_sensor.py: 1
  datetime.py: 1
  switch.py: 1
total: 84 across 13 files; distinct members: 27
most reached: [('_config', 21), ('_thermal_params', 10), ('_mode', 8), ('_thermal_model', 6), ('_away_state', 5), ('_current_state', 5), ('_current_action', 4), ('_optimization_result', 4), ('_entity_state', 2), ('_opt_config', 2)]
writes into coordinator state from other modules:
   __init__.py:308 coordinator._skip_solve_once =
   __init__.py:299 coordinator._reload_handover =
   boost.py:147 coord._current_action =
