  ok       body path              not directly in a shared root
  ok       merge-base             7865ba9060a49aecf8f113bcaf7cb6c4ab58bd84
  ok       transport              no commit since the merge base writes under tools/audit/handoff/ handoff/
  ok       gate mode              MODE: SCOPED
  ok       policy_lint             FIXTURE ok: 92 error(s) hold 238 pins across 12 check classes on fixtures/policy-rot/ and fixtures/policy-loop/ 
  ok       mutants                MUTANTS ok: every check this clone could drive turns the acceptance red when it is emptied -- corpus [checkIndex, checkDuplicates, checkBudgets, coverageOverTree, namedDocsOverTree, citationPresenceOverTree, orphanCapsOverTree, requiredContextsOverTree, checkProvenance, rowFreezeOverPlan, ruleBindingOverTree]; record [checkRecord, checkTableSplit, checkRender, enumSkipLine, badRefLine, checkCounts, CAP_RES, checkPrBody, frictionEntries, frictionKey, recordClassPaths, sunsetMarkerLine]
  ok       rules_sync             RULES-SYNC ok: every .cursor rule is the generated form of its source
  ok       fragments              FRAGMENTS ok: 13 canonical fragment(s) [GH_READ, GH_WRITE, GH_MERGE, GATE, DOC, WT, WT_REVIEW, RANK, tierOk, MERGE, mergePrompt, waitMainPrompt, stampPrompt] match every copy across 4 script(s)
  ok       hooks                  HOOKS ok: 3 wired hook(s) exist and pass their own --self-test
  ok       codeowners_gap         RESULT uncovered_files=0 count 
  skip     brief_lint             no pinned path changed, so CI's briefs job reads this head's copy
  ok       contract_rerun         contract_rerun self-test: 24 checks, 0 failed
  ok       field coverage         FIELD COVERAGE ok
  ok       agreement lane         AGREEMENT ok
  ok       register check         fold_ledger: 0 violation(s)
  ok       temp paths             tmp_paths: 0 refused, 0 stale allow entries at HEAD
  ok       pinned graders         
  skip     self-test              no change to prepr.sh, a program it names or its fixtures
  skip     wave-script            no change to the script, the checker, the rosters, the briefs or a pinned path
  ok       no version edit        
  ok       claim files            byte-identical to origin/main
  ok       claims hygiene         claims hygiene: 7865ba9060a49aecf8f113bcaf7cb6c4ab58bd84 ok
  ok       closures               scoped recordings are covered; left to CI: tests/md_tables.mjs tests/card_drift.mjs
  check    quantifiers -- did you enumerate the SET, or sample it?
             3:every
             7:every
             15:every
             15:never
             18:every
             29:both
             29:both
             39:every
  check    figures -- each is in ## Figures with its command, or is an instrument's own output and not restated
             16 a
             1 of 160
             1 of 160
             160 c
             1 of 160
             160 c
             24 s
             160 c
  ok       policy corpus -- current with origin/main (0 file(s) authored here, not stale)
  clean    no refusal (the 'check' lines above are yours to answer)
  ok       preflight              
  ok       pr-body                PR-BODY: 0 error(s) in /Users/timmalmstrom/hpo-orch/notes/web5/abs/BODY.md
  ok       figures                FIGURES: 3 resolved, 25 not verified, 0 refused
  skip     push order             HEAD is detached, so no branch of this repository is the pull request's head
  skip     ancestry reds          HEAD is detached or the branch unnamed, so no remote branch of this repository is the pull request's head

PRE-PR: d6c1f64de2965c04ffff07d5883043980da89ce3 0000000000000000000000
