  3608 unpinned site(s) of 4098 candidate sites, 3583 at the ratchet base a15e3e33507bde9e566858ce32b2ded840edfa02; the ledger agrees with the deterministic inventory
MUTATION TABLE -- scope changed: 13 production file(s) whose code this diff adds or modifies
PIN KILLED -- 30 new unpinned site(s) against a15e3e33507bde9e566858ce32b2ded840edfa02 to drive
  30 mutant(s) over 13 file(s); drivers in play: tests/backtest.py, tests/config_flow_steps.py, tests/deployment_shape.py, tests/doc_claims.py, tests/edge.py, tests/entities.py, tests/env_drift.py, tests/features.py, tests/finite_boundary.py, tests/guard_pins.py, tests/manual_plan.py, tests/optimality.py, tests/plan_view.py, tests/solar_alignment.py, tests/stress.py, tests/structure.py, tests/typing_ruler.py, tests/validate.py, tests/wood_advisor.py
  ref-driven drivers compare against 'a15e3e33507bde9e566858ce32b2ded840edfa02' (run.sh's GOLDEN_REF resolution)
  null control: custom_components/heatpump_optimizer/accuracy.py:40 NULL_COMMENT, a comment-only edit every driver in play must let survive
  tests/stress.py: baseline and null control deferred until a mutant survives every shared driver
  baseline tests/backtest.py: rc=0 failed=0 78s
  baseline tests/config_flow_steps.py: rc=0 failed=0 13s
  baseline tests/deployment_shape.py: rc=0 failed=0 2s
  baseline tests/doc_claims.py: rc=0 failed=0 3s
  baseline tests/edge.py: rc=0 failed=0 26s
  baseline tests/env_drift.py: rc=0 failed=0 145s
  baseline tests/entities.py: rc=0 failed=0 99s
  baseline tests/finite_boundary.py: rc=0 failed=0 39s
  baseline tests/guard_pins.py: rc=0 failed=0 1s
  baseline tests/manual_plan.py: rc=0 failed=0 5s
  baseline tests/optimality.py: rc=0 failed=0 133s
  baseline tests/plan_view.py: rc=0 failed=0 1s
  baseline tests/solar_alignment.py: rc=0 failed=0 1s
  baseline tests/structure.py: rc=0 failed=0 2s
  baseline tests/typing_ruler.py: rc=0 failed=0 0s
  baseline tests/validate.py: rc=0 failed=0 26s
  baseline tests/wood_advisor.py: rc=0 failed=0 1s
  baseline tests/features.py: rc=0 failed=0 334s
  null control custom_components/heatpump_optimizer/accuracy.py:40 NULL_COMMENT survived every driver
  tests/stress.py: DEFERRED AND NEVER RUN -- no mutant survived every shared driver, so its baseline was never checked here; a red one would have made it INCONCLUSIVE, a killed null REFUSED
  pinned   custom_components/heatpump_optimizer/accuracy.py:98 BOOLOP -- killed by tests/finite_boundary.py
  pinned   custom_components/heatpump_optimizer/accuracy.py:98 RETURN_DEL -- killed by tests/features.py
  pinned   custom_components/heatpump_optimizer/comfort_learning.py:251 CLAMP_DROP -- killed by tests/features.py
  pinned   custom_components/heatpump_optimizer/coordinator.py:525 BOOLOP -- killed by tests/features.py
  pinned   custom_components/heatpump_optimizer/coordinator.py:525 RETURN_DEL -- killed by tests/features.py
  pinned   custom_components/heatpump_optimizer/coordinator.py:536 GUARD_OFF -- killed by tests/finite_boundary.py
  pinned   custom_components/heatpump_optimizer/coordinator.py:538 RETURN_DEL -- killed by tests/features.py
  pinned   custom_components/heatpump_optimizer/coordinator.py:1720 GUARD_OFF -- killed by tests/finite_boundary.py
  pinned   custom_components/heatpump_optimizer/coordinator.py:3315 CLAMP_DROP -- killed by tests/features.py
  pinned   custom_components/heatpump_optimizer/coordinator.py:7506 BOOLOP -- killed by tests/finite_boundary.py
  pinned   custom_components/heatpump_optimizer/dhw_learning.py:194 CLAMP_DROP -- killed by tests/features.py
  pinned   custom_components/heatpump_optimizer/drift.py:162 CLAMP_DROP -- killed by tests/finite_boundary.py
  pinned   custom_components/heatpump_optimizer/drift.py:162 CLAMP_DROP -- killed by tests/features.py
  pinned   custom_components/heatpump_optimizer/snapshots.py:235 BOOLOP -- killed by tests/features.py
  pinned   custom_components/heatpump_optimizer/snapshots.py:235 GUARD_OFF -- killed by tests/finite_boundary.py
  UNPINNED custom_components/heatpump_optimizer/store.py:179 BOOLOP -- lives
  UNPINNED custom_components/heatpump_optimizer/store.py:183 BOOLOP -- lives
  UNPINNED custom_components/heatpump_optimizer/store.py:184 BOOLOP -- lives
  UNPINNED custom_components/heatpump_optimizer/store.py:185 BOOLOP -- lives
  pinned   custom_components/heatpump_optimizer/store.py:191 GUARD_OFF -- killed by tests/finite_boundary.py
  pinned   custom_components/heatpump_optimizer/store.py:193 BOOLOP -- killed by tests/finite_boundary.py
  pinned   custom_components/heatpump_optimizer/store.py:193 GUARD_OFF -- killed by tests/finite_boundary.py
  pinned   custom_components/heatpump_optimizer/store.py:198 RETURN_DEL -- killed by tests/finite_boundary.py
  pinned   custom_components/heatpump_optimizer/store.py:406 RETURN_DEL -- killed by tests/finite_boundary.py
  pinned   custom_components/heatpump_optimizer/store.py:412 GUARD_OFF -- killed by tests/finite_boundary.py
  pinned   custom_components/heatpump_optimizer/store.py:426 RETURN_DEL -- killed by tests/finite_boundary.py
  pinned   custom_components/heatpump_optimizer/store.py:436 BOOLOP -- killed by tests/finite_boundary.py
  pinned   custom_components/heatpump_optimizer/store.py:436 RETURN_DEL -- killed by tests/finite_boundary.py
  UNPINNED custom_components/heatpump_optimizer/store.py:442 RETURN_DEL -- lives
  UNPINNED custom_components/heatpump_optimizer/store.py:457 GUARD_OFF -- lives

PIN KILLED: 24 pinned, 6 left unpinned -- a survivor needs a killing check or a survivor_triage verdict, which no tool writes
rc=1
