########## counting-rule self-check ##########
  ok   24 counting rules hold
########## god classes (> 300 LOC) ##########
  custom_components/heatpump_optimizer/coordinator.py:1810-10841  9032 LOC  225 methods  153 self-attrs  HeatPumpOptimizerCoordinator
  custom_components/heatpump_optimizer/optimizer.py:1838-7253  5416 LOC  70 methods  8 self-attrs  HeatPumpOptimizer
  custom_components/heatpump_optimizer/thermal_model.py:1412-3277  1866 LOC  30 methods  6 self-attrs  ThermalModel
  custom_components/heatpump_optimizer/sysid.py:1049-2055  1007 LOC  14 methods  12 self-attrs  SystemIdentification
  custom_components/heatpump_optimizer/thermal_model.py:186-1095  910 LOC  25 methods  6 self-attrs  ThermalParameters
  custom_components/heatpump_optimizer/config_flow.py:2968-3847  880 LOC  32 methods  3 self-attrs  HeatPumpOptimizerOptionsFlow
  custom_components/heatpump_optimizer/config_flow.py:2207-2965  759 LOC  24 methods  4 self-attrs  HeatPumpOptimizerConfigFlow
  custom_components/heatpump_optimizer/legionella.py:46-699  654 LOC  16 methods  20 self-attrs  LegionellaGuard
  custom_components/heatpump_optimizer/dhw_learning.py:66-532  467 LOC  16 methods  18 self-attrs  DhwProfileLearner
  custom_components/heatpump_optimizer/defrost.py:194-575  382 LOC  13 methods  0 self-attrs  DefrostDerate
  custom_components/heatpump_optimizer/external_heat.py:181-489  309 LOC  13 methods  6 self-attrs  ExternalHeatDetector

########## attr bags (> 30 assigned self-attrs) ##########
  custom_components/heatpump_optimizer/coordinator.py:1810  153 self-attrs  HeatPumpOptimizerCoordinator  <- top attr bag

########## monster methods: top 10 of 18 over 150 LOC ##########
  custom_components/heatpump_optimizer/optimizer.py:6064-6450  387 LOC  _optimize_with_dhw
  custom_components/heatpump_optimizer/sysid.py:1475-1859  385 LOC  identify
  custom_components/heatpump_optimizer/coordinator.py:4771-5148  378 LOC  async_run_optimization
  custom_components/heatpump_optimizer/optimizer.py:2793-3168  376 LOC  optimize
  custom_components/heatpump_optimizer/optimizer.py:4822-5173  352 LOC  _build_dhw_requirements
  custom_components/heatpump_optimizer/thermal_model.py:2728-3075  348 LOC  simulate_trajectory_batch
  custom_components/heatpump_optimizer/thermal_model.py:2075-2380  306 LOC  _simulate_step_two_zone
  custom_components/heatpump_optimizer/optimizer.py:3897-4193  297 LOC  _optimize_space_only
  custom_components/heatpump_optimizer/coordinator.py:5316-5597  282 LOC  _update_current_state
  custom_components/heatpump_optimizer/coordinator.py:10621-10841  221 LOC  async_simulate
  max_method_loc = 387 (the worst one, budgeted; a count over a threshold stops pricing growth)

########## worst 5 cyclomatic (of 34 over 15) ##########
  custom_components/heatpump_optimizer/optimizer.py:2793  cc=48  optimize
  custom_components/heatpump_optimizer/sysid.py:1475  cc=47  identify
  custom_components/heatpump_optimizer/coordinator.py:5316  cc=41  _update_current_state
  custom_components/heatpump_optimizer/optimizer.py:7115  cc=38  get_current_action
  custom_components/heatpump_optimizer/thermal_model.py:2728  cc=37  simulate_trajectory_batch
  max_cc = 48 (the worst one, budgeted; sum_cc is refused -- see the module docstring)

########## .const import fan-out (names imported per module) ##########
  custom_components/heatpump_optimizer/config_flow.py: 356  > 50
  custom_components/heatpump_optimizer/coordinator.py: 263  > 50
  custom_components/heatpump_optimizer/thermal_model.py: 63  > 50
  custom_components/heatpump_optimizer/topology.py: 39
  custom_components/heatpump_optimizer/services.py: 35
  custom_components/heatpump_optimizer/optimizer.py: 32
  custom_components/heatpump_optimizer/comfort_band.py: 23
  custom_components/heatpump_optimizer/quick_setup.py: 21
  custom_components/heatpump_optimizer/modbus_prefill.py: 18
  custom_components/heatpump_optimizer/sensor.py: 16
  custom_components/heatpump_optimizer/pump_arbiter.py: 13
  custom_components/heatpump_optimizer/grid_fee.py: 12
  custom_components/heatpump_optimizer/wood_fuel.py: 12
  custom_components/heatpump_optimizer/away.py: 10
  custom_components/heatpump_optimizer/climate.py: 9
  custom_components/heatpump_optimizer/inputs.py: 9
  custom_components/heatpump_optimizer/price_model.py: 9
  custom_components/heatpump_optimizer/legionella.py: 8
  custom_components/heatpump_optimizer/pump_signals.py: 8
  custom_components/heatpump_optimizer/dhw_learning.py: 6
  custom_components/heatpump_optimizer/open_meteo.py: 6
  custom_components/heatpump_optimizer/device_prefill.py: 5
  custom_components/heatpump_optimizer/name_match.py: 5
  custom_components/heatpump_optimizer/silent_mode.py: 5
  custom_components/heatpump_optimizer/__init__.py: 4
  custom_components/heatpump_optimizer/disinfection.py: 4
  custom_components/heatpump_optimizer/setpoint_check.py: 4
  custom_components/heatpump_optimizer/external_heat.py: 3
  custom_components/heatpump_optimizer/binary_sensor.py: 2
  custom_components/heatpump_optimizer/diagnostics.py: 2
  custom_components/heatpump_optimizer/flow_lift.py: 2
  custom_components/heatpump_optimizer/switch.py: 2
  custom_components/heatpump_optimizer/sysid.py: 2
  custom_components/heatpump_optimizer/battery.py: 1
  custom_components/heatpump_optimizer/boost.py: 1
  custom_components/heatpump_optimizer/frontend.py: 1
  custom_components/heatpump_optimizer/pump_schedule.py: 1
  custom_components/heatpump_optimizer/repairs.py: 1
  custom_components/heatpump_optimizer/wear.py: 1

########## function-scope imports ##########
  custom_components/heatpump_optimizer/frontend.py:48  ImportFrom
  custom_components/heatpump_optimizer/grid_fee.py:262  ImportFrom
  custom_components/heatpump_optimizer/inputs.py:511  ImportFrom
  custom_components/heatpump_optimizer/optimizer.py:2301  Import
  custom_components/heatpump_optimizer/optimizer.py:2848  Import
  custom_components/heatpump_optimizer/optimizer.py:3899  Import
  custom_components/heatpump_optimizer/optimizer.py:6071  Import

########## dead top-level symbols ##########

########## dead methods (name never referenced in the package) ##########
  dead_methods = 0 (name never referenced in the package; the same screen as dead_top_level_symbols, one level in)

########## dynamic-reference allowlist (not counted above) ##########
  ok   custom_components/heatpump_optimizer/const.py  CONF_BUFFER_TANK_LOSS
         reached by thermal_model.py: getattr(x, f"CONF_{..}") off the literal 'BUFFER_TANK_LOSS'
         #338: _tabled_values row buffer_tank_heat_loss, sentinel-proven alive
  ok   custom_components/heatpump_optimizer/const.py  CONF_HOUSE_HEAT_LOSS_SCALE
         reached by thermal_model.py: getattr(x, f"CONF_{..}") off the literal 'HOUSE_HEAT_LOSS_SCALE'
         #338: _tabled_values row house_heat_loss_scale, sentinel-proven alive
  ok   custom_components/heatpump_optimizer/const.py  CONF_LOWER_FLOOR_LOSS_RATIO
         reached by thermal_model.py: getattr(x, f"CONF_{..}") off the literal 'LOWER_FLOOR_LOSS_RATIO'
         #338: _tabled_values row lower_floor_loss_ratio, sentinel-proven alive
  ok   custom_components/heatpump_optimizer/const.py  CONF_SOLAR_UPPER_FRACTION
         reached by thermal_model.py: getattr(x, f"CONF_{..}") off the literal 'SOLAR_UPPER_FRACTION'
         #338: _tabled_values row solar_upper_fraction, sentinel-proven alive

########## duplication (>= 10 normalized lines, across functions) ##########
  custom_components/heatpump_optimizer/config_flow.py:2640  async_step_building_extras  norm 20-29  10 lines
  custom_components/heatpump_optimizer/config_flow.py:2676  async_step_thermal  norm 28-37  10 lines
  custom_components/heatpump_optimizer/coordinator.py:4186  _async_learn_house_heat_loss  norm 48-62  15 lines
  custom_components/heatpump_optimizer/coordinator.py:4385  _async_learn_lower_floor_loss  norm 43-57  15 lines
  custom_components/heatpump_optimizer/optimizer.py:3934  _space_traj  norm 0-13  14 lines
  custom_components/heatpump_optimizer/optimizer.py:6161  _space_traj  norm 0-13  14 lines
  custom_components/heatpump_optimizer/optimizer.py:3996  objective_batch  norm 13-22  10 lines
  custom_components/heatpump_optimizer/optimizer.py:6225  objective_batch  norm 13-22  10 lines
  custom_components/heatpump_optimizer/tariff.py:808  peak_cost  norm 1-12  12 lines
  custom_components/heatpump_optimizer/tariff.py:876  peak_cost_smooth  norm 1-12  12 lines
  custom_components/heatpump_optimizer/thermal_model.py:2075  _simulate_step_two_zone  norm 1-13  13 lines
  custom_components/heatpump_optimizer/thermal_model.py:2386  simulate_step  norm 1-13  13 lines
  custom_components/heatpump_optimizer/thermal_model.py:2534  simulate_trajectory  norm 69-87  19 lines
  custom_components/heatpump_optimizer/thermal_model.py:3077  simulate_trajectory_with_dhw  norm 73-91  19 lines

########## coordinator seam table ##########
  internal self-method call occurrences: 317, crossing a seam: 136 (ratio 0.4290, evidence only)
  seam      methods  attrs  xattr  xmeth    cut
  dhw            16      3     66      7     73
  learning       26     40    228     57    285
  fetch          28     15     95     34    129
  grid           22     33    158     39    197
  views          15      3     90     20    110

########## RESULT lines ##########
RESULT attrbag_classes_over_30=1 count
RESULT classes_over_300=11 count
RESULT const_modules_over_50=3 count
RESULT coordinator_attrs=153 count
RESULT coordinator_loc=9032 count
RESULT coordinator_methods=225 count
RESULT coordinator_multiassigned_attrs=116 count
RESULT cross_seam_edges=136 count
RESULT cut_dhw=73 count
RESULT cut_fetch=129 count
RESULT cut_grid=197 count
RESULT cut_learning=285 count
RESULT cut_views=110 count
RESULT dead_methods=0 count
RESULT dead_top_level_symbols=0 count
RESULT duplication_blocks=14 count
RESULT functions_cc_over_15=34 count
RESULT functions_cc_over_25=8 count
RESULT internal_call_edges=317 count
RESULT local_imports=7 count
RESULT max_cc=48 count
RESULT max_class_loc=9032 count
RESULT max_method_loc=387 count
RESULT methods_over_150=18 count
RESULT methods_over_200=11 count
RESULT thread_factor=1.0 ratio

########## ratchet vs structure_budgets.json (recorded_at db878b29fa30) ##########
  ok   attrbag_classes_over_30 1 <= 1
  ok   classes_over_300 11 <= 11
  ok   const_modules_over_50 3 <= 3
  ok   coordinator_attrs 153 <= 153
  ok   coordinator_loc 9032 <= 9032
  ok   coordinator_methods 225 <= 225
  ok   coordinator_multiassigned_attrs 116 <= 116
  ok   cross_seam_edges 136 <= 136
  ok   cut_dhw 73 <= 73
  ok   cut_fetch 129 <= 129
  ok   cut_grid 197 <= 197
  ok   cut_learning 285 <= 285
  ok   cut_views 110 <= 110
  ok   dead_methods 0 <= 0
  ok   dead_top_level_symbols 0 <= 0
  ok   duplication_blocks 14 <= 14
  ok   functions_cc_over_15 34 <= 34
  ok   functions_cc_over_25 8 <= 8
  ok   internal_call_edges 317 <= 317
  ok   local_imports 7 <= 7
  ok   max_cc 48 <= 48
  ok   max_class_loc 9032 <= 9032
  ok   max_method_loc 387 <= 387
  ok   methods_over_150 18 <= 18
  ok   methods_over_200 11 <= 11

STRUCTURE RATCHET PASSED
