# window: 201 readable PR merges (+52 the API 404s) since 2026-09-17T04:58:00Z up to 1936d5ca72; unparsed merge subjects: 0
# ruleset 23698884 pull_request: dismiss_stale_reviews_on_push=False require_last_push_approval=False
# stale: owner#1621 owner#1619 owner#1623 owner#1605 owner#1497 owner#1581
# no verdict at merged head: [1573, 1554, 1503, 1444, 1445, 1442, 1426, 1423, 1439, 1436, 1430, 1358, 1362, 1349, 1351, 1350, 1345, 1348, 1344, 1347, 1343, 1342, 1341, 1261, 1254, 1257, 1253, 1251, 1244, 1246, 1252, 1249, 1247, 1243, 1248]
# pr-contract first run at merged head not success: [1478, 1423, 1433, 1439, 1360, 1364, 1257, 1253, 1251, 1244, 1246, 1249, 1247, 1243]
# merged PRs the API answers 404 for: [1165, 1164, 1163, 1161, 1162, 1160, 1158, 1159, 1157, 1156, 1154, 1153, 1150, 1152, 1149, 1142, 1147, 1141, 1140, 1132, 1133, 1124, 1130, 1129, 1126, 1120, 1125, 1119, 1106, 1122, 1123, 1115, 1121, 1117, 1118, 1116, 1113, 1112, 1114, 1111, 1110, 1109, 1108, 1107, 1105, 1097, 1101, 1103, 1102, 1099, 1100, 1098]
RESULT merges=201 count
RESULT merged_pr_unreadable=52 count
RESULT pr_head_sha_ne_merge_parent2=0 count
RESULT owner_judged=80 count
RESULT owner_approval_not_at_merged_head=6 count
# code-owned change after the owner's last approval, merged without an owner approval at head: ['#1621:tests/harness.py@ecb7af8e->99fcc3f2', '#1623:tests/mutation_table.py@0a1424cc->edf38de0']
RESULT owned_change_after_owner_approval=2 count
RESULT verdict_by_pr_author_at_head=20 count
RESULT app_judged=128 count
RESULT app_approval_not_at_merged_head=0 count
RESULT merges_with_any_approval_at_head=199 count
RESULT verdict_at_head=166/201 fraction
RESULT prc_first_green=187/201 fraction
RESULT red_answered=23/23 fraction
RESULT owner_agent_declared=29/90 fraction
RESULT owner_approval_empty_body=46/90 fraction
RESULT owner_gate_accepts_agent_declared=27/27 fraction
RESULT thread_factor=1.000
RESULT load1=2.50
RESULT swapins=0
