==========================================================================
DRIFT BASELINE CACHE MISS (no entry for this key) -- capturing 6ff749d6c1d61a311308c2373fb47ae1d9ff4198 from scratch
  key       14ec59a7219a1692f6f2d14b2e01bc686199cd9118fdf5b9d47358b1a29a6c61
  entry     /root/.cache/heatpump_optimizer/drift-baseline/14ec59a7219a1692f6f2d14b2e01bc686199cd9118fdf5b9d47358b1a29a6c61.json
    baseline_commit  1c4613c47921
    baseline_tree    35d65b077823
    cache_format     391552c099c1
    driver_sha256    fcf1fab278c8
    environment      054bbe233bdc
    interpreter      d14ab4b0536b
    mode             5cf7504d9781
    numeric_probe    cacff2cda4b5
    numpy_build      6411f37f1299
    packages         284bce1e279d
    platform         489d0b7c4371
    sensitive        541346c5f2b4
==========================================================================
  captured 56 scenarios from branch
  captured 56 scenarios from baseline
  cached   the 6ff749d6c1d61a311308c2373fb47ae1d9ff4198 baseline under key 14ec59a7219a1692 in /root/.cache/heatpump_optimizer/drift-baseline/14ec59a7219a1692f6f2d14b2e01bc686199cd9118fdf5b9d47358b1a29a6c61.json

########## committed fixtures: staleness (#347) ##########
  56 fixture(s) compared against this tree's capture; 1 of them float-free and compared exactly.

  values (reported, never failed): 34 fixture(s), 15913 leaf/leaves differ from the committed files in value alone.
  A float-bearing fixture can only be re-recorded honestly in the environment
  that records them all; a dev box would poison it. Nothing here is failed on.
  no committed fixture is stale
  ok    away_setback is byte-identical to 6ff749d6c1d61a311308c2373fb47ae1d9ff4198 here
  ok    building_preset is byte-identical to 6ff749d6c1d61a311308c2373fb47ae1d9ff4198 here
  ok    capacity_curve is byte-identical to 6ff749d6c1d61a311308c2373fb47ae1d9ff4198 here
  ok    capacity_tariff is byte-identical to 6ff749d6c1d61a311308c2373fb47ae1d9ff4198 here
  may-drift capacity_tariff_15min: did not move here (#1207 keep-gate (2e-2 -> 2e-5), owner)
  ok    confidence_margins is byte-identical to 6ff749d6c1d61a311308c2373fb47ae1d9ff4198 here
  ok    config_flow is byte-identical to 6ff749d6c1d61a311308c2373fb47ae1d9ff4198 here
  ok    cool_rainy_summer is byte-identical to 6ff749d6c1d61a311308c2373fb47ae1d9ff4198 here
  ok    coord_all_features is byte-identical to 6ff749d6c1d61a311308c2373fb47ae1d9ff4198 here
  ok    coord_dhw is byte-identical to 6ff749d6c1d61a311308c2373fb47ae1d9ff4198 here
  ok    coord_grid_fee is byte-identical to 6ff749d6c1d61a311308c2373fb47ae1d9ff4198 here
  ok    coord_minimal is byte-identical to 6ff749d6c1d61a311308c2373fb47ae1d9ff4198 here
  ok    coord_two_zone is byte-identical to 6ff749d6c1d61a311308c2373fb47ae1d9ff4198 here
  ok    cop_scale_learned is byte-identical to 6ff749d6c1d61a311308c2373fb47ae1d9ff4198 here
  may-drift cycling_cost: did not move here (#1207 keep-gate (2e-2 -> 2e-5), owner directive)
  ok    dhw_cold_tank is byte-identical to 6ff749d6c1d61a311308c2373fb47ae1d9ff4198 here
  ok    dhw_large_tank is byte-identical to 6ff749d6c1d61a311308c2373fb47ae1d9ff4198 here
  ok    dhw_learned_windows is byte-identical to 6ff749d6c1d61a311308c2373fb47ae1d9ff4198 here
  ok    dhw_schedule_off is byte-identical to 6ff749d6c1d61a311308c2373fb47ae1d9ff4198 here
  may-drift direct_flow_carnot: did not move here (#1207 keep-gate (2e-2 -> 2e-5), widened)
  may-drift everything_on: did not move here (#1207 keep-gate (2e-2 -> 2e-5), owner)
  ok    external_heat_active is byte-identical to 6ff749d6c1d61a311308c2373fb47ae1d9ff4198 here
  ok    extreme_prices is byte-identical to 6ff749d6c1d61a311308c2373fb47ae1d9ff4198 here
  may-drift flat_prices: did not move here (#1208 polish-every-candidate, owner ruling #1208 comment 208bed25)
  may-drift fuse_guard: did not move here (#1207 keep-gate (2e-2 -> 2e-5), widened to the)
  ok    horizon_48h is byte-identical to 6ff749d6c1d61a311308c2373fb47ae1d9ff4198 here
  ok    horizon_6h is byte-identical to 6ff749d6c1d61a311308c2373fb47ae1d9ff4198 here
  ok    legionella_due is byte-identical to 6ff749d6c1d61a311308c2373fb47ae1d9ff4198 here
  ok    legionella_due_low_setpoint is byte-identical to 6ff749d6c1d61a311308c2373fb47ae1d9ff4198 here
  ok    legionella_off is byte-identical to 6ff749d6c1d61a311308c2373fb47ae1d9ff4198 here
  ok    mild_windy_rain is byte-identical to 6ff749d6c1d61a311308c2373fb47ae1d9ff4198 here
  may-drift narrow_band: did not move here (#1207 keep-gate (2e-2 -> 2e-5), owner directive)
  ok    negative_prices is byte-identical to 6ff749d6c1d61a311308c2373fb47ae1d9ff4198 here
  ok    peak_masked is byte-identical to 6ff749d6c1d61a311308c2373fb47ae1d9ff4198 here
  may-drift precip_snow: did not move here (#1207 keep-gate (2e-2 -> 2e-5), widened to the)
  ok    price_risk is byte-identical to 6ff749d6c1d61a311308c2373fb47ae1d9ff4198 here
  may-drift shoulder: did not move here (#1207 keep-gate (2e-2 -> 2e-5), owner directive)
  may-drift shoulder_two_zone: did not move here (#1208 polish-every-candidate, third name)
  ok    start_above_band is byte-identical to 6ff749d6c1d61a311308c2373fb47ae1d9ff4198 here
  ok    start_below_band is byte-identical to 6ff749d6c1d61a311308c2373fb47ae1d9ff4198 here
  ok    summer_dhw_only is byte-identical to 6ff749d6c1d61a311308c2373fb47ae1d9ff4198 here
  may-drift tariff_plus_two_zone: did not move here (#1207 keep-gate (2e-2 -> 2e-5),)
  may-drift valve_storage: did not move here (#1207 keep-gate (2e-2 -> 2e-5), widened to)
  CLAIMED valve_storage_flat_prices: 806 leaves moved (R9-F2.1 follow-up two-zone half-price continuation start)
         valve_storage_flat_prices.buffer_temp_trajectory[1]: 32.952723 vs 32.779008
         valve_storage_flat_prices.buffer_temp_trajectory[2]: 33.947763 vs 33.159507
         valve_storage_flat_prices.buffer_temp_trajectory[3]: 34.938074 vs 33.439863
  ok    valve_storage_low_target is byte-identical to 6ff749d6c1d61a311308c2373fb47ae1d9ff4198 here
  CLAIMED valve_storage_small_tank: 789 leaves moved (R9-F2.1 follow-up two-zone half-price continuation start)
         valve_storage_small_tank.buffer_temp_trajectory[1]: 33.024334 vs 32.623481
         valve_storage_small_tank.buffer_temp_trajectory[2]: 33.993669 vs 33.072046
         valve_storage_small_tank.buffer_temp_trajectory[3]: 34.759187 vs 33.256424
  may-drift valve_storage_smart_write: did not move here (machine-sensitive; the DHW plan can reach it, per local optimum)
  MAY-DRIFT valve_upper_direct_slab: 676 leaves moved (machine-sensitive; the DHW plan can reach it, per local optimum)
         valve_upper_direct_slab.buffer_temp_trajectory[15]: 32.799723 vs 32.803319
         valve_upper_direct_slab.buffer_temp_trajectory[16]: 32.796294 vs 32.799017
         valve_upper_direct_slab.buffer_temp_trajectory[17]: 32.761897 vs 32.78767
         valve_upper_direct_slab.buffer_temp_trajectory[18]: 32.695718 vs 32.770454
         valve_upper_direct_slab.buffer_temp_trajectory[19]: 32.601922 vs 32.74854
         valve_upper_direct_slab.buffer_temp_trajectory[20]: 32.482152 vs 32.723085
         valve_upper_direct_slab.buffer_temp_trajectory[21]: 30.318266 vs 32.511682
         valve_upper_direct_slab.buffer_temp_trajectory[22]: 28.671061 vs 29.983623
         valve_upper_direct_slab.buffer_temp_trajectory[23]: 27.390143 vs 28.098752
         valve_upper_direct_slab.buffer_temp_trajectory[24]: 26.573233 vs 26.738629
  ok    wide_band is byte-identical to 6ff749d6c1d61a311308c2373fb47ae1d9ff4198 here
  ok    winter_single_dhw is byte-identical to 6ff749d6c1d61a311308c2373fb47ae1d9ff4198 here
  ok    winter_single_no_dhw is byte-identical to 6ff749d6c1d61a311308c2373fb47ae1d9ff4198 here
  may-drift winter_two_zone_dhw: did not move here (#1207 keep-gate (2e-2 -> 2e-5), owner)
  may-drift winter_two_zone_no_dhw: did not move here (#1208 polish-every-candidate, owner)
  may-drift wood_coil: did not move here (machine-sensitive; the DHW plan can reach it, per local optimum)
  may-drift wood_two_tank: did not move here (machine-sensitive; the DHW plan can reach it, per local optimum)
  may-drift wood_two_tank_smart_write: did not move here (machine-sensitive; the DHW plan can reach it, per local optimum)

1 MAY-DRIFT SCENARIO(S) MOVED, plan only
These fixtures are non-reproducible across BLAS builds; only
diffs outside MAY_DRIFT_JUDGED_KEYS are exempt. Plan drift
is printed rather than judged:
  valve_upper_direct_slab: machine-sensitive; the DHW plan can reach it, per local optimum
Read the leaf diffs above. Never re-record them on a
machine where golden.py already reports them as DIFF.

NO UNCLAIMED DRIFT: 56 scenario(s) checked against 6ff749d6c1d61a311308c2373fb47ae1d9ff4198
NO STALE FIXTURE: 56 committed fixture(s) still match what this tree computes
