DEAD const    const.py:1545 ENTITY_FAMILY_OVERRIDES
DEAD property coordinator.py:2893 HeatPumpOptimizerCoordinator.current_action
DEAD property coordinator.py:3015 HeatPumpOptimizerCoordinator.floor_return_temp
DEAD property coordinator.py:2885 HeatPumpOptimizerCoordinator.last_optimization
DEAD property coordinator.py:2889 HeatPumpOptimizerCoordinator.next_optimization
DEAD method   defrost.py:328 DefrostDerate.measured
DEAD property inputs.py:148 InputHealth.healthy
DEAD property open_meteo.py:109 IrradianceSeries.start
DEAD property open_meteo.py:276 OpenMeteoSolar.last_success
DEAD property optimizer.py:1583 _Horizon.weather
RESULT nodes_total=2785 count
RESULT reached=2774 count
RESULT dead_reachability_total=10 count
RESULT dead_func=0 count
RESULT dead_const=1 count
RESULT dead_method=1 count
RESULT dead_property=8 count
RESULT thread_factor=1.000
RESULT load1=0.69
RESULT swapins=0
rc=0
