RESULT runs_scanned=40 count
RESULT record_jobs=40 count
RESULT refusal_failed=39 count
RESULT histogram_ran=40 count
RESULT filer_selftest_ran=1 count
RESULT filer_ran=1 count
RESULT filer_skipped=39 count
RESULT filer_ran_with_refusal_failed=0 count
RESULT filer_ran_with_refusal_ok=1 count
RESULT window=2026-09-21T23:07:47Z..2026-09-23T03:35:06Z
RESULT filer_ran_runs=35701710582@2026-09-22T07:51:26Z
RESULT window_tag=v6.6.9
RESULT histogram_names_keys=names
RESULT filer_planned_file=1 count
RESULT filer_planned_update=1 count
RESULT filer_planned_update_of_closed=1 count
RESULT filer_planned_file_perturbed=0 count
RESULT filer_planned_update_perturbed=0 count
RESULT friction_issues_in_repo=14 count
RESULT friction_issues_open=0 count
RESULT friction_issues_closed=14 count
RESULT friction_issue_numbers=1041,1060,1069,1070,1078,1079,1087,1093,1094,1095,1104,1127,1128,1131
RESULT api_failures=0 count
RESULT thread_factor=1.0000
RESULT load1=8.46
RESULT swapins=90716748
