2.96 2.71 1.49 4/159 4125

=== Stress and economics ===
RESULT typical_slab_s0.01_dt0.25_admitted=2 count
RESULT typical_slab_s0.01_dt0.25_admitted_missed=2 count
RESULT typical_slab_s0.01_dt0.25_finite_interval_fits=3 count
RESULT typical_slab_s0.01_dt0.25_finite_interval_missed=2 count
RESULT typical_slab_s0.01_dt0.5_admitted=3 count
RESULT typical_slab_s0.01_dt0.5_admitted_missed=1 count
RESULT typical_slab_s0.01_dt0.5_finite_interval_fits=4 count
RESULT typical_slab_s0.01_dt0.5_finite_interval_missed=1 count
RESULT typical_slab_s0.02_dt0.25_admitted=1 count
RESULT typical_slab_s0.02_dt0.25_admitted_missed=1 count
RESULT typical_slab_s0.02_dt0.25_finite_interval_fits=1 count
RESULT typical_slab_s0.02_dt0.25_finite_interval_missed=1 count
RESULT typical_slab_s0.02_dt0.5_admitted=0 count
RESULT typical_slab_s0.02_dt0.5_admitted_missed=0 count
RESULT typical_slab_s0.02_dt0.5_finite_interval_fits=0 count
RESULT typical_slab_s0.02_dt0.5_finite_interval_missed=0 count
RESULT typical_slab_s0.05_dt0.25_admitted=0 count
RESULT typical_slab_s0.05_dt0.25_admitted_missed=0 count
RESULT typical_slab_s0.05_dt0.25_finite_interval_fits=0 count
RESULT typical_slab_s0.05_dt0.25_finite_interval_missed=0 count
RESULT typical_slab_s0.05_dt0.5_admitted=0 count
RESULT typical_slab_s0.05_dt0.5_admitted_missed=0 count
RESULT typical_slab_s0.05_dt0.5_finite_interval_fits=0 count
RESULT typical_slab_s0.05_dt0.5_finite_interval_missed=0 count
RESULT heavy_old_s0.01_dt0.25_admitted=7 count
RESULT heavy_old_s0.01_dt0.25_admitted_missed=2 count
RESULT heavy_old_s0.01_dt0.25_finite_interval_fits=7 count
RESULT heavy_old_s0.01_dt0.25_finite_interval_missed=2 count
RESULT heavy_old_s0.01_dt0.5_admitted=4 count
RESULT heavy_old_s0.01_dt0.5_admitted_missed=3 count
RESULT heavy_old_s0.01_dt0.5_finite_interval_fits=4 count
RESULT heavy_old_s0.01_dt0.5_finite_interval_missed=3 count
RESULT heavy_old_s0.02_dt0.25_admitted=2 count
RESULT heavy_old_s0.02_dt0.25_admitted_missed=2 count
RESULT heavy_old_s0.02_dt0.25_finite_interval_fits=2 count
RESULT heavy_old_s0.02_dt0.25_finite_interval_missed=2 count
RESULT heavy_old_s0.02_dt0.5_admitted=1 count
RESULT heavy_old_s0.02_dt0.5_admitted_missed=1 count
RESULT heavy_old_s0.02_dt0.5_finite_interval_fits=1 count
RESULT heavy_old_s0.02_dt0.5_finite_interval_missed=1 count
RESULT heavy_old_s0.05_dt0.25_admitted=1 count
RESULT heavy_old_s0.05_dt0.25_admitted_missed=1 count
RESULT heavy_old_s0.05_dt0.25_finite_interval_fits=1 count
RESULT heavy_old_s0.05_dt0.25_finite_interval_missed=1 count
RESULT heavy_old_s0.05_dt0.5_admitted=1 count
RESULT heavy_old_s0.05_dt0.5_admitted_missed=1 count
RESULT heavy_old_s0.05_dt0.5_finite_interval_fits=1 count
RESULT heavy_old_s0.05_dt0.5_finite_interval_missed=1 count
RESULT admitted_total=22 count
RESULT admitted_missed_total=14 count
RESULT admitted_miss_rate=0.636 ratio
RESULT finite_interval_miss_rate=0.583 ratio
RESULT admitted_bias_mean=+7.26 %
RESULT admitted_bias_positive=21 count
RESULT admitted_bias_max=+18.64 %
RESULT adopted_scale_err_mean=+2.71 %
RESULT adopted_scale_err_max=+8.95 %
RESULT cells_with_admissions=9 count
RESULT cell_miss_rate_min=0.286 ratio
RESULT cell_miss_rate_max=1.000 ratio
RESULT miss_rate_drop_worst_cell=0.611 ratio
RESULT thread_factor=1.000
RESULT load1=3.05
RESULT swapins=0
exit=0
3.05 2.75 1.53 3/159 4200
