=== Golden characterization ===

  GOLDEN_MODE=strict (set)   GOLDEN_REF=origin/main (unset, defaulting to the fork point)

  ok   winter_single_dhw
  DIFF winter_two_zone_dhw
         deferred_energy_cost: 13.396819 -> 13.346157
         displace_schedule: 76/96 values differ, first at index 20: 18.8 -> 16.4
         lower_setpoints: 41/96 values differ, first at index 20: 23.5 -> 21.0
         lower_temp_trajectory: 75/97 values differ, first at index 22: 21.137961 -> 21.13109
         optimal_setpoints: 42/96 values differ, first at index 20: 22.6 -> 20.4
         power_schedule: 47/96 values differ, first at index 20: 5.641436 -> 3.873785
         ... and 8 more fields
  ok   winter_single_no_dhw
  DIFF winter_two_zone_no_dhw
         compressor_starts: 3 -> 4
         deferred_energy_cost: 11.434837 -> 12.874291
         displace_schedule: 76/96 values differ, first at index 20: 17.4 -> 16.1
         heat_pump_on_schedule: 7/96 values differ, first at index 85: True -> False
         lower_setpoints: 42/96 values differ, first at index 20: 21.5 -> 20.2
         lower_temp_trajectory: 75/97 values differ, first at index 22: 21.303394 -> 21.299711
         ... and 10 more fields
  ok   summer_dhw_only
  DIFF shoulder
         deferred_energy_cost: -1.827738 -> -1.827628
         displace_schedule: 6/96 values differ, first at index 42: -19.1 -> -19.0
         lower_temp_trajectory: 64/97 values differ, first at index 33: 19.903813 -> 19.903859
         power_schedule: 40/96 values differ, first at index 31: 0.086098 -> 0.101495
         predicted_cost: 3.781048 -> 3.77554
         predicted_savings: 11.88779 -> 11.893187
         ... and 6 more fields
  DIFF shoulder_two_zone
         deferred_energy_cost: -0.269921 -> -0.333726
         displace_schedule: 36/96 values differ, first at index 12: -17.8 -> -18.1
         heat_pump_on_schedule: 1/96 values differ, first at index 12: True -> False
         lower_setpoints: 14/96 values differ, first at index 12: 17.6 -> 17.0
         lower_temp_trajectory: 85/97 values differ, first at index 12: 20.633784 -> 20.630062
         optimal_setpoints: 14/96 values differ, first at index 12: 17.5 -> 17.0
         ... and 10 more fields
  ok   extreme_prices
  ok   negative_prices
  DIFF flat_prices
         compressor_starts: 5 -> 6
         deferred_energy_cost: 4.782463 -> 3.082065
         displace_schedule: 84/96 values differ, first at index 1: 1.5 -> 1.8
         heat_pump_on_schedule: 13/96 values differ, first at index 11: True -> False
         lower_temp_trajectory: 94/97 values differ, first at index 3: 20.748882 -> 20.749568
         optimal_setpoints: 59/96 values differ, first at index 1: 22.6 -> 23.0
         ... and 9 more fields
  DIFF mild_windy_rain
         power_schedule: 3/96 values differ, first at index 2: 0.389791 -> 0.38979
         slab_temp_trajectory: 1/97 values differ, first at index 63: 22.973628 -> 22.973629
  DIFF cool_rainy_summer
         deferred_energy_cost: 0.010383 -> 0.035951
         displace_schedule: 24/96 values differ, first at index 56: -19.4 -> -20.0
         heat_pump_on_schedule: 2/96 values differ, first at index 55: True -> False
         lower_temp_trajectory: 41/97 values differ, first at index 56: 20.663371 -> 20.662954
         optimal_setpoints: 3/96 values differ, first at index 56: 17.6 -> 17.0
         power_schedule: 5/96 values differ, first at index 54: 0.106061 -> 0.0
         ... and 8 more fields
  ok   legionella_due
  ok   legionella_off
  ok   legionella_due_low_setpoint
  ok   dhw_schedule_off
  ok   dhw_learned_windows
  DIFF dhw_cold_tank
         deferred_energy_cost: 32.087369 -> 32.087511
         displace_schedule: 6/96 values differ, first at index 20: 11.7 -> 11.8
         lower_temp_trajectory: 73/97 values differ, first at index 22: 20.259998 -> 20.260139
         optimal_setpoints: 1/96 values differ, first at index 20: 17.0 -> 17.1
         power_schedule: 7/96 values differ, first at index 20: 0.976095 -> 1.064501
         predicted_cost: 30.980964 -> 30.97983
         ... and 6 more fields
  ok   dhw_large_tank
  DIFF start_below_band
         deferred_energy_cost: 30.37097 -> 30.422246
         displace_schedule: 27/96 values differ, first at index 51: 16.4 -> 19.6
         heat_pump_on_schedule: 4/96 values differ, first at index 52: False -> True
         lower_temp_trajectory: 44/97 values differ, first at index 53: 16.929939 -> 16.934101
         optimal_setpoints: 6/96 values differ, first at index 51: 19.6 -> 22.5
         power_schedule: 11/96 values differ, first at index 51: 3.172991 -> 5.58575
         ... and 6 more fields
  ok   start_above_band
  DIFF narrow_band
         deferred_energy_cost: 0.689792 -> 0.167328
         dhw_heating_cost: 8.002513 -> 7.961193
         dhw_power_schedule: 16/96 values differ, first at index 15: 0.6 -> 0.0
         dhw_reasons: 5/96 values differ, first at index 15: dhw_preheat -> idle
         dhw_temp_trajectory: 66/97 values differ, first at index 16: 54.075267 -> 53.457649
         displace_schedule: 80/96 values differ, first at index 15: 18.0 -> 18.6
         ... and 12 more fields
  ok   wide_band
  DIFF horizon_48h
         deferred_energy_cost: 31.746254 -> 31.924586
         displace_schedule: 133/192 values differ, first at index 20: 14.9 -> 14.8
         heat_pump_on_schedule: 8/192 values differ, first at index 49: True -> False
         lower_temp_trajectory: 171/193 values differ, first at index 22: 20.577897 -> 20.577774
         optimal_setpoints: 38/192 values differ, first at index 20: 19.5 -> 19.4
         power_schedule: 87/192 values differ, first at index 20: 3.099519 -> 3.02204
         ... and 7 more fields
  ok   horizon_6h
  DIFF capacity_tariff
         deferred_energy_cost: 26.948242 -> 32.76441
         displace_schedule: 81/96 values differ, first at index 0: -3.1 -> -3.2
         lower_temp_trajectory: 95/97 values differ, first at index 2: 20.822556 -> 20.822301
         optimal_setpoints: 31/96 values differ, first at index 0: 17.1 -> 17.0
         power_schedule: 36/96 values differ, first at index 0: 1.049097 -> 0.922271
         predicted_cost: 37.769391 -> 29.14665
         ... and 6 more fields
  DIFF capacity_tariff_15min
         deferred_energy_cost: 27.15415 -> 29.000538
         displace_schedule: 79/96 values differ, first at index 7: 7.6 -> 7.5
         heat_pump_on_schedule: 22/96 values differ, first at index 20: True -> False
         lower_temp_trajectory: 95/97 values differ, first at index 2: 20.822455 -> 20.822453
         optimal_setpoints: 25/96 values differ, first at index 13: 21.7 -> 21.8
         power_schedule: 58/96 values differ, first at index 0: 0.999004 -> 0.997805
         ... and 7 more fields
  DIFF cycling_cost
         deferred_energy_cost: 27.756276 -> 27.276829
         displace_schedule: 25/96 values differ, first at index 20: 14.5 -> 13.6
         heat_pump_on_schedule: 1/96 values differ, first at index 63: True -> False
         lower_temp_trajectory: 75/97 values differ, first at index 22: 20.575151 -> 20.57399
         optimal_setpoints: 7/96 values differ, first at index 20: 18.8 -> 17.9
         power_schedule: 23/96 values differ, first at index 20: 2.472228 -> 1.741792
         ... and 7 more fields
  ok   external_heat_active
  ok   cop_scale_learned
  DIFF away_setback
         deferred_energy_cost: 0.791512 -> 1.492571
         displace_schedule: 37/96 values differ, first at index 51: -17.3 -> -17.5
         lower_temp_trajectory: 82/97 values differ, first at index 15: 19.61275 -> 19.612751
         optimal_setpoints: 8/96 values differ, first at index 51: 17.4 -> 17.3
         power_schedule: 27/96 values differ, first at index 12: 0.0 -> 1.8e-05
         predicted_cost: 32.289067 -> 31.520891
         ... and 6 more fields
  ok   building_preset
  DIFF valve_storage
         buffer_temp_trajectory: 96/97 values differ, first at index 1: 32.951421 -> 32.272645
         deferred_energy_cost: 16.690614 -> 22.055138
         displace_schedule: 95/96 values differ, first at index 0: 3.3 -> 1.8
         heat_pump_on_schedule: 16/96 values differ, first at index 20: True -> False
