########## RESULT lines ##########
RESULT closed_prod_tests/backtest.py=11 count
RESULT closed_prod_tests/card.mjs=45 count
RESULT closed_prod_tests/card_drift.mjs=45 count
RESULT closed_prod_tests/config_flow_steps.py=63 count
RESULT closed_prod_tests/deployment_shape.py=64 count
RESULT closed_prod_tests/edge.py=11 count
RESULT closed_prod_tests/entities.py=64 count
RESULT closed_prod_tests/env_drift.py=64 count
RESULT closed_prod_tests/features.py=61 count
RESULT closed_prod_tests/frontend.py=2 count
RESULT closed_prod_tests/golden.py=64 count
RESULT closed_prod_tests/guard_pins.py=14 count
RESULT closed_prod_tests/ha_contract.py=0 count
RESULT closed_prod_tests/harness_headers.py=0 count
RESULT closed_prod_tests/manual_plan.py=47 count
RESULT closed_prod_tests/open_meteo.py=2 count
RESULT closed_prod_tests/optimality.py=11 count
RESULT closed_prod_tests/plan_view.py=45 count
RESULT closed_prod_tests/solar_alignment.py=45 count
RESULT closed_prod_tests/stress.py=12 count
RESULT closed_prod_tests/structure.py=64 count
RESULT closed_prod_tests/typing_ruler.py=64 count
RESULT closed_prod_tests/validate.py=11 count
RESULT closed_prod_tests/wood_advisor.py=47 count
RESULT forced_scripts=6 count
RESULT forced_suite_s=55.1 s
RESULT forced_script_tests/deployment_shape.py=1.5 recorded_s
RESULT forced_script_tests/entities.py=51.1 recorded_s
RESULT forced_script_tests/env_drift.py=0.4 recorded_s
RESULT forced_script_tests/golden.py=0.4 recorded_s
RESULT forced_script_tests/structure.py=1.6 recorded_s
RESULT forced_script_tests/typing_ruler.py=0.1 recorded_s
RESULT overlap_top1=1.0 ratio (tests/structure.py vs tests/typing_ruler.py, 64 shared)
RESULT overlap_top2=1.0 ratio (tests/plan_view.py vs tests/solar_alignment.py, 45 shared)
RESULT overlap_top3=1.0 ratio (tests/optimality.py vs tests/validate.py, 11 shared)
RESULT overlap_top4=1.0 ratio (tests/golden.py vs tests/typing_ruler.py, 64 shared)
RESULT overlap_top5=1.0 ratio (tests/golden.py vs tests/structure.py, 64 shared)
RESULT overlap_top6=1.0 ratio (tests/env_drift.py vs tests/typing_ruler.py, 64 shared)
RESULT overlap_top7=1.0 ratio (tests/env_drift.py vs tests/structure.py, 64 shared)
RESULT overlap_top8=1.0 ratio (tests/env_drift.py vs tests/golden.py, 64 shared)
RESULT overlap_top9=1.0 ratio (tests/entities.py vs tests/typing_ruler.py, 64 shared)
RESULT overlap_top10=1.0 ratio (tests/entities.py vs tests/structure.py, 64 shared)
RESULT overlap_top11=1.0 ratio (tests/entities.py vs tests/golden.py, 64 shared)
RESULT overlap_top12=1.0 ratio (tests/entities.py vs tests/env_drift.py, 64 shared)
RESULT checks_per_solve_tests/backtest.py=n/a ratio (12 checks / 0 solve sites)
RESULT checks_per_solve_tests/config_flow_steps.py=n/a ratio (277 checks / 0 solve sites)
RESULT checks_per_solve_tests/deployment_shape.py=n/a ratio (16 checks / 0 solve sites)
RESULT checks_per_solve_tests/edge.py=n/a ratio (9 checks / 0 solve sites)
RESULT checks_per_solve_tests/entities.py=628.0 ratio (1256 checks / 2 solve sites)
RESULT checks_per_solve_tests/env_drift.py=0.0 ratio (0 checks / 4 solve sites)
RESULT checks_per_solve_tests/features.py=98.93 ratio (2770 checks / 28 solve sites)
RESULT checks_per_solve_tests/frontend.py=n/a ratio (19 checks / 0 solve sites)
RESULT checks_per_solve_tests/golden.py=0.0 ratio (0 checks / 3 solve sites)
RESULT checks_per_solve_tests/guard_pins.py=n/a ratio (6 checks / 0 solve sites)
RESULT checks_per_solve_tests/ha_contract.py=n/a ratio (24 checks / 0 solve sites)
RESULT checks_per_solve_tests/harness_headers.py=n/a ratio (6 checks / 0 solve sites)
RESULT checks_per_solve_tests/manual_plan.py=n/a ratio (76 checks / 0 solve sites)
RESULT checks_per_solve_tests/open_meteo.py=n/a ratio (65 checks / 0 solve sites)
RESULT checks_per_solve_tests/optimality.py=n/a ratio (19 checks / 0 solve sites)
RESULT checks_per_solve_tests/plan_view.py=n/a ratio (0 checks / 0 solve sites)
RESULT checks_per_solve_tests/solar_alignment.py=n/a ratio (15 checks / 0 solve sites)
RESULT checks_per_solve_tests/stress.py=3.55 ratio (78 checks / 22 solve sites)
RESULT checks_per_solve_tests/structure.py=n/a ratio (0 checks / 0 solve sites)
RESULT checks_per_solve_tests/typing_ruler.py=n/a ratio (22 checks / 0 solve sites)
RESULT checks_per_solve_tests/validate.py=n/a ratio (0 checks / 0 solve sites)
RESULT checks_per_solve_tests/wood_advisor.py=n/a ratio (7 checks / 0 solve sites)
RESULT wall_ratio_tests/card.mjs=1.92 ratio (median 9.2s measured / 4.8s recorded)
RESULT wall_ratio_tests/card_drift.mjs=1.38 ratio (median 4.0s measured / 2.9s recorded)
RESULT wall_ratio_tests/config_flow_steps.py=0.81 ratio (median 13.6s measured / 16.8s recorded)
RESULT wall_ratio_tests/deployment_shape.py=1.33 ratio (median 2.0s measured / 1.5s recorded)
RESULT wall_ratio_tests/entities.py=1.34 ratio (median 68.5s measured / 51.1s recorded)
RESULT wall_ratio_tests/env_drift.py=753.75 ratio (median 301.5s measured / 0.4s recorded)
RESULT wall_ratio_tests/features.py=1.15 ratio (median 155.9s measured / 136.1s recorded)
RESULT wall_ratio_tests/frontend.py=n/a ratio (median 0.1s measured, not recorded)
RESULT wall_ratio_tests/guard_pins.py=1.75 ratio (median 0.7s measured / 0.4s recorded)
RESULT wall_ratio_tests/manual_plan.py=1.4 ratio (median 6.3s measured / 4.5s recorded)
RESULT wall_ratio_tests/optimality.py=2.04 ratio (median 85.8s measured / 42.0s recorded)
RESULT wall_ratio_tests/plan_view.py=1.25 ratio (median 1.0s measured / 0.8s recorded)
RESULT wall_ratio_tests/solar_alignment.py=1.6 ratio (median 0.8s measured / 0.5s recorded)
RESULT wall_ratio_tests/structure.py=1.0 ratio (median 1.6s measured / 1.6s recorded)
RESULT wall_ratio_tests/typing_ruler.py=6.0 ratio (median 0.6s measured / 0.1s recorded)
RESULT wall_ratio_tests/validate.py=1.79 ratio (median 33.6s measured / 18.8s recorded)
RESULT wall_ratio_tests/wood_advisor.py=1.17 ratio (median 0.7s measured / 0.6s recorded)
RESULT load1=5.18 load
RESULT thread_factor=1.0 ratio
RESULT swapins=0 count
RESULT contention_note=shared box; every wall number is provisional
