RESULT curve_bias_max_7day_drop_k=0.600 K
true  docs/ecl110.md:15        ON threshold max(0.1, half min power) at min power 1.0 -- [False, True, False, True]
true  docs/ecl110.md:15        ON threshold max(0.1, half min power) at min power 0.1 -- [False, True, False, True]
true  docs/ecl110.md:15        ON threshold max(0.1, half min power) at min power 3.0 -- [False, True, False, True]
true  docs/ecl110.md:21        weather anticipation bias applies over the first eight hours -- 32 steps = 8.0 h
true  docs/ecl110.md:130       lag moves interval/time-constant of the remaining distance -- first-step fraction 0.1650 vs dt/tau 0.1667 (dt=0.25 h)
FALSE docs/ecl110.md:31        curve bias moves at most 0.5 K per week -- largest 7-day drop 0.600 K
true  docs/ecl110.md:30        curve bias may only cool (never > 0) -- range [-4.00, 0.00]
true  docs/automations.md:60   economy: 1.5 C below floor 19.0, never below 15 -- got 17.5
true  docs/automations.md:60   economy: 1.5 C below floor 16.0, never below 15 -- got 15.0
true  docs/automations.md:14   fuse only: headroom = fuse - house draw -- {'available': True, 'limit_kw': 11.04, 'headroom_kw': 8.04, 'baseline_source': 'house meter', 'limit_source': 'main fuse'}
true  docs/automations.md:19   tariff only, no peak yet: 0.0 kW and the named limit_source -- {'available': True, 'limit_kw': 0.0, 'headroom_kw': 0.0, 'baseline_source': 'house meter', 'limit_source': 'capacity tariff with no peak reference yet'}
true  docs/automations.md:23   no fuse, no tariff: unavailable -- {'available': False}
true  docs/automations.md:15   clamped at zero when the draw exceeds the limit -- {'available': True, 'limit_kw': 0.69, 'headroom_kw': 0.0, 'baseline_source': 'house meter', 'limit_source': 'main fuse'}
true  docs/automations.md:7    entity ids fixed regardless of entry name -- 75 entities; differ 0; off-prefix []
RESULT behaviour_claims=14 count
RESULT behaviour_claims_false=1 count
RESULT thread_factor=1.000
RESULT load1=1.14
RESULT swapins=0
