0 102 0011bc73dd6e
1 102 0323c5b8df9d
2 102 043ed1591b17
3 102 07bdc557d3aa
4 102 0cd6c79618a0
5 102 0f9eb71a4452
6 102 1291f3f2a601
7 102 137b6d59a59f
8 102 14a3833dd37e
9 102 2128a825a4fe
10 102 26f15eb0cf25
11 102 296e27345f48
12 102 2a45102143be
13 102 2ab9b84d5009
14 102 2e0d3d960d76
15 102 2fdee33e4e9c
16 102 3063c1cec56d
17 102 31394964bb13
18 102 32e2d8e482c6
19 102 33cedffa89f2
20 102 3490cb16ec0a
21 102 364d9b4155e4
22 102 38dffe367d93
23 102 39ba037aaab6
24 102 3b3204057568
25 102 3bae92d9620a
26 102 3defa2d58879
27 102 3e5aba6a1daf
28 102 3e9f1878bdae
29 102 3f78703961e1
30 102 44a6351d8b67
31 102 4753e187b1b5
32 102 496cc4238d9a
33 102 4a7bdb696c9a
34 102 4b6e07651743
35 102 4da4ccec3625
36 102 4ef5ffb10117
37 102 4f8088e8f009
38 102 5117ad12685a
39 102 51eb14fb6704
40 102 52d38d955e41
41 102 5395394da9d8
42 102 546b4924ff00
43 102 56cb00279777
44 102 5a2a62ff10f4
45 102 5a4e6ff9a3f9
46 102 5b9033445831
47 102 5f6ada5e2568
48 102 67e1cf33cac8
49 102 686239d26d8c
50 102 697810764c1f
51 102 6be3cbec2b8e
52 102 7952d8f9e4fb
53 102 7be8738ed399
54 102 7d47e80ee535
55 102 8281f544b2a2
56 102 8454c07d10d5
57 102 86c95c3facfa
58 102 8827452e1e2b
59 102 89d1ddf58197
60 102 8ae836972392
61 102 8bc4c661c954
62 102 8ff6827a9c22
63 102 97dc04f249ec
64 102 9896ddba8ea3
65 102 99255d625242
66 102 9a0d4c5eb433
67 102 9ac2d02cc362
68 102 9c1de0cac33f
69 102 9ce2a63e09c4
70 102 a1bdb11c1333
71 102 a26bb765495a
72 102 a2afe933403e
73 102 aa2677baaa4e
74 102 acf5264d14c2
75 102 b2fadf6e0bd3
76 102 b6a21f112366
77 102 b7f4bffa13d9
78 102 bf47f9e1dac1
79 102 c197b018d8fd
80 102 c27a6d32c6c6
81 102 c2a0448d076e
82 102 c54b20d27da0
83 102 c59672bc8b2a
84 102 c5fcfb17d728
85 102 ca711b561dbb
86 102 ca937daae5a2
87 102 cdbca7067989
88 102 d04ed89f7739
89 102 d1f798cbfe11
90 102 d259ab4a2179
91 102 d40de99437d1
92 102 d5db294278d3
93 102 d979110c79b2
94 102 d9d5e9f1deb4
95 102 df7db82152fa
96 102 e4bc3756d47c
97 102 ec263d821622
98 102 ee13f67e0146
99 102 f2d7a502c051
100 102 f74e981a0ebd
101 102 ff30236d6052
