cell 1/85 coord_minimal+none status=optimal 0.5s
cell 2/85 coord_minimal+weather_only status=optimal 0.4s
cell 3/85 coord_minimal+dhw status=optimal 0.8s
cell 4/85 coord_minimal+two_zone status=optimal 0.9s
cell 5/85 coord_minimal+valve_storage status=optimal 1.5s
cell 6/85 coord_minimal+two_tank status=optimal 2.1s
cell 7/85 coord_minimal+coil status=optimal 3.6s
cell 8/85 coord_minimal+wood status=optimal 0.5s
cell 9/85 coord_minimal+ecl110 status=optimal 0.5s
cell 10/85 coord_minimal+pv status=optimal 1.8s
cell 11/85 coord_minimal+capacity_tariff status=optimal 0.7s
cell 12/85 coord_minimal+grid_fee status=optimal 0.5s
cell 13/85 coord_minimal+tuya status=optimal 0.5s
cell 14/85 coord_minimal+away status=optimal 0.1s
cell 15/85 coord_minimal+measured_power status=optimal 0.6s
cell 16/85 coord_minimal+probes status=optimal 0.5s
cell 17/85 coord_minimal+frequency status=optimal 0.5s
cell 18/85 coord_dhw+none status=optimal 0.8s
cell 19/85 coord_dhw+weather_only status=optimal 0.7s
cell 20/85 coord_dhw+dhw status=optimal 0.8s
cell 21/85 coord_dhw+two_zone status=optimal 1.1s
cell 22/85 coord_dhw+valve_storage status=optimal 2.3s
cell 23/85 coord_dhw+two_tank status=optimal 3.6s
cell 24/85 coord_dhw+coil status=optimal 3.7s
cell 25/85 coord_dhw+wood status=optimal 0.8s
cell 26/85 coord_dhw+ecl110 status=optimal 0.9s
cell 27/85 coord_dhw+pv status=optimal 2.6s
cell 28/85 coord_dhw+capacity_tariff status=optimal 1.3s
cell 29/85 coord_dhw+grid_fee status=optimal 0.6s
cell 30/85 coord_dhw+tuya status=optimal 0.9s
cell 31/85 coord_dhw+away status=optimal 0.2s
cell 32/85 coord_dhw+measured_power status=optimal 0.8s
cell 33/85 coord_dhw+probes status=optimal 0.5s
cell 34/85 coord_dhw+frequency status=optimal 0.8s
cell 35/85 coord_two_zone+none status=optimal 0.9s
cell 36/85 coord_two_zone+weather_only status=optimal 1.0s
cell 37/85 coord_two_zone+dhw status=optimal 1.0s
cell 38/85 coord_two_zone+two_zone status=optimal 0.9s
cell 39/85 coord_two_zone+valve_storage status=optimal 1.7s
cell 40/85 coord_two_zone+two_tank status=optimal 2.4s
cell 41/85 coord_two_zone+coil status=optimal 3.4s
cell 42/85 coord_two_zone+wood status=optimal 0.9s
cell 43/85 coord_two_zone+ecl110 status=optimal 0.9s
cell 44/85 coord_two_zone+pv status=optimal 5.0s
cell 45/85 coord_two_zone+capacity_tariff status=optimal 1.4s
cell 46/85 coord_two_zone+grid_fee status=optimal 0.8s
cell 47/85 coord_two_zone+tuya status=optimal 0.9s
cell 48/85 coord_two_zone+away status=optimal 1.6s
cell 49/85 coord_two_zone+measured_power status=optimal 0.9s
cell 50/85 coord_two_zone+probes status=optimal 1.1s
cell 51/85 coord_two_zone+frequency status=optimal 0.9s
cell 52/85 coord_grid_fee+none status=optimal 0.5s
cell 53/85 coord_grid_fee+weather_only status=optimal 0.5s
cell 54/85 coord_grid_fee+dhw status=optimal 0.6s
cell 55/85 coord_grid_fee+two_zone status=optimal 0.8s
cell 56/85 coord_grid_fee+valve_storage status=optimal 2.1s
cell 57/85 coord_grid_fee+two_tank status=optimal 2.3s
cell 58/85 coord_grid_fee+coil status=optimal 2.7s
cell 59/85 coord_grid_fee+wood status=optimal 0.5s
cell 60/85 coord_grid_fee+ecl110 status=optimal 0.5s
cell 61/85 coord_grid_fee+pv status=optimal 2.1s
cell 62/85 coord_grid_fee+capacity_tariff status=optimal 0.7s
cell 63/85 coord_grid_fee+grid_fee status=optimal 0.5s
cell 64/85 coord_grid_fee+tuya status=optimal 0.5s
cell 65/85 coord_grid_fee+away status=optimal 0.1s
cell 66/85 coord_grid_fee+measured_power status=optimal 0.4s
cell 67/85 coord_grid_fee+probes status=optimal 0.8s
cell 68/85 coord_grid_fee+frequency status=optimal 0.5s
cell 69/85 coord_all_features+none status=optimal 4.7s
cell 70/85 coord_all_features+weather_only status=optimal 3.4s
cell 71/85 coord_all_features+dhw status=optimal 4.8s
cell 72/85 coord_all_features+two_zone status=optimal 3.7s
cell 73/85 coord_all_features+valve_storage status=optimal 5.9s
cell 74/85 coord_all_features+two_tank status=optimal 4.4s
cell 75/85 coord_all_features+coil status=optimal 4.6s
cell 76/85 coord_all_features+wood status=optimal 4.8s
cell 77/85 coord_all_features+ecl110 status=optimal 4.7s
cell 78/85 coord_all_features+pv status=optimal 3.9s
cell 79/85 coord_all_features+capacity_tariff status=optimal 7.6s
cell 80/85 coord_all_features+grid_fee status=optimal 2.9s
cell 81/85 coord_all_features+tuya status=optimal 4.6s
cell 82/85 coord_all_features+away status=optimal 0.8s
cell 83/85 coord_all_features+measured_power status=optimal 2.7s
cell 84/85 coord_all_features+probes status=optimal 4.7s
cell 85/85 coord_all_features+frequency status=optimal 4.8s
RESULT cells=85 count
RESULT entities=65 count
RESULT snapshots=11050 count
RESULT exceptions=0 count
RESULT unknown_where_data_exists=0 count
RESULT type_violations=0 count
RESULT numpy_state=30 count
RESULT metadata_violations=0 count
RESULT unserialisable_attributes=3630 count
RESULT numpy_attribute_sites=3 count
RESULT nonfinite_attributes=0 count
RESULT set_attributes=0 count
RESULT nonstr_keys=0 count
RESULT stale_entities=0 count
RESULT follows_payload_mismatch=0 count
RESULT default_temperature_leaks=1132 count
RESULT outdoor_default_published=10 count
RESULT schedule_truncated=170 count
RESULT duplicate_unique_ids=0 count
RESULT bad_entity_ids=0 count
RESULT no_icon=0 count
RESULT unitless_numeric=425 count
RESULT family_splits_entity_id=15 count
RESULT family_splits_name_en=15 count
RESULT family_splits_name_sv=16 count
RESULT translation_key_mismatch=0 count
RESULT en_differs_from_strings=0 count
RESULT sv_untranslated=0 count
RESULT disabled_by_default=6 count
RESULT first_hour_disabled=0 count
RESULT enabled_unavailable_minimal=18 count
RESULT enabled_none_minimal=1 count
RESULT thread_factor=1.000 ratio
RESULT load1=5.98 load
RESULT swapins=11618644 count
RESULT cpu_s=151.03 s (provisional, contended box)
exit=0
