0.93 0.65 0.27 1/151 1474
# arm=fixed45            two_zone=False learned_bias=15.000 K
# arm=fixed45            two_zone=True learned_bias=15.000 K
# arm=fixed40            two_zone=False learned_bias=15.000 K
# arm=fixed40            two_zone=True learned_bias=15.000 K
# arm=fixed50            two_zone=False learned_bias=15.000 K
# arm=fixed50            two_zone=True learned_bias=15.000 K
# arm=null_curve_plus10  two_zone=False learned_bias=10.000 K
# arm=null_curve_plus10  two_zone=True learned_bias=10.000 K
RESULT curve_flow_max_C=27.921
RESULT fixed45_cop_overstatement_max=0.2282
RESULT fixed45_cop_overstatement_mean=0.1056
RESULT fixed45_clamp_bound_cells=142
RESULT fixed45_cells=142
RESULT fixed40_cop_overstatement_max=0.0836
RESULT fixed40_cop_overstatement_mean=0.0194
RESULT fixed40_clamp_bound_cells=142
RESULT fixed40_cells=142
RESULT fixed50_cop_overstatement_max=0.3683
RESULT fixed50_cop_overstatement_mean=0.1876
RESULT fixed50_clamp_bound_cells=142
RESULT fixed50_cells=142
RESULT null_curve_plus10_cop_overstatement_max=0.0
RESULT null_curve_plus10_cop_overstatement_mean=0.0
RESULT null_curve_plus10_clamp_bound_cells=0
RESULT null_curve_plus10_cells=142
RESULT cop_overstatement_max=0.3683
RESULT clamp_K=15.0
RESULT thread_factor=1.000
RESULT load1=0.93
RESULT swapins=0
0.93 0.65 0.27 1/152 1479
