RESULT mismatch_ramp_winter_typical=0 quarters_of_96
RESULT plan_step0_mismatch_ramp_winter_typical=0 quarters_of_96
RESULT mean_abs_err_ramp_winter_typical=0.00000 currency_per_kWh
RESULT max_abs_err_ramp_winter_typical=0.00000 currency_per_kWh
RESULT mismatch_ramp_winter_extreme=0 quarters_of_96
RESULT plan_step0_mismatch_ramp_winter_extreme=0 quarters_of_96
RESULT mean_abs_err_ramp_winter_extreme=0.00000 currency_per_kWh
RESULT max_abs_err_ramp_winter_extreme=0.00000 currency_per_kWh
RESULT mismatch_ramp_summer_typical=0 quarters_of_96
RESULT plan_step0_mismatch_ramp_summer_typical=0 quarters_of_96
RESULT mean_abs_err_ramp_summer_typical=0.00000 currency_per_kWh
RESULT max_abs_err_ramp_summer_typical=0.00000 currency_per_kWh
RESULT mismatch_ramp_summer_negative=0 quarters_of_96
RESULT plan_step0_mismatch_ramp_summer_negative=0 quarters_of_96
RESULT mean_abs_err_ramp_summer_negative=0.00000 currency_per_kWh
RESULT max_abs_err_ramp_summer_negative=0.00000 currency_per_kWh
RESULT mismatch_ramp_shoulder=0 quarters_of_96
RESULT plan_step0_mismatch_ramp_shoulder=0 quarters_of_96
RESULT mean_abs_err_ramp_shoulder=0.00000 currency_per_kWh
RESULT max_abs_err_ramp_shoulder=0.00000 currency_per_kWh
RESULT mismatch_ramp_winter_moderate=0 quarters_of_96
RESULT plan_step0_mismatch_ramp_winter_moderate=0 quarters_of_96
RESULT mean_abs_err_ramp_winter_moderate=0.00000 currency_per_kWh
RESULT max_abs_err_ramp_winter_moderate=0.00000 currency_per_kWh
RESULT mismatch_ramp_flat=0 quarters_of_96
RESULT plan_step0_mismatch_ramp_flat=0 quarters_of_96
RESULT mean_abs_err_ramp_flat=0.00000 currency_per_kWh
RESULT max_abs_err_ramp_flat=0.00000 currency_per_kWh
RESULT mismatch_step_winter_typical=0 quarters_of_96
RESULT plan_step0_mismatch_step_winter_typical=0 quarters_of_96
RESULT mean_abs_err_step_winter_typical=0.00000 currency_per_kWh
RESULT max_abs_err_step_winter_typical=0.00000 currency_per_kWh
RESULT mismatch_step_winter_extreme=0 quarters_of_96
RESULT plan_step0_mismatch_step_winter_extreme=0 quarters_of_96
RESULT mean_abs_err_step_winter_extreme=0.00000 currency_per_kWh
RESULT max_abs_err_step_winter_extreme=0.00000 currency_per_kWh
RESULT mismatch_step_summer_typical=0 quarters_of_96
RESULT plan_step0_mismatch_step_summer_typical=0 quarters_of_96
RESULT mean_abs_err_step_summer_typical=0.00000 currency_per_kWh
RESULT max_abs_err_step_summer_typical=0.00000 currency_per_kWh
RESULT mismatch_step_summer_negative=0 quarters_of_96
RESULT plan_step0_mismatch_step_summer_negative=0 quarters_of_96
RESULT mean_abs_err_step_summer_negative=0.00000 currency_per_kWh
RESULT max_abs_err_step_summer_negative=0.00000 currency_per_kWh
RESULT mismatch_step_shoulder=0 quarters_of_96
RESULT plan_step0_mismatch_step_shoulder=0 quarters_of_96
RESULT mean_abs_err_step_shoulder=0.00000 currency_per_kWh
RESULT max_abs_err_step_shoulder=0.00000 currency_per_kWh
RESULT mismatch_step_winter_moderate=0 quarters_of_96
RESULT plan_step0_mismatch_step_winter_moderate=0 quarters_of_96
RESULT mean_abs_err_step_winter_moderate=0.00000 currency_per_kWh
RESULT max_abs_err_step_winter_moderate=0.00000 currency_per_kWh
RESULT mismatch_step_flat=0 quarters_of_96
RESULT plan_step0_mismatch_step_flat=0 quarters_of_96
RESULT mean_abs_err_step_flat=0.00000 currency_per_kWh
RESULT max_abs_err_step_flat=0.00000 currency_per_kWh
RESULT mismatch_hourly_winter_typical=57 quarters_of_96
RESULT plan_step0_mismatch_hourly_winter_typical=57 quarters_of_96
RESULT mean_abs_err_hourly_winter_typical=0.62969 currency_per_kWh
RESULT max_abs_err_hourly_winter_typical=2.23000 currency_per_kWh
RESULT mismatch_hourly_winter_extreme=57 quarters_of_96
RESULT plan_step0_mismatch_hourly_winter_extreme=57 quarters_of_96
RESULT mean_abs_err_hourly_winter_extreme=1.47812 currency_per_kWh
RESULT max_abs_err_hourly_winter_extreme=6.50000 currency_per_kWh
RESULT mismatch_hourly_summer_typical=54 quarters_of_96
RESULT plan_step0_mismatch_hourly_summer_typical=54 quarters_of_96
RESULT mean_abs_err_hourly_summer_typical=0.13438 currency_per_kWh
RESULT max_abs_err_hourly_summer_typical=0.44000 currency_per_kWh
RESULT mismatch_hourly_summer_negative=21 quarters_of_96
RESULT plan_step0_mismatch_hourly_summer_negative=21 quarters_of_96
RESULT mean_abs_err_hourly_summer_negative=0.07594 currency_per_kWh
RESULT max_abs_err_hourly_summer_negative=0.42000 currency_per_kWh
RESULT mismatch_hourly_shoulder=27 quarters_of_96
RESULT plan_step0_mismatch_hourly_shoulder=27 quarters_of_96
RESULT mean_abs_err_hourly_shoulder=0.20312 currency_per_kWh
RESULT max_abs_err_hourly_shoulder=1.10000 currency_per_kWh
RESULT mismatch_hourly_winter_moderate=57 quarters_of_96
RESULT plan_step0_mismatch_hourly_winter_moderate=57 quarters_of_96
RESULT mean_abs_err_hourly_winter_moderate=0.30313 currency_per_kWh
RESULT max_abs_err_hourly_winter_moderate=0.90000 currency_per_kWh
RESULT mismatch_hourly_flat=0 quarters_of_96
RESULT plan_step0_mismatch_hourly_flat=0 quarters_of_96
RESULT mean_abs_err_hourly_flat=0.00000 currency_per_kWh
RESULT max_abs_err_hourly_flat=0.00000 currency_per_kWh
RESULT ramp_cells=6
RESULT ramp_mismatch_range=0..0 quarters_of_96
RESULT ramp_mae_range=0.00000..0.00000 currency_per_kWh
RESULT ramp_mae_mean=0.00000 currency_per_kWh
RESULT ramp_mae_mean_leave_max_out=0.00000 currency_per_kWh
RESULT step_mismatch_range=0..0 quarters_of_96
RESULT null_hourly_entries_total_mismatch=273 quarters
RESULT null_flat_step_mismatch=0 quarters
RESULT null_flat_ramp_mismatch=0 quarters
RESULT perturbed=1
RESULT thread_factor=1.000
RESULT load1=0.93
RESULT swapins=0
