
=== Stress and economics ===
RESULT light_new_s0.0_dt0.25_runs=1 count
RESULT light_new_s0.0_dt0.25_aborted=0 count
RESULT light_new_s0.0_dt0.5_runs=1 count
RESULT light_new_s0.0_dt0.5_aborted=0 count
RESULT light_new_s0.01_dt0.25_runs=16 count
RESULT light_new_s0.01_dt0.25_aborted=0 count
RESULT light_new_s0.01_dt0.5_runs=16 count
RESULT light_new_s0.01_dt0.5_aborted=0 count
RESULT light_new_s0.02_dt0.25_runs=16 count
RESULT light_new_s0.02_dt0.25_aborted=0 count
RESULT light_new_s0.02_dt0.5_runs=16 count
RESULT light_new_s0.02_dt0.5_aborted=0 count
RESULT light_new_s0.05_dt0.25_runs=16 count
RESULT light_new_s0.05_dt0.25_aborted=0 count
RESULT light_new_s0.05_dt0.5_runs=16 count
RESULT light_new_s0.05_dt0.5_aborted=2 count
RESULT typical_slab_s0.0_dt0.25_runs=1 count
RESULT typical_slab_s0.0_dt0.25_aborted=0 count
RESULT typical_slab_s0.0_dt0.5_runs=1 count
RESULT typical_slab_s0.0_dt0.5_aborted=0 count
RESULT typical_slab_s0.01_dt0.25_runs=16 count
RESULT typical_slab_s0.01_dt0.25_aborted=0 count
RESULT typical_slab_s0.01_dt0.5_runs=16 count
RESULT typical_slab_s0.01_dt0.5_aborted=0 count
RESULT typical_slab_s0.02_dt0.25_runs=16 count
RESULT typical_slab_s0.02_dt0.25_aborted=0 count
RESULT typical_slab_s0.02_dt0.5_runs=16 count
RESULT typical_slab_s0.02_dt0.5_aborted=0 count
RESULT typical_slab_s0.05_dt0.25_runs=16 count
RESULT typical_slab_s0.05_dt0.25_aborted=1 count
RESULT typical_slab_s0.05_dt0.5_runs=16 count
RESULT typical_slab_s0.05_dt0.5_aborted=0 count
RESULT heavy_old_s0.0_dt0.25_runs=1 count
RESULT heavy_old_s0.0_dt0.25_aborted=0 count
RESULT heavy_old_s0.0_dt0.5_runs=1 count
RESULT heavy_old_s0.0_dt0.5_aborted=0 count
RESULT heavy_old_s0.01_dt0.25_runs=16 count
RESULT heavy_old_s0.01_dt0.25_aborted=0 count
RESULT heavy_old_s0.01_dt0.5_runs=16 count
RESULT heavy_old_s0.01_dt0.5_aborted=0 count
RESULT heavy_old_s0.02_dt0.25_runs=16 count
RESULT heavy_old_s0.02_dt0.25_aborted=0 count
RESULT heavy_old_s0.02_dt0.5_runs=16 count
RESULT heavy_old_s0.02_dt0.5_aborted=0 count
RESULT heavy_old_s0.05_dt0.25_runs=16 count
RESULT heavy_old_s0.05_dt0.25_aborted=0 count
RESULT heavy_old_s0.05_dt0.5_runs=16 count
RESULT heavy_old_s0.05_dt0.5_aborted=0 count
RESULT runs_total=294 count
RESULT aborted_total=3 count
RESULT noisy_cells=18 count
RESULT noisy_cell_abort_rate_min=0.000 ratio
RESULT noisy_cell_abort_rate_max=0.125 ratio
RESULT noisy_cell_abort_rate_mean=0.010 ratio
RESULT noisy_cell_abort_rate_mean_drop_max=0.004 ratio
RESULT thread_factor=1.000
RESULT load1=1.77
RESULT swapins=0
