2026-10-02T16:11:53.2778735Z Current runner version: '2.337.0'
2026-10-02T16:11:53.2802419Z ##[group]Runner Image Provisioner
2026-10-02T16:11:53.2803501Z Hosted Compute Agent
2026-10-02T16:11:53.2804312Z Version: 20260901.588
2026-10-02T16:11:53.2805081Z Commit: f88ec8081b781fac6c440065ac7ff9e710ce3d0b
2026-10-02T16:11:53.2806004Z Build Date: 2026-09-01T19:56:44Z
2026-10-02T16:11:53.2806871Z Worker ID: {73fc1e39-dc15-4f5d-a4fa-00114c06dc46}
2026-10-02T16:11:53.2807919Z Azure Region: westus3
2026-10-02T16:11:53.2808704Z ##[endgroup]
2026-10-02T16:11:53.2810139Z ##[group]Operating System
2026-10-02T16:11:53.2810872Z Ubuntu
2026-10-02T16:11:53.2811648Z 24.04.5
2026-10-02T16:11:53.2812338Z LTS
2026-10-02T16:11:53.2813000Z ##[endgroup]
2026-10-02T16:11:53.2813785Z ##[group]Runner Image
2026-10-02T16:11:53.2814586Z Image: ubuntu-24.04
2026-10-02T16:11:53.2815304Z Version: 20260927.320.1
2026-10-02T16:11:53.2816679Z Included Software: https://github.com/actions/runner-images/blob/ubuntu24/20260927.320/images/ubuntu/Ubuntu2404-Readme.md
2026-10-02T16:11:53.2818493Z Image Release: https://github.com/actions/runner-images/releases/tag/ubuntu24%2F20260927.320
2026-10-02T16:11:53.2819565Z ##[endgroup]
2026-10-02T16:11:53.2821050Z ##[group]GITHUB_TOKEN Permissions
2026-10-02T16:11:53.2822917Z Actions: write
2026-10-02T16:11:53.2823677Z Contents: write
2026-10-02T16:11:53.2824757Z Metadata: read
2026-10-02T16:11:53.2825468Z ##[endgroup]
2026-10-02T16:11:53.2827421Z Secret source: Actions
2026-10-02T16:11:53.2828764Z Cache mode: write
2026-10-02T16:11:53.2829850Z Prepare workflow directory
2026-10-02T16:11:53.3097777Z Prepare all required actions
2026-10-02T16:11:53.3138241Z Getting action download info
2026-10-02T16:11:53.6196995Z Download action repository 'actions/checkout@fbc6f3992d24b796d5a048ff273f7fcc4a7b6c09' (SHA:fbc6f3992d24b796d5a048ff273f7fcc4a7b6c09)
2026-10-02T16:11:53.7476967Z Download action repository 'actions/setup-python@ece7cb06caefa5fff74198d8649806c4678c61a1' (SHA:ece7cb06caefa5fff74198d8649806c4678c61a1)
2026-10-02T16:11:53.8623094Z Download action repository 'actions/download-artifact@37930b1c2abaa49bbe596cd826c3c89aef350131' (SHA:37930b1c2abaa49bbe596cd826c3c89aef350131)
2026-10-02T16:11:54.7359171Z Complete job name: closures-autofix
2026-10-02T16:11:54.8085169Z ##[group]Run actions/checkout@fbc6f3992d24b796d5a048ff273f7fcc4a7b6c09
2026-10-02T16:11:54.8086304Z with:
2026-10-02T16:11:54.8086837Z   ref: fix/r9-eg-typed-payload
2026-10-02T16:11:54.8090296Z   token: ***
2026-10-02T16:11:54.8090836Z   persist-credentials: false
2026-10-02T16:11:54.8091444Z   repository: tvofi/heatpump_optimizer
2026-10-02T16:11:54.8092060Z   ssh-strict: true
2026-10-02T16:11:54.8092587Z   ssh-user: git
2026-10-02T16:11:54.8093097Z   clean: true
2026-10-02T16:11:54.8093616Z   sparse-checkout-cone-mode: true
2026-10-02T16:11:54.8094195Z   fetch-depth: 1
2026-10-02T16:11:54.8094709Z   fetch-tags: false
2026-10-02T16:11:54.8095227Z   show-progress: true
2026-10-02T16:11:54.8095752Z   lfs: false
2026-10-02T16:11:54.8096263Z   submodules: false
2026-10-02T16:11:54.8096824Z   set-safe-directory: true
2026-10-02T16:11:54.8097400Z   allow-unsafe-pr-checkout: false
2026-10-02T16:11:54.8098260Z ##[endgroup]
2026-10-02T16:11:54.8917715Z Syncing repository: tvofi/heatpump_optimizer
2026-10-02T16:11:54.8920403Z ##[group]Getting Git version info
2026-10-02T16:11:54.8921793Z Working directory is '/home/runner/work/heatpump_optimizer/heatpump_optimizer'
2026-10-02T16:11:54.8923827Z [command]/usr/bin/git version
2026-10-02T16:11:54.9303366Z git version 2.55.0
2026-10-02T16:11:54.9320639Z ##[endgroup]
2026-10-02T16:11:54.9332428Z Temporarily overriding HOME='/home/runner/work/_temp/71b5e7cb-e730-40cd-b266-1e450ab1eadf' before making global git config changes
2026-10-02T16:11:54.9334622Z Adding repository directory to the temporary git global config as a safe directory
2026-10-02T16:11:54.9337293Z [command]/usr/bin/git config --global --add safe.directory /home/runner/work/heatpump_optimizer/heatpump_optimizer
2026-10-02T16:11:54.9384732Z Deleting the contents of '/home/runner/work/heatpump_optimizer/heatpump_optimizer'
2026-10-02T16:11:54.9391623Z ##[group]Initializing the repository
2026-10-02T16:11:54.9400302Z [command]/usr/bin/git init /home/runner/work/heatpump_optimizer/heatpump_optimizer
2026-10-02T16:11:54.9466150Z hint: Using 'master' as the name for the initial branch. This default branch name
2026-10-02T16:11:54.9468348Z hint: will change to "main" in Git 3.0. To configure the initial branch name
2026-10-02T16:11:54.9470133Z hint: to use in all of your new repositories, which will suppress this warning,
2026-10-02T16:11:54.9471901Z hint: call:
2026-10-02T16:11:54.9472801Z hint:
2026-10-02T16:11:54.9473886Z hint: 	git config --global init.defaultBranch <name>
2026-10-02T16:11:54.9475086Z hint:
2026-10-02T16:11:54.9476247Z hint: Names commonly chosen instead of 'master' are 'main', 'trunk' and
2026-10-02T16:11:54.9478012Z hint: 'development'. The just-created branch can be renamed via this command:
2026-10-02T16:11:54.9479637Z hint:
2026-10-02T16:11:54.9480558Z hint: 	git branch -m <name>
2026-10-02T16:11:54.9481619Z hint:
2026-10-02T16:11:54.9482862Z hint: Disable this message with "git config set advice.defaultBranchName false"
2026-10-02T16:11:54.9484910Z Initialized empty Git repository in /home/runner/work/heatpump_optimizer/heatpump_optimizer/.git/
2026-10-02T16:11:54.9488449Z [command]/usr/bin/git remote add origin https://github.com/tvofi/heatpump_optimizer
2026-10-02T16:11:54.9517340Z ##[endgroup]
2026-10-02T16:11:54.9518846Z ##[group]Disabling automatic garbage collection
2026-10-02T16:11:54.9520750Z [command]/usr/bin/git config --local gc.auto 0
2026-10-02T16:11:54.9570275Z ##[endgroup]
2026-10-02T16:11:54.9571770Z ##[group]Setting up auth
2026-10-02T16:11:54.9573140Z [command]/usr/bin/git config --local --name-only --get-regexp core\.sshCommand
2026-10-02T16:11:54.9597095Z [command]/usr/bin/git submodule foreach --recursive sh -c "git config --local --name-only --get-regexp 'core\.sshCommand' && git config --local --unset-all 'core.sshCommand' || :"
2026-10-02T16:11:55.0540864Z [command]/usr/bin/git config --local --name-only --get-regexp http\.https\:\/\/github\.com\/\.extraheader
2026-10-02T16:11:55.0574931Z [command]/usr/bin/git submodule foreach --recursive sh -c "git config --local --name-only --get-regexp 'http\.https\:\/\/github\.com\/\.extraheader' && git config --local --unset-all 'http.https://github.com/.extraheader' || :"
2026-10-02T16:11:55.0766556Z [command]/usr/bin/git config --local --name-only --get-regexp ^includeIf\.gitdir:
2026-10-02T16:11:55.0799282Z [command]/usr/bin/git submodule foreach --recursive git config --local --show-origin --name-only --get-regexp remote.origin.url
2026-10-02T16:11:55.0990473Z [command]/usr/bin/git config --local http.https://github.com/.extraheader AUTHORIZATION: basic ***
2026-10-02T16:11:55.1026479Z ##[endgroup]
2026-10-02T16:11:55.1027565Z ##[group]Fetching the repository
2026-10-02T16:11:55.1035077Z [command]/usr/bin/git -c protocol.version=2 fetch --no-tags --prune --no-recurse-submodules --depth=1 origin +refs/heads/fix/r9-eg-typed-payload*:refs/remotes/origin/fix/r9-eg-typed-payload* +refs/tags/fix/r9-eg-typed-payload*:refs/tags/fix/r9-eg-typed-payload*
2026-10-02T16:11:57.7941215Z From https://github.com/tvofi/heatpump_optimizer
2026-10-02T16:11:57.7941896Z  * [new branch]      fix/r9-eg-typed-payload -> origin/fix/r9-eg-typed-payload
2026-10-02T16:11:57.7959775Z ##[endgroup]
2026-10-02T16:11:57.7960787Z ##[group]Determining the checkout info
2026-10-02T16:11:57.7961766Z [command]/usr/bin/git branch --list --remote origin/fix/r9-eg-typed-payload
2026-10-02T16:11:57.7994671Z   origin/fix/r9-eg-typed-payload
2026-10-02T16:11:57.7999757Z ##[endgroup]
2026-10-02T16:11:57.8016528Z [command]/usr/bin/git sparse-checkout disable
2026-10-02T16:11:57.8078562Z [command]/usr/bin/git config --local --unset-all extensions.worktreeConfig
2026-10-02T16:11:57.8083945Z ##[group]Checking out the ref
2026-10-02T16:11:57.8087353Z [command]/usr/bin/git checkout --progress --force -B fix/r9-eg-typed-payload refs/remotes/origin/fix/r9-eg-typed-payload
2026-10-02T16:11:58.1517317Z Switched to a new branch 'fix/r9-eg-typed-payload'
2026-10-02T16:11:58.1520328Z branch 'fix/r9-eg-typed-payload' set up to track 'origin/fix/r9-eg-typed-payload'.
2026-10-02T16:11:58.1538517Z ##[endgroup]
2026-10-02T16:11:58.1578650Z [command]/usr/bin/git log -1 --format=%H
2026-10-02T16:11:58.1604048Z 29b763d7c2eb23a7f01f5cf10531caeeb866f7ca
2026-10-02T16:11:58.1612453Z ##[group]Removing auth
2026-10-02T16:11:58.1615517Z [command]/usr/bin/git config --local --name-only --get-regexp core\.sshCommand
2026-10-02T16:11:58.1643655Z [command]/usr/bin/git submodule foreach --recursive sh -c "git config --local --name-only --get-regexp 'core\.sshCommand' && git config --local --unset-all 'core.sshCommand' || :"
2026-10-02T16:11:58.1846647Z [command]/usr/bin/git config --local --name-only --get-regexp http\.https\:\/\/github\.com\/\.extraheader
2026-10-02T16:11:58.2063225Z http.https://github.com/.extraheader
2026-10-02T16:11:58.2070619Z [command]/usr/bin/git config --local --unset-all http.https://github.com/.extraheader
2026-10-02T16:11:58.2103891Z [command]/usr/bin/git submodule foreach --recursive sh -c "git config --local --name-only --get-regexp 'http\.https\:\/\/github\.com\/\.extraheader' && git config --local --unset-all 'http.https://github.com/.extraheader' || :"
2026-10-02T16:11:58.2296659Z [command]/usr/bin/git config --local --name-only --get-regexp ^includeIf\.gitdir:
2026-10-02T16:11:58.2334092Z [command]/usr/bin/git submodule foreach --recursive git config --local --show-origin --name-only --get-regexp remote.origin.url
2026-10-02T16:11:58.2526392Z ##[endgroup]
2026-10-02T16:11:58.2742934Z ##[group]Run set -euo pipefail
2026-10-02T16:11:58.2743331Z set -euo pipefail
2026-10-02T16:11:58.2743690Z git cat-file -e "$PINNED^{commit}" 2>/dev/null \
2026-10-02T16:11:58.2744152Z   || git fetch --no-tags --depth=1 origin "$PINNED"
2026-10-02T16:11:58.2744586Z git checkout "$PINNED" -- tests/closure.py
2026-10-02T16:11:58.2744966Z git reset -q -- tests/closure.py
2026-10-02T16:11:58.2745385Z # The report runs after `pull --rebase --autostash`, which can leave
2026-10-02T16:11:58.2745877Z # the pull request's copy in the tree; it runs this copy instead.
2026-10-02T16:11:58.2746345Z install -D -m 0444 tests/closure.py "$RUNNER_TEMP/pinned/closure.py"
2026-10-02T16:11:58.2963040Z shell: /usr/bin/bash -e {0}
2026-10-02T16:11:58.2963368Z env:
2026-10-02T16:11:58.2963711Z   PINNED: bf37bd3a0fc815c518b47a96b81c01512f222d0e
2026-10-02T16:11:58.2964073Z ##[endgroup]
2026-10-02T16:11:58.6825099Z From https://github.com/tvofi/heatpump_optimizer
2026-10-02T16:11:58.6825623Z  * branch            bf37bd3a0fc815c518b47a96b81c01512f222d0e -> FETCH_HEAD
2026-10-02T16:11:58.9620089Z ##[group]Run actions/setup-python@ece7cb06caefa5fff74198d8649806c4678c61a1
2026-10-02T16:11:58.9620488Z with:
2026-10-02T16:11:58.9620743Z   python-version: 3.13
2026-10-02T16:11:58.9621004Z   check-latest: false
2026-10-02T16:11:58.9623279Z   token: ***
2026-10-02T16:11:58.9623541Z   update-environment: true
2026-10-02T16:11:58.9623819Z   allow-prereleases: false
2026-10-02T16:11:58.9624085Z   freethreaded: false
2026-10-02T16:11:58.9624339Z ##[endgroup]
2026-10-02T16:11:59.0656295Z ##[group]Installed versions
2026-10-02T16:11:59.1792789Z Successfully set up CPython (3.13.15)
2026-10-02T16:11:59.1793545Z ##[endgroup]
2026-10-02T16:11:59.1970961Z ##[group]Run actions/download-artifact@37930b1c2abaa49bbe596cd826c3c89aef350131
2026-10-02T16:11:59.1971629Z with:
2026-10-02T16:11:59.1971997Z   name: closure-recordings
2026-10-02T16:11:59.1972442Z   path: /home/runner/work/_temp/closures
2026-10-02T16:11:59.1972921Z   merge-multiple: false
2026-10-02T16:11:59.1973352Z   repository: tvofi/heatpump_optimizer
2026-10-02T16:11:59.1973810Z   run-id: 37026062126
2026-10-02T16:11:59.1974206Z env:
2026-10-02T16:11:59.1974638Z   pythonLocation: /opt/hostedtoolcache/Python/3.13.15/x64
2026-10-02T16:11:59.1975377Z   PKG_CONFIG_PATH: /opt/hostedtoolcache/Python/3.13.15/x64/lib/pkgconfig
2026-10-02T16:11:59.1976253Z   Python_ROOT_DIR: /opt/hostedtoolcache/Python/3.13.15/x64
2026-10-02T16:11:59.1976874Z   Python2_ROOT_DIR: /opt/hostedtoolcache/Python/3.13.15/x64
2026-10-02T16:11:59.1977619Z   Python3_ROOT_DIR: /opt/hostedtoolcache/Python/3.13.15/x64
2026-10-02T16:11:59.1978249Z   LD_LIBRARY_PATH: /opt/hostedtoolcache/Python/3.13.15/x64/lib
2026-10-02T16:11:59.1978838Z ##[endgroup]
2026-10-02T16:11:59.3218120Z Downloading single artifact
2026-10-02T16:11:59.5952266Z Preparing to download the following artifacts:
2026-10-02T16:11:59.5953594Z - closure-recordings (ID: 11237294734, Size: 225682, Expected Digest: sha256:53874728e5f81e3ac8e7b9b2fa5772cc3479df9232f10c6b85f8a3c8f45ea51e)
2026-10-02T16:12:00.0261855Z Redirecting to blob download url: https://productionresultssa9.blob.core.windows.net/actions-results/0bf1fb3d-45f4-8900-bc4c-b1b57fa6cf5a/workflow-job-run-2f22b1df-21f2-59e4-ac77-a962d07a11e9/artifacts/f607497981b53bfa43c416e8c0719f1419ae2bd5f407830f1fa7e6d38c90c571.zip
2026-10-02T16:12:00.0262960Z Starting download of artifact to: /home/runner/work/_temp/closures
2026-10-02T16:12:00.2294928Z (node:2189) [DEP0005] DeprecationWarning: Buffer() is deprecated due to security and usability issues. Please use the Buffer.alloc(), Buffer.allocUnsafe(), or Buffer.from() methods instead.
2026-10-02T16:12:00.2296393Z (Use `node --trace-deprecation ...` to show where the warning was created)
2026-10-02T16:12:00.4092048Z SHA256 digest of downloaded artifact is 53874728e5f81e3ac8e7b9b2fa5772cc3479df9232f10c6b85f8a3c8f45ea51e
2026-10-02T16:12:00.4092680Z Artifact download completed successfully.
2026-10-02T16:12:00.4093033Z Total of 1 artifact(s) downloaded
2026-10-02T16:12:00.4096409Z Download artifact has finished successfully
2026-10-02T16:12:00.4208652Z ##[group]Run export SUBJECT=$(git log -1 --pretty=%s)
2026-10-02T16:12:00.4209115Z export SUBJECT=$(git log -1 --pretty=%s)
2026-10-02T16:12:00.4209455Z python3 -I - <<'PY'
2026-10-02T16:12:00.4209775Z import os, sys
2026-10-02T16:12:00.4210050Z sys.path.append("tests")
2026-10-02T16:12:00.4210350Z import closure
2026-10-02T16:12:00.4210635Z allowed = closure.autofix_allowed(
2026-10-02T16:12:00.4210982Z     event_name=os.environ["EVENT_NAME"],
2026-10-02T16:12:00.4211349Z     closures_result=os.environ["CLOSURES_RESULT"],
2026-10-02T16:12:00.4211722Z     head_repo=os.environ["HEAD_REPO"],
2026-10-02T16:12:00.4212045Z     repo=os.environ["REPO"],
2026-10-02T16:12:00.4212380Z     commit_subject=os.environ["SUBJECT"],
2026-10-02T16:12:00.4212704Z )
2026-10-02T16:12:00.4212959Z print(f"allowed={allowed}")
2026-10-02T16:12:00.4213288Z if not allowed:
2026-10-02T16:12:00.4213565Z     status = "skip-not-allowed"
2026-10-02T16:12:00.4213874Z else:
2026-10-02T16:12:00.4214170Z     status = closure.apply_under_scoped_recordings(
2026-10-02T16:12:00.4214598Z         os.environ["RUNNER_TEMP"] + "/closures", partial=True)
2026-10-02T16:12:00.4214984Z print(f"AUTOFIX: {status}")
2026-10-02T16:12:00.4215334Z with open(os.environ["GITHUB_OUTPUT"], "a") as fh:
2026-10-02T16:12:00.4215695Z     fh.write(f"status={status}\n")
2026-10-02T16:12:00.4216005Z PY
2026-10-02T16:12:00.4278103Z shell: /usr/bin/bash -e {0}
2026-10-02T16:12:00.4278390Z env:
2026-10-02T16:12:00.4278700Z   pythonLocation: /opt/hostedtoolcache/Python/3.13.15/x64
2026-10-02T16:12:00.4279152Z   PKG_CONFIG_PATH: /opt/hostedtoolcache/Python/3.13.15/x64/lib/pkgconfig
2026-10-02T16:12:00.4279593Z   Python_ROOT_DIR: /opt/hostedtoolcache/Python/3.13.15/x64
2026-10-02T16:12:00.4280001Z   Python2_ROOT_DIR: /opt/hostedtoolcache/Python/3.13.15/x64
2026-10-02T16:12:00.4280419Z   Python3_ROOT_DIR: /opt/hostedtoolcache/Python/3.13.15/x64
2026-10-02T16:12:00.4280802Z   LD_LIBRARY_PATH: /opt/hostedtoolcache/Python/3.13.15/x64/lib
2026-10-02T16:12:00.4281305Z   EVENT_NAME: pull_request
2026-10-02T16:12:00.4281575Z   CLOSURES_RESULT: failure
2026-10-02T16:12:00.4281855Z   HEAD_REPO: tvofi/heatpump_optimizer
2026-10-02T16:12:00.4282158Z   REPO: tvofi/heatpump_optimizer
2026-10-02T16:12:00.4282440Z ##[endgroup]
2026-10-02T16:12:00.9942695Z allowed=True
2026-10-02T16:12:00.9943132Z AUTOFIX: skip-failed-recording
2026-10-02T16:12:01.0092579Z ##[group]Run python3 -I "$RUNNER_TEMP/pinned/closure.py" autofix-report --job closures-autofix \
2026-10-02T16:12:01.0093210Z python3 -I "$RUNNER_TEMP/pinned/closure.py" autofix-report --job closures-autofix \
2026-10-02T16:12:01.0093698Z   --status "skip-failed-recording"
2026-10-02T16:12:01.0149589Z shell: /usr/bin/bash -e {0}
2026-10-02T16:12:01.0149881Z env:
2026-10-02T16:12:01.0150181Z   pythonLocation: /opt/hostedtoolcache/Python/3.13.15/x64
2026-10-02T16:12:01.0150638Z   PKG_CONFIG_PATH: /opt/hostedtoolcache/Python/3.13.15/x64/lib/pkgconfig
2026-10-02T16:12:01.0151074Z   Python_ROOT_DIR: /opt/hostedtoolcache/Python/3.13.15/x64
2026-10-02T16:12:01.0151491Z   Python2_ROOT_DIR: /opt/hostedtoolcache/Python/3.13.15/x64
2026-10-02T16:12:01.0151886Z   Python3_ROOT_DIR: /opt/hostedtoolcache/Python/3.13.15/x64
2026-10-02T16:12:01.0152275Z   LD_LIBRARY_PATH: /opt/hostedtoolcache/Python/3.13.15/x64/lib
2026-10-02T16:12:01.0152628Z ##[endgroup]
2026-10-02T16:12:01.0716969Z closures-autofix: skip-failed-recording -- THE REPAIR DID NOT HAPPEN.
2026-10-02T16:12:01.0717880Z No commit will be pushed, so waiting for one waits forever. This is
2026-10-02T16:12:01.0718367Z the case `.cursor/rules/ci-autofix.mdc` already lists as a human
2026-10-02T16:12:01.0718804Z judgment call, and its rule against re-recording an UNDER-SCOPED
2026-10-02T16:12:01.0719239Z yourself does not apply once the bot has reported that it did not.
2026-10-02T16:12:01.0719709Z A script exited non-zero WHILE being recorded, so its closure is only
2026-10-02T16:12:01.0720170Z what it reached before stopping -- and merging that would under-scope
2026-10-02T16:12:01.0720661Z the gate, which is why the merge refuses it. The under-approximation
2026-10-02T16:12:01.0721102Z this job was going to repair is real and still unrepaired.
2026-10-02T16:12:01.0721536Z Fix the failing script first; the closures job re-records on the next
2026-10-02T16:12:01.0721945Z push and this repair then happens on its own.
2026-10-02T16:12:01.0722165Z 
2026-10-02T16:12:01.0787998Z ##[error]Process completed with exit code 1.
2026-10-02T16:12:01.0921390Z Post job cleanup.
2026-10-02T16:12:01.1612233Z [command]/usr/bin/git version
2026-10-02T16:12:01.1649803Z git version 2.55.0
2026-10-02T16:12:01.1682743Z Temporarily overriding HOME='/home/runner/work/_temp/7e027bed-c9b5-4397-bbe2-278be5487052' before making global git config changes
2026-10-02T16:12:01.1683825Z Adding repository directory to the temporary git global config as a safe directory
2026-10-02T16:12:01.1686998Z [command]/usr/bin/git config --global --add safe.directory /home/runner/work/heatpump_optimizer/heatpump_optimizer
2026-10-02T16:12:01.1721814Z [command]/usr/bin/git config --local --name-only --get-regexp core\.sshCommand
2026-10-02T16:12:01.1751578Z [command]/usr/bin/git submodule foreach --recursive sh -c "git config --local --name-only --get-regexp 'core\.sshCommand' && git config --local --unset-all 'core.sshCommand' || :"
2026-10-02T16:12:01.1976934Z [command]/usr/bin/git config --local --name-only --get-regexp http\.https\:\/\/github\.com\/\.extraheader
2026-10-02T16:12:01.2006468Z [command]/usr/bin/git submodule foreach --recursive sh -c "git config --local --name-only --get-regexp 'http\.https\:\/\/github\.com\/\.extraheader' && git config --local --unset-all 'http.https://github.com/.extraheader' || :"
2026-10-02T16:12:01.2216133Z [command]/usr/bin/git config --local --name-only --get-regexp ^includeIf\.gitdir:
2026-10-02T16:12:01.2247398Z [command]/usr/bin/git submodule foreach --recursive git config --local --show-origin --name-only --get-regexp remote.origin.url
2026-10-02T16:12:01.2575694Z Cleaning up orphan processes
