2026-10-02T18:59:56.9990841Z Current runner version: '2.337.0'
2026-10-02T18:59:57.0014947Z ##[group]Runner Image Provisioner
2026-10-02T18:59:57.0015807Z Hosted Compute Agent
2026-10-02T18:59:57.0016777Z Version: 20260901.588
2026-10-02T18:59:57.0017456Z Commit: f88ec8081b781fac6c440065ac7ff9e710ce3d0b
2026-10-02T18:59:57.0018208Z Build Date: 2026-09-01T19:56:44Z
2026-10-02T18:59:57.0018959Z Worker ID: {8e162674-f03c-4f76-851c-460382a38c23}
2026-10-02T18:59:57.0019709Z Azure Region: westus
2026-10-02T18:59:57.0020312Z ##[endgroup]
2026-10-02T18:59:57.0021793Z ##[group]Operating System
2026-10-02T18:59:57.0022427Z Ubuntu
2026-10-02T18:59:57.0023023Z 24.04.5
2026-10-02T18:59:57.0023529Z LTS
2026-10-02T18:59:57.0024054Z ##[endgroup]
2026-10-02T18:59:57.0024670Z ##[group]Runner Image
2026-10-02T18:59:57.0025295Z Image: ubuntu-24.04
2026-10-02T18:59:57.0025893Z Version: 20260927.320.1
2026-10-02T18:59:57.0027414Z Included Software: https://github.com/actions/runner-images/blob/ubuntu24/20260927.320/images/ubuntu/Ubuntu2404-Readme.md
2026-10-02T18:59:57.0029086Z Image Release: https://github.com/actions/runner-images/releases/tag/ubuntu24%2F20260927.320
2026-10-02T18:59:57.0030061Z ##[endgroup]
2026-10-02T18:59:57.0031273Z ##[group]GITHUB_TOKEN Permissions
2026-10-02T18:59:57.0033170Z Actions: read
2026-10-02T18:59:57.0033854Z Contents: read
2026-10-02T18:59:57.0034405Z Metadata: read
2026-10-02T18:59:57.0034932Z ##[endgroup]
2026-10-02T18:59:57.0037271Z Secret source: Actions
2026-10-02T18:59:57.0038253Z Cache mode: write
2026-10-02T18:59:57.0039054Z Prepare workflow directory
2026-10-02T18:59:57.0381320Z Prepare all required actions
2026-10-02T18:59:57.0452945Z Getting action download info
2026-10-02T18:59:57.4129138Z Download action repository 'actions/checkout@fbc6f3992d24b796d5a048ff273f7fcc4a7b6c09' (SHA:fbc6f3992d24b796d5a048ff273f7fcc4a7b6c09)
2026-10-02T18:59:57.5001030Z Download action repository 'actions/setup-python@ece7cb06caefa5fff74198d8649806c4678c61a1' (SHA:ece7cb06caefa5fff74198d8649806c4678c61a1)
2026-10-02T18:59:57.7133386Z Complete job name: nightly-status
2026-10-02T18:59:57.7897392Z ##[group]Run actions/checkout@fbc6f3992d24b796d5a048ff273f7fcc4a7b6c09
2026-10-02T18:59:57.7898497Z with:
2026-10-02T18:59:57.7898954Z   repository: tvofi/heatpump_optimizer
2026-10-02T18:59:57.7902644Z   token: ***
2026-10-02T18:59:57.7903076Z   ssh-strict: true
2026-10-02T18:59:57.7903514Z   ssh-user: git
2026-10-02T18:59:57.7903963Z   persist-credentials: true
2026-10-02T18:59:57.7904450Z   clean: true
2026-10-02T18:59:57.7904909Z   sparse-checkout-cone-mode: true
2026-10-02T18:59:57.7905428Z   fetch-depth: 1
2026-10-02T18:59:57.7905859Z   fetch-tags: false
2026-10-02T18:59:57.7906495Z   show-progress: true
2026-10-02T18:59:57.7906944Z   lfs: false
2026-10-02T18:59:57.7907352Z   submodules: false
2026-10-02T18:59:57.7907797Z   set-safe-directory: true
2026-10-02T18:59:57.7908302Z   allow-unsafe-pr-checkout: false
2026-10-02T18:59:57.7909070Z ##[endgroup]
2026-10-02T18:59:57.8951217Z Syncing repository: tvofi/heatpump_optimizer
2026-10-02T18:59:57.8953687Z ##[group]Getting Git version info
2026-10-02T18:59:57.8954575Z Working directory is '/home/runner/work/heatpump_optimizer/heatpump_optimizer'
2026-10-02T18:59:57.8955689Z [command]/usr/bin/git version
2026-10-02T18:59:57.9042831Z git version 2.55.0
2026-10-02T18:59:57.9065142Z ##[endgroup]
2026-10-02T18:59:57.9082283Z Temporarily overriding HOME='/home/runner/work/_temp/28b64a8a-3d84-4402-9053-0bdbb4b7f29d' before making global git config changes
2026-10-02T18:59:57.9084632Z Adding repository directory to the temporary git global config as a safe directory
2026-10-02T18:59:57.9089701Z [command]/usr/bin/git config --global --add safe.directory /home/runner/work/heatpump_optimizer/heatpump_optimizer
2026-10-02T18:59:57.9141886Z Deleting the contents of '/home/runner/work/heatpump_optimizer/heatpump_optimizer'
2026-10-02T18:59:57.9147354Z ##[group]Initializing the repository
2026-10-02T18:59:57.9153862Z [command]/usr/bin/git init /home/runner/work/heatpump_optimizer/heatpump_optimizer
2026-10-02T18:59:57.9270997Z hint: Using 'master' as the name for the initial branch. This default branch name
2026-10-02T18:59:57.9272756Z hint: will change to "main" in Git 3.0. To configure the initial branch name
2026-10-02T18:59:57.9274428Z hint: to use in all of your new repositories, which will suppress this warning,
2026-10-02T18:59:57.9275803Z hint: call:
2026-10-02T18:59:57.9276800Z hint:
2026-10-02T18:59:57.9277672Z hint: 	git config --global init.defaultBranch <name>
2026-10-02T18:59:57.9278869Z hint:
2026-10-02T18:59:57.9279946Z hint: Names commonly chosen instead of 'master' are 'main', 'trunk' and
2026-10-02T18:59:57.9280950Z hint: 'development'. The just-created branch can be renamed via this command:
2026-10-02T18:59:57.9281715Z hint:
2026-10-02T18:59:57.9282143Z hint: 	git branch -m <name>
2026-10-02T18:59:57.9282627Z hint:
2026-10-02T18:59:57.9283266Z hint: Disable this message with "git config set advice.defaultBranchName false"
2026-10-02T18:59:57.9284463Z Initialized empty Git repository in /home/runner/work/heatpump_optimizer/heatpump_optimizer/.git/
2026-10-02T18:59:57.9295032Z [command]/usr/bin/git remote add origin https://github.com/tvofi/heatpump_optimizer
2026-10-02T18:59:57.9348550Z ##[endgroup]
2026-10-02T18:59:57.9349740Z ##[group]Disabling automatic garbage collection
2026-10-02T18:59:57.9350815Z [command]/usr/bin/git config --local gc.auto 0
2026-10-02T18:59:57.9384437Z ##[endgroup]
2026-10-02T18:59:57.9385609Z ##[group]Setting up auth
2026-10-02T18:59:57.9392433Z [command]/usr/bin/git config --local --name-only --get-regexp core\.sshCommand
2026-10-02T18:59:57.9427315Z [command]/usr/bin/git submodule foreach --recursive sh -c "git config --local --name-only --get-regexp 'core\.sshCommand' && git config --local --unset-all 'core.sshCommand' || :"
2026-10-02T18:59:57.9811518Z [command]/usr/bin/git config --local --name-only --get-regexp http\.https\:\/\/github\.com\/\.extraheader
2026-10-02T18:59:57.9852936Z [command]/usr/bin/git submodule foreach --recursive sh -c "git config --local --name-only --get-regexp 'http\.https\:\/\/github\.com\/\.extraheader' && git config --local --unset-all 'http.https://github.com/.extraheader' || :"
2026-10-02T18:59:58.0092445Z [command]/usr/bin/git config --local --name-only --get-regexp ^includeIf\.gitdir:
2026-10-02T18:59:58.0130499Z [command]/usr/bin/git submodule foreach --recursive git config --local --show-origin --name-only --get-regexp remote.origin.url
2026-10-02T18:59:58.0353492Z [command]/usr/bin/git config --local http.https://github.com/.extraheader AUTHORIZATION: basic ***
2026-10-02T18:59:58.0394423Z ##[endgroup]
2026-10-02T18:59:58.0395855Z ##[group]Fetching the repository
2026-10-02T18:59:58.0406018Z [command]/usr/bin/git -c protocol.version=2 fetch --no-tags --prune --no-recurse-submodules --depth=1 origin +cd04a621398ea8d7cd8ddf6830ad7cdcd7843765:refs/remotes/pull/1852/merge
2026-10-02T19:00:00.5255855Z From https://github.com/tvofi/heatpump_optimizer
2026-10-02T19:00:00.5258153Z  * [new ref]         cd04a621398ea8d7cd8ddf6830ad7cdcd7843765 -> pull/1852/merge
2026-10-02T19:00:00.5298246Z ##[endgroup]
2026-10-02T19:00:00.5300732Z ##[group]Determining the checkout info
2026-10-02T19:00:00.5302325Z ##[endgroup]
2026-10-02T19:00:00.5303549Z [command]/usr/bin/git sparse-checkout disable
2026-10-02T19:00:00.5355142Z [command]/usr/bin/git config --local --unset-all extensions.worktreeConfig
2026-10-02T19:00:00.5394323Z ##[group]Checking out the ref
2026-10-02T19:00:00.5399709Z [command]/usr/bin/git checkout --progress --force refs/remotes/pull/1852/merge
2026-10-02T19:00:00.9572369Z Note: switching to 'refs/remotes/pull/1852/merge'.
2026-10-02T19:00:00.9572828Z 
2026-10-02T19:00:00.9573155Z You are in 'detached HEAD' state. You can look around, make experimental
2026-10-02T19:00:00.9573800Z changes and commit them, and you can discard any commits you make in this
2026-10-02T19:00:00.9574448Z state without impacting any branches by switching back to a branch.
2026-10-02T19:00:00.9574824Z 
2026-10-02T19:00:00.9575107Z If you want to create a new branch to retain commits you create, you may
2026-10-02T19:00:00.9576068Z do so (now or later) by using -c with the switch command. Example:
2026-10-02T19:00:00.9576935Z 
2026-10-02T19:00:00.9577259Z   git switch -c <new-branch-name>
2026-10-02T19:00:00.9578770Z 
2026-10-02T19:00:00.9579090Z Or undo this operation with:
2026-10-02T19:00:00.9579507Z 
2026-10-02T19:00:00.9579749Z   git switch -
2026-10-02T19:00:00.9580077Z 
2026-10-02T19:00:00.9580660Z Turn off this advice by setting config variable advice.detachedHead to false
2026-10-02T19:00:00.9581388Z 
2026-10-02T19:00:00.9582162Z HEAD is now at cd04a62 Merge 6cbc566164a4fbccac3df36ce0ea566474e1538a into aa7a81192325614999803e40e3cedc024e22ce2b
2026-10-02T19:00:00.9595611Z ##[endgroup]
2026-10-02T19:00:00.9644314Z [command]/usr/bin/git log -1 --format=%H
2026-10-02T19:00:00.9672945Z cd04a621398ea8d7cd8ddf6830ad7cdcd7843765
2026-10-02T19:00:00.9961488Z ##[group]Run actions/setup-python@ece7cb06caefa5fff74198d8649806c4678c61a1
2026-10-02T19:00:00.9962079Z with:
2026-10-02T19:00:00.9962399Z   python-version: 3.13
2026-10-02T19:00:00.9962725Z   check-latest: false
2026-10-02T19:00:00.9965523Z   token: ***
2026-10-02T19:00:00.9965831Z   update-environment: true
2026-10-02T19:00:00.9966480Z   allow-prereleases: false
2026-10-02T19:00:00.9966844Z   freethreaded: false
2026-10-02T19:00:00.9967153Z ##[endgroup]
2026-10-02T19:00:01.1294605Z ##[group]Installed versions
2026-10-02T19:00:01.1381162Z Successfully set up CPython (3.13.15)
2026-10-02T19:00:01.1382276Z ##[endgroup]
2026-10-02T19:00:01.1582629Z ##[group]Run set -euo pipefail
2026-10-02T19:00:01.1583132Z set -euo pipefail
2026-10-02T19:00:01.1583743Z git cat-file -e "$PINNED^{commit}" 2>/dev/null || git fetch -q --no-tags --depth=1 origin "$PINNED"
2026-10-02T19:00:01.1585048Z git checkout "$PINNED" -- \
2026-10-02T19:00:01.1585468Z   'tests/nightly_status.py'
2026-10-02T19:00:01.1586396Z test "$(git hash-object tests/nightly_status.py)" = "$(git rev-parse "$PINNED:tests/nightly_status.py")"
2026-10-02T19:00:01.1587223Z python -I -S tests/nightly_status.py
2026-10-02T19:00:01.1890816Z shell: /usr/bin/bash -e {0}
2026-10-02T19:00:01.1891304Z env:
2026-10-02T19:00:01.1891744Z   pythonLocation: /opt/hostedtoolcache/Python/3.13.15/x64
2026-10-02T19:00:01.1892403Z   PKG_CONFIG_PATH: /opt/hostedtoolcache/Python/3.13.15/x64/lib/pkgconfig
2026-10-02T19:00:01.1893033Z   Python_ROOT_DIR: /opt/hostedtoolcache/Python/3.13.15/x64
2026-10-02T19:00:01.1893673Z   Python2_ROOT_DIR: /opt/hostedtoolcache/Python/3.13.15/x64
2026-10-02T19:00:01.1894248Z   Python3_ROOT_DIR: /opt/hostedtoolcache/Python/3.13.15/x64
2026-10-02T19:00:01.1894814Z   LD_LIBRARY_PATH: /opt/hostedtoolcache/Python/3.13.15/x64/lib
2026-10-02T19:00:01.1898485Z   GITHUB_TOKEN: ***
2026-10-02T19:00:01.1898884Z   PINNED: aa7a81192325614999803e40e3cedc024e22ce2b
2026-10-02T19:00:01.1899326Z ##[endgroup]
2026-10-02T19:00:04.5958485Z NIGHTLY ABSENT: nothing failed, but mutation-ledger, mutation-ledger-push did not run in that scheduled run (last night).
2026-10-02T19:00:04.5959963Z   scheduled run 36984959667, 2026-10-02T08:36:04+00:00, head 492d840, run conclusion 'success'
2026-10-02T19:00:04.5960912Z   https://github.com/tvofi/heatpump_optimizer/actions/runs/36984959667
2026-10-02T19:00:04.5962121Z   (run 37050037132 is still in flight; this verdict is the last CONCLUDED one, which is what 'the last nightly' means here)
2026-10-02T19:00:04.5964234Z   A lane that was skipped or renamed away reported nothing, and nothing is not a pass. Green here would mean this check had stopped watching the thing it was written for.
2026-10-02T19:00:04.5965552Z 
2026-10-02T19:00:04.5967576Z This check is NOT one of the required contexts on `main-protect`; a red here does not block a merge. The nightly lanes can fail for reasons outside this repository (a registry outage, a Home Assistant release), which is why they are unrequired and why this must stay unrequired too.
2026-10-02T19:00:04.5969553Z 
2026-10-02T19:00:04.5970201Z A red here is owed a fix and a PROOF, not an explanation. Fix the lane, then verify it on the default branch:
2026-10-02T19:00:04.5971445Z     gh workflow run tests.yml --ref main
2026-10-02T19:00:04.5972824Z and name that run id under `## Red checks` in your pull-request body. A concluded dispatch on the default branch is read as the nightly here, so the check goes green on the fix rather than on the next cron.
2026-10-02T19:00:04.5975177Z If the cause is outside this repository, that is a legitimate answer and it is recorded the same way: name the cause and who owns it, in the body. What is refused is a red nobody answered.
2026-10-02T19:00:04.6067921Z ##[error]Process completed with exit code 1.
2026-10-02T19:00:04.6304860Z Post job cleanup.
2026-10-02T19:00:04.7138469Z [command]/usr/bin/git version
2026-10-02T19:00:04.7181570Z git version 2.55.0
2026-10-02T19:00:04.7221521Z Temporarily overriding HOME='/home/runner/work/_temp/8c2316a0-bbc0-4df8-a2fa-2ccf54a93d33' before making global git config changes
2026-10-02T19:00:04.7223033Z Adding repository directory to the temporary git global config as a safe directory
2026-10-02T19:00:04.7228363Z [command]/usr/bin/git config --global --add safe.directory /home/runner/work/heatpump_optimizer/heatpump_optimizer
2026-10-02T19:00:04.7268362Z [command]/usr/bin/git config --local --name-only --get-regexp core\.sshCommand
2026-10-02T19:00:04.7303581Z [command]/usr/bin/git submodule foreach --recursive sh -c "git config --local --name-only --get-regexp 'core\.sshCommand' && git config --local --unset-all 'core.sshCommand' || :"
2026-10-02T19:00:04.7564403Z [command]/usr/bin/git config --local --name-only --get-regexp http\.https\:\/\/github\.com\/\.extraheader
2026-10-02T19:00:04.7590186Z http.https://github.com/.extraheader
2026-10-02T19:00:04.7601240Z [command]/usr/bin/git config --local --unset-all http.https://github.com/.extraheader
2026-10-02T19:00:04.7644703Z [command]/usr/bin/git submodule foreach --recursive sh -c "git config --local --name-only --get-regexp 'http\.https\:\/\/github\.com\/\.extraheader' && git config --local --unset-all 'http.https://github.com/.extraheader' || :"
2026-10-02T19:00:04.7903493Z [command]/usr/bin/git config --local --name-only --get-regexp ^includeIf\.gitdir:
2026-10-02T19:00:04.7947370Z [command]/usr/bin/git submodule foreach --recursive git config --local --show-origin --name-only --get-regexp remote.origin.url
2026-10-02T19:00:04.8378570Z Cleaning up orphan processes
