  3591 unpinned site(s) of 4078 candidate sites, 3583 at the ratchet base bd79bc9e0e7ee5bb8d7fac6a400f5e077f3c3266; the ledger agrees with the deterministic inventory
MUTATION TABLE -- scope changed: 4 production file(s) whose code this diff adds or modifies
PIN KILLED -- 11 new unpinned site(s) against bd79bc9e0e7ee5bb8d7fac6a400f5e077f3c3266 to drive
  11 mutant(s) over 4 file(s); drivers in play: tests/backtest.py, tests/config_flow_steps.py, tests/deployment_shape.py, tests/doc_claims.py, tests/edge.py, tests/entities.py, tests/env_drift.py, tests/features.py, tests/finite_boundary.py, tests/guard_pins.py, tests/manual_plan.py, tests/optimality.py, tests/plan_view.py, tests/solar_alignment.py, tests/stress.py, tests/structure.py, tests/typing_ruler.py, tests/validate.py, tests/wood_advisor.py
  ref-driven drivers compare against 'bd79bc9e0e7ee5bb8d7fac6a400f5e077f3c3266' (run.sh's GOLDEN_REF resolution)
  null control: custom_components/heatpump_optimizer/entity.py:118 NULL_COMMENT, a comment-only edit every driver in play must let survive
  tests/stress.py: baseline and null control deferred until a mutant survives every shared driver
  baseline tests/backtest.py: rc=0 failed=0 226s
  baseline tests/config_flow_steps.py: rc=0 failed=0 48s
  baseline tests/deployment_shape.py: rc=0 failed=0 9s
  baseline tests/doc_claims.py: rc=0 failed=0 13s
  baseline tests/edge.py: rc=0 failed=0 91s
  baseline tests/env_drift.py: rc=0 failed=0 459s
  baseline tests/entities.py: rc=0 failed=0 536s
  baseline tests/finite_boundary.py: rc=0 failed=0 104s
  baseline tests/guard_pins.py: rc=0 failed=0 3s
  baseline tests/manual_plan.py: rc=0 failed=0 17s
  baseline tests/features.py: rc=0 failed=0 966s
  baseline tests/plan_view.py: rc=0 failed=0 4s
  baseline tests/solar_alignment.py: rc=0 failed=0 3s
  baseline tests/structure.py: rc=0 failed=0 7s
  baseline tests/typing_ruler.py: rc=0 failed=0 2s
  baseline tests/validate.py: rc=0 failed=0 61s
  baseline tests/wood_advisor.py: rc=0 failed=0 3s
  baseline tests/optimality.py: rc=0 failed=0 489s
  null control custom_components/heatpump_optimizer/entity.py:118 NULL_COMMENT survived every driver
  baseline tests/stress.py: rc=0 failed=0 616s
  null control custom_components/heatpump_optimizer/entity.py:118 NULL_COMMENT survived tests/stress.py
  pinned   custom_components/heatpump_optimizer/entity.py:50 GUARD_OFF -- killed by tests/entities.py
  pinned   custom_components/heatpump_optimizer/optimizer.py:7117 RETURN_DEL -- killed by tests/features.py
  pinned   custom_components/heatpump_optimizer/optimizer.py:7181 BOOLOP -- killed by tests/stress.py
  pinned   custom_components/heatpump_optimizer/pump_arbiter.py:265 BOOLOP -- killed by tests/features.py
  pinned   custom_components/heatpump_optimizer/pump_arbiter.py:266 BOOLOP -- killed by tests/features.py
  pinned   custom_components/heatpump_optimizer/pump_arbiter.py:452 RETURN_DEL -- killed by tests/structure.py
  pinned   custom_components/heatpump_optimizer/thermal_model.py:1118 CONST -- killed by tests/features.py
  pinned   custom_components/heatpump_optimizer/thermal_model.py:1136 RETURN_DEL -- killed by tests/features.py
  pinned   custom_components/heatpump_optimizer/thermal_model.py:1145 RETURN_DEL -- killed by tests/features.py
  pinned   custom_components/heatpump_optimizer/thermal_model.py:1161 CLAMP_DROP -- killed by tests/features.py
  pinned   custom_components/heatpump_optimizer/thermal_model.py:1161 RETURN_DEL -- killed by tests/features.py

PIN KILLED: 11 pinned, 0 left unpinned

[exited with code 0]
