0 102 b7f4bffa13d9 ok
1 102 8827452e1e2b ok
2 102 df7db82152fa ok
3 102 5f6ada5e2568 ok
4 102 496cc4238d9a ok
5 102 c27a6d32c6c6 ok
6 102 a2afe933403e ok
7 102 f2d7a502c051 ok
8 102 9ac2d02cc362 ok
9 102 32e2d8e482c6 ok
10 102 2e0d3d960d76 ok
11 102 99255d625242 ok
12 102 364d9b4155e4 ok
13 102 4ef5ffb10117 ok
14 102 ca711b561dbb ok
15 102 bf47f9e1dac1 ok
16 102 07bdc557d3aa ok
17 102 6be3cbec2b8e ok
18 102 a1bdb11c1333 ok
19 102 14a3833dd37e ok
20 102 546b4924ff00 ok
21 102 26f15eb0cf25 ok
22 102 3b3204057568 ok
23 102 296e27345f48 ok
24 102 3e5aba6a1daf ok
25 102 4753e187b1b5 ok
26 102 aa2677baaa4e ok
27 102 a26bb765495a ok
28 102 e4bc3756d47c ok
29 102 8ae836972392 ok
30 102 9a0d4c5eb433 ok
31 102 d259ab4a2179 ok
32 102 c5fcfb17d728 ok
33 102 9896ddba8ea3 ok
34 102 97dc04f249ec ok
35 102 2fdee33e4e9c ok
36 102 44a6351d8b67 ok
37 102 39ba037aaab6 ok
38 102 c197b018d8fd ok
39 102 2128a825a4fe ok
40 102 7d47e80ee535 ok
41 102 2ab9b84d5009 ok
42 102 ca937daae5a2 ok
43 102 9ce2a63e09c4 ok
44 102 4a7bdb696c9a ok
45 102 d1f798cbfe11 ok
46 102 4b6e07651743 ok
47 102 67e1cf33cac8 ok
48 102 1291f3f2a601 ok
49 102 d979110c79b2 ok
50 102 d40de99437d1 ok
51 102 5a4e6ff9a3f9 ok
52 102 b6a21f112366 ok
53 102 8281f544b2a2 ok
54 102 5117ad12685a ok
55 102 d04ed89f7739 ok
56 102 3f78703961e1 ok
57 102 0f9eb71a4452 ok
58 102 52d38d955e41 ok
59 102 51eb14fb6704 ok
60 102 8bc4c661c954 ok
61 102 9c1de0cac33f ok
62 102 0323c5b8df9d ok
63 102 86c95c3facfa ok
64 102 697810764c1f ok
65 102 4da4ccec3625 ok
66 102 ec263d821622 ok
67 102 0cd6c79618a0 ok
68 102 137b6d59a59f ok
69 102 8454c07d10d5 ok
70 102 33cedffa89f2 ok
71 102 3063c1cec56d ok
72 102 043ed1591b17 ok
73 102 0011bc73dd6e ok
74 102 56cb00279777 ok
75 102 c59672bc8b2a ok
76 102 2a45102143be ok
77 102 7be8738ed399 ok
78 102 3e9f1878bdae ok
79 102 d5db294278d3 ok
80 102 ff30236d6052 ok
81 102 5b9033445831 ok
82 102 3bae92d9620a ok
83 102 d9d5e9f1deb4 ok
84 102 c2a0448d076e ok
85 102 4f8088e8f009 ok
86 102 5395394da9d8 ok
87 102 7952d8f9e4fb ok
88 102 b2fadf6e0bd3 ok
89 102 acf5264d14c2 ok
90 102 ee13f67e0146 ok
91 102 3defa2d58879 ok
92 102 f74e981a0ebd ok
93 102 89d1ddf58197 ok
94 102 5a2a62ff10f4 ok
95 102 3490cb16ec0a ok
96 102 38dffe367d93 ok
97 102 c54b20d27da0 ok
98 102 686239d26d8c ok
99 102 31394964bb13 ok
100 102 cdbca7067989 ok
101 102 8ff6827a9c22 ok
