  3646 unpinned site(s) of 4007 candidate sites, 3639 at the ratchet base 92bce7c452dd36dfb239953af7f29e1f2348050b; the ledger agrees with the deterministic inventory
MUTATION TABLE -- scope changed: 4 production file(s) whose code this diff adds or modifies
PIN KILLED -- 21 new unpinned site(s) against 92bce7c452dd36dfb239953af7f29e1f2348050b to drive
  21 mutant(s) over 4 file(s); drivers in play: tests/backtest.py, tests/config_flow_steps.py, tests/deployment_shape.py, tests/doc_claims.py, tests/edge.py, tests/entities.py, tests/env_drift.py, tests/features.py, tests/finite_boundary.py, tests/guard_pins.py, tests/manual_plan.py, tests/optimality.py, tests/plan_view.py, tests/solar_alignment.py, tests/stress.py, tests/structure.py, tests/typing_ruler.py, tests/validate.py, tests/wood_advisor.py
  ref-driven drivers compare against '92bce7c452dd36dfb239953af7f29e1f2348050b' (run.sh's GOLDEN_REF resolution)
  null control: custom_components/heatpump_optimizer/defrost.py:88 NULL_COMMENT, a comment-only edit every driver in play must let survive
  tests/stress.py: baseline and null control deferred until a mutant survives every shared driver
  baseline tests/backtest.py: rc=0 failed=0 103s
  baseline tests/config_flow_steps.py: rc=0 failed=0 15s
  baseline tests/deployment_shape.py: rc=0 failed=0 3s
  baseline tests/doc_claims.py: rc=0 failed=0 4s
  baseline tests/edge.py: rc=0 failed=0 36s
  baseline tests/env_drift.py: rc=0 failed=0 221s
  baseline tests/entities.py: rc=0 failed=0 102s
  baseline tests/finite_boundary.py: rc=0 failed=0 13s
  baseline tests/guard_pins.py: rc=0 failed=0 1s
  baseline tests/manual_plan.py: rc=0 failed=0 6s
  baseline tests/optimality.py: rc=0 failed=0 177s
  baseline tests/plan_view.py: rc=0 failed=0 1s
  baseline tests/solar_alignment.py: rc=0 failed=0 1s
  baseline tests/structure.py: rc=0 failed=0 3s
  baseline tests/typing_ruler.py: rc=0 failed=0 0s
  baseline tests/validate.py: rc=0 failed=0 34s
  baseline tests/wood_advisor.py: rc=0 failed=0 1s
  baseline tests/features.py: rc=0 failed=0 279s
  null control custom_components/heatpump_optimizer/defrost.py:88 NULL_COMMENT survived every driver
  tests/stress.py: DEFERRED AND NEVER RUN -- no mutant survived every shared driver, so its baseline was never checked here; a red one would have made it INCONCLUSIVE, a killed null REFUSED
  pinned   custom_components/heatpump_optimizer/defrost.py:487 BOOLOP -- killed by tests/features.py
  pinned   custom_components/heatpump_optimizer/defrost.py:489 RETURN_DEL -- killed by tests/features.py
  pinned   custom_components/heatpump_optimizer/defrost.py:505 GUARD_OFF -- killed by tests/features.py
  pinned   custom_components/heatpump_optimizer/defrost.py:537 GUARD_OFF -- killed by tests/finite_boundary.py
  pinned   custom_components/heatpump_optimizer/defrost.py:544 CLAMP_DROP -- killed by tests/features.py
  pinned   custom_components/heatpump_optimizer/defrost.py:544 CLAMP_DROP -- killed by tests/features.py
  pinned   custom_components/heatpump_optimizer/defrost.py:546 GUARD_OFF -- killed by tests/features.py
  pinned   custom_components/heatpump_optimizer/price_model.py:113 GUARD_OFF -- killed by tests/features.py
  pinned   custom_components/heatpump_optimizer/price_model.py:115 RETURN_DEL -- killed by tests/features.py
  pinned   custom_components/heatpump_optimizer/price_model.py:116 RETURN_DEL -- killed by tests/finite_boundary.py
  pinned   custom_components/heatpump_optimizer/price_model.py:121 BOOLOP -- killed by tests/finite_boundary.py
  pinned   custom_components/heatpump_optimizer/price_model.py:121 GUARD_OFF -- killed by tests/features.py
  pinned   custom_components/heatpump_optimizer/price_model.py:124 CLAMP_DROP -- killed by tests/features.py
  pinned   custom_components/heatpump_optimizer/price_model.py:139 BOOLOP -- killed by tests/features.py
  pinned   custom_components/heatpump_optimizer/price_model.py:139 GUARD_OFF -- killed by tests/features.py
  pinned   custom_components/heatpump_optimizer/price_model.py:149 RETURN_DEL -- killed by tests/finite_boundary.py
  pinned   custom_components/heatpump_optimizer/price_model.py:380 GUARD_OFF -- killed by tests/features.py
  pinned   custom_components/heatpump_optimizer/price_model.py:383 GUARD_OFF -- killed by tests/features.py
  pinned   custom_components/heatpump_optimizer/price_model.py:398 BOOLOP -- killed by tests/finite_boundary.py
  pinned   custom_components/heatpump_optimizer/price_model.py:399 CLAMP_DROP -- killed by tests/finite_boundary.py
  pinned   custom_components/heatpump_optimizer/tariff.py:488 GUARD_OFF -- killed by tests/features.py

PIN KILLED: 21 pinned, 0 left unpinned
PIN rc=0
