==========================================================================
DRIFT BASELINE CACHE HIT -- the baseline was REUSED, not recomputed
  key       7cc0ecb054b0503d1e41f983122c97294165ed3eb49d85202ec312ad35d8d8ae
  entry     /root/.cache/heatpump_optimizer/drift-baseline/7cc0ecb054b0503d1e41f983122c97294165ed3eb49d85202ec312ad35d8d8ae.json
  ref       3dfebc169096e53a5d3713a019de2b525174bc27 -> 3dfebc169096e53a5d3713a019de2b525174bc27
  tree      87723e99d0c1be50a163dbcf53a4737f6dc6fff0
  mode      all
  captured  56 s ago
  key covers:
    baseline_commit  a4f3699f5e48
    baseline_tree    c174c83a133c
    cache_format     391552c099c1
    driver_sha256    0844a02f1a60
    environment      7f86d59160f1
    interpreter      c0da8fa3efc7
    mode             5cf7504d9781
    numeric_probe    37fadb5234b8
    numpy_build      6411f37f1299
    packages         02797b835c32
    platform         fbf05aed65e2
    sensitive        541346c5f2b4
  bypass    DRIFT_NO_CACHE=1 to capture the baseline from scratch
==========================================================================
  captured 56 scenarios from branch
  reused   56 scenarios for baseline from cache key 7cc0ecb054b0503d (see the banner above)

########## committed fixtures: staleness (#347) ##########
  56 fixture(s) compared against this tree's capture; 1 of them float-free and compared exactly.

  values (reported, never failed): 34 fixture(s), 16160 leaf/leaves differ from the committed files in value alone.
  A float-bearing fixture can only be re-recorded honestly in the environment
  that records them all; a dev box would poison it. Nothing here is failed on.
  no committed fixture is stale
  ok    away_setback is byte-identical to 3dfebc169096e53a5d3713a019de2b525174bc27 here
  ok    building_preset is byte-identical to 3dfebc169096e53a5d3713a019de2b525174bc27 here
  ok    capacity_curve is byte-identical to 3dfebc169096e53a5d3713a019de2b525174bc27 here
  ok    capacity_tariff is byte-identical to 3dfebc169096e53a5d3713a019de2b525174bc27 here
  may-drift capacity_tariff_15min: did not move here (#1207 keep-gate (2e-2 -> 2e-5), owner)
  ok    confidence_margins is byte-identical to 3dfebc169096e53a5d3713a019de2b525174bc27 here
  ok    config_flow is byte-identical to 3dfebc169096e53a5d3713a019de2b525174bc27 here
  ok    cool_rainy_summer is byte-identical to 3dfebc169096e53a5d3713a019de2b525174bc27 here
  CLAIMED coord_all_features: 48 leaves moved (R9-EG-B8: 48 leaves, dhw_usage_profile seeded projected (hours 01-03 up to 0.2, the rest down x0.9878))
         coord_all_features.data.dhw_usage_profile[0]: 0.207792 vs 0.205263
         coord_all_features.data.dhw_usage_profile[1]: 0.103896 vs 0.2
         coord_all_features.data.dhw_usage_profile[2]: 0.103896 vs 0.2
  CLAIMED coord_dhw: 48 leaves moved (R9-EG-B8: 48 leaves, dhw_usage_profile seeded projected (hours 01-03 up to 0.2, the rest down x0.9878))
         coord_dhw.data.dhw_usage_profile[0]: 0.207792 vs 0.205263
         coord_dhw.data.dhw_usage_profile[1]: 0.103896 vs 0.2
         coord_dhw.data.dhw_usage_profile[2]: 0.103896 vs 0.2
  CLAIMED coord_grid_fee: 48 leaves moved (R9-EG-B8: 48 leaves, dhw_usage_profile seeded projected (hours 01-03 up to 0.2, the rest down x0.9878))
         coord_grid_fee.data.dhw_usage_profile[0]: 0.207792 vs 0.205263
         coord_grid_fee.data.dhw_usage_profile[1]: 0.103896 vs 0.2
         coord_grid_fee.data.dhw_usage_profile[2]: 0.103896 vs 0.2
  CLAIMED coord_minimal: 48 leaves moved (R9-EG-B8: 48 leaves, dhw_usage_profile seeded projected (hours 01-03 up to 0.2, the rest down x0.9878))
         coord_minimal.data.dhw_usage_profile[0]: 0.207792 vs 0.205263
         coord_minimal.data.dhw_usage_profile[1]: 0.103896 vs 0.2
         coord_minimal.data.dhw_usage_profile[2]: 0.103896 vs 0.2
  CLAIMED coord_two_zone: 48 leaves moved (R9-EG-B8: 48 leaves, dhw_usage_profile seeded projected (hours 01-03 up to 0.2, the rest down x0.9878))
         coord_two_zone.data.dhw_usage_profile[0]: 0.207792 vs 0.205263
         coord_two_zone.data.dhw_usage_profile[1]: 0.103896 vs 0.2
         coord_two_zone.data.dhw_usage_profile[2]: 0.103896 vs 0.2
  ok    cop_scale_learned is byte-identical to 3dfebc169096e53a5d3713a019de2b525174bc27 here
  may-drift cycling_cost: did not move here (#1207 keep-gate (2e-2 -> 2e-5), owner directive)
  ok    dhw_cold_tank is byte-identical to 3dfebc169096e53a5d3713a019de2b525174bc27 here
  ok    dhw_large_tank is byte-identical to 3dfebc169096e53a5d3713a019de2b525174bc27 here
  ok    dhw_learned_windows is byte-identical to 3dfebc169096e53a5d3713a019de2b525174bc27 here
  ok    dhw_schedule_off is byte-identical to 3dfebc169096e53a5d3713a019de2b525174bc27 here
  may-drift direct_flow_carnot: did not move here (#1207 keep-gate (2e-2 -> 2e-5), widened)
  may-drift everything_on: did not move here (#1207 keep-gate (2e-2 -> 2e-5), owner)
  ok    external_heat_active is byte-identical to 3dfebc169096e53a5d3713a019de2b525174bc27 here
  ok    extreme_prices is byte-identical to 3dfebc169096e53a5d3713a019de2b525174bc27 here
  may-drift flat_prices: did not move here (#1208 polish-every-candidate, owner ruling #1208 comment 208bed25)
  may-drift fuse_guard: did not move here (#1207 keep-gate (2e-2 -> 2e-5), widened to the)
  ok    horizon_48h is byte-identical to 3dfebc169096e53a5d3713a019de2b525174bc27 here
  ok    horizon_6h is byte-identical to 3dfebc169096e53a5d3713a019de2b525174bc27 here
  ok    legionella_due is byte-identical to 3dfebc169096e53a5d3713a019de2b525174bc27 here
  ok    legionella_due_low_setpoint is byte-identical to 3dfebc169096e53a5d3713a019de2b525174bc27 here
  ok    legionella_off is byte-identical to 3dfebc169096e53a5d3713a019de2b525174bc27 here
  ok    mild_windy_rain is byte-identical to 3dfebc169096e53a5d3713a019de2b525174bc27 here
  may-drift narrow_band: did not move here (#1207 keep-gate (2e-2 -> 2e-5), owner directive)
  ok    negative_prices is byte-identical to 3dfebc169096e53a5d3713a019de2b525174bc27 here
  ok    peak_masked is byte-identical to 3dfebc169096e53a5d3713a019de2b525174bc27 here
  may-drift precip_snow: did not move here (#1207 keep-gate (2e-2 -> 2e-5), widened to the)
  ok    price_risk is byte-identical to 3dfebc169096e53a5d3713a019de2b525174bc27 here
  may-drift shoulder: did not move here (#1207 keep-gate (2e-2 -> 2e-5), owner directive)
  may-drift shoulder_two_zone: did not move here (#1208 polish-every-candidate, third name)
  ok    start_above_band is byte-identical to 3dfebc169096e53a5d3713a019de2b525174bc27 here
  ok    start_below_band is byte-identical to 3dfebc169096e53a5d3713a019de2b525174bc27 here
  ok    summer_dhw_only is byte-identical to 3dfebc169096e53a5d3713a019de2b525174bc27 here
  may-drift tariff_plus_two_zone: did not move here (#1207 keep-gate (2e-2 -> 2e-5),)
  may-drift valve_storage: did not move here (#1207 keep-gate (2e-2 -> 2e-5), widened to)
  ok    valve_storage_flat_prices is byte-identical to 3dfebc169096e53a5d3713a019de2b525174bc27 here
  ok    valve_storage_low_target is byte-identical to 3dfebc169096e53a5d3713a019de2b525174bc27 here
  ok    valve_storage_small_tank is byte-identical to 3dfebc169096e53a5d3713a019de2b525174bc27 here
  may-drift valve_storage_smart_write: did not move here (machine-sensitive; the DHW plan can reach it, per local optimum)
  may-drift valve_upper_direct_slab: did not move here (machine-sensitive; the DHW plan can reach it, per local optimum)
  ok    wide_band is byte-identical to 3dfebc169096e53a5d3713a019de2b525174bc27 here
  ok    winter_single_dhw is byte-identical to 3dfebc169096e53a5d3713a019de2b525174bc27 here
  ok    winter_single_no_dhw is byte-identical to 3dfebc169096e53a5d3713a019de2b525174bc27 here
  may-drift winter_two_zone_dhw: did not move here (#1207 keep-gate (2e-2 -> 2e-5), owner)
  may-drift winter_two_zone_no_dhw: did not move here (#1208 polish-every-candidate, owner)
  may-drift wood_coil: did not move here (machine-sensitive; the DHW plan can reach it, per local optimum)
  may-drift wood_two_tank: did not move here (machine-sensitive; the DHW plan can reach it, per local optimum)
  may-drift wood_two_tank_smart_write: did not move here (machine-sensitive; the DHW plan can reach it, per local optimum)

NO UNCLAIMED DRIFT: 56 scenario(s) checked against 3dfebc169096e53a5d3713a019de2b525174bc27
NO STALE FIXTURE: 56 committed fixture(s) still match what this tree computes
