H RESULT duty_floor_kw=4.200
H RESULT on_threshold_kw=0.500
H RESULT min1_idle_folded=0/9
H RESULT min1_standby_folded=0/9
H RESULT min1_duty_cycled_folded=0/6
H RESULT min1_running_folded=0/15
H RESULT min3_idle_folded=0/9
H RESULT min3_standby_folded=0/9
H RESULT min3_duty_cycled_folded=0/6
H RESULT min3_running_folded=0/15
H RESULT selfmod_independent=0/96_scale=1.000
H RESULT selfmod_independent_4kw=62/96_scale=0.636
H RESULT selfmod_matched=0/96_scale=1.000
H RESULT true_0.6=0/288_scale=1.000
H RESULT true_0.7=0/288_scale=1.000
H RESULT true_0.8=0/288_scale=1.000
H RESULT true_1.3=0/288_scale=1.000
H RESULT true_0.7_4kw=285/288_scale=0.704
H RESULT fixed3_duty50=5/5_scale=1.000
H RESULT fixed3_duty70=5/5_scale=1.000
H RESULT fixed3_duty85=5/5_scale=1.000
H RESULT liveness_folded=3/3
H RESULT selfset_hourly=0/96_scale=1.000
H RESULT selfset_three_hour=0/96_scale=1.000
H RESULT selfset_flat=0/96_scale=1.000
H RESULT p4_follow_noise10=96/96_scale=1.028
H RESULT p4_follow_noise20=95/96_scale=1.118
H RESULT p4_eff0.8_noise5=96/96_scale=0.563
H RESULT p4_eff0.8_noise10=96/96_scale=0.563
H RESULT p4_follow_lag1tick=50/96_scale=0.998
H RESULT true_0.7_reload150=0/288_scale=1.000
P6 RESULT matched_folded=356/400 first_offask_fold=None scale=1.000 follows_ask=n/a
P6 RESULT heat_led_0.7_noise5_folded=358/400 first_offask_fold=2 scale=0.707 follows_ask=n/a
P6 RESULT heat_led_0.7_noise20_folded=355/400 first_offask_fold=2 scale=0.706 follows_ask=n/a
P6 RESULT heat_led_0.7_lag1_folded=259/400 first_offask_fold=3 scale=0.686 follows_ask=n/a
P6 RESULT heat_led_0.7_outliers_folded=346/400 first_offask_fold=2 scale=0.700 follows_ask=n/a
P6 RESULT heat_led_1.3_folded=360/400 first_offask_fold=0 scale=1.304 follows_ask=n/a
P6 RESULT selfset_hourly_folded=231/400 first_offask_fold=0 scale=1.600 follows_ask=n/a
P6 RESULT selfset_flat_folded=0/400 first_offask_fold=None scale=1.000 follows_ask=n/a
P6 RESULT partial_b0.3_folded=317/400 first_offask_fold=2 scale=1.600 follows_ask=n/a
P6 RESULT partial_b0.5_folded=356/400 first_offask_fold=0 scale=1.600 follows_ask=n/a
P6 RESULT partial_b0.6_folded=358/400 first_offask_fold=10 scale=1.600 follows_ask=n/a
P6 RESULT partial_b0.8_folded=376/400 first_offask_fold=356 scale=1.600 follows_ask=n/a
P6 RESULT heat_led_0.7_narrow_ask_folded=397/400 first_offask_fold=3 scale=0.700 follows_ask=n/a
P7 RESULT narrow_config_true0.75_folded=398/400 first_offask_fold=2 scale=0.751 follows_ask=n/a
P7 RESULT wide_config_steady_week_true0.75_folded=399/400 first_offask_fold=1 scale=0.750 follows_ask=n/a
P7 RESULT wide_config_varied_true0.75_folded=345/400 first_offask_fold=4 scale=0.750 follows_ask=n/a
