H RESULT duty_floor_kw=0.800
H RESULT on_threshold_kw=0.500
H RESULT min1_idle_folded=0/9
H RESULT min1_standby_folded=0/9
H RESULT min1_duty_cycled_folded=0/6
H RESULT min1_running_folded=15/15
H RESULT min3_idle_folded=0/9
H RESULT min3_standby_folded=0/9
H RESULT min3_duty_cycled_folded=0/6
H RESULT min3_running_folded=3/15
H RESULT selfmod_independent=9/96_scale=0.976
H RESULT selfmod_independent_4kw=33/96_scale=0.780
H RESULT selfmod_matched=96/96_scale=1.000
H RESULT true_0.6=241/288_scale=0.604
H RESULT true_0.7=241/288_scale=0.704
H RESULT true_0.8=241/288_scale=0.805
H RESULT true_1.3=241/288_scale=1.307
H RESULT true_0.7_4kw=285/288_scale=0.704
H RESULT fixed3_duty50=0/5_scale=1.000
H RESULT fixed3_duty70=0/5_scale=1.000
H RESULT fixed3_duty85=5/5_scale=1.000
H RESULT liveness_folded=3/3
H RESULT selfset_hourly=7/96_scale=0.978
H RESULT selfset_three_hour=0/96_scale=1.000
H RESULT selfset_flat=0/96_scale=1.000
H RESULT p4_follow_noise10=96/96_scale=1.028
H RESULT p4_follow_noise20=96/96_scale=1.123
H RESULT p4_eff0.8_noise5=96/96_scale=0.563
H RESULT p4_eff0.8_noise10=96/96_scale=0.563
H RESULT p4_follow_lag1tick=37/96_scale=1.002
H RESULT true_0.7_reload150=241/288_scale=0.704
P6 RESULT matched_folded=400/400 first_offask_fold=None scale=1.000 follows_ask=True
P6 RESULT heat_led_0.7_noise5_folded=390/400 first_offask_fold=2 scale=0.707 follows_ask=True
P6 RESULT heat_led_0.7_noise20_folded=391/400 first_offask_fold=2 scale=0.705 follows_ask=True
P6 RESULT heat_led_0.7_lag1_folded=288/400 first_offask_fold=3 scale=0.688 follows_ask=True
P6 RESULT heat_led_0.7_outliers_folded=374/400 first_offask_fold=2 scale=0.700 follows_ask=True
P6 RESULT heat_led_1.3_folded=398/400 first_offask_fold=0 scale=1.304 follows_ask=True
P6 RESULT selfset_hourly_folded=70/400 first_offask_fold=0 scale=1.170 follows_ask=False
P6 RESULT selfset_flat_folded=0/400 first_offask_fold=None scale=1.000 follows_ask=None
P6 RESULT partial_b0.3_folded=152/400 first_offask_fold=2 scale=1.375 follows_ask=False
P6 RESULT partial_b0.5_folded=329/400 first_offask_fold=0 scale=1.600 follows_ask=True
P6 RESULT partial_b0.6_folded=388/400 first_offask_fold=10 scale=1.600 follows_ask=True
P6 RESULT partial_b0.8_folded=400/400 first_offask_fold=356 scale=1.600 follows_ask=True
P6 RESULT heat_led_0.7_narrow_ask_folded=397/400 first_offask_fold=3 scale=0.700 follows_ask=None
P7 RESULT narrow_config_true0.75_folded=398/400 first_offask_fold=2 scale=0.751 follows_ask=None
P7 RESULT wide_config_steady_week_true0.75_folded=399/400 first_offask_fold=1 scale=0.750 follows_ask=None
P7 RESULT wide_config_varied_true0.75_folded=397/400 first_offask_fold=2 scale=0.749 follows_ask=True
