
=== DR BLOCK ===
  ok   plan_writes_power is exactly a frequency write (S1)
  ok   the install's shape engages, at the metered running percentiles
  ok   null control: a pump that draws what it is asked never engages
  ok   null control: a correctly sized 6 kW pump part-loading at 1-2 kW, drawing what it is asked, never engages though its running max is far below 6 kW
  ok   short of MIN_SAMPLES running samples there is no statistic and no clamp
  ok   and at MIN_SAMPLES the same evidence engages (the boundary's other side)
  ok   the latch holds a full window after the plan stops out-asking the pump
  ok   a changed configuration releases the latch and restarts the evidence
  ok   and a range judged under one configuration answers for no other
  ok   a sub-floor duty-cycle average overdrawn by the running pump is no evidence
  ok   S4 on a switch-plus-setpoint install: both ends metered
  ok   S4 where the install can duty-cycle: the min end stays configured
  ok   S4 where the plan writes the frequency: None, the draw is its own echo
  ok   S4 with no evidence, or a different configuration: None
  ok   S2 control: a running space interval is a running sample
  ok   S2: no meter is not a running sample
  ok   S2: standby draw is not a running sample
  ok   S2: space circuit off is not a running sample
  ok   S2: hot water asked is not a running sample
  ok   S2: learners frozen on the meter is not a running sample
  ok   S2: immersion or capped compressor is not a running sample
  ok   S2: defrost in the interval is not a running sample
  ok   the per-cycle settlement folds one running sample: (drawn, space asked)
  ok   and folds nothing under an immersion latch
  ok   and folds nothing under an external heat freeze
  ok   and folds nothing under a hot-water ask
  ok   and folds nothing for an interval whose closed window saw a defrost
  ok   the samples, the latch and its configuration persist through the accuracy store
  ok   an install with no running sample writes no draw key: its store is unchanged
  ok   an unreadable sample is dropped alone; an unreadable configuration drops the latch
  ok   diagnostics publish the learned range and the effective clamp
  ok   a view that raises reports unavailable; the snapshot still builds

ALL 32 DR BLOCK PASSED
