    ADDED UNPINNED custom_components/heatpump_optimizer/early_cutoff.py:251 CMP_BOUND*2: return [float(trajectory[i + 1])] if 0 <= i < len(trajectory) - 1 else [
    ADDED UNPINNED custom_components/heatpump_optimizer/early_cutoff.py:275 CMP_BOUND: return float(inp.state.lower_floor_temperature) < limit - MARGIN_K
    ADDED UNPINNED custom_components/heatpump_optimizer/early_cutoff.py:304 GUARD_OFF: if reason is not None:
MUTATION TABLE REFUSED -- 4612 unpinned site(s) against 4608 at the ratchet base 969c3a5c84d0ee6fb403ecebd18d16c810b3e40c, 4 of them added by this diff. A new guard, clamp, removable return, doubled constant or comparison bound left the tree without a recorded disposition; record it under killed_by or survivor_triage and the count falls back. `python3 tests/mutation_table.py --pin-killed --base origin/main` records every one a driver kills.
    custom_components/heatpump_optimizer/__init__.py:55 GUARD_OFF: if TYPE_CHECKING:
    custom_components/heatpump_optimizer/__init__.py:90 RETURN_DEL: return importlib.import_module(f".{module}", __package__)
    custom_components/heatpump_optimizer/__init__.py:116 GUARD_OFF: if module is None:
    custom_components/heatpump_optimizer/__init__.py:122 RETURN_DEL: return value
    custom_components/heatpump_optimizer/__init__.py:162 RETURN_DEL: return handovers
    custom_components/heatpump_optimizer/__init__.py:168 RETURN_DEL: return stamps
    custom_components/heatpump_optimizer/__init__.py:188 GUARD_OFF: if payload is None or stamped_at is None:
    custom_components/heatpump_optimizer/__init__.py:197 CMP_BOUND: if age_min > interval_minutes:
    custom_components/heatpump_optimizer/__init__.py:197 GUARD_OFF: if age_min > interval_minutes:
    custom_components/heatpump_optimizer/__init__.py:199 RETURN_DEL: return payload
    custom_components/heatpump_optimizer/__init__.py:210 CMP_BOUND: if entry.version > CONFIG_ENTRY_VERSION:
    custom_components/heatpump_optimizer/__init__.py:210 GUARD_OFF: if entry.version > CONFIG_ENTRY_VERSION:
    custom_components/heatpump_optimizer/__init__.py:218 RETURN_DEL: return False
    custom_components/heatpump_optimizer/__init__.py:220 CMP_BOUND: if entry.version < CONFIG_ENTRY_VERSION:
    custom_components/heatpump_optimizer/__init__.py:220 GUARD_OFF: if entry.version < CONFIG_ENTRY_VERSION:
    custom_components/heatpump_optimizer/__init__.py:228 RETURN_DEL: return True
    custom_components/heatpump_optimizer/__init__.py:253 GUARD_OFF: if (reg_entry.domain, reg_entry.unique_id) in retired:
    custom_components/heatpump_optimizer/__init__.py:274 RETURN_DEL: return True
    custom_components/heatpump_optimizer/__init__.py:359 RETURN_DEL: return True
    custom_components/heatpump_optimizer/__init__.py:392 BOOLOP: if coordinator is not None and coordinator.effective_config == new_confi
