2026-10-08T06:20:19.3804616Z Current runner version: '2.337.0'
2026-10-08T06:20:19.3826380Z ##[group]Runner Image Provisioner
2026-10-08T06:20:19.3827340Z Hosted Compute Agent
2026-10-08T06:20:19.3828158Z Version: 20260901.588
2026-10-08T06:20:19.3828989Z Commit: f88ec8081b781fac6c440065ac7ff9e710ce3d0b
2026-10-08T06:20:19.3829859Z Build Date: 2026-09-01T19:56:44Z
2026-10-08T06:20:19.3830744Z Worker ID: {6634f88e-803b-4517-958b-cbb2037b27c4}
2026-10-08T06:20:19.3831768Z Azure Region: westus
2026-10-08T06:20:19.3832513Z ##[endgroup]
2026-10-08T06:20:19.3833908Z ##[group]Operating System
2026-10-08T06:20:19.3834710Z Ubuntu
2026-10-08T06:20:19.3835393Z 24.04.5
2026-10-08T06:20:19.3836130Z LTS
2026-10-08T06:20:19.3836843Z ##[endgroup]
2026-10-08T06:20:19.3837555Z ##[group]Runner Image
2026-10-08T06:20:19.3838375Z Image: ubuntu-24.04
2026-10-08T06:20:19.3839114Z Version: 20260927.320.1
2026-10-08T06:20:19.3840473Z Included Software: https://github.com/actions/runner-images/blob/ubuntu24/20260927.320/images/ubuntu/Ubuntu2404-Readme.md
2026-10-08T06:20:19.3842240Z Image Release: https://github.com/actions/runner-images/releases/tag/ubuntu24%2F20260927.320
2026-10-08T06:20:19.3843295Z ##[endgroup]
2026-10-08T06:20:19.3844711Z ##[group]GITHUB_TOKEN Permissions
2026-10-08T06:20:19.3846978Z Actions: write
2026-10-08T06:20:19.3847751Z Contents: write
2026-10-08T06:20:19.3848528Z Metadata: read
2026-10-08T06:20:19.3849250Z ##[endgroup]
2026-10-08T06:20:19.3851337Z Secret source: Actions
2026-10-08T06:20:19.3852543Z Cache mode: write
2026-10-08T06:20:19.3853562Z Prepare workflow directory
2026-10-08T06:20:19.4113365Z Prepare all required actions
2026-10-08T06:20:19.4151754Z Getting action download info
2026-10-08T06:20:19.7754318Z Download action repository 'actions/checkout@fbc6f3992d24b796d5a048ff273f7fcc4a7b6c09' (SHA:fbc6f3992d24b796d5a048ff273f7fcc4a7b6c09)
2026-10-08T06:20:19.8996932Z Download action repository 'actions/setup-python@ece7cb06caefa5fff74198d8649806c4678c61a1' (SHA:ece7cb06caefa5fff74198d8649806c4678c61a1)
2026-10-08T06:20:20.0004416Z Download action repository 'actions/download-artifact@37930b1c2abaa49bbe596cd826c3c89aef350131' (SHA:37930b1c2abaa49bbe596cd826c3c89aef350131)
2026-10-08T06:20:20.5771718Z Complete job name: closures-autofix
2026-10-08T06:20:20.6472476Z ##[group]Run actions/checkout@fbc6f3992d24b796d5a048ff273f7fcc4a7b6c09
2026-10-08T06:20:20.6473473Z with:
2026-10-08T06:20:20.6473991Z   ref: fix/r9-ux-actions
2026-10-08T06:20:20.6477151Z   token: ***
2026-10-08T06:20:20.6477679Z   persist-credentials: false
2026-10-08T06:20:20.6478282Z   repository: tvofi/heatpump_optimizer
2026-10-08T06:20:20.6478892Z   ssh-strict: true
2026-10-08T06:20:20.6479403Z   ssh-user: git
2026-10-08T06:20:20.6479907Z   clean: true
2026-10-08T06:20:20.6480425Z   sparse-checkout-cone-mode: true
2026-10-08T06:20:20.6480994Z   fetch-depth: 1
2026-10-08T06:20:20.6481635Z   fetch-tags: false
2026-10-08T06:20:20.6482167Z   show-progress: true
2026-10-08T06:20:20.6482686Z   lfs: false
2026-10-08T06:20:20.6483174Z   submodules: false
2026-10-08T06:20:20.6483712Z   set-safe-directory: true
2026-10-08T06:20:20.6484269Z   allow-unsafe-pr-checkout: false
2026-10-08T06:20:20.6485007Z ##[endgroup]
2026-10-08T06:20:20.7286859Z Syncing repository: tvofi/heatpump_optimizer
2026-10-08T06:20:20.7289187Z ##[group]Getting Git version info
2026-10-08T06:20:20.7290482Z Working directory is '/home/runner/work/heatpump_optimizer/heatpump_optimizer'
2026-10-08T06:20:20.7292492Z [command]/usr/bin/git version
2026-10-08T06:20:20.7973308Z git version 2.55.0
2026-10-08T06:20:20.7989053Z ##[endgroup]
2026-10-08T06:20:20.8002660Z Temporarily overriding HOME='/home/runner/work/_temp/3bfba1e3-160e-4737-b593-1fbf6071d9b7' before making global git config changes
2026-10-08T06:20:20.8004720Z Adding repository directory to the temporary git global config as a safe directory
2026-10-08T06:20:20.8007890Z [command]/usr/bin/git config --global --add safe.directory /home/runner/work/heatpump_optimizer/heatpump_optimizer
2026-10-08T06:20:20.8054092Z Deleting the contents of '/home/runner/work/heatpump_optimizer/heatpump_optimizer'
2026-10-08T06:20:20.8057367Z ##[group]Initializing the repository
2026-10-08T06:20:20.8060324Z [command]/usr/bin/git init /home/runner/work/heatpump_optimizer/heatpump_optimizer
2026-10-08T06:20:20.8205959Z hint: Using 'master' as the name for the initial branch. This default branch name
2026-10-08T06:20:20.8207141Z hint: will change to "main" in Git 3.0. To configure the initial branch name
2026-10-08T06:20:20.8208117Z hint: to use in all of your new repositories, which will suppress this warning,
2026-10-08T06:20:20.8209160Z hint: call:
2026-10-08T06:20:20.8209928Z hint:
2026-10-08T06:20:20.8210790Z hint: 	git config --global init.defaultBranch <name>
2026-10-08T06:20:20.8211941Z hint:
2026-10-08T06:20:20.8212741Z hint: Names commonly chosen instead of 'master' are 'main', 'trunk' and
2026-10-08T06:20:20.8213916Z hint: 'development'. The just-created branch can be renamed via this command:
2026-10-08T06:20:20.8214705Z hint:
2026-10-08T06:20:20.8215240Z hint: 	git branch -m <name>
2026-10-08T06:20:20.8215825Z hint:
2026-10-08T06:20:20.8216638Z hint: Disable this message with "git config set advice.defaultBranchName false"
2026-10-08T06:20:20.8218499Z Initialized empty Git repository in /home/runner/work/heatpump_optimizer/heatpump_optimizer/.git/
2026-10-08T06:20:20.8221300Z [command]/usr/bin/git remote add origin https://github.com/tvofi/heatpump_optimizer
2026-10-08T06:20:20.8263696Z ##[endgroup]
2026-10-08T06:20:20.8265079Z ##[group]Disabling automatic garbage collection
2026-10-08T06:20:20.8266345Z [command]/usr/bin/git config --local gc.auto 0
2026-10-08T06:20:20.8295976Z ##[endgroup]
2026-10-08T06:20:20.8297232Z ##[group]Setting up auth
2026-10-08T06:20:20.8301106Z [command]/usr/bin/git config --local --name-only --get-regexp core\.sshCommand
2026-10-08T06:20:20.8332297Z [command]/usr/bin/git submodule foreach --recursive sh -c "git config --local --name-only --get-regexp 'core\.sshCommand' && git config --local --unset-all 'core.sshCommand' || :"
2026-10-08T06:20:20.8760696Z [command]/usr/bin/git config --local --name-only --get-regexp http\.https\:\/\/github\.com\/\.extraheader
2026-10-08T06:20:20.8790915Z [command]/usr/bin/git submodule foreach --recursive sh -c "git config --local --name-only --get-regexp 'http\.https\:\/\/github\.com\/\.extraheader' && git config --local --unset-all 'http.https://github.com/.extraheader' || :"
2026-10-08T06:20:20.8977105Z [command]/usr/bin/git config --local --name-only --get-regexp ^includeIf\.gitdir:
2026-10-08T06:20:20.9006639Z [command]/usr/bin/git submodule foreach --recursive git config --local --show-origin --name-only --get-regexp remote.origin.url
2026-10-08T06:20:20.9193915Z [command]/usr/bin/git config --local http.https://github.com/.extraheader AUTHORIZATION: basic ***
2026-10-08T06:20:20.9424700Z ##[endgroup]
2026-10-08T06:20:20.9425624Z ##[group]Fetching the repository
2026-10-08T06:20:20.9438015Z [command]/usr/bin/git -c protocol.version=2 fetch --no-tags --prune --no-recurse-submodules --depth=1 origin +refs/heads/fix/r9-ux-actions*:refs/remotes/origin/fix/r9-ux-actions* +refs/tags/fix/r9-ux-actions*:refs/tags/fix/r9-ux-actions*
2026-10-08T06:20:23.4953664Z From https://github.com/tvofi/heatpump_optimizer
2026-10-08T06:20:23.4954663Z  * [new branch]      fix/r9-ux-actions -> origin/fix/r9-ux-actions
2026-10-08T06:20:23.4963095Z ##[endgroup]
2026-10-08T06:20:23.4970261Z ##[group]Determining the checkout info
2026-10-08T06:20:23.4971006Z [command]/usr/bin/git branch --list --remote origin/fix/r9-ux-actions
2026-10-08T06:20:23.4987169Z   origin/fix/r9-ux-actions
2026-10-08T06:20:23.4991632Z ##[endgroup]
2026-10-08T06:20:23.4994845Z [command]/usr/bin/git sparse-checkout disable
2026-10-08T06:20:23.5040916Z [command]/usr/bin/git config --local --unset-all extensions.worktreeConfig
2026-10-08T06:20:23.5067924Z ##[group]Checking out the ref
2026-10-08T06:20:23.5070555Z [command]/usr/bin/git checkout --progress --force -B fix/r9-ux-actions refs/remotes/origin/fix/r9-ux-actions
2026-10-08T06:20:23.8889796Z Switched to a new branch 'fix/r9-ux-actions'
2026-10-08T06:20:23.8895851Z branch 'fix/r9-ux-actions' set up to track 'origin/fix/r9-ux-actions'.
2026-10-08T06:20:23.8910628Z ##[endgroup]
2026-10-08T06:20:23.8951682Z [command]/usr/bin/git log -1 --format=%H
2026-10-08T06:20:23.8975447Z dc4e3f13a345d794a0621744b22fef8479140ae9
2026-10-08T06:20:23.8983993Z ##[group]Removing auth
2026-10-08T06:20:23.8986665Z [command]/usr/bin/git config --local --name-only --get-regexp core\.sshCommand
2026-10-08T06:20:23.9015502Z [command]/usr/bin/git submodule foreach --recursive sh -c "git config --local --name-only --get-regexp 'core\.sshCommand' && git config --local --unset-all 'core.sshCommand' || :"
2026-10-08T06:20:23.9208503Z [command]/usr/bin/git config --local --name-only --get-regexp http\.https\:\/\/github\.com\/\.extraheader
2026-10-08T06:20:23.9233669Z http.https://github.com/.extraheader
2026-10-08T06:20:23.9240974Z [command]/usr/bin/git config --local --unset-all http.https://github.com/.extraheader
2026-10-08T06:20:23.9273227Z [command]/usr/bin/git submodule foreach --recursive sh -c "git config --local --name-only --get-regexp 'http\.https\:\/\/github\.com\/\.extraheader' && git config --local --unset-all 'http.https://github.com/.extraheader' || :"
2026-10-08T06:20:23.9462443Z [command]/usr/bin/git config --local --name-only --get-regexp ^includeIf\.gitdir:
2026-10-08T06:20:23.9493455Z [command]/usr/bin/git submodule foreach --recursive git config --local --show-origin --name-only --get-regexp remote.origin.url
2026-10-08T06:20:23.9682884Z ##[endgroup]
2026-10-08T06:20:23.9918952Z ##[group]Run set -euo pipefail
2026-10-08T06:20:23.9919435Z [36;1mset -euo pipefail[0m
2026-10-08T06:20:23.9919849Z [36;1mgit cat-file -e "$PINNED^{commit}" 2>/dev/null \[0m
2026-10-08T06:20:23.9920347Z [36;1m  || git fetch --no-tags --depth=1 origin "$PINNED"[0m
2026-10-08T06:20:23.9920859Z [36;1mgit checkout "$PINNED" -- tests/closure.py[0m
2026-10-08T06:20:23.9921408Z [36;1mgit reset -q -- tests/closure.py[0m
2026-10-08T06:20:23.9921877Z [36;1m# The report runs after `pull --rebase --autostash`, which can leave[0m
2026-10-08T06:20:23.9922430Z [36;1m# the pull request's copy in the tree; it runs this copy instead.[0m
2026-10-08T06:20:23.9922969Z [36;1minstall -D -m 0444 tests/closure.py "$RUNNER_TEMP/pinned/closure.py"[0m
2026-10-08T06:20:24.0689356Z shell: /usr/bin/bash -e {0}
2026-10-08T06:20:24.0689770Z env:
2026-10-08T06:20:24.0690129Z   PINNED: 6b91e238f6883af6eedef0fc541bce76b14fc46c
2026-10-08T06:20:24.0690531Z ##[endgroup]
2026-10-08T06:20:24.7118824Z From https://github.com/tvofi/heatpump_optimizer
2026-10-08T06:20:24.7119803Z  * branch            6b91e238f6883af6eedef0fc541bce76b14fc46c -> FETCH_HEAD
2026-10-08T06:20:24.9955483Z ##[group]Run actions/setup-python@ece7cb06caefa5fff74198d8649806c4678c61a1
2026-10-08T06:20:24.9955920Z with:
2026-10-08T06:20:24.9956177Z   python-version: 3.13
2026-10-08T06:20:24.9956451Z   check-latest: false
2026-10-08T06:20:24.9958363Z   token: ***
2026-10-08T06:20:24.9958620Z   update-environment: true
2026-10-08T06:20:24.9958920Z   allow-prereleases: false
2026-10-08T06:20:24.9959199Z   freethreaded: false
2026-10-08T06:20:24.9959461Z ##[endgroup]
2026-10-08T06:20:25.0978474Z ##[group]Installed versions
2026-10-08T06:20:25.1119153Z Successfully set up CPython (3.13.15)
2026-10-08T06:20:25.1119943Z ##[endgroup]
2026-10-08T06:20:25.1307947Z ##[group]Run actions/download-artifact@37930b1c2abaa49bbe596cd826c3c89aef350131
2026-10-08T06:20:25.1308645Z with:
2026-10-08T06:20:25.1309016Z   name: closure-recordings
2026-10-08T06:20:25.1309467Z   path: /home/runner/work/_temp/closures
2026-10-08T06:20:25.1309951Z   merge-multiple: false
2026-10-08T06:20:25.1310379Z   repository: tvofi/heatpump_optimizer
2026-10-08T06:20:25.1310847Z   run-id: 37732304768
2026-10-08T06:20:25.1311761Z env:
2026-10-08T06:20:25.1312205Z   pythonLocation: /opt/hostedtoolcache/Python/3.13.15/x64
2026-10-08T06:20:25.1312956Z   PKG_CONFIG_PATH: /opt/hostedtoolcache/Python/3.13.15/x64/lib/pkgconfig
2026-10-08T06:20:25.1313644Z   Python_ROOT_DIR: /opt/hostedtoolcache/Python/3.13.15/x64
2026-10-08T06:20:25.1314543Z   Python2_ROOT_DIR: /opt/hostedtoolcache/Python/3.13.15/x64
2026-10-08T06:20:25.1315184Z   Python3_ROOT_DIR: /opt/hostedtoolcache/Python/3.13.15/x64
2026-10-08T06:20:25.1315809Z   LD_LIBRARY_PATH: /opt/hostedtoolcache/Python/3.13.15/x64/lib
2026-10-08T06:20:25.1316400Z ##[endgroup]
2026-10-08T06:20:25.2549919Z Downloading single artifact
2026-10-08T06:20:25.5345139Z Preparing to download the following artifacts:
2026-10-08T06:20:25.5346197Z - closure-recordings (ID: 11532082130, Size: 260965, Expected Digest: sha256:6532efa94313c513b90da83d22c8deac917054021b5e50225b70b08ecde986a6)
2026-10-08T06:20:26.0669432Z Redirecting to blob download url: https://productionresultssa18.blob.core.windows.net/actions-results/684fd095-f48b-86ff-82d4-933829058eec/workflow-job-run-41dfcbd8-508e-5adc-b3c5-6c91236cc414/artifacts/f607497981b53bfa43c416e8c0719f1419ae2bd5f407830f1fa7e6d38c90c571.zip
2026-10-08T06:20:26.0670553Z Starting download of artifact to: /home/runner/work/_temp/closures
2026-10-08T06:20:26.3443874Z (node:2201) [DEP0005] DeprecationWarning: Buffer() is deprecated due to security and usability issues. Please use the Buffer.alloc(), Buffer.allocUnsafe(), or Buffer.from() methods instead.
2026-10-08T06:20:26.3444756Z (Use `node --trace-deprecation ...` to show where the warning was created)
2026-10-08T06:20:26.5909348Z SHA256 digest of downloaded artifact is 6532efa94313c513b90da83d22c8deac917054021b5e50225b70b08ecde986a6
2026-10-08T06:20:26.5910386Z Artifact download completed successfully.
2026-10-08T06:20:26.5911006Z Total of 1 artifact(s) downloaded
2026-10-08T06:20:26.5913721Z Download artifact has finished successfully
2026-10-08T06:20:26.6032139Z ##[group]Run export SUBJECT=$(git log -1 --pretty=%s)
2026-10-08T06:20:26.6032610Z [36;1mexport SUBJECT=$(git log -1 --pretty=%s)[0m
2026-10-08T06:20:26.6032968Z [36;1mpython3 -I - <<'PY'[0m
2026-10-08T06:20:26.6033248Z [36;1mimport os, sys[0m
2026-10-08T06:20:26.6033523Z [36;1msys.path.append("tests")[0m
2026-10-08T06:20:26.6033825Z [36;1mimport closure[0m
2026-10-08T06:20:26.6034106Z [36;1mallowed = closure.autofix_allowed([0m
2026-10-08T06:20:26.6034446Z [36;1m    event_name=os.environ["EVENT_NAME"],[0m
2026-10-08T06:20:26.6034815Z [36;1m    closures_result=os.environ["CLOSURES_RESULT"],[0m
2026-10-08T06:20:26.6035170Z [36;1m    head_repo=os.environ["HEAD_REPO"],[0m
2026-10-08T06:20:26.6035502Z [36;1m    repo=os.environ["REPO"],[0m
2026-10-08T06:20:26.6035826Z [36;1m    commit_subject=os.environ["SUBJECT"],[0m
2026-10-08T06:20:26.6036142Z [36;1m)[0m
2026-10-08T06:20:26.6036392Z [36;1mprint(f"allowed={allowed}")[0m
2026-10-08T06:20:26.6036722Z [36;1mif not allowed:[0m
2026-10-08T06:20:26.6037004Z [36;1m    status = "skip-not-allowed"[0m
2026-10-08T06:20:26.6037307Z [36;1melse:[0m
2026-10-08T06:20:26.6037597Z [36;1m    status = closure.apply_under_scoped_recordings([0m
2026-10-08T06:20:26.6038012Z [36;1m        os.environ["RUNNER_TEMP"] + "/closures", partial=True)[0m
2026-10-08T06:20:26.6038381Z [36;1mprint(f"AUTOFIX: {status}")[0m
2026-10-08T06:20:26.6038733Z [36;1mwith open(os.environ["GITHUB_OUTPUT"], "a") as fh:[0m
2026-10-08T06:20:26.6039094Z [36;1m    fh.write(f"status={status}\n")[0m
2026-10-08T06:20:26.6039399Z [36;1mPY[0m
2026-10-08T06:20:26.6288448Z shell: /usr/bin/bash -e {0}
2026-10-08T06:20:26.6288751Z env:
2026-10-08T06:20:26.6289070Z   pythonLocation: /opt/hostedtoolcache/Python/3.13.15/x64
2026-10-08T06:20:26.6289526Z   PKG_CONFIG_PATH: /opt/hostedtoolcache/Python/3.13.15/x64/lib/pkgconfig
2026-10-08T06:20:26.6289953Z   Python_ROOT_DIR: /opt/hostedtoolcache/Python/3.13.15/x64
2026-10-08T06:20:26.6290366Z   Python2_ROOT_DIR: /opt/hostedtoolcache/Python/3.13.15/x64
2026-10-08T06:20:26.6290750Z   Python3_ROOT_DIR: /opt/hostedtoolcache/Python/3.13.15/x64
2026-10-08T06:20:26.6291223Z   LD_LIBRARY_PATH: /opt/hostedtoolcache/Python/3.13.15/x64/lib
2026-10-08T06:20:26.6291587Z   EVENT_NAME: pull_request
2026-10-08T06:20:26.6291856Z   CLOSURES_RESULT: failure
2026-10-08T06:20:26.6292317Z   HEAD_REPO: tvofi/heatpump_optimizer
2026-10-08T06:20:26.6292628Z   REPO: tvofi/heatpump_optimizer
2026-10-08T06:20:26.6292923Z ##[endgroup]
2026-10-08T06:20:27.5884714Z allowed=True
2026-10-08T06:20:27.5885200Z AUTOFIX: skip-manual-repair-owed
2026-10-08T06:20:27.6032071Z ##[group]Run python3 -I "$RUNNER_TEMP/pinned/closure.py" autofix-report --job closures-autofix \
2026-10-08T06:20:27.6032729Z [36;1mpython3 -I "$RUNNER_TEMP/pinned/closure.py" autofix-report --job closures-autofix \[0m
2026-10-08T06:20:27.6033219Z [36;1m  --status "skip-manual-repair-owed"[0m
2026-10-08T06:20:27.6088601Z shell: /usr/bin/bash -e {0}
2026-10-08T06:20:27.6088890Z env:
2026-10-08T06:20:27.6089206Z   pythonLocation: /opt/hostedtoolcache/Python/3.13.15/x64
2026-10-08T06:20:27.6089664Z   PKG_CONFIG_PATH: /opt/hostedtoolcache/Python/3.13.15/x64/lib/pkgconfig
2026-10-08T06:20:27.6090112Z   Python_ROOT_DIR: /opt/hostedtoolcache/Python/3.13.15/x64
2026-10-08T06:20:27.6090512Z   Python2_ROOT_DIR: /opt/hostedtoolcache/Python/3.13.15/x64
2026-10-08T06:20:27.6090924Z   Python3_ROOT_DIR: /opt/hostedtoolcache/Python/3.13.15/x64
2026-10-08T06:20:27.6091403Z   LD_LIBRARY_PATH: /opt/hostedtoolcache/Python/3.13.15/x64/lib
2026-10-08T06:20:27.6091762Z ##[endgroup]
2026-10-08T06:20:27.6695886Z closures-autofix: skip-manual-repair-owed -- THE REPAIR DID NOT HAPPEN.
2026-10-08T06:20:27.6696693Z No commit will be pushed, so waiting for one waits forever. This is
2026-10-08T06:20:27.6697406Z the case `.cursor/rules/ci-autofix.mdc` already lists as a human
2026-10-08T06:20:27.6698087Z judgment call, and its rule against re-recording an UNDER-SCOPED
2026-10-08T06:20:27.6698672Z yourself does not apply once the bot has reported that it did not.
2026-10-08T06:20:27.6699120Z The closures job's check failed, and not on UNDER-SCOPED, the only
2026-10-08T06:20:27.6699551Z failure this job repairs. Repair it by hand from the closures log:
2026-10-08T06:20:27.6700011Z INERT READS: --single the script it names, commit tests/closures.json;
2026-10-08T06:20:27.6700471Z PHANTOM: python3 tests/closure.py prune.
2026-10-08T06:20:27.6700671Z 
2026-10-08T06:20:27.6762042Z ##[error]Process completed with exit code 1.
2026-10-08T06:20:27.6887946Z Post job cleanup.
2026-10-08T06:20:27.7574131Z [command]/usr/bin/git version
2026-10-08T06:20:27.7608590Z git version 2.55.0
2026-10-08T06:20:27.7636450Z Temporarily overriding HOME='/home/runner/work/_temp/8484464e-ecd2-4be5-9d59-d4c085ecad4f' before making global git config changes
2026-10-08T06:20:27.7637890Z Adding repository directory to the temporary git global config as a safe directory
2026-10-08T06:20:27.7640510Z [command]/usr/bin/git config --global --add safe.directory /home/runner/work/heatpump_optimizer/heatpump_optimizer
2026-10-08T06:20:27.7673010Z [command]/usr/bin/git config --local --name-only --get-regexp core\.sshCommand
2026-10-08T06:20:27.7701691Z [command]/usr/bin/git submodule foreach --recursive sh -c "git config --local --name-only --get-regexp 'core\.sshCommand' && git config --local --unset-all 'core.sshCommand' || :"
2026-10-08T06:20:27.7917468Z [command]/usr/bin/git config --local --name-only --get-regexp http\.https\:\/\/github\.com\/\.extraheader
2026-10-08T06:20:27.7948151Z [command]/usr/bin/git submodule foreach --recursive sh -c "git config --local --name-only --get-regexp 'http\.https\:\/\/github\.com\/\.extraheader' && git config --local --unset-all 'http.https://github.com/.extraheader' || :"
2026-10-08T06:20:27.8186729Z [command]/usr/bin/git config --local --name-only --get-regexp ^includeIf\.gitdir:
2026-10-08T06:20:27.8223540Z [command]/usr/bin/git submodule foreach --recursive git config --local --show-origin --name-only --get-regexp remote.origin.url
2026-10-08T06:20:27.8603606Z Cleaning up orphan processes
