2026-10-08T07:59:51.1966113Z Current runner version: '2.337.0'
2026-10-08T07:59:51.2002534Z ##[group]Runner Image Provisioner
2026-10-08T07:59:51.2003980Z Hosted Compute Agent
2026-10-08T07:59:51.2005359Z Version: 20261002.596
2026-10-08T07:59:51.2007352Z Commit: c3d12f3313a95f25162a1503be624f3b0617f8c0
2026-10-08T07:59:51.2008783Z Build Date: 2026-10-02T22:28:27Z
2026-10-08T07:59:51.2010219Z Worker ID: {29b122b7-77bb-4c4a-9742-705336e2d20f}
2026-10-08T07:59:51.2011549Z Region: eastus2
2026-10-08T07:59:51.2012500Z Cloud: Azure
2026-10-08T07:59:51.2013516Z ##[endgroup]
2026-10-08T07:59:51.2016226Z ##[group]Operating System
2026-10-08T07:59:51.2017430Z Ubuntu
2026-10-08T07:59:51.2018456Z 24.04.5
2026-10-08T07:59:51.2019388Z LTS
2026-10-08T07:59:51.2020473Z ##[endgroup]
2026-10-08T07:59:51.2021504Z ##[group]Runner Image
2026-10-08T07:59:51.2022638Z Image: ubuntu-24.04
2026-10-08T07:59:51.2023631Z Version: 20261004.327.1
2026-10-08T07:59:51.2026089Z Included Software: https://github.com/actions/runner-images/blob/ubuntu24/20261004.327/images/ubuntu/Ubuntu2404-Readme.md
2026-10-08T07:59:51.2028865Z Image Release: https://github.com/actions/runner-images/releases/tag/ubuntu24%2F20261004.327
2026-10-08T07:59:51.2030832Z ##[endgroup]
2026-10-08T07:59:51.2032736Z ##[group]GITHUB_TOKEN Permissions
2026-10-08T07:59:51.2035989Z Contents: read
2026-10-08T07:59:51.2036990Z Metadata: read
2026-10-08T07:59:51.2038119Z ##[endgroup]
2026-10-08T07:59:51.2041253Z Secret source: Actions
2026-10-08T07:59:51.2043102Z Cache mode: write
2026-10-08T07:59:51.2045040Z Prepare workflow directory
2026-10-08T07:59:51.2861523Z Prepare all required actions
2026-10-08T07:59:51.2940845Z Getting action download info
2026-10-08T07:59:51.4729955Z Download action repository 'actions/checkout@fbc6f3992d24b796d5a048ff273f7fcc4a7b6c09' (SHA:fbc6f3992d24b796d5a048ff273f7fcc4a7b6c09)
2026-10-08T07:59:51.5787351Z Download action repository 'actions/setup-python@ece7cb06caefa5fff74198d8649806c4678c61a1' (SHA:ece7cb06caefa5fff74198d8649806c4678c61a1)
2026-10-08T07:59:51.6578905Z Download action repository 'actions/setup-node@a0853c24544627f65ddf259abe73b1d18a591444' (SHA:a0853c24544627f65ddf259abe73b1d18a591444)
2026-10-08T07:59:51.7978038Z Download action repository 'actions/upload-artifact@b7c566a772e6b6bfb58ed0dc250532a479d7789f' (SHA:b7c566a772e6b6bfb58ed0dc250532a479d7789f)
2026-10-08T07:59:51.9852149Z Complete job name: closures
2026-10-08T07:59:52.0580060Z ##[group]Run actions/checkout@fbc6f3992d24b796d5a048ff273f7fcc4a7b6c09
2026-10-08T07:59:52.0581226Z with:
2026-10-08T07:59:52.0581718Z   fetch-depth: 0
2026-10-08T07:59:52.0582209Z   repository: tvofi/heatpump_optimizer
2026-10-08T07:59:52.0586233Z   token: ***
2026-10-08T07:59:52.0586684Z   ssh-strict: true
2026-10-08T07:59:52.0587129Z   ssh-user: git
2026-10-08T07:59:52.0587590Z   persist-credentials: true
2026-10-08T07:59:52.0588088Z   clean: true
2026-10-08T07:59:52.0588543Z   sparse-checkout-cone-mode: true
2026-10-08T07:59:52.0589075Z   fetch-tags: false
2026-10-08T07:59:52.0589530Z   show-progress: true
2026-10-08T07:59:52.0589999Z   lfs: false
2026-10-08T07:59:52.0590421Z   submodules: false
2026-10-08T07:59:52.0590882Z   set-safe-directory: true
2026-10-08T07:59:52.0591441Z   allow-unsafe-pr-checkout: false
2026-10-08T07:59:52.0592268Z env:
2026-10-08T07:59:52.0592691Z   DOCS_ONLY_FAST: false
2026-10-08T07:59:52.0593163Z ##[endgroup]
2026-10-08T07:59:52.1625959Z Syncing repository: tvofi/heatpump_optimizer
2026-10-08T07:59:52.1627744Z ##[group]Getting Git version info
2026-10-08T07:59:52.1628607Z Working directory is '/home/runner/work/heatpump_optimizer/heatpump_optimizer'
2026-10-08T07:59:52.1629961Z [command]/usr/bin/git version
2026-10-08T07:59:52.1762752Z git version 2.55.0
2026-10-08T07:59:52.1787094Z ##[endgroup]
2026-10-08T07:59:52.1803503Z Temporarily overriding HOME='/home/runner/work/_temp/0b2421a4-b084-46db-8b83-1d9d0bd950ac' before making global git config changes
2026-10-08T07:59:52.1806719Z Adding repository directory to the temporary git global config as a safe directory
2026-10-08T07:59:52.1811356Z [command]/usr/bin/git config --global --add safe.directory /home/runner/work/heatpump_optimizer/heatpump_optimizer
2026-10-08T07:59:52.1882354Z Deleting the contents of '/home/runner/work/heatpump_optimizer/heatpump_optimizer'
2026-10-08T07:59:52.1900022Z ##[group]Initializing the repository
2026-10-08T07:59:52.1901643Z [command]/usr/bin/git init /home/runner/work/heatpump_optimizer/heatpump_optimizer
2026-10-08T07:59:52.2034640Z hint: Using 'master' as the name for the initial branch. This default branch name
2026-10-08T07:59:52.2049396Z hint: will change to "main" in Git 3.0. To configure the initial branch name
2026-10-08T07:59:52.2060076Z hint: to use in all of your new repositories, which will suppress this warning,
2026-10-08T07:59:52.2061503Z hint: call:
2026-10-08T07:59:52.2062283Z hint:
2026-10-08T07:59:52.2063218Z hint: 	git config --global init.defaultBranch <name>
2026-10-08T07:59:52.2064644Z hint:
2026-10-08T07:59:52.2065833Z hint: Names commonly chosen instead of 'master' are 'main', 'trunk' and
2026-10-08T07:59:52.2067539Z hint: 'development'. The just-created branch can be renamed via this command:
2026-10-08T07:59:52.2071751Z hint:
2026-10-08T07:59:52.2072641Z hint: 	git branch -m <name>
2026-10-08T07:59:52.2073550Z hint:
2026-10-08T07:59:52.2075042Z hint: Disable this message with "git config set advice.defaultBranchName false"
2026-10-08T07:59:52.2077244Z Initialized empty Git repository in /home/runner/work/heatpump_optimizer/heatpump_optimizer/.git/
2026-10-08T07:59:52.2080654Z [command]/usr/bin/git remote add origin https://github.com/tvofi/heatpump_optimizer
2026-10-08T07:59:52.2122070Z ##[endgroup]
2026-10-08T07:59:52.2125209Z ##[group]Disabling automatic garbage collection
2026-10-08T07:59:52.2133872Z [command]/usr/bin/git config --local gc.auto 0
2026-10-08T07:59:52.2279395Z ##[endgroup]
2026-10-08T07:59:52.2286977Z ##[group]Setting up auth
2026-10-08T07:59:52.2288271Z [command]/usr/bin/git config --local --name-only --get-regexp core\.sshCommand
2026-10-08T07:59:52.2291902Z [command]/usr/bin/git submodule foreach --recursive sh -c "git config --local --name-only --get-regexp 'core\.sshCommand' && git config --local --unset-all 'core.sshCommand' || :"
2026-10-08T07:59:52.2685543Z [command]/usr/bin/git config --local --name-only --get-regexp http\.https\:\/\/github\.com\/\.extraheader
2026-10-08T07:59:52.2730465Z [command]/usr/bin/git submodule foreach --recursive sh -c "git config --local --name-only --get-regexp 'http\.https\:\/\/github\.com\/\.extraheader' && git config --local --unset-all 'http.https://github.com/.extraheader' || :"
2026-10-08T07:59:52.2991512Z [command]/usr/bin/git config --local --name-only --get-regexp ^includeIf\.gitdir:
2026-10-08T07:59:52.3028689Z [command]/usr/bin/git submodule foreach --recursive git config --local --show-origin --name-only --get-regexp remote.origin.url
2026-10-08T07:59:52.3274570Z [command]/usr/bin/git config --local http.https://github.com/.extraheader AUTHORIZATION: basic ***
2026-10-08T07:59:52.3315710Z ##[endgroup]
2026-10-08T07:59:52.3316671Z ##[group]Fetching the repository
2026-10-08T07:59:52.3325196Z [command]/usr/bin/git -c protocol.version=2 fetch --prune --no-recurse-submodules origin +refs/heads/*:refs/remotes/origin/* +refs/tags/*:refs/tags/*
2026-10-08T07:59:59.2200952Z From https://github.com/tvofi/heatpump_optimizer
2026-10-08T07:59:59.2203399Z  * [new branch]        bus/approvals           -> origin/bus/approvals
2026-10-08T07:59:59.2206213Z  * [new branch]        cursor/r9-eg-entry-config-9aac -> origin/cursor/r9-eg-entry-config-9aac
2026-10-08T07:59:59.2208910Z  * [new branch]        cursor/r9-sw-1-resume-826f -> origin/cursor/r9-sw-1-resume-826f
2026-10-08T07:59:59.2211263Z  * [new branch]        cursor/r9-sw-2-actuation-6d19 -> origin/cursor/r9-sw-2-actuation-6d19
2026-10-08T07:59:59.2213224Z  * [new branch]        fix/r9-ci-2a-pr         -> origin/fix/r9-ci-2a-pr
2026-10-08T07:59:59.2215161Z  * [new branch]        fix/r9-dbg-2-pr         -> origin/fix/r9-dbg-2-pr
2026-10-08T07:59:59.2216919Z  * [new branch]        fix/r9-eg-entry-config  -> origin/fix/r9-eg-entry-config
2026-10-08T07:59:59.2219035Z  * [new branch]        fix/r9-ux-actions       -> origin/fix/r9-ux-actions
2026-10-08T07:59:59.2220550Z  * [new branch]        fix/r9-ux9              -> origin/fix/r9-ux9
2026-10-08T07:59:59.2222278Z  * [new branch]        handoff-body/r9-ci-1    -> origin/handoff-body/r9-ci-1
2026-10-08T07:59:59.2224120Z  * [new branch]        handoff-body/r9-ci-2a   -> origin/handoff-body/r9-ci-2a
2026-10-08T07:59:59.2226441Z  * [new branch]        handoff-body/r9-closures-eg-b7 -> origin/handoff-body/r9-closures-eg-b7
2026-10-08T07:59:59.2228525Z  * [new branch]        handoff-body/r9-dbg-1   -> origin/handoff-body/r9-dbg-1
2026-10-08T07:59:59.2230531Z  * [new branch]        handoff-body/r9-dbg-2   -> origin/handoff-body/r9-dbg-2
2026-10-08T07:59:59.2232380Z  * [new branch]        handoff-body/r9-eg-a4   -> origin/handoff-body/r9-eg-a4
2026-10-08T07:59:59.2234147Z  * [new branch]        handoff-body/r9-eg-b7-harness -> origin/handoff-body/r9-eg-b7-harness
2026-10-08T07:59:59.2236891Z  * [new branch]        handoff-body/r9-eg-coordinator-seams -> origin/handoff-body/r9-eg-coordinator-seams
2026-10-08T07:59:59.2239054Z  * [new branch]        handoff-body/r9-eg-entry-config -> origin/handoff-body/r9-eg-entry-config
2026-10-08T07:59:59.2241136Z  * [new branch]        handoff-body/r9-eg-solve-inputs -> origin/handoff-body/r9-eg-solve-inputs
2026-10-08T07:59:59.2243065Z  * [new branch]        handoff-body/r9-fixer-cap -> origin/handoff-body/r9-fixer-cap
2026-10-08T07:59:59.2245151Z  * [new branch]        handoff-body/r9-nightly-bdr -> origin/handoff-body/r9-nightly-bdr
2026-10-08T07:59:59.2247417Z  * [new branch]        handoff-body/r9-prepr-selftest -> origin/handoff-body/r9-prepr-selftest
2026-10-08T07:59:59.2249392Z  * [new branch]        handoff-body/r9-rca-1985 -> origin/handoff-body/r9-rca-1985
2026-10-08T07:59:59.2251175Z  * [new branch]        handoff-body/r9-rca-1990 -> origin/handoff-body/r9-rca-1990
2026-10-08T07:59:59.2252918Z  * [new branch]        handoff-body/r9-rca-2004 -> origin/handoff-body/r9-rca-2004
2026-10-08T07:59:59.2255100Z  * [new branch]        handoff-body/r9-rca-bugclasses -> origin/handoff-body/r9-rca-bugclasses
2026-10-08T07:59:59.2257096Z  * [new branch]        handoff-body/r9-rca-stamp-race -> origin/handoff-body/r9-rca-stamp-race
2026-10-08T07:59:59.2259479Z  * [new branch]        handoff-body/r9-rca-stress-recording -> origin/handoff-body/r9-rca-stress-recording
2026-10-08T07:59:59.2261856Z  * [new branch]        handoff-body/r9-record-automerge -> origin/handoff-body/r9-record-automerge
2026-10-08T07:59:59.2264081Z  * [new branch]        handoff-body/r9-record-path -> origin/handoff-body/r9-record-path
2026-10-08T07:59:59.2266361Z  * [new branch]        handoff-body/r9-ro-10   -> origin/handoff-body/r9-ro-10
2026-10-08T07:59:59.2268054Z  * [new branch]        handoff-body/r9-ro-11   -> origin/handoff-body/r9-ro-11
2026-10-08T07:59:59.2269698Z  * [new branch]        handoff-body/r9-ro-12   -> origin/handoff-body/r9-ro-12
2026-10-08T07:59:59.2271632Z  * [new branch]        handoff-body/r9-ro-8    -> origin/handoff-body/r9-ro-8
2026-10-08T07:59:59.2273517Z  * [new branch]        handoff-body/r9-sw-5    -> origin/handoff-body/r9-sw-5
2026-10-08T07:59:59.2277497Z  * [new branch]        handoff-body/r9-sw-actuation -> origin/handoff-body/r9-sw-actuation
2026-10-08T07:59:59.2279422Z  * [new branch]        handoff-body/r9-sw6     -> origin/handoff-body/r9-sw6
2026-10-08T07:59:59.2281104Z  * [new branch]        handoff-body/r9-ux-10   -> origin/handoff-body/r9-ux-10
2026-10-08T07:59:59.2282850Z  * [new branch]        handoff-body/r9-ux-6    -> origin/handoff-body/r9-ux-6
2026-10-08T07:59:59.2284849Z  * [new branch]        handoff-body/r9-ux-7    -> origin/handoff-body/r9-ux-7
2026-10-08T07:59:59.2286674Z  * [new branch]        handoff-body/r9-ux-actions -> origin/handoff-body/r9-ux-actions
2026-10-08T07:59:59.2288483Z  * [new branch]        handoff-body/r9-ux9     -> origin/handoff-body/r9-ux9
2026-10-08T07:59:59.2290192Z  * [new branch]        handoff/audit-r9-alt    -> origin/handoff/audit-r9-alt
2026-10-08T07:59:59.2292263Z  * [new branch]        handoff/audit-r9-evidence -> origin/handoff/audit-r9-evidence
2026-10-08T07:59:59.2294093Z  * [new branch]        handoff/audit-r9-find-B1 -> origin/handoff/audit-r9-find-B1
2026-10-08T07:59:59.2296255Z  * [new branch]        handoff/audit-r9-find-B10 -> origin/handoff/audit-r9-find-B10
2026-10-08T07:59:59.2298122Z  * [new branch]        handoff/audit-r9-find-B2 -> origin/handoff/audit-r9-find-B2
2026-10-08T07:59:59.2299956Z  * [new branch]        handoff/audit-r9-find-B3 -> origin/handoff/audit-r9-find-B3
2026-10-08T07:59:59.2301776Z  * [new branch]        handoff/audit-r9-find-B4 -> origin/handoff/audit-r9-find-B4
2026-10-08T07:59:59.2303216Z  * [new branch]        handoff/audit-r9-find-B5 -> origin/handoff/audit-r9-find-B5
2026-10-08T07:59:59.2304195Z  * [new branch]        handoff/audit-r9-find-B6 -> origin/handoff/audit-r9-find-B6
2026-10-08T07:59:59.2305611Z  * [new branch]        handoff/audit-r9-find-B7 -> origin/handoff/audit-r9-find-B7
2026-10-08T07:59:59.2306670Z  * [new branch]        handoff/audit-r9-find-B8 -> origin/handoff/audit-r9-find-B8
2026-10-08T07:59:59.2307671Z  * [new branch]        handoff/audit-r9-find-B9 -> origin/handoff/audit-r9-find-B9
2026-10-08T07:59:59.2309007Z  * [new branch]        handoff/audit-r9-fixplan -> origin/handoff/audit-r9-fixplan
2026-10-08T07:59:59.2310506Z  * [new branch]        handoff/audit-r9-issues -> origin/handoff/audit-r9-issues
2026-10-08T07:59:59.2311534Z  * [new branch]        handoff/audit-r9-judge  -> origin/handoff/audit-r9-judge
2026-10-08T07:59:59.2312470Z  * [new branch]        handoff/audit-r9-leads  -> origin/handoff/audit-r9-leads
2026-10-08T07:59:59.2313409Z  * [new branch]        handoff/audit-r9-leads-l2 -> origin/handoff/audit-r9-leads-l2
2026-10-08T07:59:59.2314683Z  * [new branch]        handoff/audit-r9-leads-l3 -> origin/handoff/audit-r9-leads-l3
2026-10-08T07:59:59.2315669Z  * [new branch]        handoff/audit-r9-leads-l4 -> origin/handoff/audit-r9-leads-l4
2026-10-08T07:59:59.2316640Z  * [new branch]        handoff/audit-r9-leads-lc -> origin/handoff/audit-r9-leads-lc
2026-10-08T07:59:59.2317763Z  * [new branch]        handoff/audit-r9-plan   -> origin/handoff/audit-r9-plan
2026-10-08T07:59:59.2318706Z  * [new branch]        handoff/audit-r9-register -> origin/handoff/audit-r9-register
2026-10-08T07:59:59.2319931Z  * [new branch]        handoff/audit-r9-runner-1 -> origin/handoff/audit-r9-runner-1
2026-10-08T07:59:59.2320917Z  * [new branch]        handoff/audit-r9-sweep-s1 -> origin/handoff/audit-r9-sweep-s1
2026-10-08T07:59:59.2321891Z  * [new branch]        handoff/audit-r9-sweep-s2 -> origin/handoff/audit-r9-sweep-s2
2026-10-08T07:59:59.2322881Z  * [new branch]        handoff/audit-r9-sweep-s3 -> origin/handoff/audit-r9-sweep-s3
2026-10-08T07:59:59.2323847Z  * [new branch]        handoff/audit-r9-sweep-s4 -> origin/handoff/audit-r9-sweep-s4
2026-10-08T07:59:59.2325238Z  * [new branch]        handoff/audit-r9-sweep-s5 -> origin/handoff/audit-r9-sweep-s5
2026-10-08T07:59:59.2326252Z  * [new branch]        handoff/audit-r9-sweep-s6 -> origin/handoff/audit-r9-sweep-s6
2026-10-08T07:59:59.2327242Z  * [new branch]        handoff/audit-r9-sweep-s7 -> origin/handoff/audit-r9-sweep-s7
2026-10-08T07:59:59.2328275Z  * [new branch]        handoff/audit-r9-verify-g1-v1 -> origin/handoff/audit-r9-verify-g1-v1
2026-10-08T07:59:59.2329343Z  * [new branch]        handoff/audit-r9-verify-g1-v2 -> origin/handoff/audit-r9-verify-g1-v2
2026-10-08T07:59:59.2331058Z  * [new branch]        handoff/audit-r9-verify-g1-v3 -> origin/handoff/audit-r9-verify-g1-v3
2026-10-08T07:59:59.2332748Z  * [new branch]        handoff/audit-r9-verify-g2-v1 -> origin/handoff/audit-r9-verify-g2-v1
2026-10-08T07:59:59.2334643Z  * [new branch]        handoff/audit-r9-verify-g2-v2 -> origin/handoff/audit-r9-verify-g2-v2
2026-10-08T07:59:59.2336374Z  * [new branch]        handoff/audit-r9-verify-g2-v3 -> origin/handoff/audit-r9-verify-g2-v3
2026-10-08T07:59:59.2338138Z  * [new branch]        handoff/audit-r9-verify-g3-v1 -> origin/handoff/audit-r9-verify-g3-v1
2026-10-08T07:59:59.2339776Z  * [new branch]        handoff/audit-r9-verify-g3-v2 -> origin/handoff/audit-r9-verify-g3-v2
2026-10-08T07:59:59.2341329Z  * [new branch]        handoff/audit-r9-verify-g3-v3 -> origin/handoff/audit-r9-verify-g3-v3
2026-10-08T07:59:59.2342879Z  * [new branch]        handoff/audit-r9-verify-g4-v1 -> origin/handoff/audit-r9-verify-g4-v1
2026-10-08T07:59:59.2344501Z  * [new branch]        handoff/audit-r9-verify-g4-v2 -> origin/handoff/audit-r9-verify-g4-v2
2026-10-08T07:59:59.2345916Z  * [new branch]        handoff/audit-r9-verify-g4-v3 -> origin/handoff/audit-r9-verify-g4-v3
2026-10-08T07:59:59.2346878Z  * [new branch]        handoff/r9-ci-1         -> origin/handoff/r9-ci-1
2026-10-08T07:59:59.2347717Z  * [new branch]        handoff/r9-ci-2a        -> origin/handoff/r9-ci-2a
2026-10-08T07:59:59.2348614Z  * [new branch]        handoff/r9-closures-eg-b7 -> origin/handoff/r9-closures-eg-b7
2026-10-08T07:59:59.2350083Z  * [new branch]        handoff/r9-dbg-0        -> origin/handoff/r9-dbg-0
2026-10-08T07:59:59.2350918Z  * [new branch]        handoff/r9-dbg-1        -> origin/handoff/r9-dbg-1
2026-10-08T07:59:59.2351748Z  * [new branch]        handoff/r9-dbg-2        -> origin/handoff/r9-dbg-2
2026-10-08T07:59:59.2352571Z  * [new branch]        handoff/r9-dbg-3        -> origin/handoff/r9-dbg-3
2026-10-08T07:59:59.2353389Z  * [new branch]        handoff/r9-diag-1       -> origin/handoff/r9-diag-1
2026-10-08T07:59:59.2354223Z  * [new branch]        handoff/r9-diag-2s      -> origin/handoff/r9-diag-2s
2026-10-08T07:59:59.2355684Z  * [new branch]        handoff/r9-eg-a4        -> origin/handoff/r9-eg-a4
2026-10-08T07:59:59.2356628Z  * [new branch]        handoff/r9-eg-archscore -> origin/handoff/r9-eg-archscore
2026-10-08T07:59:59.2357511Z  * [new branch]        handoff/r9-eg-b0        -> origin/handoff/r9-eg-b0
2026-10-08T07:59:59.2358396Z  * [new branch]        handoff/r9-eg-b7-harness -> origin/handoff/r9-eg-b7-harness
2026-10-08T07:59:59.2359523Z  * [new branch]        handoff/r9-eg-collaborator-interfaces -> origin/handoff/r9-eg-collaborator-interfaces
2026-10-08T07:59:59.2360732Z  * [new branch]        handoff/r9-eg-coordinator-seams -> origin/handoff/r9-eg-coordinator-seams
2026-10-08T07:59:59.2362067Z  * [new branch]        handoff/r9-eg-dhw-closure-dedupe-v2 -> origin/handoff/r9-eg-dhw-closure-dedupe-v2
2026-10-08T07:59:59.2363187Z  * [new branch]        handoff/r9-eg-dhw-planner -> origin/handoff/r9-eg-dhw-planner
2026-10-08T07:59:59.2364169Z  * [new branch]        handoff/r9-eg-entry-config -> origin/handoff/r9-eg-entry-config
2026-10-08T07:59:59.2365282Z  * [new branch]        handoff/r9-eg-one-copy  -> origin/handoff/r9-eg-one-copy
2026-10-08T07:59:59.2366254Z  * [new branch]        handoff/r9-eg-param-objects -> origin/handoff/r9-eg-param-objects
2026-10-08T07:59:59.2367274Z  * [new branch]        handoff/r9-eg-register-fold -> origin/handoff/r9-eg-register-fold
2026-10-08T07:59:59.2368273Z  * [new branch]        handoff/r9-eg-solve-inputs -> origin/handoff/r9-eg-solve-inputs
2026-10-08T07:59:59.2369273Z  * [new branch]        handoff/r9-eg-store-version -> origin/handoff/r9-eg-store-version
2026-10-08T07:59:59.2370337Z  * [new branch]        handoff/r9-eg-surface-identity -> origin/handoff/r9-eg-surface-identity
2026-10-08T07:59:59.2371401Z  * [new branch]        handoff/r9-eg-typed-payload -> origin/handoff/r9-eg-typed-payload
2026-10-08T07:59:59.2372449Z  * [new branch]        handoff/r9-eg-typed-payload-b -> origin/handoff/r9-eg-typed-payload-b
2026-10-08T07:59:59.2373507Z  * [new branch]        handoff/r9-f1-coordinator-10 -> origin/handoff/r9-f1-coordinator-10
2026-10-08T07:59:59.2374653Z  * [new branch]        handoff/r9-f1-coordinator-2 -> origin/handoff/r9-f1-coordinator-2
2026-10-08T07:59:59.2375650Z  * [new branch]        handoff/r9-f1-coordinator-3 -> origin/handoff/r9-f1-coordinator-3
2026-10-08T07:59:59.2376637Z  * [new branch]        handoff/r9-f1-coordinator-4 -> origin/handoff/r9-f1-coordinator-4
2026-10-08T07:59:59.2377759Z  * [new branch]        handoff/r9-f1-coordinator-5 -> origin/handoff/r9-f1-coordinator-5
2026-10-08T07:59:59.2378971Z  * [new branch]        handoff/r9-f1-coordinator-7 -> origin/handoff/r9-f1-coordinator-7
2026-10-08T07:59:59.2380075Z  * [new branch]        handoff/r9-f1-coordinator-7-review -> origin/handoff/r9-f1-coordinator-7-review
2026-10-08T07:59:59.2381088Z  * [new branch]        handoff/r9-f10-12       -> origin/handoff/r9-f10-12
2026-10-08T07:59:59.2381911Z  * [new branch]        handoff/r9-f10-13       -> origin/handoff/r9-f10-13
2026-10-08T07:59:59.2382846Z  * [new branch]        handoff/r9-f10-14       -> origin/handoff/r9-f10-14
2026-10-08T07:59:59.2383669Z  * [new branch]        handoff/r9-f10-15       -> origin/handoff/r9-f10-15
2026-10-08T07:59:59.2384608Z  * [new branch]        handoff/r9-f10-16       -> origin/handoff/r9-f10-16
2026-10-08T07:59:59.2385636Z  * [new branch]        handoff/r9-f10-ci-efficiency -> origin/handoff/r9-f10-ci-efficiency
2026-10-08T07:59:59.2386769Z  * [new branch]        handoff/r9-f10-claims-baseline-rca -> origin/handoff/r9-f10-claims-baseline-rca
2026-10-08T07:59:59.2388358Z  * [new branch]        handoff/r9-f10-closure-runalways -> origin/handoff/r9-f10-closure-runalways
2026-10-08T07:59:59.2389452Z  * [new branch]        handoff/r9-f10-gate-infra-1 -> origin/handoff/r9-f10-gate-infra-1
2026-10-08T07:59:59.2390468Z  * [new branch]        handoff/r9-f10-gate-infra-1d -> origin/handoff/r9-f10-gate-infra-1d
2026-10-08T07:59:59.2391720Z  * [new branch]        handoff/r9-f10-gate-infra-4 -> origin/handoff/r9-f10-gate-infra-4
2026-10-08T07:59:59.2393056Z  * [new branch]        handoff/r9-f10-gate-infra-5 -> origin/handoff/r9-f10-gate-infra-5
2026-10-08T07:59:59.2394084Z  * [new branch]        handoff/r9-f10-gate-infra-6 -> origin/handoff/r9-f10-gate-infra-6
2026-10-08T07:59:59.2395623Z  * [new branch]        handoff/r9-f10-harness-timeout -> origin/handoff/r9-f10-harness-timeout
2026-10-08T07:59:59.2397310Z  * [new branch]        handoff/r9-f10-loop-heartbeat -> origin/handoff/r9-f10-loop-heartbeat
2026-10-08T07:59:59.2398372Z  * [new branch]        handoff/r9-f10-merge-queue -> origin/handoff/r9-f10-merge-queue
2026-10-08T07:59:59.2399360Z  * [new branch]        handoff/r9-f11-governance-1 -> origin/handoff/r9-f11-governance-1
2026-10-08T07:59:59.2400537Z  * [new branch]        handoff/r9-f11-governance-3 -> origin/handoff/r9-f11-governance-3
2026-10-08T07:59:59.2401568Z  * [new branch]        handoff/r9-f11-governance-4 -> origin/handoff/r9-f11-governance-4
2026-10-08T07:59:59.2402658Z  * [new branch]        handoff/r9-f11-governance-4-review -> origin/handoff/r9-f11-governance-4-review
2026-10-08T07:59:59.2403747Z  * [new branch]        handoff/r9-f11-governance-5 -> origin/handoff/r9-f11-governance-5
2026-10-08T07:59:59.2404885Z  * [new branch]        handoff/r9-f11-governance-6 -> origin/handoff/r9-f11-governance-6
2026-10-08T07:59:59.2405871Z  * [new branch]        handoff/r9-f11-governance-7 -> origin/handoff/r9-f11-governance-7
2026-10-08T07:59:59.2406825Z  * [new branch]        handoff/r9-f2-solver-1  -> origin/handoff/r9-f2-solver-1
2026-10-08T07:59:59.2407717Z  * [new branch]        handoff/r9-f2-solver-3  -> origin/handoff/r9-f2-solver-3
2026-10-08T07:59:59.2408607Z  * [new branch]        handoff/r9-f2-solver-4  -> origin/handoff/r9-f2-solver-4
2026-10-08T07:59:59.2409491Z  * [new branch]        handoff/r9-f2-solver-5  -> origin/handoff/r9-f2-solver-5
2026-10-08T07:59:59.2410414Z  * [new branch]        handoff/r9-f3-stores-1  -> origin/handoff/r9-f3-stores-1
2026-10-08T07:59:59.2411289Z  * [new branch]        handoff/r9-f3-stores-3  -> origin/handoff/r9-f3-stores-3
2026-10-08T07:59:59.2412243Z  * [new branch]        handoff/r9-f4-inputs-sysid-1 -> origin/handoff/r9-f4-inputs-sysid-1
2026-10-08T07:59:59.2413265Z  * [new branch]        handoff/r9-f4-inputs-sysid-2 -> origin/handoff/r9-f4-inputs-sysid-2
2026-10-08T07:59:59.2414403Z  * [new branch]        handoff/r9-f5-config-text-1 -> origin/handoff/r9-f5-config-text-1
2026-10-08T07:59:59.2415498Z  * [new branch]        handoff/r9-f6-card-1    -> origin/handoff/r9-f6-card-1
2026-10-08T07:59:59.2416367Z  * [new branch]        handoff/r9-f6-card-2    -> origin/handoff/r9-f6-card-2
2026-10-08T07:59:59.2417237Z  * [new branch]        handoff/r9-f6-card-4    -> origin/handoff/r9-f6-card-4
2026-10-08T07:59:59.2418147Z  * [new branch]        handoff/r9-f7-entities-1 -> origin/handoff/r9-f7-entities-1
2026-10-08T07:59:59.2419083Z  * [new branch]        handoff/r9-f7-entities-2 -> origin/handoff/r9-f7-entities-2
2026-10-08T07:59:59.2420035Z  * [new branch]        handoff/r9-f7-family-splits -> origin/handoff/r9-f7-family-splits
2026-10-08T07:59:59.2420964Z  * [new branch]        handoff/r9-f8-docs-1    -> origin/handoff/r9-f8-docs-1
2026-10-08T07:59:59.2421821Z  * [new branch]        handoff/r9-f8-docs-2    -> origin/handoff/r9-f8-docs-2
2026-10-08T07:59:59.2422679Z  * [new branch]        handoff/r9-f8-docs-3    -> origin/handoff/r9-f8-docs-3
2026-10-08T07:59:59.2423580Z  * [new branch]        handoff/r9-f9-test-pins-2 -> origin/handoff/r9-f9-test-pins-2
2026-10-08T07:59:59.2424686Z  * [new branch]        handoff/r9-f9-test-pins-3 -> origin/handoff/r9-f9-test-pins-3
2026-10-08T07:59:59.2425602Z  * [new branch]        handoff/r9-fixer-cap    -> origin/handoff/r9-fixer-cap
2026-10-08T07:59:59.2426466Z  * [new branch]        handoff/r9-fr-10        -> origin/handoff/r9-fr-10
2026-10-08T07:59:59.2427357Z  * [new branch]        handoff/r9-friction-study -> origin/handoff/r9-friction-study
2026-10-08T07:59:59.2428298Z  * [new branch]        handoff/r9-nightly-bdr  -> origin/handoff/r9-nightly-bdr
2026-10-08T07:59:59.2429610Z  * [new branch]        handoff/r9-nightly-status-k5uati -> origin/handoff/r9-nightly-status-k5uati
2026-10-08T07:59:59.2430984Z  * [new branch]        handoff/r9-prepr-selftest -> origin/handoff/r9-prepr-selftest
2026-10-08T07:59:59.2431888Z  * [new branch]        handoff/r9-proc-1       -> origin/handoff/r9-proc-1
2026-10-08T07:59:59.2432725Z  * [new branch]        handoff/r9-proc-3       -> origin/handoff/r9-proc-3
2026-10-08T07:59:59.2433900Z  * [new branch]        handoff/r9-proc-4       -> origin/handoff/r9-proc-4
2026-10-08T07:59:59.2435286Z  * [new branch]        handoff/r9-proc-5       -> origin/handoff/r9-proc-5
2026-10-08T07:59:59.2436245Z  * [new branch]        handoff/r9-rc-prcontract-fix -> origin/handoff/r9-rc-prcontract-fix
2026-10-08T07:59:59.2437368Z  * [new branch]        handoff/r9-rca-1985     -> origin/handoff/r9-rca-1985
2026-10-08T07:59:59.2438241Z  * [new branch]        handoff/r9-rca-1990     -> origin/handoff/r9-rca-1990
2026-10-08T07:59:59.2439094Z  * [new branch]        handoff/r9-rca-2004     -> origin/handoff/r9-rca-2004
2026-10-08T07:59:59.2440635Z  * [new branch]        handoff/r9-rca-avoidable-interpreter-bound-recomputation -> origin/handoff/r9-rca-avoidable-interpreter-bound-recomputation
2026-10-08T07:59:59.2442024Z  * [new branch]        handoff/r9-rca-bugclasses -> origin/handoff/r9-rca-bugclasses
2026-10-08T07:59:59.2443046Z  * [new branch]        handoff/r9-rca-cpu-gate-blind -> origin/handoff/r9-rca-cpu-gate-blind
2026-10-08T07:59:59.2444026Z  * [new branch]        handoff/r9-rca-i1       -> origin/handoff/r9-rca-i1
2026-10-08T07:59:59.2445015Z  * [new branch]        handoff/r9-rca-i3       -> origin/handoff/r9-rca-i3
2026-10-08T07:59:59.2445856Z  * [new branch]        handoff/r9-rca-i4       -> origin/handoff/r9-rca-i4
2026-10-08T07:59:59.2446676Z  * [new branch]        handoff/r9-rca-i5       -> origin/handoff/r9-rca-i5
2026-10-08T07:59:59.2447557Z  * [new branch]        handoff/r9-rca-p1       -> origin/handoff/r9-rca-p1
2026-10-08T07:59:59.2448425Z  * [new branch]        handoff/r9-rca-p11      -> origin/handoff/r9-rca-p11
2026-10-08T07:59:59.2449262Z  * [new branch]        handoff/r9-rca-p2       -> origin/handoff/r9-rca-p2
2026-10-08T07:59:59.2450352Z  * [new branch]        handoff/r9-rca-p3       -> origin/handoff/r9-rca-p3
2026-10-08T07:59:59.2451832Z  * [new branch]        handoff/r9-rca-p5       -> origin/handoff/r9-rca-p5
2026-10-08T07:59:59.2452932Z  * [new branch]        handoff/r9-rca-p6       -> origin/handoff/r9-rca-p6
2026-10-08T07:59:59.2453994Z  * [new branch]        handoff/r9-rca-p9       -> origin/handoff/r9-rca-p9
2026-10-08T07:59:59.2455579Z  * [new branch]        handoff/r9-rca-persisted-future-instant-trusted-without-bound -> origin/handoff/r9-rca-persisted-future-instant-trusted-without-bound
2026-10-08T07:59:59.2457062Z  * [new branch]        handoff/r9-rca-stamp-race -> origin/handoff/r9-rca-stamp-race
2026-10-08T07:59:59.2458105Z  * [new branch]        handoff/r9-rca-stress-recording -> origin/handoff/r9-rca-stress-recording
2026-10-08T07:59:59.2459295Z  * [new branch]        handoff/r9-record-automerge -> origin/handoff/r9-record-automerge
2026-10-08T07:59:59.2460633Z  * [new branch]        handoff/r9-record-path  -> origin/handoff/r9-record-path
2026-10-08T07:59:59.2461688Z  * [new branch]        handoff/r9-ro-1         -> origin/handoff/r9-ro-1
2026-10-08T07:59:59.2462615Z  * [new branch]        handoff/r9-ro-10        -> origin/handoff/r9-ro-10
2026-10-08T07:59:59.2463453Z  * [new branch]        handoff/r9-ro-11        -> origin/handoff/r9-ro-11
2026-10-08T07:59:59.2465000Z  * [new branch]        handoff/r9-ro-12        -> origin/handoff/r9-ro-12
2026-10-08T07:59:59.2465865Z  * [new branch]        handoff/r9-ro-2         -> origin/handoff/r9-ro-2
2026-10-08T07:59:59.2466686Z  * [new branch]        handoff/r9-ro-3         -> origin/handoff/r9-ro-3
2026-10-08T07:59:59.2467488Z  * [new branch]        handoff/r9-ro-4         -> origin/handoff/r9-ro-4
2026-10-08T07:59:59.2468524Z  * [new branch]        handoff/r9-ro-5         -> origin/handoff/r9-ro-5
2026-10-08T07:59:59.2469646Z  * [new branch]        handoff/r9-ro-6         -> origin/handoff/r9-ro-6
2026-10-08T07:59:59.2470465Z  * [new branch]        handoff/r9-ro-7         -> origin/handoff/r9-ro-7
2026-10-08T07:59:59.2471270Z  * [new branch]        handoff/r9-ro-8         -> origin/handoff/r9-ro-8
2026-10-08T07:59:59.2472073Z  * [new branch]        handoff/r9-sw-5         -> origin/handoff/r9-sw-5
2026-10-08T07:59:59.2472938Z  * [new branch]        handoff/r9-sw-actuation -> origin/handoff/r9-sw-actuation
2026-10-08T07:59:59.2473809Z  * [new branch]        handoff/r9-sw-card      -> origin/handoff/r9-sw-card
2026-10-08T07:59:59.2475033Z  * [new branch]        handoff/r9-sw-gchv      -> origin/handoff/r9-sw-gchv
2026-10-08T07:59:59.2476192Z  * [new branch]        handoff/r9-sw-model     -> origin/handoff/r9-sw-model
2026-10-08T07:59:59.2477049Z  * [new branch]        handoff/r9-sw6          -> origin/handoff/r9-sw6
2026-10-08T07:59:59.2477868Z  * [new branch]        handoff/r9-ux-10        -> origin/handoff/r9-ux-10
2026-10-08T07:59:59.2478686Z  * [new branch]        handoff/r9-ux-6         -> origin/handoff/r9-ux-6
2026-10-08T07:59:59.2479486Z  * [new branch]        handoff/r9-ux-7         -> origin/handoff/r9-ux-7
2026-10-08T07:59:59.2480341Z  * [new branch]        handoff/r9-ux-actions   -> origin/handoff/r9-ux-actions
2026-10-08T07:59:59.2481232Z  * [new branch]        handoff/r9-ux-events    -> origin/handoff/r9-ux-events
2026-10-08T07:59:59.2482110Z  * [new branch]        handoff/r9-ux-health    -> origin/handoff/r9-ux-health
2026-10-08T07:59:59.2483039Z  * [new branch]        handoff/r9-ux-insight-text -> origin/handoff/r9-ux-insight-text
2026-10-08T07:59:59.2483943Z  * [new branch]        handoff/r9-ux9          -> origin/handoff/r9-ux9
2026-10-08T07:59:59.2484908Z  * [new branch]        handoff/r9-web-3        -> origin/handoff/r9-web-3
2026-10-08T07:59:59.2485725Z  * [new branch]        handoff/r9-web-4        -> origin/handoff/r9-web-4
2026-10-08T07:59:59.2486563Z  * [new branch]        handoff/r9-web-5        -> origin/handoff/r9-web-5
2026-10-08T07:59:59.2487399Z  * [new branch]        handoff/r9-web-page     -> origin/handoff/r9-web-page
2026-10-08T07:59:59.2488239Z  * [new branch]        handoff/rca-1747        -> origin/handoff/rca-1747
2026-10-08T07:59:59.2489130Z  * [new branch]        handoff/repo-reorg-plan -> origin/handoff/repo-reorg-plan
2026-10-08T07:59:59.2490104Z  * [new branch]        handoff/silent-windows-plan -> origin/handoff/silent-windows-plan
2026-10-08T07:59:59.2491115Z  * [new branch]        main                    -> origin/main
2026-10-08T07:59:59.2491903Z  * [new branch]        proof/r9-ci-1-pr2010    -> origin/proof/r9-ci-1-pr2010
2026-10-08T07:59:59.2492769Z  * [new branch]        proof/r9-ci-1-pr2025    -> origin/proof/r9-ci-1-pr2025
2026-10-08T07:59:59.2493608Z  * [new branch]        proof/r9-ci-1-sw1       -> origin/proof/r9-ci-1-sw1
2026-10-08T07:59:59.2494535Z  * [new branch]        review/1987             -> origin/review/1987
2026-10-08T07:59:59.2495309Z  * [new branch]        review/1997             -> origin/review/1997
2026-10-08T07:59:59.2496081Z  * [new branch]        review/2002             -> origin/review/2002
2026-10-08T07:59:59.2496841Z  * [new branch]        review/2006             -> origin/review/2006
2026-10-08T07:59:59.2497731Z  * [new branch]        review/2007             -> origin/review/2007
2026-10-08T07:59:59.2498501Z  * [new branch]        review/2010             -> origin/review/2010
2026-10-08T07:59:59.2499271Z  * [new branch]        review/2011             -> origin/review/2011
2026-10-08T07:59:59.2500024Z  * [new branch]        review/2012             -> origin/review/2012
2026-10-08T07:59:59.2500771Z  * [new branch]        review/2013             -> origin/review/2013
2026-10-08T07:59:59.2501531Z  * [new branch]        review/2014             -> origin/review/2014
2026-10-08T07:59:59.2502399Z  * [new branch]        review/2015             -> origin/review/2015
2026-10-08T07:59:59.2503165Z  * [new branch]        review/2017             -> origin/review/2017
2026-10-08T07:59:59.2503913Z  * [new branch]        review/2018             -> origin/review/2018
2026-10-08T07:59:59.2504795Z  * [new branch]        review/2021             -> origin/review/2021
2026-10-08T07:59:59.2505560Z  * [new branch]        review/2022             -> origin/review/2022
2026-10-08T07:59:59.2506320Z  * [new branch]        review/2024             -> origin/review/2024
2026-10-08T07:59:59.2507084Z  * [new branch]        review/2025             -> origin/review/2025
2026-10-08T07:59:59.2507839Z  * [new branch]        review/2026             -> origin/review/2026
2026-10-08T07:59:59.2508611Z  * [new branch]        review/2027             -> origin/review/2027
2026-10-08T07:59:59.2509506Z  * [new branch]        review/2029             -> origin/review/2029
2026-10-08T07:59:59.2510320Z  * [new branch]        review/2030             -> origin/review/2030
2026-10-08T07:59:59.2511083Z  * [new branch]        review/2040             -> origin/review/2040
2026-10-08T07:59:59.2511840Z  * [new branch]        review/2041             -> origin/review/2041
2026-10-08T07:59:59.2512599Z  * [new branch]        review/2042             -> origin/review/2042
2026-10-08T07:59:59.2513355Z  * [new branch]        review/2044             -> origin/review/2044
2026-10-08T07:59:59.2514110Z  * [new branch]        review/2049             -> origin/review/2049
2026-10-08T07:59:59.2515124Z  * [new branch]        review/2051             -> origin/review/2051
2026-10-08T07:59:59.2515920Z  * [new branch]        verdict/1987            -> origin/verdict/1987
2026-10-08T07:59:59.2516691Z  * [new branch]        verdict/1997            -> origin/verdict/1997
2026-10-08T07:59:59.2517467Z  * [new branch]        verdict/2002            -> origin/verdict/2002
2026-10-08T07:59:59.2518235Z  * [new branch]        verdict/2006            -> origin/verdict/2006
2026-10-08T07:59:59.2518997Z  * [new branch]        verdict/2007            -> origin/verdict/2007
2026-10-08T07:59:59.2519761Z  * [new branch]        verdict/2010            -> origin/verdict/2010
2026-10-08T07:59:59.2520529Z  * [new branch]        verdict/2011            -> origin/verdict/2011
2026-10-08T07:59:59.2521302Z  * [new branch]        verdict/2012            -> origin/verdict/2012
2026-10-08T07:59:59.2522070Z  * [new branch]        verdict/2013            -> origin/verdict/2013
2026-10-08T07:59:59.2522840Z  * [new branch]        verdict/2014            -> origin/verdict/2014
2026-10-08T07:59:59.2523842Z  * [new branch]        verdict/2015            -> origin/verdict/2015
2026-10-08T07:59:59.2524766Z  * [new branch]        verdict/2017            -> origin/verdict/2017
2026-10-08T07:59:59.2525537Z  * [new branch]        verdict/2018            -> origin/verdict/2018
2026-10-08T07:59:59.2526317Z  * [new branch]        verdict/2021            -> origin/verdict/2021
2026-10-08T07:59:59.2527090Z  * [new branch]        verdict/2022            -> origin/verdict/2022
2026-10-08T07:59:59.2527855Z  * [new branch]        verdict/2024            -> origin/verdict/2024
2026-10-08T07:59:59.2528632Z  * [new branch]        verdict/2025            -> origin/verdict/2025
2026-10-08T07:59:59.2529408Z  * [new branch]        verdict/2026            -> origin/verdict/2026
2026-10-08T07:59:59.2530181Z  * [new branch]        verdict/2027            -> origin/verdict/2027
2026-10-08T07:59:59.2530949Z  * [new branch]        verdict/2029            -> origin/verdict/2029
2026-10-08T07:59:59.2531723Z  * [new branch]        verdict/2030            -> origin/verdict/2030
2026-10-08T07:59:59.2532500Z  * [new branch]        verdict/2040            -> origin/verdict/2040
2026-10-08T07:59:59.2533271Z  * [new branch]        verdict/2041            -> origin/verdict/2041
2026-10-08T07:59:59.2534049Z  * [new branch]        verdict/2042            -> origin/verdict/2042
2026-10-08T07:59:59.2534946Z  * [new branch]        verdict/2044            -> origin/verdict/2044
2026-10-08T07:59:59.2535715Z  * [new branch]        verdict/2049            -> origin/verdict/2049
2026-10-08T07:59:59.2536508Z  * [new branch]        verdict/2051            -> origin/verdict/2051
2026-10-08T07:59:59.2537298Z  * [new tag]           audit-round2-evidence   -> audit-round2-evidence
2026-10-08T07:59:59.2538046Z  * [new tag]           v2.3.0-beta.1           -> v2.3.0-beta.1
2026-10-08T07:59:59.2538714Z  * [new tag]           v2.4.0                  -> v2.4.0
2026-10-08T07:59:59.2539355Z  * [new tag]           v2.4.1                  -> v2.4.1
2026-10-08T07:59:59.2540005Z  * [new tag]           v2.5.0                  -> v2.5.0
2026-10-08T07:59:59.2540641Z  * [new tag]           v2.6.0                  -> v2.6.0
2026-10-08T07:59:59.2541267Z  * [new tag]           v2.6.1                  -> v2.6.1
2026-10-08T07:59:59.2542031Z  * [new tag]           v2.7.0                  -> v2.7.0
2026-10-08T07:59:59.2542675Z  * [new tag]           v2.8.0                  -> v2.8.0
2026-10-08T07:59:59.2543311Z  * [new tag]           v3.0.0                  -> v3.0.0
2026-10-08T07:59:59.2543934Z  * [new tag]           v3.1.0                  -> v3.1.0
2026-10-08T07:59:59.2544821Z  * [new tag]           v3.1.1                  -> v3.1.1
2026-10-08T07:59:59.2545479Z  * [new tag]           v3.1.2                  -> v3.1.2
2026-10-08T07:59:59.2546129Z  * [new tag]           v3.14.0                 -> v3.14.0
2026-10-08T07:59:59.2546780Z  * [new tag]           v3.16.0                 -> v3.16.0
2026-10-08T07:59:59.2547428Z  * [new tag]           v3.2.0                  -> v3.2.0
2026-10-08T07:59:59.2548077Z  * [new tag]           v3.3.0                  -> v3.3.0
2026-10-08T07:59:59.2548714Z  * [new tag]           v3.3.1                  -> v3.3.1
2026-10-08T07:59:59.2549344Z  * [new tag]           v3.4.0                  -> v3.4.0
2026-10-08T07:59:59.2549990Z  * [new tag]           v3.4.1                  -> v3.4.1
2026-10-08T07:59:59.2550623Z  * [new tag]           v3.5.0                  -> v3.5.0
2026-10-08T07:59:59.2551255Z  * [new tag]           v3.6.0                  -> v3.6.0
2026-10-08T07:59:59.2551895Z  * [new tag]           v3.6.1                  -> v3.6.1
2026-10-08T07:59:59.2552528Z  * [new tag]           v3.7.0                  -> v3.7.0
2026-10-08T07:59:59.2553164Z  * [new tag]           v3.7.1                  -> v3.7.1
2026-10-08T07:59:59.2553794Z  * [new tag]           v3.8.0                  -> v3.8.0
2026-10-08T07:59:59.2554649Z  * [new tag]           v4.0.0                  -> v4.0.0
2026-10-08T07:59:59.2555313Z  * [new tag]           v4.0.1                  -> v4.0.1
2026-10-08T07:59:59.2556103Z  * [new tag]           v4.0.2                  -> v4.0.2
2026-10-08T07:59:59.2556739Z  * [new tag]           v4.0.3                  -> v4.0.3
2026-10-08T07:59:59.2557375Z  * [new tag]           v4.0.4                  -> v4.0.4
2026-10-08T07:59:59.2558027Z  * [new tag]           v4.0.5                  -> v4.0.5
2026-10-08T07:59:59.2558660Z  * [new tag]           v4.0.6                  -> v4.0.6
2026-10-08T07:59:59.2559279Z  * [new tag]           v4.0.7                  -> v4.0.7
2026-10-08T07:59:59.2559916Z  * [new tag]           v4.1.0                  -> v4.1.0
2026-10-08T07:59:59.2560552Z  * [new tag]           v4.2.0                  -> v4.2.0
2026-10-08T07:59:59.2561201Z  * [new tag]           v4.3.0                  -> v4.3.0
2026-10-08T07:59:59.2561841Z  * [new tag]           v5.0.0                  -> v5.0.0
2026-10-08T07:59:59.2562500Z  * [new tag]           v5.1.0                  -> v5.1.0
2026-10-08T07:59:59.2563155Z  * [new tag]           v5.1.1                  -> v5.1.1
2026-10-08T07:59:59.2563808Z  * [new tag]           v5.1.10                 -> v5.1.10
2026-10-08T07:59:59.2564593Z  * [new tag]           v5.1.2                  -> v5.1.2
2026-10-08T07:59:59.2565242Z  * [new tag]           v5.1.3                  -> v5.1.3
2026-10-08T07:59:59.2565877Z  * [new tag]           v5.1.4                  -> v5.1.4
2026-10-08T07:59:59.2566508Z  * [new tag]           v5.1.5                  -> v5.1.5
2026-10-08T07:59:59.2567135Z  * [new tag]           v5.1.6                  -> v5.1.6
2026-10-08T07:59:59.2567764Z  * [new tag]           v5.1.7                  -> v5.1.7
2026-10-08T07:59:59.2568393Z  * [new tag]           v5.1.9                  -> v5.1.9
2026-10-08T07:59:59.2569045Z  * [new tag]           v5.2.0                  -> v5.2.0
2026-10-08T07:59:59.2569687Z  * [new tag]           v5.3.0                  -> v5.3.0
2026-10-08T07:59:59.2570315Z  * [new tag]           v5.4.0                  -> v5.4.0
2026-10-08T07:59:59.2570952Z  * [new tag]           v5.4.1                  -> v5.4.1
2026-10-08T07:59:59.2571580Z  * [new tag]           v5.5.0                  -> v5.5.0
2026-10-08T07:59:59.2572211Z  * [new tag]           v5.6.0                  -> v5.6.0
2026-10-08T07:59:59.2572843Z  * [new tag]           v5.6.1                  -> v5.6.1
2026-10-08T07:59:59.2573625Z  * [new tag]           v5.6.2                  -> v5.6.2
2026-10-08T07:59:59.2574392Z  * [new tag]           v5.7.0                  -> v5.7.0
2026-10-08T07:59:59.2575057Z  * [new tag]           v5.7.1                  -> v5.7.1
2026-10-08T07:59:59.2575724Z  * [new tag]           v6.0.0                  -> v6.0.0
2026-10-08T07:59:59.2576351Z  * [new tag]           v6.0.1                  -> v6.0.1
2026-10-08T07:59:59.2576981Z  * [new tag]           v6.0.2                  -> v6.0.2
2026-10-08T07:59:59.2577613Z  * [new tag]           v6.0.3                  -> v6.0.3
2026-10-08T07:59:59.2578248Z  * [new tag]           v6.0.4                  -> v6.0.4
2026-10-08T07:59:59.2578902Z  * [new tag]           v6.0.5                  -> v6.0.5
2026-10-08T07:59:59.2579528Z  * [new tag]           v6.0.6                  -> v6.0.6
2026-10-08T07:59:59.2580163Z  * [new tag]           v6.0.7                  -> v6.0.7
2026-10-08T07:59:59.2580800Z  * [new tag]           v6.0.8                  -> v6.0.8
2026-10-08T07:59:59.2581434Z  * [new tag]           v6.0.9                  -> v6.0.9
2026-10-08T07:59:59.2582070Z  * [new tag]           v6.1.0                  -> v6.1.0
2026-10-08T07:59:59.2582712Z  * [new tag]           v6.1.1                  -> v6.1.1
2026-10-08T07:59:59.2583355Z  * [new tag]           v6.1.2                  -> v6.1.2
2026-10-08T07:59:59.2583998Z  * [new tag]           v6.2.0                  -> v6.2.0
2026-10-08T07:59:59.2584743Z  * [new tag]           v6.2.1                  -> v6.2.1
2026-10-08T07:59:59.2585379Z  * [new tag]           v6.2.10                 -> v6.2.10
2026-10-08T07:59:59.2586018Z  * [new tag]           v6.2.11                 -> v6.2.11
2026-10-08T07:59:59.2586802Z  * [new tag]           v6.2.12                 -> v6.2.12
2026-10-08T07:59:59.2587447Z  * [new tag]           v6.2.13                 -> v6.2.13
2026-10-08T07:59:59.2588083Z  * [new tag]           v6.2.14                 -> v6.2.14
2026-10-08T07:59:59.2588728Z  * [new tag]           v6.2.15                 -> v6.2.15
2026-10-08T07:59:59.2589366Z  * [new tag]           v6.2.16                 -> v6.2.16
2026-10-08T07:59:59.2590002Z  * [new tag]           v6.2.17                 -> v6.2.17
2026-10-08T07:59:59.2590641Z  * [new tag]           v6.2.2                  -> v6.2.2
2026-10-08T07:59:59.2591287Z  * [new tag]           v6.2.3                  -> v6.2.3
2026-10-08T07:59:59.2591918Z  * [new tag]           v6.2.4                  -> v6.2.4
2026-10-08T07:59:59.2592560Z  * [new tag]           v6.2.5                  -> v6.2.5
2026-10-08T07:59:59.2593191Z  * [new tag]           v6.2.6                  -> v6.2.6
2026-10-08T07:59:59.2593825Z  * [new tag]           v6.2.7                  -> v6.2.7
2026-10-08T07:59:59.2594686Z  * [new tag]           v6.2.8                  -> v6.2.8
2026-10-08T07:59:59.2595331Z  * [new tag]           v6.2.9                  -> v6.2.9
2026-10-08T07:59:59.2595969Z  * [new tag]           v6.3.0                  -> v6.3.0
2026-10-08T07:59:59.2596606Z  * [new tag]           v6.3.1                  -> v6.3.1
2026-10-08T07:59:59.2597237Z  * [new tag]           v6.3.10                 -> v6.3.10
2026-10-08T07:59:59.2597875Z  * [new tag]           v6.3.11                 -> v6.3.11
2026-10-08T07:59:59.2598517Z  * [new tag]           v6.3.12                 -> v6.3.12
2026-10-08T07:59:59.2599160Z  * [new tag]           v6.3.13                 -> v6.3.13
2026-10-08T07:59:59.2599793Z  * [new tag]           v6.3.14                 -> v6.3.14
2026-10-08T07:59:59.2600433Z  * [new tag]           v6.3.15                 -> v6.3.15
2026-10-08T07:59:59.2601064Z  * [new tag]           v6.3.16                 -> v6.3.16
2026-10-08T07:59:59.2601698Z  * [new tag]           v6.3.17                 -> v6.3.17
2026-10-08T07:59:59.2602349Z  * [new tag]           v6.3.18                 -> v6.3.18
2026-10-08T07:59:59.2602995Z  * [new tag]           v6.3.19                 -> v6.3.19
2026-10-08T07:59:59.2603644Z  * [new tag]           v6.3.2                  -> v6.3.2
2026-10-08T07:59:59.2604548Z  * [new tag]           v6.3.20                 -> v6.3.20
2026-10-08T07:59:59.2605215Z  * [new tag]           v6.3.3                  -> v6.3.3
2026-10-08T07:59:59.2605847Z  * [new tag]           v6.3.4                  -> v6.3.4
2026-10-08T07:59:59.2606474Z  * [new tag]           v6.3.5                  -> v6.3.5
2026-10-08T07:59:59.2607107Z  * [new tag]           v6.3.6                  -> v6.3.6
2026-10-08T07:59:59.2607735Z  * [new tag]           v6.3.7                  -> v6.3.7
2026-10-08T07:59:59.2608370Z  * [new tag]           v6.3.8                  -> v6.3.8
2026-10-08T07:59:59.2609002Z  * [new tag]           v6.3.9                  -> v6.3.9
2026-10-08T07:59:59.2609629Z  * [new tag]           v6.4.0                  -> v6.4.0
2026-10-08T07:59:59.2610304Z  * [new tag]           v6.4.1                  -> v6.4.1
2026-10-08T07:59:59.2610936Z  * [new tag]           v6.4.2                  -> v6.4.2
2026-10-08T07:59:59.2611567Z  * [new tag]           v6.4.3                  -> v6.4.3
2026-10-08T07:59:59.2612202Z  * [new tag]           v6.4.4                  -> v6.4.4
2026-10-08T07:59:59.2612830Z  * [new tag]           v6.5.0                  -> v6.5.0
2026-10-08T07:59:59.2613456Z  * [new tag]           v6.5.1                  -> v6.5.1
2026-10-08T07:59:59.2614081Z  * [new tag]           v6.6.0                  -> v6.6.0
2026-10-08T07:59:59.2614840Z  * [new tag]           v6.6.1                  -> v6.6.1
2026-10-08T07:59:59.2615493Z  * [new tag]           v6.6.10                 -> v6.6.10
2026-10-08T07:59:59.2616134Z  * [new tag]           v6.6.11                 -> v6.6.11
2026-10-08T07:59:59.2616771Z  * [new tag]           v6.6.12                 -> v6.6.12
2026-10-08T07:59:59.2617405Z  * [new tag]           v6.6.2                  -> v6.6.2
2026-10-08T07:59:59.2618180Z  * [new tag]           v6.6.3                  -> v6.6.3
2026-10-08T07:59:59.2618821Z  * [new tag]           v6.6.4                  -> v6.6.4
2026-10-08T07:59:59.2619455Z  * [new tag]           v6.6.5                  -> v6.6.5
2026-10-08T07:59:59.2620085Z  * [new tag]           v6.6.6                  -> v6.6.6
2026-10-08T07:59:59.2620724Z  * [new tag]           v6.6.7                  -> v6.6.7
2026-10-08T07:59:59.2621364Z  * [new tag]           v6.6.8                  -> v6.6.8
2026-10-08T07:59:59.2621991Z  * [new tag]           v6.6.9                  -> v6.6.9
2026-10-08T07:59:59.2622614Z  * [new tag]           v6.7.0                  -> v6.7.0
2026-10-08T07:59:59.2623244Z  * [new tag]           v6.7.1                  -> v6.7.1
2026-10-08T07:59:59.2623869Z  * [new tag]           v6.7.10                 -> v6.7.10
2026-10-08T07:59:59.2624634Z  * [new tag]           v6.7.11                 -> v6.7.11
2026-10-08T07:59:59.2625280Z  * [new tag]           v6.7.12                 -> v6.7.12
2026-10-08T07:59:59.2625918Z  * [new tag]           v6.7.13                 -> v6.7.13
2026-10-08T07:59:59.2626559Z  * [new tag]           v6.7.14                 -> v6.7.14
2026-10-08T07:59:59.2627192Z  * [new tag]           v6.7.15                 -> v6.7.15
2026-10-08T07:59:59.2627834Z  * [new tag]           v6.7.16                 -> v6.7.16
2026-10-08T07:59:59.2628476Z  * [new tag]           v6.7.2                  -> v6.7.2
2026-10-08T07:59:59.2629105Z  * [new tag]           v6.7.3                  -> v6.7.3
2026-10-08T07:59:59.2629741Z  * [new tag]           v6.7.4                  -> v6.7.4
2026-10-08T07:59:59.2630379Z  * [new tag]           v6.7.5                  -> v6.7.5
2026-10-08T07:59:59.2631012Z  * [new tag]           v6.7.6                  -> v6.7.6
2026-10-08T07:59:59.2631642Z  * [new tag]           v6.7.7                  -> v6.7.7
2026-10-08T07:59:59.2632288Z  * [new tag]           v6.7.8                  -> v6.7.8
2026-10-08T07:59:59.2632934Z  * [new tag]           v6.7.9                  -> v6.7.9
2026-10-08T07:59:59.2634675Z [command]/usr/bin/git branch --list --remote origin/main
2026-10-08T07:59:59.2635427Z   origin/main
2026-10-08T07:59:59.2636587Z [command]/usr/bin/git rev-parse refs/remotes/origin/main
2026-10-08T07:59:59.2637895Z 470bbd6087e5978eae594e616a76e207336b289c
2026-10-08T07:59:59.2639623Z ##[endgroup]
2026-10-08T07:59:59.2640356Z ##[group]Determining the checkout info
2026-10-08T07:59:59.2641163Z ##[endgroup]
2026-10-08T07:59:59.2641659Z [command]/usr/bin/git sparse-checkout disable
2026-10-08T07:59:59.2643025Z [command]/usr/bin/git config --local --unset-all extensions.worktreeConfig
2026-10-08T07:59:59.2644755Z ##[group]Checking out the ref
2026-10-08T07:59:59.2645527Z [command]/usr/bin/git checkout --progress --force -B main refs/remotes/origin/main
2026-10-08T07:59:59.7283228Z Switched to a new branch 'main'
2026-10-08T07:59:59.7286921Z branch 'main' set up to track 'origin/main'.
2026-10-08T07:59:59.7316861Z ##[endgroup]
2026-10-08T07:59:59.7369739Z [command]/usr/bin/git log -1 --format=%H
2026-10-08T07:59:59.7398609Z 470bbd6087e5978eae594e616a76e207336b289c
2026-10-08T07:59:59.7754154Z ##[group]Run actions/setup-python@ece7cb06caefa5fff74198d8649806c4678c61a1
2026-10-08T07:59:59.7756136Z with:
2026-10-08T07:59:59.7756958Z   python-version: 3.13
2026-10-08T07:59:59.7757937Z   check-latest: false
2026-10-08T07:59:59.7767642Z   token: ***
2026-10-08T07:59:59.7769074Z   update-environment: true
2026-10-08T07:59:59.7770755Z   allow-prereleases: false
2026-10-08T07:59:59.7772389Z   freethreaded: false
2026-10-08T07:59:59.7773805Z env:
2026-10-08T07:59:59.7775274Z   DOCS_ONLY_FAST: false
2026-10-08T07:59:59.7776749Z ##[endgroup]
2026-10-08T07:59:59.9049389Z ##[group]Installed versions
2026-10-08T07:59:59.9156444Z Successfully set up CPython (3.13.16)
2026-10-08T07:59:59.9158936Z ##[endgroup]
2026-10-08T07:59:59.9488989Z ##[group]Run actions/setup-node@a0853c24544627f65ddf259abe73b1d18a591444
2026-10-08T07:59:59.9491941Z with:
2026-10-08T07:59:59.9493221Z   node-version: 22
2026-10-08T07:59:59.9494876Z   always-auth: false
2026-10-08T07:59:59.9496169Z   check-latest: false
2026-10-08T07:59:59.9505322Z   token: ***
2026-10-08T07:59:59.9506503Z   package-manager-cache: true
2026-10-08T07:59:59.9508064Z env:
2026-10-08T07:59:59.9508844Z   DOCS_ONLY_FAST: false
2026-10-08T07:59:59.9510012Z   pythonLocation: /opt/hostedtoolcache/Python/3.13.16/x64
2026-10-08T07:59:59.9512229Z   PKG_CONFIG_PATH: /opt/hostedtoolcache/Python/3.13.16/x64/lib/pkgconfig
2026-10-08T07:59:59.9515298Z   Python_ROOT_DIR: /opt/hostedtoolcache/Python/3.13.16/x64
2026-10-08T07:59:59.9517871Z   Python2_ROOT_DIR: /opt/hostedtoolcache/Python/3.13.16/x64
2026-10-08T07:59:59.9520454Z   Python3_ROOT_DIR: /opt/hostedtoolcache/Python/3.13.16/x64
2026-10-08T07:59:59.9523076Z   LD_LIBRARY_PATH: /opt/hostedtoolcache/Python/3.13.16/x64/lib
2026-10-08T07:59:59.9525575Z ##[endgroup]
2026-10-08T08:00:00.1050363Z Found in cache @ /opt/hostedtoolcache/node/22.23.3/x64
2026-10-08T08:00:00.1057138Z (node:2253) [DEP0040] DeprecationWarning: The `punycode` module is deprecated. Please use a userland alternative instead.
2026-10-08T08:00:00.1060177Z (Use `node --trace-deprecation ...` to show where the warning was created)
2026-10-08T08:00:00.1062697Z ##[group]Environment details
2026-10-08T08:00:00.5333778Z node: v22.23.3
2026-10-08T08:00:00.5334115Z npm: 10.9.9
2026-10-08T08:00:00.5334621Z yarn: 1.22.22
2026-10-08T08:00:00.5335655Z ##[endgroup]
2026-10-08T08:00:00.5475584Z ##[group]Run pip install --require-hashes --build-constraint tests/requirements-build.txt -r tests/requirements-ci.txt
2026-10-08T08:00:00.5476575Z pip install --require-hashes --build-constraint tests/requirements-build.txt -r tests/requirements-ci.txt
2026-10-08T08:00:00.5771309Z shell: /usr/bin/bash -e {0}
2026-10-08T08:00:00.5771618Z env:
2026-10-08T08:00:00.5771848Z   DOCS_ONLY_FAST: false
2026-10-08T08:00:00.5772207Z   pythonLocation: /opt/hostedtoolcache/Python/3.13.16/x64
2026-10-08T08:00:00.5772764Z   PKG_CONFIG_PATH: /opt/hostedtoolcache/Python/3.13.16/x64/lib/pkgconfig
2026-10-08T08:00:00.5773315Z   Python_ROOT_DIR: /opt/hostedtoolcache/Python/3.13.16/x64
2026-10-08T08:00:00.5773789Z   Python2_ROOT_DIR: /opt/hostedtoolcache/Python/3.13.16/x64
2026-10-08T08:00:00.5774459Z   Python3_ROOT_DIR: /opt/hostedtoolcache/Python/3.13.16/x64
2026-10-08T08:00:00.5774942Z   LD_LIBRARY_PATH: /opt/hostedtoolcache/Python/3.13.16/x64/lib
2026-10-08T08:00:00.5775373Z ##[endgroup]
2026-10-08T08:00:01.5553781Z Collecting aiohappyeyeballs==2.7.1 (from -r tests/requirements-ci.txt (line 27))
2026-10-08T08:00:01.6132549Z   Downloading aiohappyeyeballs-2.7.1-py3-none-any.whl (15 kB)
2026-10-08T08:00:02.1423596Z Collecting aiohttp==3.14.3 (from -r tests/requirements-ci.txt (line 30))
2026-10-08T08:00:02.1506042Z   Downloading aiohttp-3.14.3-cp313-cp313-manylinux2014_x86_64.manylinux_2_17_x86_64.manylinux_2_28_x86_64.whl (1.8 MB)
2026-10-08T08:00:02.2557582Z      ━━━━━━━━━━━━━━━━━━━━━━━━━━━━━━━━━━━━━━━━ 1.8/1.8 MB 19.8 MB/s  0:00:00
2026-10-08T08:00:02.2720297Z Collecting aiosignal==1.4.0 (from -r tests/requirements-ci.txt (line 150))
2026-10-08T08:00:02.2790724Z   Downloading aiosignal-1.4.0-py3-none-any.whl (7.5 kB)
2026-10-08T08:00:02.2955042Z Collecting attrs==26.1.0 (from -r tests/requirements-ci.txt (line 153))
2026-10-08T08:00:02.3038172Z   Downloading attrs-26.1.0-py3-none-any.whl (67 kB)
2026-10-08T08:00:02.3716053Z Collecting frozenlist==1.8.0 (from -r tests/requirements-ci.txt (line 156))
2026-10-08T08:00:02.3788435Z   Downloading frozenlist-1.8.0-cp313-cp313-manylinux1_x86_64.manylinux_2_28_x86_64.manylinux_2_5_x86_64.whl (234 kB)
2026-10-08T08:00:02.4028123Z Collecting idna==3.20 (from -r tests/requirements-ci.txt (line 287))
2026-10-08T08:00:02.4101564Z   Downloading idna-3.20-py3-none-any.whl (69 kB)
2026-10-08T08:00:02.6490547Z Collecting multidict==6.9.1 (from -r tests/requirements-ci.txt (line 290))
2026-10-08T08:00:02.6564970Z   Downloading multidict-6.9.1-cp313-cp313-manylinux2014_x86_64.manylinux_2_17_x86_64.manylinux_2_28_x86_64.whl (336 kB)
2026-10-08T08:00:02.8506288Z Collecting numpy==2.4.6 (from -r tests/requirements-ci.txt (line 462))
2026-10-08T08:00:02.8585402Z   Downloading numpy-2.4.6-cp313-cp313-manylinux_2_27_x86_64.manylinux_2_28_x86_64.whl (16.6 MB)
2026-10-08T08:00:03.0639465Z      ━━━━━━━━━━━━━━━━━━━━━━━━━━━━━━━━━━━━━━━━ 16.6/16.6 MB 83.2 MB/s  0:00:00
2026-10-08T08:00:03.1495643Z Collecting propcache==0.5.4 (from -r tests/requirements-ci.txt (line 535))
2026-10-08T08:00:03.1570061Z   Downloading propcache-0.5.4-cp313-cp313-manylinux2014_x86_64.manylinux_2_17_x86_64.manylinux_2_28_x86_64.whl (234 kB)
2026-10-08T08:00:03.1959552Z Collecting pyyaml==6.0.1 (from -r tests/requirements-ci.txt (line 674))
2026-10-08T08:00:03.2029694Z   Downloading PyYAML-6.0.1.tar.gz (125 kB)
2026-10-08T08:00:03.3423459Z   Installing build dependencies: started
2026-10-08T08:00:04.4978736Z   Installing build dependencies: finished with status 'done'
2026-10-08T08:00:04.4986150Z   Getting requirements to build wheel: started
2026-10-08T08:00:06.1755359Z   Getting requirements to build wheel: finished with status 'done'
2026-10-08T08:00:06.1765080Z   Preparing metadata (pyproject.toml): started
2026-10-08T08:00:06.4183981Z   Preparing metadata (pyproject.toml): finished with status 'done'
2026-10-08T08:00:06.5469525Z Collecting scipy==1.17.1 (from -r tests/requirements-ci.txt (line 726))
2026-10-08T08:00:06.5548235Z   Downloading scipy-1.17.1-cp313-cp313-manylinux_2_27_x86_64.manylinux_2_28_x86_64.whl (35.2 MB)
2026-10-08T08:00:06.7587170Z      ━━━━━━━━━━━━━━━━━━━━━━━━━━━━━━━━━━━━━━━━ 35.2/35.2 MB 173.9 MB/s  0:00:00
2026-10-08T08:00:06.8126663Z Collecting threadpoolctl==3.6.0 (from -r tests/requirements-ci.txt (line 788))
2026-10-08T08:00:06.8198967Z   Downloading threadpoolctl-3.6.0-py3-none-any.whl (18 kB)
2026-10-08T08:00:06.8356973Z Collecting voluptuous==0.16.0 (from -r tests/requirements-ci.txt (line 791))
2026-10-08T08:00:06.8424720Z   Downloading voluptuous-0.16.0-py3-none-any.whl (31 kB)
2026-10-08T08:00:07.0945904Z Collecting yarl==1.25.1 (from -r tests/requirements-ci.txt (line 794))
2026-10-08T08:00:07.1018740Z   Downloading yarl-1.25.1-cp313-cp313-manylinux2014_x86_64.manylinux_2_17_x86_64.manylinux_2_28_x86_64.whl (117 kB)
2026-10-08T08:00:07.1232334Z Building wheels for collected packages: pyyaml
2026-10-08T08:00:07.1241049Z   Building wheel for pyyaml (pyproject.toml): started
2026-10-08T08:00:08.3059931Z   Building wheel for pyyaml (pyproject.toml): finished with status 'done'
2026-10-08T08:00:08.3066123Z   Created wheel for pyyaml: filename=pyyaml-6.0.1-cp313-cp313-linux_x86_64.whl size=45459 sha256=4554fcd39501a7bf0b8557114a08a4da155ae05d6eee602dbdcdc9cdbbbf670e
2026-10-08T08:00:08.3068411Z   Stored in directory: /home/runner/.cache/pip/wheels/9c/9e/34/1e1548811b63a9d001469f21797e8b7d5c216d8eb928e7d6ad
2026-10-08T08:00:08.3087261Z Successfully built pyyaml
2026-10-08T08:00:08.3676331Z Installing collected packages: voluptuous, threadpoolctl, pyyaml, propcache, numpy, multidict, idna, frozenlist, attrs, aiohappyeyeballs, yarl, scipy, aiosignal, aiohttp
2026-10-08T08:00:14.8197003Z 
2026-10-08T08:00:14.8220097Z Successfully installed aiohappyeyeballs-2.7.1 aiohttp-3.14.3 aiosignal-1.4.0 attrs-26.1.0 frozenlist-1.8.0 idna-3.20 multidict-6.9.1 numpy-2.4.6 propcache-0.5.4 pyyaml-6.0.1 scipy-1.17.1 threadpoolctl-3.6.0 voluptuous-0.16.0 yarl-1.25.1
2026-10-08T08:00:14.9463537Z ##[group]Run sudo apt-get update && sudo apt-get install -y strace
2026-10-08T08:00:14.9464040Z sudo apt-get update && sudo apt-get install -y strace
2026-10-08T08:00:14.9530318Z shell: /usr/bin/bash -e {0}
2026-10-08T08:00:14.9530573Z env:
2026-10-08T08:00:14.9530765Z   DOCS_ONLY_FAST: false
2026-10-08T08:00:14.9531068Z   pythonLocation: /opt/hostedtoolcache/Python/3.13.16/x64
2026-10-08T08:00:14.9531540Z   PKG_CONFIG_PATH: /opt/hostedtoolcache/Python/3.13.16/x64/lib/pkgconfig
2026-10-08T08:00:14.9531981Z   Python_ROOT_DIR: /opt/hostedtoolcache/Python/3.13.16/x64
2026-10-08T08:00:14.9532369Z   Python2_ROOT_DIR: /opt/hostedtoolcache/Python/3.13.16/x64
2026-10-08T08:00:14.9532949Z   Python3_ROOT_DIR: /opt/hostedtoolcache/Python/3.13.16/x64
2026-10-08T08:00:14.9533333Z   LD_LIBRARY_PATH: /opt/hostedtoolcache/Python/3.13.16/x64/lib
2026-10-08T08:00:14.9533662Z ##[endgroup]
2026-10-08T08:00:15.0435832Z Get:1 file:/etc/apt/apt-mirrors.txt Mirrorlist [144 B]
2026-10-08T08:00:15.0706967Z Hit:2 http://azure.archive.ubuntu.com/ubuntu noble InRelease
2026-10-08T08:00:15.0709710Z Get:6 https://packages.microsoft.com/ubuntu/24.04/prod noble InRelease [3600 B]
2026-10-08T08:00:15.0729783Z Get:3 http://azure.archive.ubuntu.com/ubuntu noble-updates InRelease [126 kB]
2026-10-08T08:00:15.0775467Z Get:4 http://azure.archive.ubuntu.com/ubuntu noble-backports InRelease [126 kB]
2026-10-08T08:00:15.0795786Z Get:5 http://azure.archive.ubuntu.com/ubuntu noble-security InRelease [126 kB]
2026-10-08T08:00:15.2152900Z Get:7 https://packages.microsoft.com/ubuntu/24.04/prod noble/main armhf Packages [12.3 kB]
2026-10-08T08:00:15.2270043Z Get:8 https://packages.microsoft.com/ubuntu/24.04/prod noble/main amd64 Packages [530 kB]
2026-10-08T08:00:15.2352868Z Get:9 https://packages.microsoft.com/ubuntu/24.04/prod noble/main arm64 Packages [475 kB]
2026-10-08T08:00:15.2445198Z Get:10 https://packages.microsoft.com/ubuntu/24.04/prod noble/main all Packages [640 B]
2026-10-08T08:00:15.2651885Z Get:11 http://azure.archive.ubuntu.com/ubuntu noble-updates/main amd64 Packages [1375 kB]
2026-10-08T08:00:15.2729536Z Get:12 http://azure.archive.ubuntu.com/ubuntu noble-updates/main Translation-en [306 kB]
2026-10-08T08:00:15.2775845Z Get:13 http://azure.archive.ubuntu.com/ubuntu noble-updates/universe amd64 Packages [1702 kB]
2026-10-08T08:00:15.2836464Z Get:14 http://azure.archive.ubuntu.com/ubuntu noble-updates/universe Translation-en [341 kB]
2026-10-08T08:00:15.2859273Z Get:15 http://azure.archive.ubuntu.com/ubuntu noble-updates/restricted amd64 Packages [1761 kB]
2026-10-08T08:00:15.2962298Z Get:16 http://azure.archive.ubuntu.com/ubuntu noble-updates/restricted Translation-en [401 kB]
2026-10-08T08:00:15.2996759Z Get:17 http://azure.archive.ubuntu.com/ubuntu noble-updates/multiverse amd64 Packages [55.0 kB]
2026-10-08T08:00:15.3022153Z Get:18 http://azure.archive.ubuntu.com/ubuntu noble-updates/multiverse Translation-en [14.3 kB]
2026-10-08T08:00:15.3743509Z Get:19 http://azure.archive.ubuntu.com/ubuntu noble-security/main amd64 Packages [1074 kB]
2026-10-08T08:00:15.3810564Z Get:20 http://azure.archive.ubuntu.com/ubuntu noble-security/main Translation-en [223 kB]
2026-10-08T08:00:15.4241605Z Get:21 http://azure.archive.ubuntu.com/ubuntu noble-security/universe amd64 Packages [1218 kB]
2026-10-08T08:00:15.4316770Z Get:22 http://azure.archive.ubuntu.com/ubuntu noble-security/universe Translation-en [245 kB]
2026-10-08T08:00:15.4332898Z Get:23 http://azure.archive.ubuntu.com/ubuntu noble-security/multiverse Translation-en [11.6 kB]
2026-10-08T08:00:18.0206395Z Fetched 10.1 MB in 1s (9706 kB/s)
2026-10-08T08:00:18.8384749Z Reading package lists...
2026-10-08T08:00:18.8684138Z Reading package lists...
2026-10-08T08:00:19.0464184Z Building dependency tree...
2026-10-08T08:00:19.0470557Z Reading state information...
2026-10-08T08:00:19.2113671Z strace is already the newest version (6.8-0ubuntu2).
2026-10-08T08:00:19.2114561Z strace set to manually installed.
2026-10-08T08:00:19.2115692Z 0 upgraded, 0 newly installed, 0 to remove and 17 not upgraded.
2026-10-08T08:00:19.2174611Z ##[group]Run REF=$(git rev-parse --verify --quiet 'HEAD^1^{commit}') || REF=HEAD
2026-10-08T08:00:19.2175214Z REF=$(git rev-parse --verify --quiet 'HEAD^1^{commit}') || REF=HEAD
2026-10-08T08:00:19.2175711Z # --record-only, on both paths: merging here would overwrite the
2026-10-08T08:00:19.2176204Z # committed tests/closures.json with what this run just measured, and
2026-10-08T08:00:19.2176679Z # the check below would then compare the file against itself.
2026-10-08T08:00:19.2177052Z if [ "$SCOPE_CASE" = "scoped" ]; then
2026-10-08T08:00:19.2177414Z   printf '%s\n' "$SCOPE_SCRIPTS" > "$RUNNER_TEMP/rederive.txt"
2026-10-08T08:00:19.2178079Z   echo "Scoped re-derive; every other closure is left as committed:"
2026-10-08T08:00:19.2178472Z   cat "$RUNNER_TEMP/rederive.txt"
2026-10-08T08:00:19.2178757Z   while read -r s; do
2026-10-08T08:00:19.2179024Z     [ -n "$s" ] || continue
2026-10-08T08:00:19.2179333Z     GOLDEN_REF="$REF" ./tests/derive_closures.sh \
2026-10-08T08:00:19.2179735Z       --single "$s" --out-dir "$RUNNER_TEMP/closures" --record-only
2026-10-08T08:00:19.2180113Z   done < "$RUNNER_TEMP/rederive.txt"
2026-10-08T08:00:19.2180382Z else
2026-10-08T08:00:19.2180622Z   GOLDEN_REF="$REF" ./tests/derive_closures.sh \
2026-10-08T08:00:19.2180977Z     --out-dir "$RUNNER_TEMP/closures" --record-only
2026-10-08T08:00:19.2181273Z fi
2026-10-08T08:00:19.2244022Z shell: /usr/bin/bash -e {0}
2026-10-08T08:00:19.2244544Z env:
2026-10-08T08:00:19.2244751Z   DOCS_ONLY_FAST: false
2026-10-08T08:00:19.2245050Z   pythonLocation: /opt/hostedtoolcache/Python/3.13.16/x64
2026-10-08T08:00:19.2245496Z   PKG_CONFIG_PATH: /opt/hostedtoolcache/Python/3.13.16/x64/lib/pkgconfig
2026-10-08T08:00:19.2245941Z   Python_ROOT_DIR: /opt/hostedtoolcache/Python/3.13.16/x64
2026-10-08T08:00:19.2246343Z   Python2_ROOT_DIR: /opt/hostedtoolcache/Python/3.13.16/x64
2026-10-08T08:00:19.2246731Z   Python3_ROOT_DIR: /opt/hostedtoolcache/Python/3.13.16/x64
2026-10-08T08:00:19.2247125Z   LD_LIBRARY_PATH: /opt/hostedtoolcache/Python/3.13.16/x64/lib
2026-10-08T08:00:19.2247446Z   OMP_NUM_THREADS: 1
2026-10-08T08:00:19.2247667Z   OPENBLAS_NUM_THREADS: 1
2026-10-08T08:00:19.2247883Z   MKL_NUM_THREADS: 1
2026-10-08T08:00:19.2248077Z   SCOPE_CASE: 
2026-10-08T08:00:19.2248268Z   SCOPE_SCRIPTS: 
2026-10-08T08:00:19.2248466Z ##[endgroup]
2026-10-08T08:00:19.2415660Z   [08:00:19] record tests/stress.py 
2026-10-08T08:00:19.2425349Z   [08:00:19] record tests/features.py 
2026-10-08T08:00:19.2426257Z   [08:00:19] record tests/block_duty.py 
2026-10-08T08:00:22.9784061Z   [08:00:22] done   tests/block_duty.py (exit 0)
2026-10-08T08:00:22.9803825Z   [08:00:22] record tests/doc_claims.py 
2026-10-08T08:00:33.8943811Z   [08:00:33] done   tests/doc_claims.py (exit 0)
2026-10-08T08:00:33.8958829Z   [08:00:33] record tests/md_tables.mjs 
2026-10-08T08:00:34.1918115Z   [08:00:34] done   tests/md_tables.mjs (exit 0)
2026-10-08T08:00:34.1940051Z   [08:00:34] record tests/wood_advisor.py 
2026-10-08T08:00:36.5759655Z   [08:00:36] done   tests/wood_advisor.py (exit 0)
2026-10-08T08:00:36.5779013Z   [08:00:36] record tests/config_flow_steps.py 
2026-10-08T08:01:13.6793218Z   [08:01:13] done   tests/config_flow_steps.py (exit 0)
2026-10-08T08:01:13.6810656Z   [08:01:13] record tests/structure.py 
2026-10-08T08:01:28.0953590Z   [08:01:28] done   tests/structure.py (exit 0)
2026-10-08T08:01:28.0967518Z   [08:01:28] record tests/arch_score.py --smoke
2026-10-08T08:06:55.0299766Z   [08:06:55] done   tests/arch_score.py (exit 0)
2026-10-08T08:06:55.0316420Z   [08:06:55] record tests/arch_score_head.py 
2026-10-08T08:07:39.5760657Z   [08:07:39] done   tests/arch_score_head.py (exit 0)
2026-10-08T08:07:39.5781098Z   [08:07:39] record tests/typing_ruler.py 
2026-10-08T08:07:40.5477980Z   [08:07:40] done   tests/typing_ruler.py (exit 0)
2026-10-08T08:07:40.5491733Z   [08:07:40] record tests/edge.py 
2026-10-08T08:08:28.9654745Z   [08:08:28] done   tests/edge.py (exit 0)
2026-10-08T08:08:28.9668078Z   [08:08:28] record tests/validate.py 
2026-10-08T08:09:22.9336035Z   [08:09:22] done   tests/validate.py (exit 0)
2026-10-08T08:09:22.9349804Z   [08:09:22] record tests/backtest.py 
2026-10-08T08:12:14.8703857Z   [08:12:14] done   tests/backtest.py (exit 0)
2026-10-08T08:12:14.8718502Z   [08:12:14] record tests/boost_drift_replay.py 
2026-10-08T08:15:51.8829857Z   [08:15:51] done   tests/stress.py (exit 0)
2026-10-08T08:15:59.9368587Z   [08:15:59] done   tests/features.py (exit 0)
2026-10-08T08:15:59.9386466Z   [08:15:59] record tests/entities.py 
2026-10-08T08:21:51.7327786Z   [08:21:51] done   tests/entities.py (exit 0)
2026-10-08T08:42:01.8113952Z   [08:42:01] done   tests/boost_drift_replay.py (exit 0)
2026-10-08T08:42:01.8126760Z   [08:42:01] record tests/ha_contract.py 
2026-10-08T08:42:02.5271205Z   [08:42:02] done   tests/ha_contract.py (exit 0)
2026-10-08T08:42:02.5282149Z   [08:42:02] record tests/manual_plan.py 
2026-10-08T08:42:12.2424061Z   [08:42:12] done   tests/manual_plan.py (exit 0)
2026-10-08T08:42:12.2436140Z   [08:42:12] record tests/open_meteo.py 
2026-10-08T08:42:12.9059824Z   [08:42:12] done   tests/open_meteo.py (exit 0)
2026-10-08T08:42:12.9071398Z   [08:42:12] record tests/solar_alignment.py 
2026-10-08T08:42:14.6906481Z   [08:42:14] done   tests/solar_alignment.py (exit 0)
2026-10-08T08:42:14.6918816Z   [08:42:14] record tests/guard_pins.py 
2026-10-08T08:42:16.4776749Z   [08:42:16] done   tests/guard_pins.py (exit 0)
2026-10-08T08:42:16.4789216Z   [08:42:16] record tests/debug_collect.py 
2026-10-08T08:42:18.3248076Z   [08:42:18] done   tests/debug_collect.py (exit 0)
2026-10-08T08:42:18.3260620Z   [08:42:18] record tests/finite_boundary.py 
2026-10-08T08:43:47.9656882Z   [08:43:47] done   tests/finite_boundary.py (exit 0)
2026-10-08T08:43:47.9669075Z   [08:43:47] record tests/harness_headers.py 
2026-10-08T08:47:32.1552743Z   [08:47:32] done   tests/harness_headers.py (exit 0)
2026-10-08T08:47:32.1565028Z   [08:47:32] record tests/layout.py 
2026-10-08T08:47:49.2749890Z   [08:47:49] done   tests/layout.py (exit 0)
2026-10-08T08:47:49.2762618Z   [08:47:49] record tests/deployment_shape.py 
2026-10-08T08:47:53.3034784Z   [08:47:53] done   tests/deployment_shape.py (exit 0)
2026-10-08T08:47:53.3046390Z   [08:47:53] record tests/optimality.py 
2026-10-08T08:50:58.9333077Z   [08:50:58] done   tests/optimality.py (exit 0)
2026-10-08T08:50:58.9349857Z   [08:50:58] record tests/dst_checks.py 
2026-10-08T08:52:30.1449618Z   [08:52:30] done   tests/dst_checks.py (exit 0)
2026-10-08T08:52:30.1462400Z   [08:52:30] record tests/golden.py --only __no_such_scenario__
2026-10-08T08:52:31.5619456Z   [08:52:31] done   tests/golden.py (exit 0)
2026-10-08T08:52:31.5631894Z   [08:52:31] record tests/env_drift.py --cache-key 0c25836e5a847d39f7a023e9f567ac2525741ebe --all
2026-10-08T08:52:32.9112386Z   [08:52:32] done   tests/env_drift.py (exit 0)
2026-10-08T08:52:32.9124523Z   [08:52:32] record tests/plan_view.py 
2026-10-08T08:52:35.0022301Z   [08:52:35] done   tests/plan_view.py (exit 0)
2026-10-08T08:52:35.0034062Z   [08:52:35] record tests/frontend.py 
2026-10-08T08:52:35.3858737Z   [08:52:35] done   tests/frontend.py (exit 0)
2026-10-08T08:52:35.3871169Z   [08:52:35] record tests/card.mjs 
2026-10-08T08:52:53.8665702Z   [08:52:53] done   tests/card.mjs (exit 0)
2026-10-08T08:52:53.8677814Z   [08:52:53] record tests/card_drift.mjs 
2026-10-08T08:52:59.1628286Z   [08:52:59] done   tests/card_drift.mjs (exit 0)
2026-10-08T08:52:59.1629765Z 
2026-10-08T08:52:59.1631015Z recorded into /home/runner/work/_temp/closures; tests/closures.json left untouched (--record-only)
2026-10-08T08:52:59.1673594Z ##[group]Run # --partial drops one check and one only: "a selectable script with
2026-10-08T08:52:59.1674230Z # --partial drops one check and one only: "a selectable script with
2026-10-08T08:52:59.1675275Z # no recording at all", which a scoped re-derive fails by
2026-10-08T08:52:59.1675754Z # construction. The under-approximation comparison -- the thing this
2026-10-08T08:52:59.1676252Z # job exists for -- is identical on both paths. The output goes to
2026-10-08T08:52:59.1676711Z # check.txt in the uploaded recordings: closures-autofix runs the
2026-10-08T08:52:59.1677188Z # base's closure.py, and reddens where this one printed UNDER-SCOPED
2026-10-08T08:52:59.1677578Z # and that one did not (#1846).
2026-10-08T08:52:59.1677853Z set -o pipefail
2026-10-08T08:52:59.1678122Z if [ "$SCOPE_CASE" = "scoped" ]; then
2026-10-08T08:52:59.1678728Z   python -u tests/closure.py check --in-dir "$RUNNER_TEMP/closures" --partial 2>&1 | tee "$RUNNER_TEMP/closures/check.txt"
2026-10-08T08:52:59.1679491Z else
2026-10-08T08:52:59.1679957Z   python -u tests/closure.py check --in-dir "$RUNNER_TEMP/closures" 2>&1 | tee "$RUNNER_TEMP/closures/check.txt"
2026-10-08T08:52:59.1680465Z fi
2026-10-08T08:52:59.1743731Z shell: /usr/bin/bash -e {0}
2026-10-08T08:52:59.1743988Z env:
2026-10-08T08:52:59.1744185Z   DOCS_ONLY_FAST: false
2026-10-08T08:52:59.1744638Z   pythonLocation: /opt/hostedtoolcache/Python/3.13.16/x64
2026-10-08T08:52:59.1745071Z   PKG_CONFIG_PATH: /opt/hostedtoolcache/Python/3.13.16/x64/lib/pkgconfig
2026-10-08T08:52:59.1745503Z   Python_ROOT_DIR: /opt/hostedtoolcache/Python/3.13.16/x64
2026-10-08T08:52:59.1745914Z   Python2_ROOT_DIR: /opt/hostedtoolcache/Python/3.13.16/x64
2026-10-08T08:52:59.1746297Z   Python3_ROOT_DIR: /opt/hostedtoolcache/Python/3.13.16/x64
2026-10-08T08:52:59.1746677Z   LD_LIBRARY_PATH: /opt/hostedtoolcache/Python/3.13.16/x64/lib
2026-10-08T08:52:59.1747017Z   PYTHONPATH: tests/hastub
2026-10-08T08:52:59.1747244Z   SCOPE_CASE: 
2026-10-08T08:52:59.1747443Z ##[endgroup]
2026-10-08T08:52:59.3390076Z INERT READS UNDER-APPROXIMATED: a recording opened an INERT file the
2026-10-08T08:52:59.3390987Z   committed `inert_reads` does not list for it; the merge fast path
2026-10-08T08:52:59.3391800Z   would treat a change to it as unread (R9-F10.9d). Re-derive:
2026-10-08T08:52:59.3392503Z   ./tests/derive_closures.sh --single <script>
2026-10-08T08:52:59.3393317Z     tests/harness_headers.py: dev/audit/harnesses/git_auto_maintenance_race.sh
2026-10-08T08:52:59.3490671Z ##[error]Process completed with exit code 1.
2026-10-08T08:52:59.3642288Z Post job cleanup.
2026-10-08T08:52:59.4486565Z [command]/usr/bin/git version
2026-10-08T08:52:59.4531375Z git version 2.55.0
2026-10-08T08:52:59.4575303Z Temporarily overriding HOME='/home/runner/work/_temp/6cc3ccff-3802-43f7-aa53-22d3d95803aa' before making global git config changes
2026-10-08T08:52:59.4577041Z Adding repository directory to the temporary git global config as a safe directory
2026-10-08T08:52:59.4581734Z [command]/usr/bin/git config --global --add safe.directory /home/runner/work/heatpump_optimizer/heatpump_optimizer
2026-10-08T08:52:59.4620528Z [command]/usr/bin/git config --local --name-only --get-regexp core\.sshCommand
2026-10-08T08:52:59.4655317Z [command]/usr/bin/git submodule foreach --recursive sh -c "git config --local --name-only --get-regexp 'core\.sshCommand' && git config --local --unset-all 'core.sshCommand' || :"
2026-10-08T08:52:59.4920890Z [command]/usr/bin/git config --local --name-only --get-regexp http\.https\:\/\/github\.com\/\.extraheader
2026-10-08T08:52:59.4947083Z http.https://github.com/.extraheader
2026-10-08T08:52:59.4959562Z [command]/usr/bin/git config --local --unset-all http.https://github.com/.extraheader
2026-10-08T08:52:59.4996098Z [command]/usr/bin/git submodule foreach --recursive sh -c "git config --local --name-only --get-regexp 'http\.https\:\/\/github\.com\/\.extraheader' && git config --local --unset-all 'http.https://github.com/.extraheader' || :"
2026-10-08T08:52:59.5268793Z [command]/usr/bin/git config --local --name-only --get-regexp ^includeIf\.gitdir:
2026-10-08T08:52:59.5309744Z [command]/usr/bin/git submodule foreach --recursive git config --local --show-origin --name-only --get-regexp remote.origin.url
2026-10-08T08:52:59.5707445Z Cleaning up orphan processes
