2026-10-07T12:04:43.5101311Z Current runner version: '2.337.0'
2026-10-07T12:04:43.5142949Z ##[group]Runner Image Provisioner
2026-10-07T12:04:43.5143742Z Hosted Compute Agent
2026-10-07T12:04:43.5144222Z Version: 20261002.596
2026-10-07T12:04:43.5145219Z Commit: c3d12f3313a95f25162a1503be624f3b0617f8c0
2026-10-07T12:04:43.5145885Z Build Date: 2026-10-02T22:28:27Z
2026-10-07T12:04:43.5146437Z Worker ID: {d3e27d90-8011-4226-820e-bb54bc38018c}
2026-10-07T12:04:43.5147046Z Region: westus3
2026-10-07T12:04:43.5147487Z Cloud: Azure
2026-10-07T12:04:43.5148018Z ##[endgroup]
2026-10-07T12:04:43.5149264Z ##[group]Operating System
2026-10-07T12:04:43.5149792Z Ubuntu
2026-10-07T12:04:43.5150272Z 24.04.5
2026-10-07T12:04:43.5150693Z LTS
2026-10-07T12:04:43.5151097Z ##[endgroup]
2026-10-07T12:04:43.5151624Z ##[group]Runner Image
2026-10-07T12:04:43.5152120Z Image: ubuntu-24.04
2026-10-07T12:04:43.5152608Z Version: 20261004.327.1
2026-10-07T12:04:43.5153655Z Included Software: https://github.com/actions/runner-images/blob/ubuntu24/20261004.327/images/ubuntu/Ubuntu2404-Readme.md
2026-10-07T12:04:43.5155119Z Image Release: https://github.com/actions/runner-images/releases/tag/ubuntu24%2F20261004.327
2026-10-07T12:04:43.5155911Z ##[endgroup]
2026-10-07T12:04:43.5156868Z ##[group]GITHUB_TOKEN Permissions
2026-10-07T12:04:43.5158415Z Contents: read
2026-10-07T12:04:43.5158977Z Metadata: read
2026-10-07T12:04:43.5159486Z ##[endgroup]
2026-10-07T12:04:43.5161167Z Secret source: Actions
2026-10-07T12:04:43.5161976Z Cache mode: write
2026-10-07T12:04:43.5162609Z Prepare workflow directory
2026-10-07T12:04:43.5597011Z Prepare all required actions
2026-10-07T12:04:43.5637616Z Getting action download info
2026-10-07T12:04:43.8640833Z Download action repository 'actions/checkout@fbc6f3992d24b796d5a048ff273f7fcc4a7b6c09' (SHA:fbc6f3992d24b796d5a048ff273f7fcc4a7b6c09)
2026-10-07T12:04:44.0604086Z Download action repository 'actions/setup-python@ece7cb06caefa5fff74198d8649806c4678c61a1' (SHA:ece7cb06caefa5fff74198d8649806c4678c61a1)
2026-10-07T12:04:44.2727596Z Download action repository 'actions/setup-node@a0853c24544627f65ddf259abe73b1d18a591444' (SHA:a0853c24544627f65ddf259abe73b1d18a591444)
2026-10-07T12:04:44.4216991Z Download action repository 'actions/upload-artifact@b7c566a772e6b6bfb58ed0dc250532a479d7789f' (SHA:b7c566a772e6b6bfb58ed0dc250532a479d7789f)
2026-10-07T12:04:44.6695073Z Complete job name: closures
2026-10-07T12:04:44.7362751Z ##[group]Run actions/checkout@fbc6f3992d24b796d5a048ff273f7fcc4a7b6c09
2026-10-07T12:04:44.7363561Z with:
2026-10-07T12:04:44.7363897Z   fetch-depth: 0
2026-10-07T12:04:44.7364268Z   repository: tvofi/heatpump_optimizer
2026-10-07T12:04:44.7367819Z   token: ***
2026-10-07T12:04:44.7368164Z   ssh-strict: true
2026-10-07T12:04:44.7368512Z   ssh-user: git
2026-10-07T12:04:44.7368869Z   persist-credentials: true
2026-10-07T12:04:44.7369252Z   clean: true
2026-10-07T12:04:44.7369594Z   sparse-checkout-cone-mode: true
2026-10-07T12:04:44.7369999Z   fetch-tags: false
2026-10-07T12:04:44.7370346Z   show-progress: true
2026-10-07T12:04:44.7370724Z   lfs: false
2026-10-07T12:04:44.7371043Z   submodules: false
2026-10-07T12:04:44.7371388Z   set-safe-directory: true
2026-10-07T12:04:44.7371781Z   allow-unsafe-pr-checkout: false
2026-10-07T12:04:44.7372370Z env:
2026-10-07T12:04:44.7372684Z   DOCS_ONLY_FAST: false
2026-10-07T12:04:44.7373043Z ##[endgroup]
2026-10-07T12:04:44.8285327Z Syncing repository: tvofi/heatpump_optimizer
2026-10-07T12:04:44.8287731Z ##[group]Getting Git version info
2026-10-07T12:04:44.8288717Z Working directory is '/home/runner/work/heatpump_optimizer/heatpump_optimizer'
2026-10-07T12:04:44.8290063Z [command]/usr/bin/git version
2026-10-07T12:04:44.8290719Z git version 2.55.0
2026-10-07T12:04:44.8292595Z ##[endgroup]
2026-10-07T12:04:44.8297182Z Temporarily overriding HOME='/home/runner/work/_temp/90db72d9-8128-4842-b61e-4f6d8fc725ed' before making global git config changes
2026-10-07T12:04:44.8298875Z Adding repository directory to the temporary git global config as a safe directory
2026-10-07T12:04:44.8300409Z [command]/usr/bin/git config --global --add safe.directory /home/runner/work/heatpump_optimizer/heatpump_optimizer
2026-10-07T12:04:44.8459359Z Deleting the contents of '/home/runner/work/heatpump_optimizer/heatpump_optimizer'
2026-10-07T12:04:44.8463717Z ##[group]Initializing the repository
2026-10-07T12:04:44.8467270Z [command]/usr/bin/git init /home/runner/work/heatpump_optimizer/heatpump_optimizer
2026-10-07T12:04:44.8556257Z hint: Using 'master' as the name for the initial branch. This default branch name
2026-10-07T12:04:44.8557207Z hint: will change to "main" in Git 3.0. To configure the initial branch name
2026-10-07T12:04:44.8557935Z hint: to use in all of your new repositories, which will suppress this warning,
2026-10-07T12:04:44.8558505Z hint: call:
2026-10-07T12:04:44.8558826Z hint:
2026-10-07T12:04:44.8559252Z hint: 	git config --global init.defaultBranch <name>
2026-10-07T12:04:44.8559736Z hint:
2026-10-07T12:04:44.8560188Z hint: Names commonly chosen instead of 'master' are 'main', 'trunk' and
2026-10-07T12:04:44.8560951Z hint: 'development'. The just-created branch can be renamed via this command:
2026-10-07T12:04:44.8561523Z hint:
2026-10-07T12:04:44.8561856Z hint: 	git branch -m <name>
2026-10-07T12:04:44.8562223Z hint:
2026-10-07T12:04:44.8562713Z hint: Disable this message with "git config set advice.defaultBranchName false"
2026-10-07T12:04:44.8567936Z Initialized empty Git repository in /home/runner/work/heatpump_optimizer/heatpump_optimizer/.git/
2026-10-07T12:04:44.8576437Z [command]/usr/bin/git remote add origin https://github.com/tvofi/heatpump_optimizer
2026-10-07T12:04:44.8639025Z ##[endgroup]
2026-10-07T12:04:44.8640051Z ##[group]Disabling automatic garbage collection
2026-10-07T12:04:44.8640965Z [command]/usr/bin/git config --local gc.auto 0
2026-10-07T12:04:44.8661152Z ##[endgroup]
2026-10-07T12:04:44.8662041Z ##[group]Setting up auth
2026-10-07T12:04:44.8667908Z [command]/usr/bin/git config --local --name-only --get-regexp core\.sshCommand
2026-10-07T12:04:44.8701681Z [command]/usr/bin/git submodule foreach --recursive sh -c "git config --local --name-only --get-regexp 'core\.sshCommand' && git config --local --unset-all 'core.sshCommand' || :"
2026-10-07T12:04:44.9029765Z [command]/usr/bin/git config --local --name-only --get-regexp http\.https\:\/\/github\.com\/\.extraheader
2026-10-07T12:04:44.9062473Z [command]/usr/bin/git submodule foreach --recursive sh -c "git config --local --name-only --get-regexp 'http\.https\:\/\/github\.com\/\.extraheader' && git config --local --unset-all 'http.https://github.com/.extraheader' || :"
2026-10-07T12:04:44.9253494Z [command]/usr/bin/git config --local --name-only --get-regexp ^includeIf\.gitdir:
2026-10-07T12:04:44.9285692Z [command]/usr/bin/git submodule foreach --recursive git config --local --show-origin --name-only --get-regexp remote.origin.url
2026-10-07T12:04:44.9478773Z [command]/usr/bin/git config --local http.https://github.com/.extraheader AUTHORIZATION: basic ***
2026-10-07T12:04:44.9515508Z ##[endgroup]
2026-10-07T12:04:44.9516228Z ##[group]Fetching the repository
2026-10-07T12:04:44.9524537Z [command]/usr/bin/git -c protocol.version=2 fetch --prune --no-recurse-submodules origin +refs/heads/*:refs/remotes/origin/* +refs/tags/*:refs/tags/* +9df29af919563a2b4b15a4fd94e15d280c75559e:refs/remotes/pull/2018/merge
2026-10-07T12:04:52.0969122Z From https://github.com/tvofi/heatpump_optimizer
2026-10-07T12:04:52.0970705Z  * [new branch]        bus/approvals           -> origin/bus/approvals
2026-10-07T12:04:52.0972223Z  * [new branch]        cursor/r9-eg-entry-config-9aac -> origin/cursor/r9-eg-entry-config-9aac
2026-10-07T12:04:52.0973771Z  * [new branch]        cursor/r9-sw-1-resume-826f -> origin/cursor/r9-sw-1-resume-826f
2026-10-07T12:04:52.0975076Z  * [new branch]        cursor/r9-sw-2-actuation-6d19 -> origin/cursor/r9-sw-2-actuation-6d19
2026-10-07T12:04:52.0976209Z  * [new branch]        fix/r9-dbg-1            -> origin/fix/r9-dbg-1
2026-10-07T12:04:52.0977318Z  * [new branch]        fix/r9-eg-b7-harness    -> origin/fix/r9-eg-b7-harness
2026-10-07T12:04:52.0979007Z  * [new branch]        fix/r9-rca-1985         -> origin/fix/r9-rca-1985
2026-10-07T12:04:52.0980122Z  * [new branch]        fix/r9-rca-1990         -> origin/fix/r9-rca-1990
2026-10-07T12:04:52.0981240Z  * [new branch]        fix/r9-rca-2004         -> origin/fix/r9-rca-2004
2026-10-07T12:04:52.0982522Z  * [new branch]        fix/r9-rca-stress-recording -> origin/fix/r9-rca-stress-recording
2026-10-07T12:04:52.0983798Z  * [new branch]        fix/r9-ro-8             -> origin/fix/r9-ro-8
2026-10-07T12:04:52.0984973Z  * [new branch]        fix/r9-sw-5             -> origin/fix/r9-sw-5
2026-10-07T12:04:52.0986405Z  * [new branch]        fix/r9-sw-actuation     -> origin/fix/r9-sw-actuation
2026-10-07T12:04:52.0988078Z  * [new branch]        fix/r9-ux-actions       -> origin/fix/r9-ux-actions
2026-10-07T12:04:52.0989436Z  * [new branch]        handoff-body/r9-dbg-1   -> origin/handoff-body/r9-dbg-1
2026-10-07T12:04:52.0990953Z  * [new branch]        handoff-body/r9-eg-b7-harness -> origin/handoff-body/r9-eg-b7-harness
2026-10-07T12:04:52.0992845Z  * [new branch]        handoff-body/r9-eg-coordinator-seams -> origin/handoff-body/r9-eg-coordinator-seams
2026-10-07T12:04:52.0995448Z  * [new branch]        handoff-body/r9-eg-entry-config -> origin/handoff-body/r9-eg-entry-config
2026-10-07T12:04:52.0997613Z  * [new branch]        handoff-body/r9-eg-solve-inputs -> origin/handoff-body/r9-eg-solve-inputs
2026-10-07T12:04:52.0999789Z  * [new branch]        handoff-body/r9-prepr-selftest -> origin/handoff-body/r9-prepr-selftest
2026-10-07T12:04:52.1001777Z  * [new branch]        handoff-body/r9-rca-1985 -> origin/handoff-body/r9-rca-1985
2026-10-07T12:04:52.1003743Z  * [new branch]        handoff-body/r9-rca-1990 -> origin/handoff-body/r9-rca-1990
2026-10-07T12:04:52.1005857Z  * [new branch]        handoff-body/r9-rca-2004 -> origin/handoff-body/r9-rca-2004
2026-10-07T12:04:52.1008228Z  * [new branch]        handoff-body/r9-rca-stress-recording -> origin/handoff-body/r9-rca-stress-recording
2026-10-07T12:04:52.1011127Z  * [new branch]        handoff-body/r9-record-path -> origin/handoff-body/r9-record-path
2026-10-07T12:04:52.1013616Z  * [new branch]        handoff-body/r9-ro-8    -> origin/handoff-body/r9-ro-8
2026-10-07T12:04:52.1015811Z  * [new branch]        handoff-body/r9-sw-5    -> origin/handoff-body/r9-sw-5
2026-10-07T12:04:52.1018103Z  * [new branch]        handoff-body/r9-sw-actuation -> origin/handoff-body/r9-sw-actuation
2026-10-07T12:04:52.1020073Z  * [new branch]        handoff-body/r9-sw6     -> origin/handoff-body/r9-sw6
2026-10-07T12:04:52.1021938Z  * [new branch]        handoff-body/r9-ux-actions -> origin/handoff-body/r9-ux-actions
2026-10-07T12:04:52.1023733Z  * [new branch]        handoff/audit-r9-alt    -> origin/handoff/audit-r9-alt
2026-10-07T12:04:52.1026006Z  * [new branch]        handoff/audit-r9-evidence -> origin/handoff/audit-r9-evidence
2026-10-07T12:04:52.1027827Z  * [new branch]        handoff/audit-r9-find-B1 -> origin/handoff/audit-r9-find-B1
2026-10-07T12:04:52.1029628Z  * [new branch]        handoff/audit-r9-find-B10 -> origin/handoff/audit-r9-find-B10
2026-10-07T12:04:52.1031410Z  * [new branch]        handoff/audit-r9-find-B2 -> origin/handoff/audit-r9-find-B2
2026-10-07T12:04:52.1033198Z  * [new branch]        handoff/audit-r9-find-B3 -> origin/handoff/audit-r9-find-B3
2026-10-07T12:04:52.1035117Z  * [new branch]        handoff/audit-r9-find-B4 -> origin/handoff/audit-r9-find-B4
2026-10-07T12:04:52.1036906Z  * [new branch]        handoff/audit-r9-find-B5 -> origin/handoff/audit-r9-find-B5
2026-10-07T12:04:52.1038678Z  * [new branch]        handoff/audit-r9-find-B6 -> origin/handoff/audit-r9-find-B6
2026-10-07T12:04:52.1040437Z  * [new branch]        handoff/audit-r9-find-B7 -> origin/handoff/audit-r9-find-B7
2026-10-07T12:04:52.1042219Z  * [new branch]        handoff/audit-r9-find-B8 -> origin/handoff/audit-r9-find-B8
2026-10-07T12:04:52.1044000Z  * [new branch]        handoff/audit-r9-find-B9 -> origin/handoff/audit-r9-find-B9
2026-10-07T12:04:52.1045953Z  * [new branch]        handoff/audit-r9-fixplan -> origin/handoff/audit-r9-fixplan
2026-10-07T12:04:52.1047919Z  * [new branch]        handoff/audit-r9-issues -> origin/handoff/audit-r9-issues
2026-10-07T12:04:52.1049683Z  * [new branch]        handoff/audit-r9-judge  -> origin/handoff/audit-r9-judge
2026-10-07T12:04:52.1051741Z  * [new branch]        handoff/audit-r9-leads  -> origin/handoff/audit-r9-leads
2026-10-07T12:04:52.1053540Z  * [new branch]        handoff/audit-r9-leads-l2 -> origin/handoff/audit-r9-leads-l2
2026-10-07T12:04:52.1055585Z  * [new branch]        handoff/audit-r9-leads-l3 -> origin/handoff/audit-r9-leads-l3
2026-10-07T12:04:52.1057494Z  * [new branch]        handoff/audit-r9-leads-l4 -> origin/handoff/audit-r9-leads-l4
2026-10-07T12:04:52.1059307Z  * [new branch]        handoff/audit-r9-leads-lc -> origin/handoff/audit-r9-leads-lc
2026-10-07T12:04:52.1061015Z  * [new branch]        handoff/audit-r9-plan   -> origin/handoff/audit-r9-plan
2026-10-07T12:04:52.1063725Z  * [new branch]        handoff/audit-r9-register -> origin/handoff/audit-r9-register
2026-10-07T12:04:52.1065704Z  * [new branch]        handoff/audit-r9-runner-1 -> origin/handoff/audit-r9-runner-1
2026-10-07T12:04:52.1067943Z  * [new branch]        handoff/audit-r9-sweep-s1 -> origin/handoff/audit-r9-sweep-s1
2026-10-07T12:04:52.1069758Z  * [new branch]        handoff/audit-r9-sweep-s2 -> origin/handoff/audit-r9-sweep-s2
2026-10-07T12:04:52.1071534Z  * [new branch]        handoff/audit-r9-sweep-s3 -> origin/handoff/audit-r9-sweep-s3
2026-10-07T12:04:52.1073464Z  * [new branch]        handoff/audit-r9-sweep-s4 -> origin/handoff/audit-r9-sweep-s4
2026-10-07T12:04:52.1075450Z  * [new branch]        handoff/audit-r9-sweep-s5 -> origin/handoff/audit-r9-sweep-s5
2026-10-07T12:04:52.1077231Z  * [new branch]        handoff/audit-r9-sweep-s6 -> origin/handoff/audit-r9-sweep-s6
2026-10-07T12:04:52.1079026Z  * [new branch]        handoff/audit-r9-sweep-s7 -> origin/handoff/audit-r9-sweep-s7
2026-10-07T12:04:52.1080920Z  * [new branch]        handoff/audit-r9-verify-g1-v1 -> origin/handoff/audit-r9-verify-g1-v1
2026-10-07T12:04:52.1082917Z  * [new branch]        handoff/audit-r9-verify-g1-v2 -> origin/handoff/audit-r9-verify-g1-v2
2026-10-07T12:04:52.1084976Z  * [new branch]        handoff/audit-r9-verify-g1-v3 -> origin/handoff/audit-r9-verify-g1-v3
2026-10-07T12:04:52.1087159Z  * [new branch]        handoff/audit-r9-verify-g2-v1 -> origin/handoff/audit-r9-verify-g2-v1
2026-10-07T12:04:52.1089112Z  * [new branch]        handoff/audit-r9-verify-g2-v2 -> origin/handoff/audit-r9-verify-g2-v2
2026-10-07T12:04:52.1091132Z  * [new branch]        handoff/audit-r9-verify-g2-v3 -> origin/handoff/audit-r9-verify-g2-v3
2026-10-07T12:04:52.1093059Z  * [new branch]        handoff/audit-r9-verify-g3-v1 -> origin/handoff/audit-r9-verify-g3-v1
2026-10-07T12:04:52.1095460Z  * [new branch]        handoff/audit-r9-verify-g3-v2 -> origin/handoff/audit-r9-verify-g3-v2
2026-10-07T12:04:52.1097399Z  * [new branch]        handoff/audit-r9-verify-g3-v3 -> origin/handoff/audit-r9-verify-g3-v3
2026-10-07T12:04:52.1099738Z  * [new branch]        handoff/audit-r9-verify-g4-v1 -> origin/handoff/audit-r9-verify-g4-v1
2026-10-07T12:04:52.1101667Z  * [new branch]        handoff/audit-r9-verify-g4-v2 -> origin/handoff/audit-r9-verify-g4-v2
2026-10-07T12:04:52.1103728Z  * [new branch]        handoff/audit-r9-verify-g4-v3 -> origin/handoff/audit-r9-verify-g4-v3
2026-10-07T12:04:52.1105599Z  * [new branch]        handoff/r9-dbg-0        -> origin/handoff/r9-dbg-0
2026-10-07T12:04:52.1107079Z  * [new branch]        handoff/r9-dbg-1        -> origin/handoff/r9-dbg-1
2026-10-07T12:04:52.1108539Z  * [new branch]        handoff/r9-dbg-3        -> origin/handoff/r9-dbg-3
2026-10-07T12:04:52.1110005Z  * [new branch]        handoff/r9-diag-1       -> origin/handoff/r9-diag-1
2026-10-07T12:04:52.1111485Z  * [new branch]        handoff/r9-diag-2s      -> origin/handoff/r9-diag-2s
2026-10-07T12:04:52.1113057Z  * [new branch]        handoff/r9-eg-archscore -> origin/handoff/r9-eg-archscore
2026-10-07T12:04:52.1114889Z  * [new branch]        handoff/r9-eg-b0        -> origin/handoff/r9-eg-b0
2026-10-07T12:04:52.1116460Z  * [new branch]        handoff/r9-eg-b7-harness -> origin/handoff/r9-eg-b7-harness
2026-10-07T12:04:52.1118486Z  * [new branch]        handoff/r9-eg-collaborator-interfaces -> origin/handoff/r9-eg-collaborator-interfaces
2026-10-07T12:04:52.1120753Z  * [new branch]        handoff/r9-eg-coordinator-seams -> origin/handoff/r9-eg-coordinator-seams
2026-10-07T12:04:52.1122947Z  * [new branch]        handoff/r9-eg-dhw-closure-dedupe-v2 -> origin/handoff/r9-eg-dhw-closure-dedupe-v2
2026-10-07T12:04:52.1125053Z  * [new branch]        handoff/r9-eg-dhw-planner -> origin/handoff/r9-eg-dhw-planner
2026-10-07T12:04:52.1126822Z  * [new branch]        handoff/r9-eg-entry-config -> origin/handoff/r9-eg-entry-config
2026-10-07T12:04:52.1128523Z  * [new branch]        handoff/r9-eg-one-copy  -> origin/handoff/r9-eg-one-copy
2026-10-07T12:04:52.1130230Z  * [new branch]        handoff/r9-eg-param-objects -> origin/handoff/r9-eg-param-objects
2026-10-07T12:04:52.1132049Z  * [new branch]        handoff/r9-eg-register-fold -> origin/handoff/r9-eg-register-fold
2026-10-07T12:04:52.1133807Z  * [new branch]        handoff/r9-eg-solve-inputs -> origin/handoff/r9-eg-solve-inputs
2026-10-07T12:04:52.1135651Z  * [new branch]        handoff/r9-eg-store-version -> origin/handoff/r9-eg-store-version
2026-10-07T12:04:52.1137562Z  * [new branch]        handoff/r9-eg-surface-identity -> origin/handoff/r9-eg-surface-identity
2026-10-07T12:04:52.1139464Z  * [new branch]        handoff/r9-eg-typed-payload -> origin/handoff/r9-eg-typed-payload
2026-10-07T12:04:52.1141340Z  * [new branch]        handoff/r9-eg-typed-payload-b -> origin/handoff/r9-eg-typed-payload-b
2026-10-07T12:04:52.1143227Z  * [new branch]        handoff/r9-f1-coordinator-10 -> origin/handoff/r9-f1-coordinator-10
2026-10-07T12:04:52.1145210Z  * [new branch]        handoff/r9-f1-coordinator-2 -> origin/handoff/r9-f1-coordinator-2
2026-10-07T12:04:52.1147023Z  * [new branch]        handoff/r9-f1-coordinator-3 -> origin/handoff/r9-f1-coordinator-3
2026-10-07T12:04:52.1148830Z  * [new branch]        handoff/r9-f1-coordinator-4 -> origin/handoff/r9-f1-coordinator-4
2026-10-07T12:04:52.1150597Z  * [new branch]        handoff/r9-f1-coordinator-5 -> origin/handoff/r9-f1-coordinator-5
2026-10-07T12:04:52.1152466Z  * [new branch]        handoff/r9-f1-coordinator-7 -> origin/handoff/r9-f1-coordinator-7
2026-10-07T12:04:52.1154390Z  * [new branch]        handoff/r9-f1-coordinator-7-review -> origin/handoff/r9-f1-coordinator-7-review
2026-10-07T12:04:52.1156282Z  * [new branch]        handoff/r9-f10-12       -> origin/handoff/r9-f10-12
2026-10-07T12:04:52.1157729Z  * [new branch]        handoff/r9-f10-13       -> origin/handoff/r9-f10-13
2026-10-07T12:04:52.1159177Z  * [new branch]        handoff/r9-f10-14       -> origin/handoff/r9-f10-14
2026-10-07T12:04:52.1160626Z  * [new branch]        handoff/r9-f10-15       -> origin/handoff/r9-f10-15
2026-10-07T12:04:52.1162057Z  * [new branch]        handoff/r9-f10-16       -> origin/handoff/r9-f10-16
2026-10-07T12:04:52.1163655Z  * [new branch]        handoff/r9-f10-ci-efficiency -> origin/handoff/r9-f10-ci-efficiency
2026-10-07T12:04:52.1165669Z  * [new branch]        handoff/r9-f10-claims-baseline-rca -> origin/handoff/r9-f10-claims-baseline-rca
2026-10-07T12:04:52.1167749Z  * [new branch]        handoff/r9-f10-closure-runalways -> origin/handoff/r9-f10-closure-runalways
2026-10-07T12:04:52.1169628Z  * [new branch]        handoff/r9-f10-gate-infra-1 -> origin/handoff/r9-f10-gate-infra-1
2026-10-07T12:04:52.1171405Z  * [new branch]        handoff/r9-f10-gate-infra-1d -> origin/handoff/r9-f10-gate-infra-1d
2026-10-07T12:04:52.1173174Z  * [new branch]        handoff/r9-f10-gate-infra-4 -> origin/handoff/r9-f10-gate-infra-4
2026-10-07T12:04:52.1175000Z  * [new branch]        handoff/r9-f10-gate-infra-5 -> origin/handoff/r9-f10-gate-infra-5
2026-10-07T12:04:52.1176750Z  * [new branch]        handoff/r9-f10-gate-infra-6 -> origin/handoff/r9-f10-gate-infra-6
2026-10-07T12:04:52.1178678Z  * [new branch]        handoff/r9-f10-harness-timeout -> origin/handoff/r9-f10-harness-timeout
2026-10-07T12:04:52.1180510Z  * [new branch]        handoff/r9-f10-loop-heartbeat -> origin/handoff/r9-f10-loop-heartbeat
2026-10-07T12:04:52.1182258Z  * [new branch]        handoff/r9-f10-merge-queue -> origin/handoff/r9-f10-merge-queue
2026-10-07T12:04:52.1183953Z  * [new branch]        handoff/r9-f11-governance-1 -> origin/handoff/r9-f11-governance-1
2026-10-07T12:04:52.1185737Z  * [new branch]        handoff/r9-f11-governance-3 -> origin/handoff/r9-f11-governance-3
2026-10-07T12:04:52.1187461Z  * [new branch]        handoff/r9-f11-governance-4 -> origin/handoff/r9-f11-governance-4
2026-10-07T12:04:52.1189333Z  * [new branch]        handoff/r9-f11-governance-4-review -> origin/handoff/r9-f11-governance-4-review
2026-10-07T12:04:52.1191219Z  * [new branch]        handoff/r9-f11-governance-5 -> origin/handoff/r9-f11-governance-5
2026-10-07T12:04:52.1192935Z  * [new branch]        handoff/r9-f11-governance-6 -> origin/handoff/r9-f11-governance-6
2026-10-07T12:04:52.1194744Z  * [new branch]        handoff/r9-f11-governance-7 -> origin/handoff/r9-f11-governance-7
2026-10-07T12:04:52.1196359Z  * [new branch]        handoff/r9-f2-solver-1  -> origin/handoff/r9-f2-solver-1
2026-10-07T12:04:52.1197866Z  * [new branch]        handoff/r9-f2-solver-3  -> origin/handoff/r9-f2-solver-3
2026-10-07T12:04:52.1199384Z  * [new branch]        handoff/r9-f2-solver-4  -> origin/handoff/r9-f2-solver-4
2026-10-07T12:04:52.1200884Z  * [new branch]        handoff/r9-f2-solver-5  -> origin/handoff/r9-f2-solver-5
2026-10-07T12:04:52.1202394Z  * [new branch]        handoff/r9-f3-stores-1  -> origin/handoff/r9-f3-stores-1
2026-10-07T12:04:52.1203899Z  * [new branch]        handoff/r9-f3-stores-3  -> origin/handoff/r9-f3-stores-3
2026-10-07T12:04:52.1205613Z  * [new branch]        handoff/r9-f4-inputs-sysid-1 -> origin/handoff/r9-f4-inputs-sysid-1
2026-10-07T12:04:52.1207398Z  * [new branch]        handoff/r9-f4-inputs-sysid-2 -> origin/handoff/r9-f4-inputs-sysid-2
2026-10-07T12:04:52.1209142Z  * [new branch]        handoff/r9-f5-config-text-1 -> origin/handoff/r9-f5-config-text-1
2026-10-07T12:04:52.1210721Z  * [new branch]        handoff/r9-f6-card-1    -> origin/handoff/r9-f6-card-1
2026-10-07T12:04:52.1212298Z  * [new branch]        handoff/r9-f6-card-2    -> origin/handoff/r9-f6-card-2
2026-10-07T12:04:52.1213762Z  * [new branch]        handoff/r9-f6-card-4    -> origin/handoff/r9-f6-card-4
2026-10-07T12:04:52.1215403Z  * [new branch]        handoff/r9-f7-entities-1 -> origin/handoff/r9-f7-entities-1
2026-10-07T12:04:52.1216978Z  * [new branch]        handoff/r9-f7-entities-2 -> origin/handoff/r9-f7-entities-2
2026-10-07T12:04:52.1218596Z  * [new branch]        handoff/r9-f7-family-splits -> origin/handoff/r9-f7-family-splits
2026-10-07T12:04:52.1220164Z  * [new branch]        handoff/r9-f8-docs-1    -> origin/handoff/r9-f8-docs-1
2026-10-07T12:04:52.1221622Z  * [new branch]        handoff/r9-f8-docs-2    -> origin/handoff/r9-f8-docs-2
2026-10-07T12:04:52.1223093Z  * [new branch]        handoff/r9-f8-docs-3    -> origin/handoff/r9-f8-docs-3
2026-10-07T12:04:52.1224785Z  * [new branch]        handoff/r9-f9-test-pins-2 -> origin/handoff/r9-f9-test-pins-2
2026-10-07T12:04:52.1226638Z  * [new branch]        handoff/r9-f9-test-pins-3 -> origin/handoff/r9-f9-test-pins-3
2026-10-07T12:04:52.1228157Z  * [new branch]        handoff/r9-fr-10        -> origin/handoff/r9-fr-10
2026-10-07T12:04:52.1229689Z  * [new branch]        handoff/r9-friction-study -> origin/handoff/r9-friction-study
2026-10-07T12:04:52.1231466Z  * [new branch]        handoff/r9-nightly-status-k5uati -> origin/handoff/r9-nightly-status-k5uati
2026-10-07T12:04:52.1233268Z  * [new branch]        handoff/r9-prepr-selftest -> origin/handoff/r9-prepr-selftest
2026-10-07T12:04:52.1234889Z  * [new branch]        handoff/r9-proc-1       -> origin/handoff/r9-proc-1
2026-10-07T12:04:52.1236296Z  * [new branch]        handoff/r9-proc-3       -> origin/handoff/r9-proc-3
2026-10-07T12:04:52.1237883Z  * [new branch]        handoff/r9-proc-4       -> origin/handoff/r9-proc-4
2026-10-07T12:04:52.1239280Z  * [new branch]        handoff/r9-proc-5       -> origin/handoff/r9-proc-5
2026-10-07T12:04:52.1240858Z  * [new branch]        handoff/r9-rc-prcontract-fix -> origin/handoff/r9-rc-prcontract-fix
2026-10-07T12:04:52.1242451Z  * [new branch]        handoff/r9-rca-1985     -> origin/handoff/r9-rca-1985
2026-10-07T12:04:52.1243877Z  * [new branch]        handoff/r9-rca-1990     -> origin/handoff/r9-rca-1990
2026-10-07T12:04:52.1245464Z  * [new branch]        handoff/r9-rca-2004     -> origin/handoff/r9-rca-2004
2026-10-07T12:04:52.1247739Z  * [new branch]        handoff/r9-rca-avoidable-interpreter-bound-recomputation -> origin/handoff/r9-rca-avoidable-interpreter-bound-recomputation
2026-10-07T12:04:52.1250202Z  * [new branch]        handoff/r9-rca-cpu-gate-blind -> origin/handoff/r9-rca-cpu-gate-blind
2026-10-07T12:04:52.1251789Z  * [new branch]        handoff/r9-rca-i1       -> origin/handoff/r9-rca-i1
2026-10-07T12:04:52.1253168Z  * [new branch]        handoff/r9-rca-i3       -> origin/handoff/r9-rca-i3
2026-10-07T12:04:52.1254546Z  * [new branch]        handoff/r9-rca-i4       -> origin/handoff/r9-rca-i4
2026-10-07T12:04:52.1256100Z  * [new branch]        handoff/r9-rca-i5       -> origin/handoff/r9-rca-i5
2026-10-07T12:04:52.1257502Z  * [new branch]        handoff/r9-rca-p1       -> origin/handoff/r9-rca-p1
2026-10-07T12:04:52.1258930Z  * [new branch]        handoff/r9-rca-p11      -> origin/handoff/r9-rca-p11
2026-10-07T12:04:52.1260338Z  * [new branch]        handoff/r9-rca-p2       -> origin/handoff/r9-rca-p2
2026-10-07T12:04:52.1261718Z  * [new branch]        handoff/r9-rca-p3       -> origin/handoff/r9-rca-p3
2026-10-07T12:04:52.1263085Z  * [new branch]        handoff/r9-rca-p5       -> origin/handoff/r9-rca-p5
2026-10-07T12:04:52.1264465Z  * [new branch]        handoff/r9-rca-p6       -> origin/handoff/r9-rca-p6
2026-10-07T12:04:52.1265993Z  * [new branch]        handoff/r9-rca-p9       -> origin/handoff/r9-rca-p9
2026-10-07T12:04:52.1268414Z  * [new branch]        handoff/r9-rca-persisted-future-instant-trusted-without-bound -> origin/handoff/r9-rca-persisted-future-instant-trusted-without-bound
2026-10-07T12:04:52.1271202Z  * [new branch]        handoff/r9-rca-stress-recording -> origin/handoff/r9-rca-stress-recording
2026-10-07T12:04:52.1272951Z  * [new branch]        handoff/r9-record-path  -> origin/handoff/r9-record-path
2026-10-07T12:04:52.1274436Z  * [new branch]        handoff/r9-ro-1         -> origin/handoff/r9-ro-1
2026-10-07T12:04:52.1275891Z  * [new branch]        handoff/r9-ro-2         -> origin/handoff/r9-ro-2
2026-10-07T12:04:52.1277274Z  * [new branch]        handoff/r9-ro-3         -> origin/handoff/r9-ro-3
2026-10-07T12:04:52.1278649Z  * [new branch]        handoff/r9-ro-4         -> origin/handoff/r9-ro-4
2026-10-07T12:04:52.1280014Z  * [new branch]        handoff/r9-ro-5         -> origin/handoff/r9-ro-5
2026-10-07T12:04:52.1281386Z  * [new branch]        handoff/r9-ro-6         -> origin/handoff/r9-ro-6
2026-10-07T12:04:52.1282760Z  * [new branch]        handoff/r9-ro-7         -> origin/handoff/r9-ro-7
2026-10-07T12:04:52.1284128Z  * [new branch]        handoff/r9-ro-8         -> origin/handoff/r9-ro-8
2026-10-07T12:04:52.1285666Z  * [new branch]        handoff/r9-sw-5         -> origin/handoff/r9-sw-5
2026-10-07T12:04:52.1287142Z  * [new branch]        handoff/r9-sw-actuation -> origin/handoff/r9-sw-actuation
2026-10-07T12:04:52.1288647Z  * [new branch]        handoff/r9-sw-card      -> origin/handoff/r9-sw-card
2026-10-07T12:04:52.1290080Z  * [new branch]        handoff/r9-sw-gchv      -> origin/handoff/r9-sw-gchv
2026-10-07T12:04:52.1291537Z  * [new branch]        handoff/r9-sw-model     -> origin/handoff/r9-sw-model
2026-10-07T12:04:52.1292957Z  * [new branch]        handoff/r9-sw6          -> origin/handoff/r9-sw6
2026-10-07T12:04:52.1294386Z  * [new branch]        handoff/r9-ux-actions   -> origin/handoff/r9-ux-actions
2026-10-07T12:04:52.1296269Z  * [new branch]        handoff/r9-ux-events    -> origin/handoff/r9-ux-events
2026-10-07T12:04:52.1297762Z  * [new branch]        handoff/r9-ux-health    -> origin/handoff/r9-ux-health
2026-10-07T12:04:52.1299334Z  * [new branch]        handoff/r9-ux-insight-text -> origin/handoff/r9-ux-insight-text
2026-10-07T12:04:52.1300903Z  * [new branch]        handoff/r9-web-3        -> origin/handoff/r9-web-3
2026-10-07T12:04:52.1302300Z  * [new branch]        handoff/r9-web-4        -> origin/handoff/r9-web-4
2026-10-07T12:04:52.1303708Z  * [new branch]        handoff/r9-web-5        -> origin/handoff/r9-web-5
2026-10-07T12:04:52.1305264Z  * [new branch]        handoff/r9-web-page     -> origin/handoff/r9-web-page
2026-10-07T12:04:52.1306704Z  * [new branch]        handoff/rca-1747        -> origin/handoff/rca-1747
2026-10-07T12:04:52.1308232Z  * [new branch]        handoff/repo-reorg-plan -> origin/handoff/repo-reorg-plan
2026-10-07T12:04:52.1309906Z  * [new branch]        handoff/silent-windows-plan -> origin/handoff/silent-windows-plan
2026-10-07T12:04:52.1311390Z  * [new branch]        main                    -> origin/main
2026-10-07T12:04:52.1312672Z  * [new branch]        record/autofix          -> origin/record/autofix
2026-10-07T12:04:52.1314007Z  * [new branch]        review/1987             -> origin/review/1987
2026-10-07T12:04:52.1315405Z  * [new branch]        review/1997             -> origin/review/1997
2026-10-07T12:04:52.1316704Z  * [new branch]        review/2006             -> origin/review/2006
2026-10-07T12:04:52.1318005Z  * [new branch]        review/2007             -> origin/review/2007
2026-10-07T12:04:52.1319287Z  * [new branch]        review/2010             -> origin/review/2010
2026-10-07T12:04:52.1320582Z  * [new branch]        review/2011             -> origin/review/2011
2026-10-07T12:04:52.1321863Z  * [new branch]        review/2012             -> origin/review/2012
2026-10-07T12:04:52.1323145Z  * [new branch]        review/2013             -> origin/review/2013
2026-10-07T12:04:52.1324460Z  * [new branch]        review/2014             -> origin/review/2014
2026-10-07T12:04:52.1325939Z  * [new branch]        review/2015             -> origin/review/2015
2026-10-07T12:04:52.1327225Z  * [new branch]        review/2017             -> origin/review/2017
2026-10-07T12:04:52.1328652Z  * [new branch]        verdict/1987            -> origin/verdict/1987
2026-10-07T12:04:52.1329963Z  * [new branch]        verdict/1997            -> origin/verdict/1997
2026-10-07T12:04:52.1331249Z  * [new branch]        verdict/2006            -> origin/verdict/2006
2026-10-07T12:04:52.1332562Z  * [new branch]        verdict/2007            -> origin/verdict/2007
2026-10-07T12:04:52.1333872Z  * [new branch]        verdict/2010            -> origin/verdict/2010
2026-10-07T12:04:52.1335351Z  * [new branch]        verdict/2011            -> origin/verdict/2011
2026-10-07T12:04:52.1336651Z  * [new branch]        verdict/2012            -> origin/verdict/2012
2026-10-07T12:04:52.1337952Z  * [new branch]        verdict/2013            -> origin/verdict/2013
2026-10-07T12:04:52.1339265Z  * [new branch]        verdict/2014            -> origin/verdict/2014
2026-10-07T12:04:52.1340565Z  * [new branch]        verdict/2015            -> origin/verdict/2015
2026-10-07T12:04:52.1341880Z  * [new branch]        verdict/2017            -> origin/verdict/2017
2026-10-07T12:04:52.1343203Z  * [new tag]           audit-round2-evidence   -> audit-round2-evidence
2026-10-07T12:04:52.1344471Z  * [new tag]           v2.3.0-beta.1           -> v2.3.0-beta.1
2026-10-07T12:04:52.1345672Z  * [new tag]           v2.4.0                  -> v2.4.0
2026-10-07T12:04:52.1346730Z  * [new tag]           v2.4.1                  -> v2.4.1
2026-10-07T12:04:52.1347791Z  * [new tag]           v2.5.0                  -> v2.5.0
2026-10-07T12:04:52.1348857Z  * [new tag]           v2.6.0                  -> v2.6.0
2026-10-07T12:04:52.1349916Z  * [new tag]           v2.6.1                  -> v2.6.1
2026-10-07T12:04:52.1350976Z  * [new tag]           v2.7.0                  -> v2.7.0
2026-10-07T12:04:52.1352161Z  * [new tag]           v2.8.0                  -> v2.8.0
2026-10-07T12:04:52.1353225Z  * [new tag]           v3.0.0                  -> v3.0.0
2026-10-07T12:04:52.1354282Z  * [new tag]           v3.1.0                  -> v3.1.0
2026-10-07T12:04:52.1355434Z  * [new tag]           v3.1.1                  -> v3.1.1
2026-10-07T12:04:52.1356499Z  * [new tag]           v3.1.2                  -> v3.1.2
2026-10-07T12:04:52.1357562Z  * [new tag]           v3.14.0                 -> v3.14.0
2026-10-07T12:04:52.1358632Z  * [new tag]           v3.16.0                 -> v3.16.0
2026-10-07T12:04:52.1359708Z  * [new tag]           v3.2.0                  -> v3.2.0
2026-10-07T12:04:52.1360770Z  * [new tag]           v3.3.0                  -> v3.3.0
2026-10-07T12:04:52.1361824Z  * [new tag]           v3.3.1                  -> v3.3.1
2026-10-07T12:04:52.1362873Z  * [new tag]           v3.4.0                  -> v3.4.0
2026-10-07T12:04:52.1363923Z  * [new tag]           v3.4.1                  -> v3.4.1
2026-10-07T12:04:52.1365085Z  * [new tag]           v3.5.0                  -> v3.5.0
2026-10-07T12:04:52.1366137Z  * [new tag]           v3.6.0                  -> v3.6.0
2026-10-07T12:04:52.1367198Z  * [new tag]           v3.6.1                  -> v3.6.1
2026-10-07T12:04:52.1368257Z  * [new tag]           v3.7.0                  -> v3.7.0
2026-10-07T12:04:52.1369313Z  * [new tag]           v3.7.1                  -> v3.7.1
2026-10-07T12:04:52.1370370Z  * [new tag]           v3.8.0                  -> v3.8.0
2026-10-07T12:04:52.1371428Z  * [new tag]           v4.0.0                  -> v4.0.0
2026-10-07T12:04:52.1372486Z  * [new tag]           v4.0.1                  -> v4.0.1
2026-10-07T12:04:52.1373541Z  * [new tag]           v4.0.2                  -> v4.0.2
2026-10-07T12:04:52.1374801Z  * [new tag]           v4.0.3                  -> v4.0.3
2026-10-07T12:04:52.1377803Z  * [new tag]           v4.0.4                  -> v4.0.4
2026-10-07T12:04:52.1379621Z  * [new tag]           v4.0.5                  -> v4.0.5
2026-10-07T12:04:52.1380826Z  * [new tag]           v4.0.6                  -> v4.0.6
2026-10-07T12:04:52.1381878Z  * [new tag]           v4.0.7                  -> v4.0.7
2026-10-07T12:04:52.1382937Z  * [new tag]           v4.1.0                  -> v4.1.0
2026-10-07T12:04:52.1384122Z  * [new tag]           v4.2.0                  -> v4.2.0
2026-10-07T12:04:52.1385282Z  * [new tag]           v4.3.0                  -> v4.3.0
2026-10-07T12:04:52.1386338Z  * [new tag]           v5.0.0                  -> v5.0.0
2026-10-07T12:04:52.1387407Z  * [new tag]           v5.1.0                  -> v5.1.0
2026-10-07T12:04:52.1388505Z  * [new tag]           v5.1.1                  -> v5.1.1
2026-10-07T12:04:52.1389570Z  * [new tag]           v5.1.10                 -> v5.1.10
2026-10-07T12:04:52.1390624Z  * [new tag]           v5.1.2                  -> v5.1.2
2026-10-07T12:04:52.1391670Z  * [new tag]           v5.1.3                  -> v5.1.3
2026-10-07T12:04:52.1392743Z  * [new tag]           v5.1.4                  -> v5.1.4
2026-10-07T12:04:52.1393802Z  * [new tag]           v5.1.5                  -> v5.1.5
2026-10-07T12:04:52.1394952Z  * [new tag]           v5.1.6                  -> v5.1.6
2026-10-07T12:04:52.1396019Z  * [new tag]           v5.1.7                  -> v5.1.7
2026-10-07T12:04:52.1397073Z  * [new tag]           v5.1.9                  -> v5.1.9
2026-10-07T12:04:52.1398121Z  * [new tag]           v5.2.0                  -> v5.2.0
2026-10-07T12:04:52.1399170Z  * [new tag]           v5.3.0                  -> v5.3.0
2026-10-07T12:04:52.1400226Z  * [new tag]           v5.4.0                  -> v5.4.0
2026-10-07T12:04:52.1401280Z  * [new tag]           v5.4.1                  -> v5.4.1
2026-10-07T12:04:52.1402346Z  * [new tag]           v5.5.0                  -> v5.5.0
2026-10-07T12:04:52.1403406Z  * [new tag]           v5.6.0                  -> v5.6.0
2026-10-07T12:04:52.1404462Z  * [new tag]           v5.6.1                  -> v5.6.1
2026-10-07T12:04:52.1405738Z  * [new tag]           v5.6.2                  -> v5.6.2
2026-10-07T12:04:52.1406798Z  * [new tag]           v5.7.0                  -> v5.7.0
2026-10-07T12:04:52.1407854Z  * [new tag]           v5.7.1                  -> v5.7.1
2026-10-07T12:04:52.1408912Z  * [new tag]           v6.0.0                  -> v6.0.0
2026-10-07T12:04:52.1409967Z  * [new tag]           v6.0.1                  -> v6.0.1
2026-10-07T12:04:52.1411028Z  * [new tag]           v6.0.2                  -> v6.0.2
2026-10-07T12:04:52.1412092Z  * [new tag]           v6.0.3                  -> v6.0.3
2026-10-07T12:04:52.1413149Z  * [new tag]           v6.0.4                  -> v6.0.4
2026-10-07T12:04:52.1414204Z  * [new tag]           v6.0.5                  -> v6.0.5
2026-10-07T12:04:52.1415488Z  * [new tag]           v6.0.6                  -> v6.0.6
2026-10-07T12:04:52.1416558Z  * [new tag]           v6.0.7                  -> v6.0.7
2026-10-07T12:04:52.1417622Z  * [new tag]           v6.0.8                  -> v6.0.8
2026-10-07T12:04:52.1418690Z  * [new tag]           v6.0.9                  -> v6.0.9
2026-10-07T12:04:52.1419762Z  * [new tag]           v6.1.0                  -> v6.1.0
2026-10-07T12:04:52.1420848Z  * [new tag]           v6.1.1                  -> v6.1.1
2026-10-07T12:04:52.1421903Z  * [new tag]           v6.1.2                  -> v6.1.2
2026-10-07T12:04:52.1422967Z  * [new tag]           v6.2.0                  -> v6.2.0
2026-10-07T12:04:52.1424015Z  * [new tag]           v6.2.1                  -> v6.2.1
2026-10-07T12:04:52.1425159Z  * [new tag]           v6.2.10                 -> v6.2.10
2026-10-07T12:04:52.1426219Z  * [new tag]           v6.2.11                 -> v6.2.11
2026-10-07T12:04:52.1427281Z  * [new tag]           v6.2.12                 -> v6.2.12
2026-10-07T12:04:52.1428338Z  * [new tag]           v6.2.13                 -> v6.2.13
2026-10-07T12:04:52.1429405Z  * [new tag]           v6.2.14                 -> v6.2.14
2026-10-07T12:04:52.1430466Z  * [new tag]           v6.2.15                 -> v6.2.15
2026-10-07T12:04:52.1431527Z  * [new tag]           v6.2.16                 -> v6.2.16
2026-10-07T12:04:52.1432579Z  * [new tag]           v6.2.17                 -> v6.2.17
2026-10-07T12:04:52.1433625Z  * [new tag]           v6.2.2                  -> v6.2.2
2026-10-07T12:04:52.1434751Z  * [new tag]           v6.2.3                  -> v6.2.3
2026-10-07T12:04:52.1435930Z  * [new tag]           v6.2.4                  -> v6.2.4
2026-10-07T12:04:52.1436985Z  * [new tag]           v6.2.5                  -> v6.2.5
2026-10-07T12:04:52.1438035Z  * [new tag]           v6.2.6                  -> v6.2.6
2026-10-07T12:04:52.1439096Z  * [new tag]           v6.2.7                  -> v6.2.7
2026-10-07T12:04:52.1440154Z  * [new tag]           v6.2.8                  -> v6.2.8
2026-10-07T12:04:52.1441208Z  * [new tag]           v6.2.9                  -> v6.2.9
2026-10-07T12:04:52.1442254Z  * [new tag]           v6.3.0                  -> v6.3.0
2026-10-07T12:04:52.1443306Z  * [new tag]           v6.3.1                  -> v6.3.1
2026-10-07T12:04:52.1444372Z  * [new tag]           v6.3.10                 -> v6.3.10
2026-10-07T12:04:52.1445533Z  * [new tag]           v6.3.11                 -> v6.3.11
2026-10-07T12:04:52.1446589Z  * [new tag]           v6.3.12                 -> v6.3.12
2026-10-07T12:04:52.1447635Z  * [new tag]           v6.3.13                 -> v6.3.13
2026-10-07T12:04:52.1448707Z  * [new tag]           v6.3.14                 -> v6.3.14
2026-10-07T12:04:52.1449772Z  * [new tag]           v6.3.15                 -> v6.3.15
2026-10-07T12:04:52.1450837Z  * [new tag]           v6.3.16                 -> v6.3.16
2026-10-07T12:04:52.1451904Z  * [new tag]           v6.3.17                 -> v6.3.17
2026-10-07T12:04:52.1452957Z  * [new tag]           v6.3.18                 -> v6.3.18
2026-10-07T12:04:52.1454004Z  * [new tag]           v6.3.19                 -> v6.3.19
2026-10-07T12:04:52.1455269Z  * [new tag]           v6.3.2                  -> v6.3.2
2026-10-07T12:04:52.1456327Z  * [new tag]           v6.3.20                 -> v6.3.20
2026-10-07T12:04:52.1457502Z  * [new tag]           v6.3.3                  -> v6.3.3
2026-10-07T12:04:52.1458548Z  * [new tag]           v6.3.4                  -> v6.3.4
2026-10-07T12:04:52.1459598Z  * [new tag]           v6.3.5                  -> v6.3.5
2026-10-07T12:04:52.1460652Z  * [new tag]           v6.3.6                  -> v6.3.6
2026-10-07T12:04:52.1462233Z  * [new tag]           v6.3.7                  -> v6.3.7
2026-10-07T12:04:52.1463796Z  * [new tag]           v6.3.8                  -> v6.3.8
2026-10-07T12:04:52.1465590Z  * [new tag]           v6.3.9                  -> v6.3.9
2026-10-07T12:04:52.1466800Z  * [new tag]           v6.4.0                  -> v6.4.0
2026-10-07T12:04:52.1468268Z  * [new tag]           v6.4.1                  -> v6.4.1
2026-10-07T12:04:52.1469951Z  * [new tag]           v6.4.2                  -> v6.4.2
2026-10-07T12:04:52.1471700Z  * [new tag]           v6.4.3                  -> v6.4.3
2026-10-07T12:04:52.1473339Z  * [new tag]           v6.4.4                  -> v6.4.4
2026-10-07T12:04:52.1475414Z  * [new tag]           v6.5.0                  -> v6.5.0
2026-10-07T12:04:52.1476474Z  * [new tag]           v6.5.1                  -> v6.5.1
2026-10-07T12:04:52.1477535Z  * [new tag]           v6.6.0                  -> v6.6.0
2026-10-07T12:04:52.1478592Z  * [new tag]           v6.6.1                  -> v6.6.1
2026-10-07T12:04:52.1479658Z  * [new tag]           v6.6.10                 -> v6.6.10
2026-10-07T12:04:52.1480716Z  * [new tag]           v6.6.11                 -> v6.6.11
2026-10-07T12:04:52.1481750Z  * [new tag]           v6.6.12                 -> v6.6.12
2026-10-07T12:04:52.1482805Z  * [new tag]           v6.6.2                  -> v6.6.2
2026-10-07T12:04:52.1483833Z  * [new tag]           v6.6.3                  -> v6.6.3
2026-10-07T12:04:52.1484963Z  * [new tag]           v6.6.4                  -> v6.6.4
2026-10-07T12:04:52.1486001Z  * [new tag]           v6.6.5                  -> v6.6.5
2026-10-07T12:04:52.1487031Z  * [new tag]           v6.6.6                  -> v6.6.6
2026-10-07T12:04:52.1488083Z  * [new tag]           v6.6.7                  -> v6.6.7
2026-10-07T12:04:52.1489113Z  * [new tag]           v6.6.8                  -> v6.6.8
2026-10-07T12:04:52.1490140Z  * [new tag]           v6.6.9                  -> v6.6.9
2026-10-07T12:04:52.1491295Z  * [new tag]           v6.7.0                  -> v6.7.0
2026-10-07T12:04:52.1492341Z  * [new tag]           v6.7.1                  -> v6.7.1
2026-10-07T12:04:52.1493372Z  * [new tag]           v6.7.10                 -> v6.7.10
2026-10-07T12:04:52.1494408Z  * [new tag]           v6.7.11                 -> v6.7.11
2026-10-07T12:04:52.1495672Z  * [new tag]           v6.7.12                 -> v6.7.12
2026-10-07T12:04:52.1496716Z  * [new tag]           v6.7.13                 -> v6.7.13
2026-10-07T12:04:52.1497759Z  * [new tag]           v6.7.14                 -> v6.7.14
2026-10-07T12:04:52.1498801Z  * [new tag]           v6.7.15                 -> v6.7.15
2026-10-07T12:04:52.1499847Z  * [new tag]           v6.7.16                 -> v6.7.16
2026-10-07T12:04:52.1500885Z  * [new tag]           v6.7.2                  -> v6.7.2
2026-10-07T12:04:52.1501924Z  * [new tag]           v6.7.3                  -> v6.7.3
2026-10-07T12:04:52.1502966Z  * [new tag]           v6.7.4                  -> v6.7.4
2026-10-07T12:04:52.1504007Z  * [new tag]           v6.7.5                  -> v6.7.5
2026-10-07T12:04:52.1505112Z  * [new tag]           v6.7.6                  -> v6.7.6
2026-10-07T12:04:52.1506144Z  * [new tag]           v6.7.7                  -> v6.7.7
2026-10-07T12:04:52.1507170Z  * [new tag]           v6.7.8                  -> v6.7.8
2026-10-07T12:04:52.1508201Z  * [new tag]           v6.7.9                  -> v6.7.9
2026-10-07T12:04:52.1509449Z  * [new ref]           9df29af919563a2b4b15a4fd94e15d280c75559e -> pull/2018/merge
2026-10-07T12:04:52.1512625Z ##[endgroup]
2026-10-07T12:04:52.1513733Z ##[group]Determining the checkout info
2026-10-07T12:04:52.1515072Z ##[endgroup]
2026-10-07T12:04:52.1515975Z [command]/usr/bin/git sparse-checkout disable
2026-10-07T12:04:52.1518220Z [command]/usr/bin/git config --local --unset-all extensions.worktreeConfig
2026-10-07T12:04:52.1520657Z ##[group]Checking out the ref
2026-10-07T12:04:52.1521800Z [command]/usr/bin/git checkout --progress --force refs/remotes/pull/2018/merge
2026-10-07T12:04:52.5136567Z Note: switching to 'refs/remotes/pull/2018/merge'.
2026-10-07T12:04:52.5138104Z 
2026-10-07T12:04:52.5138417Z You are in 'detached HEAD' state. You can look around, make experimental
2026-10-07T12:04:52.5139041Z changes and commit them, and you can discard any commits you make in this
2026-10-07T12:04:52.5139656Z state without impacting any branches by switching back to a branch.
2026-10-07T12:04:52.5140037Z 
2026-10-07T12:04:52.5140321Z If you want to create a new branch to retain commits you create, you may
2026-10-07T12:04:52.5140992Z do so (now or later) by using -c with the switch command. Example:
2026-10-07T12:04:52.5141347Z 
2026-10-07T12:04:52.5141542Z   git switch -c <new-branch-name>
2026-10-07T12:04:52.5141806Z 
2026-10-07T12:04:52.5141985Z Or undo this operation with:
2026-10-07T12:04:52.5142231Z 
2026-10-07T12:04:52.5142381Z   git switch -
2026-10-07T12:04:52.5142579Z 
2026-10-07T12:04:52.5142984Z Turn off this advice by setting config variable advice.detachedHead to false
2026-10-07T12:04:52.5143425Z 
2026-10-07T12:04:52.5143940Z HEAD is now at 9df29af9 Merge 7e197a6fd2af676203ee5ed30fc97f8214c2de87 into f060cb4cf8eabaad98ee7b04947c1edda6599c32
2026-10-07T12:04:52.5171263Z ##[endgroup]
2026-10-07T12:04:52.5219199Z [command]/usr/bin/git log -1 --format=%H
2026-10-07T12:04:52.5244786Z 9df29af919563a2b4b15a4fd94e15d280c75559e
2026-10-07T12:04:52.5463303Z ##[group]Run actions/setup-python@ece7cb06caefa5fff74198d8649806c4678c61a1
2026-10-07T12:04:52.5463688Z with:
2026-10-07T12:04:52.5463899Z   python-version: 3.13
2026-10-07T12:04:52.5464129Z   check-latest: false
2026-10-07T12:04:52.5466826Z   token: ***
2026-10-07T12:04:52.5467056Z   update-environment: true
2026-10-07T12:04:52.5467330Z   allow-prereleases: false
2026-10-07T12:04:52.5467582Z   freethreaded: false
2026-10-07T12:04:52.5467821Z env:
2026-10-07T12:04:52.5468030Z   DOCS_ONLY_FAST: false
2026-10-07T12:04:52.5468250Z ##[endgroup]
2026-10-07T12:04:52.6494038Z ##[group]Installed versions
2026-10-07T12:04:52.6748407Z Successfully set up CPython (3.13.16)
2026-10-07T12:04:52.6775813Z ##[endgroup]
2026-10-07T12:04:52.7009190Z ##[group]Run actions/setup-node@a0853c24544627f65ddf259abe73b1d18a591444
2026-10-07T12:04:52.7009782Z with:
2026-10-07T12:04:52.7010150Z   node-version: 22
2026-10-07T12:04:52.7010478Z   always-auth: false
2026-10-07T12:04:52.7010805Z   check-latest: false
2026-10-07T12:04:52.7015298Z   token: ***
2026-10-07T12:04:52.7015633Z   package-manager-cache: true
2026-10-07T12:04:52.7016009Z env:
2026-10-07T12:04:52.7016301Z   DOCS_ONLY_FAST: false
2026-10-07T12:04:52.7016718Z   pythonLocation: /opt/hostedtoolcache/Python/3.13.16/x64
2026-10-07T12:04:52.7017407Z   PKG_CONFIG_PATH: /opt/hostedtoolcache/Python/3.13.16/x64/lib/pkgconfig
2026-10-07T12:04:52.7018046Z   Python_ROOT_DIR: /opt/hostedtoolcache/Python/3.13.16/x64
2026-10-07T12:04:52.7018585Z   Python2_ROOT_DIR: /opt/hostedtoolcache/Python/3.13.16/x64
2026-10-07T12:04:52.7019130Z   Python3_ROOT_DIR: /opt/hostedtoolcache/Python/3.13.16/x64
2026-10-07T12:04:52.7019735Z   LD_LIBRARY_PATH: /opt/hostedtoolcache/Python/3.13.16/x64/lib
2026-10-07T12:04:52.7020391Z ##[endgroup]
2026-10-07T12:04:52.8402800Z Found in cache @ /opt/hostedtoolcache/node/22.23.3/x64
2026-10-07T12:04:52.8407331Z (node:2089) [DEP0040] DeprecationWarning: The `punycode` module is deprecated. Please use a userland alternative instead.
2026-10-07T12:04:52.8408213Z (Use `node --trace-deprecation ...` to show where the warning was created)
2026-10-07T12:04:52.8410180Z ##[group]Environment details
2026-10-07T12:04:53.2246212Z node: v22.23.3
2026-10-07T12:04:53.2247111Z npm: 10.9.9
2026-10-07T12:04:53.2247657Z yarn: 1.22.22
2026-10-07T12:04:53.2248514Z ##[endgroup]
2026-10-07T12:04:53.2375582Z ##[group]Run pip install --require-hashes --build-constraint tests/requirements-build.txt -r tests/requirements-ci.txt
2026-10-07T12:04:53.2376348Z [36;1mpip install --require-hashes --build-constraint tests/requirements-build.txt -r tests/requirements-ci.txt[0m
2026-10-07T12:04:53.2723015Z shell: /usr/bin/bash -e {0}
2026-10-07T12:04:53.2723250Z env:
2026-10-07T12:04:53.2723429Z   DOCS_ONLY_FAST: false
2026-10-07T12:04:53.2723684Z   pythonLocation: /opt/hostedtoolcache/Python/3.13.16/x64
2026-10-07T12:04:53.2724041Z   PKG_CONFIG_PATH: /opt/hostedtoolcache/Python/3.13.16/x64/lib/pkgconfig
2026-10-07T12:04:53.2724377Z   Python_ROOT_DIR: /opt/hostedtoolcache/Python/3.13.16/x64
2026-10-07T12:04:53.2724928Z   Python2_ROOT_DIR: /opt/hostedtoolcache/Python/3.13.16/x64
2026-10-07T12:04:53.2725238Z   Python3_ROOT_DIR: /opt/hostedtoolcache/Python/3.13.16/x64
2026-10-07T12:04:53.2725542Z   LD_LIBRARY_PATH: /opt/hostedtoolcache/Python/3.13.16/x64/lib
2026-10-07T12:04:53.2725849Z ##[endgroup]
2026-10-07T12:04:54.6018017Z Collecting aiohappyeyeballs==2.7.1 (from -r tests/requirements-ci.txt (line 27))
2026-10-07T12:04:54.6663392Z   Downloading aiohappyeyeballs-2.7.1-py3-none-any.whl (15 kB)
2026-10-07T12:04:55.0350874Z Collecting aiohttp==3.14.3 (from -r tests/requirements-ci.txt (line 30))
2026-10-07T12:04:55.0451092Z   Downloading aiohttp-3.14.3-cp313-cp313-manylinux2014_x86_64.manylinux_2_17_x86_64.manylinux_2_28_x86_64.whl (1.8 MB)
2026-10-07T12:04:55.2658292Z      ━━━━━━━━━━━━━━━━━━━━━━━━━━━━━━━━━━━━━━━━ 1.8/1.8 MB 8.2 MB/s  0:00:00
2026-10-07T12:04:55.2757898Z Collecting aiosignal==1.4.0 (from -r tests/requirements-ci.txt (line 150))
2026-10-07T12:04:55.2853294Z   Downloading aiosignal-1.4.0-py3-none-any.whl (7.5 kB)
2026-10-07T12:04:55.3288884Z Collecting attrs==26.1.0 (from -r tests/requirements-ci.txt (line 153))
2026-10-07T12:04:55.3384529Z   Downloading attrs-26.1.0-py3-none-any.whl (67 kB)
2026-10-07T12:04:55.3827161Z Collecting frozenlist==1.8.0 (from -r tests/requirements-ci.txt (line 156))
2026-10-07T12:04:55.3923874Z   Downloading frozenlist-1.8.0-cp313-cp313-manylinux1_x86_64.manylinux_2_28_x86_64.manylinux_2_5_x86_64.whl (234 kB)
2026-10-07T12:04:55.4403711Z Collecting idna==3.20 (from -r tests/requirements-ci.txt (line 287))
2026-10-07T12:04:55.4504862Z   Downloading idna-3.20-py3-none-any.whl (69 kB)
2026-10-07T12:04:55.6728461Z Collecting multidict==6.9.1 (from -r tests/requirements-ci.txt (line 290))
2026-10-07T12:04:55.6827201Z   Downloading multidict-6.9.1-cp313-cp313-manylinux2014_x86_64.manylinux_2_17_x86_64.manylinux_2_28_x86_64.whl (336 kB)
2026-10-07T12:04:55.8351728Z Collecting numpy==2.4.6 (from -r tests/requirements-ci.txt (line 462))
2026-10-07T12:04:55.8450347Z   Downloading numpy-2.4.6-cp313-cp313-manylinux_2_27_x86_64.manylinux_2_28_x86_64.whl (16.6 MB)
2026-10-07T12:04:56.2240984Z      ━━━━━━━━━━━━━━━━━━━━━━━━━━━━━━━━━━━━━━━━ 16.6/16.6 MB 44.7 MB/s  0:00:00
2026-10-07T12:04:56.2982544Z Collecting propcache==0.5.4 (from -r tests/requirements-ci.txt (line 535))
2026-10-07T12:04:56.3082063Z   Downloading propcache-0.5.4-cp313-cp313-manylinux2014_x86_64.manylinux_2_17_x86_64.manylinux_2_28_x86_64.whl (234 kB)
2026-10-07T12:04:56.3352327Z Collecting pyyaml==6.0.1 (from -r tests/requirements-ci.txt (line 674))
2026-10-07T12:04:56.3449474Z   Downloading PyYAML-6.0.1.tar.gz (125 kB)
2026-10-07T12:04:56.4398920Z   Installing build dependencies: started
2026-10-07T12:04:57.4253518Z   Installing build dependencies: finished with status 'done'
2026-10-07T12:04:57.4258761Z   Getting requirements to build wheel: started
2026-10-07T12:04:59.1449552Z   Getting requirements to build wheel: finished with status 'done'
2026-10-07T12:04:59.1458305Z   Preparing metadata (pyproject.toml): started
2026-10-07T12:04:59.3542093Z   Preparing metadata (pyproject.toml): finished with status 'done'
2026-10-07T12:04:59.4443838Z Collecting scipy==1.17.1 (from -r tests/requirements-ci.txt (line 726))
2026-10-07T12:04:59.4546895Z   Downloading scipy-1.17.1-cp313-cp313-manylinux_2_27_x86_64.manylinux_2_28_x86_64.whl (35.2 MB)
2026-10-07T12:04:59.8165614Z      ━━━━━━━━━━━━━━━━━━━━━━━━━━━━━━━━━━━━━━━━ 35.2/35.2 MB 97.2 MB/s  0:00:00
2026-10-07T12:04:59.8584098Z Collecting threadpoolctl==3.6.0 (from -r tests/requirements-ci.txt (line 788))
2026-10-07T12:04:59.8680819Z   Downloading threadpoolctl-3.6.0-py3-none-any.whl (18 kB)
2026-10-07T12:04:59.8788898Z Collecting voluptuous==0.16.0 (from -r tests/requirements-ci.txt (line 791))
2026-10-07T12:04:59.8884312Z   Downloading voluptuous-0.16.0-py3-none-any.whl (31 kB)
2026-10-07T12:05:00.0849992Z Collecting yarl==1.25.1 (from -r tests/requirements-ci.txt (line 794))
2026-10-07T12:05:00.0952042Z   Downloading yarl-1.25.1-cp313-cp313-manylinux2014_x86_64.manylinux_2_17_x86_64.manylinux_2_28_x86_64.whl (117 kB)
2026-10-07T12:05:00.1751621Z Building wheels for collected packages: pyyaml
2026-10-07T12:05:00.1758309Z   Building wheel for pyyaml (pyproject.toml): started
2026-10-07T12:05:01.2758265Z   Building wheel for pyyaml (pyproject.toml): finished with status 'done'
2026-10-07T12:05:01.2762762Z   Created wheel for pyyaml: filename=pyyaml-6.0.1-cp313-cp313-linux_x86_64.whl size=45459 sha256=de6754d8309080d4f767d291200369ef50abe23cd589995030082b1166bf3881
2026-10-07T12:05:01.2763965Z   Stored in directory: /home/runner/.cache/pip/wheels/9c/9e/34/1e1548811b63a9d001469f21797e8b7d5c216d8eb928e7d6ad
2026-10-07T12:05:01.2779391Z Successfully built pyyaml
2026-10-07T12:05:01.3240690Z Installing collected packages: voluptuous, threadpoolctl, pyyaml, propcache, numpy, multidict, idna, frozenlist, attrs, aiohappyeyeballs, yarl, scipy, aiosignal, aiohttp
2026-10-07T12:05:07.0045721Z 
2026-10-07T12:05:07.0063189Z Successfully installed aiohappyeyeballs-2.7.1 aiohttp-3.14.3 aiosignal-1.4.0 attrs-26.1.0 frozenlist-1.8.0 idna-3.20 multidict-6.9.1 numpy-2.4.6 propcache-0.5.4 pyyaml-6.0.1 scipy-1.17.1 threadpoolctl-3.6.0 voluptuous-0.16.0 yarl-1.25.1
2026-10-07T12:05:07.2505882Z ##[group]Run sudo apt-get update && sudo apt-get install -y strace
2026-10-07T12:05:07.2506269Z [36;1msudo apt-get update && sudo apt-get install -y strace[0m
2026-10-07T12:05:07.2566248Z shell: /usr/bin/bash -e {0}
2026-10-07T12:05:07.2566467Z env:
2026-10-07T12:05:07.2566641Z   DOCS_ONLY_FAST: false
2026-10-07T12:05:07.2566887Z   pythonLocation: /opt/hostedtoolcache/Python/3.13.16/x64
2026-10-07T12:05:07.2567233Z   PKG_CONFIG_PATH: /opt/hostedtoolcache/Python/3.13.16/x64/lib/pkgconfig
2026-10-07T12:05:07.2567562Z   Python_ROOT_DIR: /opt/hostedtoolcache/Python/3.13.16/x64
2026-10-07T12:05:07.2567862Z   Python2_ROOT_DIR: /opt/hostedtoolcache/Python/3.13.16/x64
2026-10-07T12:05:07.2568161Z   Python3_ROOT_DIR: /opt/hostedtoolcache/Python/3.13.16/x64
2026-10-07T12:05:07.2568456Z   LD_LIBRARY_PATH: /opt/hostedtoolcache/Python/3.13.16/x64/lib
2026-10-07T12:05:07.2568713Z ##[endgroup]
2026-10-07T12:05:07.3343510Z Get:1 file:/etc/apt/apt-mirrors.txt Mirrorlist [144 B]
2026-10-07T12:05:07.3611767Z Get:6 https://packages.microsoft.com/ubuntu/24.04/prod noble InRelease [3600 B]
2026-10-07T12:05:07.4029939Z Hit:2 http://azure.archive.ubuntu.com/ubuntu noble InRelease
2026-10-07T12:05:07.4039006Z Get:3 http://azure.archive.ubuntu.com/ubuntu noble-updates InRelease [126 kB]
2026-10-07T12:05:07.4071920Z Get:4 http://azure.archive.ubuntu.com/ubuntu noble-backports InRelease [126 kB]
2026-10-07T12:05:07.4092638Z Get:5 http://azure.archive.ubuntu.com/ubuntu noble-security InRelease [126 kB]
2026-10-07T12:05:07.4309613Z Get:7 https://packages.microsoft.com/ubuntu/24.04/prod noble/main amd64 Packages [519 kB]
2026-10-07T12:05:07.4526162Z Get:8 https://packages.microsoft.com/ubuntu/24.04/prod noble/main arm64 Packages [463 kB]
2026-10-07T12:05:07.5461431Z Get:9 http://azure.archive.ubuntu.com/ubuntu noble-updates/main amd64 Packages [1375 kB]
2026-10-07T12:05:07.5589796Z Get:10 http://azure.archive.ubuntu.com/ubuntu noble-updates/main Translation-en [306 kB]
2026-10-07T12:05:07.5620162Z Get:11 http://azure.archive.ubuntu.com/ubuntu noble-updates/universe amd64 Packages [1702 kB]
2026-10-07T12:05:07.5776303Z Get:12 http://azure.archive.ubuntu.com/ubuntu noble-updates/universe Translation-en [341 kB]
2026-10-07T12:05:07.5777761Z Get:13 http://azure.archive.ubuntu.com/ubuntu noble-updates/restricted amd64 Packages [1730 kB]
2026-10-07T12:05:07.5876551Z Get:14 http://azure.archive.ubuntu.com/ubuntu noble-updates/restricted Translation-en [396 kB]
2026-10-07T12:05:07.5896002Z Get:15 http://azure.archive.ubuntu.com/ubuntu noble-updates/multiverse Translation-en [13.3 kB]
2026-10-07T12:05:07.6619590Z Get:16 http://azure.archive.ubuntu.com/ubuntu noble-security/main amd64 Packages [1073 kB]
2026-10-07T12:05:07.6672165Z Get:17 http://azure.archive.ubuntu.com/ubuntu noble-security/main Translation-en [223 kB]
2026-10-07T12:05:07.6688031Z Get:18 http://azure.archive.ubuntu.com/ubuntu noble-security/universe amd64 Packages [1218 kB]
2026-10-07T12:05:07.7178360Z Get:19 http://azure.archive.ubuntu.com/ubuntu noble-security/universe Translation-en [245 kB]
2026-10-07T12:05:07.7192849Z Get:20 http://azure.archive.ubuntu.com/ubuntu noble-security/multiverse Translation-en [11.6 kB]
2026-10-07T12:05:14.5932243Z Fetched 9997 kB in 1s (11.0 MB/s)
2026-10-07T12:05:15.2678110Z Reading package lists...
2026-10-07T12:05:15.2939683Z Reading package lists...
2026-10-07T12:05:15.5102439Z Building dependency tree...
2026-10-07T12:05:15.5108612Z Reading state information...
2026-10-07T12:05:15.7422157Z strace is already the newest version (6.8-0ubuntu2).
2026-10-07T12:05:15.7422702Z strace set to manually installed.
2026-10-07T12:05:15.7423179Z 0 upgraded, 0 newly installed, 0 to remove and 10 not upgraded.
2026-10-07T12:05:15.7482013Z ##[group]Run REF=$(git rev-parse --verify --quiet 'HEAD^1^{commit}') || REF=HEAD
2026-10-07T12:05:15.7482481Z [36;1mREF=$(git rev-parse --verify --quiet 'HEAD^1^{commit}') || REF=HEAD[0m
2026-10-07T12:05:15.7482868Z [36;1m# --record-only, on both paths: merging here would overwrite the[0m
2026-10-07T12:05:15.7483249Z [36;1m# committed tests/closures.json with what this run just measured, and[0m
2026-10-07T12:05:15.7483612Z [36;1m# the check below would then compare the file against itself.[0m
2026-10-07T12:05:15.7483928Z [36;1mif [ "$SCOPE_CASE" = "scoped" ]; then[0m
2026-10-07T12:05:15.7484219Z [36;1m  printf '%s\n' "$SCOPE_SCRIPTS" > "$RUNNER_TEMP/rederive.txt"[0m
2026-10-07T12:05:15.7484569Z [36;1m  echo "Scoped re-derive; every other closure is left as committed:"[0m
2026-10-07T12:05:15.7485130Z [36;1m  cat "$RUNNER_TEMP/rederive.txt"[0m
2026-10-07T12:05:15.7485369Z [36;1m  while read -r s; do[0m
2026-10-07T12:05:15.7485599Z [36;1m    [ -n "$s" ] || continue[0m
2026-10-07T12:05:15.7485857Z [36;1m    GOLDEN_REF="$REF" ./tests/derive_closures.sh \[0m
2026-10-07T12:05:15.7486181Z [36;1m      --single "$s" --out-dir "$RUNNER_TEMP/closures" --record-only[0m
2026-10-07T12:05:15.7486484Z [36;1m  done < "$RUNNER_TEMP/rederive.txt"[0m
2026-10-07T12:05:15.7486699Z [36;1melse[0m
2026-10-07T12:05:15.7486899Z [36;1m  GOLDEN_REF="$REF" ./tests/derive_closures.sh \[0m
2026-10-07T12:05:15.7487185Z [36;1m    --out-dir "$RUNNER_TEMP/closures" --record-only[0m
2026-10-07T12:05:15.7487440Z [36;1mfi[0m
2026-10-07T12:05:15.7543463Z shell: /usr/bin/bash -e {0}
2026-10-07T12:05:15.7543769Z env:
2026-10-07T12:05:15.7543936Z   DOCS_ONLY_FAST: false
2026-10-07T12:05:15.7544179Z   pythonLocation: /opt/hostedtoolcache/Python/3.13.16/x64
2026-10-07T12:05:15.7544518Z   PKG_CONFIG_PATH: /opt/hostedtoolcache/Python/3.13.16/x64/lib/pkgconfig
2026-10-07T12:05:15.7545011Z   Python_ROOT_DIR: /opt/hostedtoolcache/Python/3.13.16/x64
2026-10-07T12:05:15.7545321Z   Python2_ROOT_DIR: /opt/hostedtoolcache/Python/3.13.16/x64
2026-10-07T12:05:15.7545621Z   Python3_ROOT_DIR: /opt/hostedtoolcache/Python/3.13.16/x64
2026-10-07T12:05:15.7545921Z   LD_LIBRARY_PATH: /opt/hostedtoolcache/Python/3.13.16/x64/lib
2026-10-07T12:05:15.7546176Z   OMP_NUM_THREADS: 1
2026-10-07T12:05:15.7546359Z   OPENBLAS_NUM_THREADS: 1
2026-10-07T12:05:15.7546544Z   MKL_NUM_THREADS: 1
2026-10-07T12:05:15.7546716Z   SCOPE_CASE: full
2026-10-07T12:05:15.7546885Z   SCOPE_SCRIPTS: 
2026-10-07T12:05:15.7547259Z ##[endgroup]
2026-10-07T12:05:15.7699189Z   [12:05:15] record tests/stress.py 
2026-10-07T12:05:15.7705616Z   [12:05:15] record tests/features.py 
2026-10-07T12:05:15.7706491Z   [12:05:15] record tests/doc_claims.py 
2026-10-07T12:05:24.9045859Z   [12:05:24] done   tests/doc_claims.py (exit 0)
2026-10-07T12:05:24.9058810Z   [12:05:24] record tests/md_tables.mjs 
2026-10-07T12:05:25.1730728Z   [12:05:25] done   tests/md_tables.mjs (exit 0)
2026-10-07T12:05:25.1744570Z   [12:05:25] record tests/wood_advisor.py 
2026-10-07T12:05:26.8428180Z   [12:05:26] done   tests/wood_advisor.py (exit 0)
2026-10-07T12:05:26.8442093Z   [12:05:26] record tests/config_flow_steps.py 
2026-10-07T12:05:55.1363566Z   [12:05:55] done   tests/config_flow_steps.py (exit 0)
2026-10-07T12:05:55.1375457Z   [12:05:55] record tests/structure.py 
2026-10-07T12:06:04.5100008Z   [12:06:04] done   tests/structure.py (exit 0)
2026-10-07T12:06:04.5113528Z   [12:06:04] record tests/arch_score.py --smoke
2026-10-07T12:10:43.5758634Z   [12:10:43] done   tests/arch_score.py (exit 0)
2026-10-07T12:10:43.5775377Z   [12:10:43] record tests/arch_score_head.py 
2026-10-07T12:11:20.7279842Z   [12:11:20] done   tests/arch_score_head.py (exit 0)
2026-10-07T12:11:20.7291306Z   [12:11:20] record tests/typing_ruler.py 
2026-10-07T12:11:21.4417933Z   [12:11:21] done   tests/typing_ruler.py (exit 0)
2026-10-07T12:11:21.4432380Z   [12:11:21] record tests/edge.py 
2026-10-07T12:12:03.3589295Z   [12:12:03] done   tests/edge.py (exit 0)
2026-10-07T12:12:03.3605590Z   [12:12:03] record tests/validate.py 
2026-10-07T12:12:41.3349785Z   [12:12:41] done   tests/validate.py (exit 0)
2026-10-07T12:12:41.3365359Z   [12:12:41] record tests/backtest.py 
2026-10-07T12:14:28.2963549Z   [12:14:28] done   tests/features.py (exit 0)
2026-10-07T12:14:28.2981247Z   [12:14:28] record tests/entities.py 
2026-10-07T12:14:31.5218723Z   [12:14:31] done   tests/backtest.py (exit 0)
2026-10-07T12:14:31.5231985Z   [12:14:31] record tests/boost_drift_replay.py 
2026-10-07T12:15:35.2144789Z   [12:15:35] done   tests/stress.py (exit 0)
2026-10-07T12:18:49.5941343Z   [12:18:49] done   tests/entities.py (exit 0)
2026-10-07T12:27:39.8183669Z   [12:27:39] done   tests/boost_drift_replay.py (exit 0)
2026-10-07T12:27:39.8193714Z   [12:27:39] record tests/ha_contract.py 
2026-10-07T12:27:40.3433659Z   [12:27:40] done   tests/ha_contract.py (exit 0)
2026-10-07T12:27:40.3443529Z   [12:27:40] record tests/manual_plan.py 
2026-10-07T12:27:47.5987162Z   [12:27:47] done   tests/manual_plan.py (exit 0)
2026-10-07T12:27:47.5996710Z   [12:27:47] record tests/open_meteo.py 
2026-10-07T12:27:48.1189331Z   [12:27:48] done   tests/open_meteo.py (exit 0)
2026-10-07T12:27:48.1199793Z   [12:27:48] record tests/solar_alignment.py 
2026-10-07T12:27:49.4952823Z   [12:27:49] done   tests/solar_alignment.py (exit 0)
2026-10-07T12:27:49.4962931Z   [12:27:49] record tests/guard_pins.py 
2026-10-07T12:27:50.8186225Z   [12:27:50] done   tests/guard_pins.py (exit 0)
2026-10-07T12:27:50.8196491Z   [12:27:50] record tests/finite_boundary.py 
2026-10-07T12:28:53.5016406Z   [12:28:53] done   tests/finite_boundary.py (exit 0)
2026-10-07T12:28:53.5026727Z   [12:28:53] record tests/harness_headers.py 
2026-10-07T12:31:44.2861495Z   [12:31:44] done   tests/harness_headers.py (exit 0)
2026-10-07T12:31:44.2872058Z   [12:31:44] record tests/layout.py 
2026-10-07T12:31:53.9551103Z   [12:31:53] done   tests/layout.py (exit 0)
2026-10-07T12:31:53.9561218Z   [12:31:53] record tests/deployment_shape.py 
2026-10-07T12:31:57.1293256Z   [12:31:57] done   tests/deployment_shape.py (exit 0)
2026-10-07T12:31:57.1304775Z   [12:31:57] record tests/optimality.py 
2026-10-07T12:34:10.6683269Z   [12:34:10] done   tests/optimality.py (exit 0)
2026-10-07T12:34:10.6694391Z   [12:34:10] record tests/dst_checks.py 
2026-10-07T12:35:21.8428244Z   [12:35:21] done   tests/dst_checks.py (exit 0)
2026-10-07T12:35:21.8440388Z   [12:35:21] record tests/golden.py --only __no_such_scenario__
2026-10-07T12:35:22.9298149Z   [12:35:22] done   tests/golden.py (exit 0)
2026-10-07T12:35:22.9309291Z   [12:35:22] record tests/env_drift.py --cache-key f060cb4cf8eabaad98ee7b04947c1edda6599c32 --all
2026-10-07T12:35:24.0252541Z   [12:35:24] done   tests/env_drift.py (exit 0)
2026-10-07T12:35:24.0262669Z   [12:35:24] record tests/plan_view.py 
2026-10-07T12:35:25.6783829Z   [12:35:25] done   tests/plan_view.py (exit 0)
2026-10-07T12:35:25.6794040Z   [12:35:25] record tests/frontend.py 
2026-10-07T12:35:25.9924902Z   [12:35:25] done   tests/frontend.py (exit 0)
2026-10-07T12:35:25.9935275Z   [12:35:25] record tests/card.mjs 
2026-10-07T12:35:41.5379953Z   [12:35:41] done   tests/card.mjs (exit 0)
2026-10-07T12:35:41.5390346Z   [12:35:41] record tests/card_drift.mjs 
2026-10-07T12:35:45.7985816Z   [12:35:45] done   tests/card_drift.mjs (exit 0)
2026-10-07T12:35:45.7986844Z 
2026-10-07T12:35:45.7987481Z recorded into /home/runner/work/_temp/closures; tests/closures.json left untouched (--record-only)
2026-10-07T12:35:45.8027110Z ##[group]Run # --partial drops one check and one only: "a selectable script with
2026-10-07T12:35:45.8027594Z [36;1m# --partial drops one check and one only: "a selectable script with[0m
2026-10-07T12:35:45.8027942Z [36;1m# no recording at all", which a scoped re-derive fails by[0m
2026-10-07T12:35:45.8028296Z [36;1m# construction. The under-approximation comparison -- the thing this[0m
2026-10-07T12:35:45.8028661Z [36;1m# job exists for -- is identical on both paths. The output goes to[0m
2026-10-07T12:35:45.8029007Z [36;1m# check.txt in the uploaded recordings: closures-autofix runs the[0m
2026-10-07T12:35:45.8029365Z [36;1m# base's closure.py, and reddens where this one printed UNDER-SCOPED[0m
2026-10-07T12:35:45.8029658Z [36;1m# and that one did not (#1846).[0m
2026-10-07T12:35:45.8029880Z [36;1mset -o pipefail[0m
2026-10-07T12:35:45.8030093Z [36;1mif [ "$SCOPE_CASE" = "scoped" ]; then[0m
2026-10-07T12:35:45.8030609Z [36;1m  python -u tests/closure.py check --in-dir "$RUNNER_TEMP/closures" --partial 2>&1 | tee "$RUNNER_TEMP/closures/check.txt"[0m
2026-10-07T12:35:45.8031050Z [36;1melse[0m
2026-10-07T12:35:45.8031407Z [36;1m  python -u tests/closure.py check --in-dir "$RUNNER_TEMP/closures" 2>&1 | tee "$RUNNER_TEMP/closures/check.txt"[0m
2026-10-07T12:35:45.8031806Z [36;1mfi[0m
2026-10-07T12:35:45.8089828Z shell: /usr/bin/bash -e {0}
2026-10-07T12:35:45.8103582Z env:
2026-10-07T12:35:45.8103799Z   DOCS_ONLY_FAST: false
2026-10-07T12:35:45.8104065Z   pythonLocation: /opt/hostedtoolcache/Python/3.13.16/x64
2026-10-07T12:35:45.8104420Z   PKG_CONFIG_PATH: /opt/hostedtoolcache/Python/3.13.16/x64/lib/pkgconfig
2026-10-07T12:35:45.8104961Z   Python_ROOT_DIR: /opt/hostedtoolcache/Python/3.13.16/x64
2026-10-07T12:35:45.8105274Z   Python2_ROOT_DIR: /opt/hostedtoolcache/Python/3.13.16/x64
2026-10-07T12:35:45.8105565Z   Python3_ROOT_DIR: /opt/hostedtoolcache/Python/3.13.16/x64
2026-10-07T12:35:45.8105853Z   LD_LIBRARY_PATH: /opt/hostedtoolcache/Python/3.13.16/x64/lib
2026-10-07T12:35:45.8106127Z   PYTHONPATH: tests/hastub
2026-10-07T12:35:45.8106317Z   SCOPE_CASE: full
2026-10-07T12:35:45.8106485Z ##[endgroup]
2026-10-07T12:35:45.9628310Z note: tests/card_drift.mjs lists 4 file(s) this run did not touch (safe: over-scoped)
2026-10-07T12:35:45.9629118Z note: tests/entities.py lists 1 file(s) this run did not touch (safe: over-scoped)
2026-10-07T12:35:45.9629689Z note: tests/env_drift.py lists 1 file(s) this run did not touch (safe: over-scoped)
2026-10-07T12:35:45.9630279Z note: tests/golden.py lists 1 file(s) this run did not touch (safe: over-scoped)
2026-10-07T12:35:45.9631068Z closure: committed closures cover every file this run touched
2026-10-07T12:35:45.9742263Z ##[group]Run python tests/closure.py no-copies
2026-10-07T12:35:45.9742573Z [36;1mpython tests/closure.py no-copies[0m
2026-10-07T12:35:45.9799425Z shell: /usr/bin/bash -e {0}
2026-10-07T12:35:45.9799666Z env:
2026-10-07T12:35:45.9799841Z   DOCS_ONLY_FAST: false
2026-10-07T12:35:45.9800082Z   pythonLocation: /opt/hostedtoolcache/Python/3.13.16/x64
2026-10-07T12:35:45.9800427Z   PKG_CONFIG_PATH: /opt/hostedtoolcache/Python/3.13.16/x64/lib/pkgconfig
2026-10-07T12:35:45.9800991Z   Python_ROOT_DIR: /opt/hostedtoolcache/Python/3.13.16/x64
2026-10-07T12:35:45.9801287Z   Python2_ROOT_DIR: /opt/hostedtoolcache/Python/3.13.16/x64
2026-10-07T12:35:45.9801585Z   Python3_ROOT_DIR: /opt/hostedtoolcache/Python/3.13.16/x64
2026-10-07T12:35:45.9801876Z   LD_LIBRARY_PATH: /opt/hostedtoolcache/Python/3.13.16/x64/lib
2026-10-07T12:35:45.9802136Z   PYTHONPATH: tests/hastub
2026-10-07T12:35:45.9802325Z ##[endgroup]
2026-10-07T12:35:48.2759808Z closure: no test file defines a symbol production also defines
2026-10-07T12:35:48.2973743Z ##[group]Run actions/upload-artifact@b7c566a772e6b6bfb58ed0dc250532a479d7789f
2026-10-07T12:35:48.2974075Z with:
2026-10-07T12:35:48.2974243Z   name: closure-recordings
2026-10-07T12:35:48.2974450Z   path: /home/runner/work/_temp/closures
2026-10-07T12:35:48.2974851Z   if-no-files-found: ignore
2026-10-07T12:35:48.2975040Z   retention-days: 3
2026-10-07T12:35:48.2975209Z   compression-level: 6
2026-10-07T12:35:48.2975398Z   overwrite: false
2026-10-07T12:35:48.2975569Z   include-hidden-files: false
2026-10-07T12:35:48.2975761Z env:
2026-10-07T12:35:48.2975921Z   DOCS_ONLY_FAST: false
2026-10-07T12:35:48.2976156Z   pythonLocation: /opt/hostedtoolcache/Python/3.13.16/x64
2026-10-07T12:35:48.2976486Z   PKG_CONFIG_PATH: /opt/hostedtoolcache/Python/3.13.16/x64/lib/pkgconfig
2026-10-07T12:35:48.2976811Z   Python_ROOT_DIR: /opt/hostedtoolcache/Python/3.13.16/x64
2026-10-07T12:35:48.2977101Z   Python2_ROOT_DIR: /opt/hostedtoolcache/Python/3.13.16/x64
2026-10-07T12:35:48.2977429Z   Python3_ROOT_DIR: /opt/hostedtoolcache/Python/3.13.16/x64
2026-10-07T12:35:48.2977726Z   LD_LIBRARY_PATH: /opt/hostedtoolcache/Python/3.13.16/x64/lib
2026-10-07T12:35:48.2977977Z ##[endgroup]
2026-10-07T12:35:48.4402824Z With the provided path, there will be 65 files uploaded
2026-10-07T12:35:48.4407546Z Artifact name is valid!
2026-10-07T12:35:48.4407946Z Root directory input is valid!
2026-10-07T12:35:48.7766097Z Beginning upload of artifact content to blob storage
2026-10-07T12:35:49.2455231Z Uploaded bytes 252907
2026-10-07T12:35:49.3015948Z Finished uploading artifact content to blob storage!
2026-10-07T12:35:49.3016943Z SHA256 digest of uploaded artifact zip is 19cd083a37f55d7418cd69a6980a0f6e5a1be4eae1123eaae7c7243a8d8b696e
2026-10-07T12:35:49.3017781Z Finalizing artifact upload
2026-10-07T12:35:49.6637986Z Artifact closure-recordings.zip successfully finalized. Artifact ID 11481923646
2026-10-07T12:35:49.6639059Z Artifact closure-recordings has been successfully uploaded! Final size is 252907 bytes. Artifact ID is 11481923646
2026-10-07T12:35:49.6642185Z Artifact download URL: https://github.com/tvofi/heatpump_optimizer/actions/runs/37618246348/artifacts/11481923646
2026-10-07T12:35:49.6803681Z Post job cleanup.
2026-10-07T12:35:49.7869765Z (node:9245) [DEP0040] DeprecationWarning: The `punycode` module is deprecated. Please use a userland alternative instead.
2026-10-07T12:35:49.7870428Z (Use `node --trace-deprecation ...` to show where the warning was created)
2026-10-07T12:35:49.8025336Z Post job cleanup.
2026-10-07T12:35:49.9302522Z Post job cleanup.
2026-10-07T12:35:50.0047932Z [command]/usr/bin/git version
2026-10-07T12:35:50.0086997Z git version 2.55.0
2026-10-07T12:35:50.0118119Z Temporarily overriding HOME='/home/runner/work/_temp/5727b030-67ee-4432-981e-b9a21ee672dd' before making global git config changes
2026-10-07T12:35:50.0119332Z Adding repository directory to the temporary git global config as a safe directory
2026-10-07T12:35:50.0123587Z [command]/usr/bin/git config --global --add safe.directory /home/runner/work/heatpump_optimizer/heatpump_optimizer
2026-10-07T12:35:50.0163993Z [command]/usr/bin/git config --local --name-only --get-regexp core\.sshCommand
2026-10-07T12:35:50.0211444Z [command]/usr/bin/git submodule foreach --recursive sh -c "git config --local --name-only --get-regexp 'core\.sshCommand' && git config --local --unset-all 'core.sshCommand' || :"
2026-10-07T12:35:50.0435917Z [command]/usr/bin/git config --local --name-only --get-regexp http\.https\:\/\/github\.com\/\.extraheader
2026-10-07T12:35:50.0461425Z http.https://github.com/.extraheader
2026-10-07T12:35:50.0475500Z [command]/usr/bin/git config --local --unset-all http.https://github.com/.extraheader
2026-10-07T12:35:50.0511217Z [command]/usr/bin/git submodule foreach --recursive sh -c "git config --local --name-only --get-regexp 'http\.https\:\/\/github\.com\/\.extraheader' && git config --local --unset-all 'http.https://github.com/.extraheader' || :"
2026-10-07T12:35:50.0744072Z [command]/usr/bin/git config --local --name-only --get-regexp ^includeIf\.gitdir:
2026-10-07T12:35:50.0784996Z [command]/usr/bin/git submodule foreach --recursive git config --local --show-origin --name-only --get-regexp remote.origin.url
2026-10-07T12:35:50.1133138Z Cleaning up orphan processes
