2026-10-07T16:09:27.8713136Z Current runner version: '2.337.0'
2026-10-07T16:09:27.8746799Z ##[group]Runner Image Provisioner
2026-10-07T16:09:27.8748214Z Hosted Compute Agent
2026-10-07T16:09:27.8749196Z Version: 20261002.596
2026-10-07T16:09:27.8750500Z Commit: c3d12f3313a95f25162a1503be624f3b0617f8c0
2026-10-07T16:09:27.8751670Z Build Date: 2026-10-02T22:28:27Z
2026-10-07T16:09:27.8752775Z Worker ID: {e440f05b-472b-4b55-8b96-df07be883c8b}
2026-10-07T16:09:27.8754158Z Region: eastus2
2026-10-07T16:09:27.8755134Z Cloud: Azure
2026-10-07T16:09:27.8756626Z ##[endgroup]
2026-10-07T16:09:27.8759479Z ##[group]Operating System
2026-10-07T16:09:27.8760557Z Ubuntu
2026-10-07T16:09:27.8761622Z 24.04.5
2026-10-07T16:09:27.8762516Z LTS
2026-10-07T16:09:27.8763606Z ##[endgroup]
2026-10-07T16:09:27.8764614Z ##[group]Runner Image
2026-10-07T16:09:27.8765661Z Image: ubuntu-24.04
2026-10-07T16:09:27.8767076Z Version: 20261004.327.1
2026-10-07T16:09:27.8769122Z Included Software: https://github.com/actions/runner-images/blob/ubuntu24/20261004.327/images/ubuntu/Ubuntu2404-Readme.md
2026-10-07T16:09:27.8772069Z Image Release: https://github.com/actions/runner-images/releases/tag/ubuntu24%2F20261004.327
2026-10-07T16:09:27.8773754Z ##[endgroup]
2026-10-07T16:09:27.8775704Z ##[group]GITHUB_TOKEN Permissions
2026-10-07T16:09:27.8779560Z Contents: read
2026-10-07T16:09:27.8780737Z Metadata: read
2026-10-07T16:09:27.8781744Z ##[endgroup]
2026-10-07T16:09:27.8785440Z Secret source: Actions
2026-10-07T16:09:27.8787349Z Cache mode: write
2026-10-07T16:09:27.8789285Z Prepare workflow directory
2026-10-07T16:09:27.9595212Z Prepare all required actions
2026-10-07T16:09:27.9669411Z Getting action download info
2026-10-07T16:09:28.1956986Z Download action repository 'actions/checkout@fbc6f3992d24b796d5a048ff273f7fcc4a7b6c09' (SHA:fbc6f3992d24b796d5a048ff273f7fcc4a7b6c09)
2026-10-07T16:09:28.2857032Z Download action repository 'actions/setup-python@ece7cb06caefa5fff74198d8649806c4678c61a1' (SHA:ece7cb06caefa5fff74198d8649806c4678c61a1)
2026-10-07T16:09:28.3754048Z Download action repository 'actions/setup-node@a0853c24544627f65ddf259abe73b1d18a591444' (SHA:a0853c24544627f65ddf259abe73b1d18a591444)
2026-10-07T16:09:28.5066733Z Download action repository 'actions/upload-artifact@b7c566a772e6b6bfb58ed0dc250532a479d7789f' (SHA:b7c566a772e6b6bfb58ed0dc250532a479d7789f)
2026-10-07T16:09:28.6987040Z Complete job name: closures
2026-10-07T16:09:28.7779457Z ##[group]Run actions/checkout@fbc6f3992d24b796d5a048ff273f7fcc4a7b6c09
2026-10-07T16:09:28.7780708Z with:
2026-10-07T16:09:28.7781277Z   fetch-depth: 0
2026-10-07T16:09:28.7781891Z   repository: tvofi/heatpump_optimizer
2026-10-07T16:09:28.7786311Z   token: ***
2026-10-07T16:09:28.7786881Z   ssh-strict: true
2026-10-07T16:09:28.7787452Z   ssh-user: git
2026-10-07T16:09:28.7788051Z   persist-credentials: true
2026-10-07T16:09:28.7788671Z   clean: true
2026-10-07T16:09:28.7789256Z   sparse-checkout-cone-mode: true
2026-10-07T16:09:28.7789908Z   fetch-tags: false
2026-10-07T16:09:28.7790492Z   show-progress: true
2026-10-07T16:09:28.7791088Z   lfs: false
2026-10-07T16:09:28.7791627Z   submodules: false
2026-10-07T16:09:28.7792212Z   set-safe-directory: true
2026-10-07T16:09:28.7792857Z   allow-unsafe-pr-checkout: false
2026-10-07T16:09:28.7793795Z env:
2026-10-07T16:09:28.7794369Z   DOCS_ONLY_FAST: false
2026-10-07T16:09:28.7794983Z ##[endgroup]
2026-10-07T16:09:28.9008960Z Syncing repository: tvofi/heatpump_optimizer
2026-10-07T16:09:28.9011628Z ##[group]Getting Git version info
2026-10-07T16:09:28.9012959Z Working directory is '/home/runner/work/heatpump_optimizer/heatpump_optimizer'
2026-10-07T16:09:28.9014732Z [command]/usr/bin/git version
2026-10-07T16:09:28.9015775Z git version 2.55.0
2026-10-07T16:09:28.9045766Z ##[endgroup]
2026-10-07T16:09:28.9077910Z Temporarily overriding HOME='/home/runner/work/_temp/4a56f934-9d02-470d-b08a-f330bd1d1a72' before making global git config changes
2026-10-07T16:09:28.9080490Z Adding repository directory to the temporary git global config as a safe directory
2026-10-07T16:09:28.9082655Z [command]/usr/bin/git config --global --add safe.directory /home/runner/work/heatpump_optimizer/heatpump_optimizer
2026-10-07T16:09:28.9159032Z Deleting the contents of '/home/runner/work/heatpump_optimizer/heatpump_optimizer'
2026-10-07T16:09:28.9165804Z ##[group]Initializing the repository
2026-10-07T16:09:28.9172821Z [command]/usr/bin/git init /home/runner/work/heatpump_optimizer/heatpump_optimizer
2026-10-07T16:09:28.9307046Z hint: Using 'master' as the name for the initial branch. This default branch name
2026-10-07T16:09:28.9308963Z hint: will change to "main" in Git 3.0. To configure the initial branch name
2026-10-07T16:09:28.9310684Z hint: to use in all of your new repositories, which will suppress this warning,
2026-10-07T16:09:28.9311513Z hint: call:
2026-10-07T16:09:28.9311949Z hint:
2026-10-07T16:09:28.9312514Z hint: 	git config --global init.defaultBranch <name>
2026-10-07T16:09:28.9313262Z hint:
2026-10-07T16:09:28.9314345Z hint: Names commonly chosen instead of 'master' are 'main', 'trunk' and
2026-10-07T16:09:28.9315637Z hint: 'development'. The just-created branch can be renamed via this command:
2026-10-07T16:09:28.9317048Z hint:
2026-10-07T16:09:28.9317544Z hint: 	git branch -m <name>
2026-10-07T16:09:28.9318088Z hint:
2026-10-07T16:09:28.9318742Z hint: Disable this message with "git config set advice.defaultBranchName false"
2026-10-07T16:09:28.9319922Z Initialized empty Git repository in /home/runner/work/heatpump_optimizer/heatpump_optimizer/.git/
2026-10-07T16:09:28.9326142Z [command]/usr/bin/git remote add origin https://github.com/tvofi/heatpump_optimizer
2026-10-07T16:09:28.9398533Z ##[endgroup]
2026-10-07T16:09:28.9399996Z ##[group]Disabling automatic garbage collection
2026-10-07T16:09:28.9401110Z [command]/usr/bin/git config --local gc.auto 0
2026-10-07T16:09:28.9475806Z ##[endgroup]
2026-10-07T16:09:28.9478202Z ##[group]Setting up auth
2026-10-07T16:09:28.9479703Z [command]/usr/bin/git config --local --name-only --get-regexp core\.sshCommand
2026-10-07T16:09:28.9507940Z [command]/usr/bin/git submodule foreach --recursive sh -c "git config --local --name-only --get-regexp 'core\.sshCommand' && git config --local --unset-all 'core.sshCommand' || :"
2026-10-07T16:09:28.9937930Z [command]/usr/bin/git config --local --name-only --get-regexp http\.https\:\/\/github\.com\/\.extraheader
2026-10-07T16:09:28.9980154Z [command]/usr/bin/git submodule foreach --recursive sh -c "git config --local --name-only --get-regexp 'http\.https\:\/\/github\.com\/\.extraheader' && git config --local --unset-all 'http.https://github.com/.extraheader' || :"
2026-10-07T16:09:29.0250275Z [command]/usr/bin/git config --local --name-only --get-regexp ^includeIf\.gitdir:
2026-10-07T16:09:29.0290793Z [command]/usr/bin/git submodule foreach --recursive git config --local --show-origin --name-only --get-regexp remote.origin.url
2026-10-07T16:09:29.0526843Z [command]/usr/bin/git config --local http.https://github.com/.extraheader AUTHORIZATION: basic ***
2026-10-07T16:09:29.0573846Z ##[endgroup]
2026-10-07T16:09:29.0575247Z ##[group]Fetching the repository
2026-10-07T16:09:29.0586130Z [command]/usr/bin/git -c protocol.version=2 fetch --prune --no-recurse-submodules origin +refs/heads/*:refs/remotes/origin/* +refs/tags/*:refs/tags/* +15a885399e9497b099361672d43ea707bc686bef:refs/remotes/pull/2026/merge
2026-10-07T16:09:36.4759802Z From https://github.com/tvofi/heatpump_optimizer
2026-10-07T16:09:36.4762241Z  * [new branch]        bus/approvals           -> origin/bus/approvals
2026-10-07T16:09:36.4764641Z  * [new branch]        cursor/r9-eg-entry-config-9aac -> origin/cursor/r9-eg-entry-config-9aac
2026-10-07T16:09:36.4766524Z  * [new branch]        cursor/r9-sw-1-resume-826f -> origin/cursor/r9-sw-1-resume-826f
2026-10-07T16:09:36.4768154Z  * [new branch]        cursor/r9-sw-2-actuation-6d19 -> origin/cursor/r9-sw-2-actuation-6d19
2026-10-07T16:09:36.4769820Z  * [new branch]        fix/r9-dbg-1            -> origin/fix/r9-dbg-1
2026-10-07T16:09:36.4771846Z  * [new branch]        fix/r9-eg-entry-config  -> origin/fix/r9-eg-entry-config
2026-10-07T16:09:36.4773980Z  * [new branch]        fix/r9-nightly-bdr      -> origin/fix/r9-nightly-bdr
2026-10-07T16:09:36.4775414Z  * [new branch]        fix/r9-rca-2004         -> origin/fix/r9-rca-2004
2026-10-07T16:09:36.4777629Z  * [new branch]        fix/r9-rca-stress-recording -> origin/fix/r9-rca-stress-recording
2026-10-07T16:09:36.4779559Z  * [new branch]        fix/r9-ro-8             -> origin/fix/r9-ro-8
2026-10-07T16:09:36.4781263Z  * [new branch]        fix/r9-sw-actuation     -> origin/fix/r9-sw-actuation
2026-10-07T16:09:36.4782779Z  * [new branch]        fix/r9-ux-actions       -> origin/fix/r9-ux-actions
2026-10-07T16:09:36.4784180Z  * [new branch]        fix/r9-ux9              -> origin/fix/r9-ux9
2026-10-07T16:09:36.4786402Z  * [new branch]        handoff-body/r9-closures-eg-b7 -> origin/handoff-body/r9-closures-eg-b7
2026-10-07T16:09:36.4788825Z  * [new branch]        handoff-body/r9-dbg-1   -> origin/handoff-body/r9-dbg-1
2026-10-07T16:09:36.4790570Z  * [new branch]        handoff-body/r9-eg-b7-harness -> origin/handoff-body/r9-eg-b7-harness
2026-10-07T16:09:36.4792534Z  * [new branch]        handoff-body/r9-eg-coordinator-seams -> origin/handoff-body/r9-eg-coordinator-seams
2026-10-07T16:09:36.4794652Z  * [new branch]        handoff-body/r9-eg-entry-config -> origin/handoff-body/r9-eg-entry-config
2026-10-07T16:09:36.4797086Z  * [new branch]        handoff-body/r9-eg-solve-inputs -> origin/handoff-body/r9-eg-solve-inputs
2026-10-07T16:09:36.4798852Z  * [new branch]        handoff-body/r9-nightly-bdr -> origin/handoff-body/r9-nightly-bdr
2026-10-07T16:09:36.4800845Z  * [new branch]        handoff-body/r9-prepr-selftest -> origin/handoff-body/r9-prepr-selftest
2026-10-07T16:09:36.4801922Z  * [new branch]        handoff-body/r9-rca-1985 -> origin/handoff-body/r9-rca-1985
2026-10-07T16:09:36.4802862Z  * [new branch]        handoff-body/r9-rca-1990 -> origin/handoff-body/r9-rca-1990
2026-10-07T16:09:36.4803810Z  * [new branch]        handoff-body/r9-rca-2004 -> origin/handoff-body/r9-rca-2004
2026-10-07T16:09:36.4804918Z  * [new branch]        handoff-body/r9-rca-stress-recording -> origin/handoff-body/r9-rca-stress-recording
2026-10-07T16:09:36.4806453Z  * [new branch]        handoff-body/r9-record-path -> origin/handoff-body/r9-record-path
2026-10-07T16:09:36.4808069Z  * [new branch]        handoff-body/r9-ro-8    -> origin/handoff-body/r9-ro-8
2026-10-07T16:09:36.4809006Z  * [new branch]        handoff-body/r9-sw-5    -> origin/handoff-body/r9-sw-5
2026-10-07T16:09:36.4810063Z  * [new branch]        handoff-body/r9-sw-actuation -> origin/handoff-body/r9-sw-actuation
2026-10-07T16:09:36.4811141Z  * [new branch]        handoff-body/r9-sw6     -> origin/handoff-body/r9-sw6
2026-10-07T16:09:36.4812219Z  * [new branch]        handoff-body/r9-ux-actions -> origin/handoff-body/r9-ux-actions
2026-10-07T16:09:36.4814228Z  * [new branch]        handoff-body/r9-ux9     -> origin/handoff-body/r9-ux9
2026-10-07T16:09:36.4815527Z  * [new branch]        handoff/audit-r9-alt    -> origin/handoff/audit-r9-alt
2026-10-07T16:09:36.4816948Z  * [new branch]        handoff/audit-r9-evidence -> origin/handoff/audit-r9-evidence
2026-10-07T16:09:36.4817953Z  * [new branch]        handoff/audit-r9-find-B1 -> origin/handoff/audit-r9-find-B1
2026-10-07T16:09:36.4818911Z  * [new branch]        handoff/audit-r9-find-B10 -> origin/handoff/audit-r9-find-B10
2026-10-07T16:09:36.4819870Z  * [new branch]        handoff/audit-r9-find-B2 -> origin/handoff/audit-r9-find-B2
2026-10-07T16:09:36.4820822Z  * [new branch]        handoff/audit-r9-find-B3 -> origin/handoff/audit-r9-find-B3
2026-10-07T16:09:36.4821761Z  * [new branch]        handoff/audit-r9-find-B4 -> origin/handoff/audit-r9-find-B4
2026-10-07T16:09:36.4822696Z  * [new branch]        handoff/audit-r9-find-B5 -> origin/handoff/audit-r9-find-B5
2026-10-07T16:09:36.4823632Z  * [new branch]        handoff/audit-r9-find-B6 -> origin/handoff/audit-r9-find-B6
2026-10-07T16:09:36.4824589Z  * [new branch]        handoff/audit-r9-find-B7 -> origin/handoff/audit-r9-find-B7
2026-10-07T16:09:36.4825778Z  * [new branch]        handoff/audit-r9-find-B8 -> origin/handoff/audit-r9-find-B8
2026-10-07T16:09:36.4827075Z  * [new branch]        handoff/audit-r9-find-B9 -> origin/handoff/audit-r9-find-B9
2026-10-07T16:09:36.4828014Z  * [new branch]        handoff/audit-r9-fixplan -> origin/handoff/audit-r9-fixplan
2026-10-07T16:09:36.4828981Z  * [new branch]        handoff/audit-r9-issues -> origin/handoff/audit-r9-issues
2026-10-07T16:09:36.4829919Z  * [new branch]        handoff/audit-r9-judge  -> origin/handoff/audit-r9-judge
2026-10-07T16:09:36.4830838Z  * [new branch]        handoff/audit-r9-leads  -> origin/handoff/audit-r9-leads
2026-10-07T16:09:36.4831771Z  * [new branch]        handoff/audit-r9-leads-l2 -> origin/handoff/audit-r9-leads-l2
2026-10-07T16:09:36.4832725Z  * [new branch]        handoff/audit-r9-leads-l3 -> origin/handoff/audit-r9-leads-l3
2026-10-07T16:09:36.4833677Z  * [new branch]        handoff/audit-r9-leads-l4 -> origin/handoff/audit-r9-leads-l4
2026-10-07T16:09:36.4834623Z  * [new branch]        handoff/audit-r9-leads-lc -> origin/handoff/audit-r9-leads-lc
2026-10-07T16:09:36.4835555Z  * [new branch]        handoff/audit-r9-plan   -> origin/handoff/audit-r9-plan
2026-10-07T16:09:36.4836760Z  * [new branch]        handoff/audit-r9-register -> origin/handoff/audit-r9-register
2026-10-07T16:09:36.4837735Z  * [new branch]        handoff/audit-r9-runner-1 -> origin/handoff/audit-r9-runner-1
2026-10-07T16:09:36.4838697Z  * [new branch]        handoff/audit-r9-sweep-s1 -> origin/handoff/audit-r9-sweep-s1
2026-10-07T16:09:36.4839652Z  * [new branch]        handoff/audit-r9-sweep-s2 -> origin/handoff/audit-r9-sweep-s2
2026-10-07T16:09:36.4840598Z  * [new branch]        handoff/audit-r9-sweep-s3 -> origin/handoff/audit-r9-sweep-s3
2026-10-07T16:09:36.4841570Z  * [new branch]        handoff/audit-r9-sweep-s4 -> origin/handoff/audit-r9-sweep-s4
2026-10-07T16:09:36.4842547Z  * [new branch]        handoff/audit-r9-sweep-s5 -> origin/handoff/audit-r9-sweep-s5
2026-10-07T16:09:36.4843494Z  * [new branch]        handoff/audit-r9-sweep-s6 -> origin/handoff/audit-r9-sweep-s6
2026-10-07T16:09:36.4844678Z  * [new branch]        handoff/audit-r9-sweep-s7 -> origin/handoff/audit-r9-sweep-s7
2026-10-07T16:09:36.4845707Z  * [new branch]        handoff/audit-r9-verify-g1-v1 -> origin/handoff/audit-r9-verify-g1-v1
2026-10-07T16:09:36.4847414Z  * [new branch]        handoff/audit-r9-verify-g1-v2 -> origin/handoff/audit-r9-verify-g1-v2
2026-10-07T16:09:36.4848511Z  * [new branch]        handoff/audit-r9-verify-g1-v3 -> origin/handoff/audit-r9-verify-g1-v3
2026-10-07T16:09:36.4849564Z  * [new branch]        handoff/audit-r9-verify-g2-v1 -> origin/handoff/audit-r9-verify-g2-v1
2026-10-07T16:09:36.4850611Z  * [new branch]        handoff/audit-r9-verify-g2-v2 -> origin/handoff/audit-r9-verify-g2-v2
2026-10-07T16:09:36.4851874Z  * [new branch]        handoff/audit-r9-verify-g2-v3 -> origin/handoff/audit-r9-verify-g2-v3
2026-10-07T16:09:36.4853048Z  * [new branch]        handoff/audit-r9-verify-g3-v1 -> origin/handoff/audit-r9-verify-g3-v1
2026-10-07T16:09:36.4854195Z  * [new branch]        handoff/audit-r9-verify-g3-v2 -> origin/handoff/audit-r9-verify-g3-v2
2026-10-07T16:09:36.4855268Z  * [new branch]        handoff/audit-r9-verify-g3-v3 -> origin/handoff/audit-r9-verify-g3-v3
2026-10-07T16:09:36.4857266Z  * [new branch]        handoff/audit-r9-verify-g4-v1 -> origin/handoff/audit-r9-verify-g4-v1
2026-10-07T16:09:36.4859276Z  * [new branch]        handoff/audit-r9-verify-g4-v2 -> origin/handoff/audit-r9-verify-g4-v2
2026-10-07T16:09:36.4861137Z  * [new branch]        handoff/audit-r9-verify-g4-v3 -> origin/handoff/audit-r9-verify-g4-v3
2026-10-07T16:09:36.4862955Z  * [new branch]        handoff/r9-closures-eg-b7 -> origin/handoff/r9-closures-eg-b7
2026-10-07T16:09:36.4864513Z  * [new branch]        handoff/r9-dbg-0        -> origin/handoff/r9-dbg-0
2026-10-07T16:09:36.4866288Z  * [new branch]        handoff/r9-dbg-1        -> origin/handoff/r9-dbg-1
2026-10-07T16:09:36.4867986Z  * [new branch]        handoff/r9-dbg-3        -> origin/handoff/r9-dbg-3
2026-10-07T16:09:36.4869770Z  * [new branch]        handoff/r9-diag-1       -> origin/handoff/r9-diag-1
2026-10-07T16:09:36.4870647Z  * [new branch]        handoff/r9-diag-2s      -> origin/handoff/r9-diag-2s
2026-10-07T16:09:36.4871552Z  * [new branch]        handoff/r9-eg-archscore -> origin/handoff/r9-eg-archscore
2026-10-07T16:09:36.4872454Z  * [new branch]        handoff/r9-eg-b0        -> origin/handoff/r9-eg-b0
2026-10-07T16:09:36.4873398Z  * [new branch]        handoff/r9-eg-b7-harness -> origin/handoff/r9-eg-b7-harness
2026-10-07T16:09:36.4874504Z  * [new branch]        handoff/r9-eg-collaborator-interfaces -> origin/handoff/r9-eg-collaborator-interfaces
2026-10-07T16:09:36.4875718Z  * [new branch]        handoff/r9-eg-coordinator-seams -> origin/handoff/r9-eg-coordinator-seams
2026-10-07T16:09:36.4877947Z  * [new branch]        handoff/r9-eg-dhw-closure-dedupe-v2 -> origin/handoff/r9-eg-dhw-closure-dedupe-v2
2026-10-07T16:09:36.4879115Z  * [new branch]        handoff/r9-eg-dhw-planner -> origin/handoff/r9-eg-dhw-planner
2026-10-07T16:09:36.4880141Z  * [new branch]        handoff/r9-eg-entry-config -> origin/handoff/r9-eg-entry-config
2026-10-07T16:09:36.4881100Z  * [new branch]        handoff/r9-eg-one-copy  -> origin/handoff/r9-eg-one-copy
2026-10-07T16:09:36.4882058Z  * [new branch]        handoff/r9-eg-param-objects -> origin/handoff/r9-eg-param-objects
2026-10-07T16:09:36.4883056Z  * [new branch]        handoff/r9-eg-register-fold -> origin/handoff/r9-eg-register-fold
2026-10-07T16:09:36.4884050Z  * [new branch]        handoff/r9-eg-solve-inputs -> origin/handoff/r9-eg-solve-inputs
2026-10-07T16:09:36.4885037Z  * [new branch]        handoff/r9-eg-store-version -> origin/handoff/r9-eg-store-version
2026-10-07T16:09:36.4886414Z  * [new branch]        handoff/r9-eg-surface-identity -> origin/handoff/r9-eg-surface-identity
2026-10-07T16:09:36.4887751Z  * [new branch]        handoff/r9-eg-typed-payload -> origin/handoff/r9-eg-typed-payload
2026-10-07T16:09:36.4889695Z  * [new branch]        handoff/r9-eg-typed-payload-b -> origin/handoff/r9-eg-typed-payload-b
2026-10-07T16:09:36.4891350Z  * [new branch]        handoff/r9-f1-coordinator-10 -> origin/handoff/r9-f1-coordinator-10
2026-10-07T16:09:36.4893102Z  * [new branch]        handoff/r9-f1-coordinator-2 -> origin/handoff/r9-f1-coordinator-2
2026-10-07T16:09:36.4895116Z  * [new branch]        handoff/r9-f1-coordinator-3 -> origin/handoff/r9-f1-coordinator-3
2026-10-07T16:09:36.4897024Z  * [new branch]        handoff/r9-f1-coordinator-4 -> origin/handoff/r9-f1-coordinator-4
2026-10-07T16:09:36.4898812Z  * [new branch]        handoff/r9-f1-coordinator-5 -> origin/handoff/r9-f1-coordinator-5
2026-10-07T16:09:36.4900837Z  * [new branch]        handoff/r9-f1-coordinator-7 -> origin/handoff/r9-f1-coordinator-7
2026-10-07T16:09:36.4902921Z  * [new branch]        handoff/r9-f1-coordinator-7-review -> origin/handoff/r9-f1-coordinator-7-review
2026-10-07T16:09:36.4904776Z  * [new branch]        handoff/r9-f10-12       -> origin/handoff/r9-f10-12
2026-10-07T16:09:36.4906615Z  * [new branch]        handoff/r9-f10-13       -> origin/handoff/r9-f10-13
2026-10-07T16:09:36.4908174Z  * [new branch]        handoff/r9-f10-14       -> origin/handoff/r9-f10-14
2026-10-07T16:09:36.4909706Z  * [new branch]        handoff/r9-f10-15       -> origin/handoff/r9-f10-15
2026-10-07T16:09:36.4911507Z  * [new branch]        handoff/r9-f10-16       -> origin/handoff/r9-f10-16
2026-10-07T16:09:36.4913578Z  * [new branch]        handoff/r9-f10-ci-efficiency -> origin/handoff/r9-f10-ci-efficiency
2026-10-07T16:09:36.4915698Z  * [new branch]        handoff/r9-f10-claims-baseline-rca -> origin/handoff/r9-f10-claims-baseline-rca
2026-10-07T16:09:36.4918594Z  * [new branch]        handoff/r9-f10-closure-runalways -> origin/handoff/r9-f10-closure-runalways
2026-10-07T16:09:36.4920178Z  * [new branch]        handoff/r9-f10-gate-infra-1 -> origin/handoff/r9-f10-gate-infra-1
2026-10-07T16:09:36.4921610Z  * [new branch]        handoff/r9-f10-gate-infra-1d -> origin/handoff/r9-f10-gate-infra-1d
2026-10-07T16:09:36.4923952Z  * [new branch]        handoff/r9-f10-gate-infra-4 -> origin/handoff/r9-f10-gate-infra-4
2026-10-07T16:09:36.4925300Z  * [new branch]        handoff/r9-f10-gate-infra-5 -> origin/handoff/r9-f10-gate-infra-5
2026-10-07T16:09:36.4926986Z  * [new branch]        handoff/r9-f10-gate-infra-6 -> origin/handoff/r9-f10-gate-infra-6
2026-10-07T16:09:36.4928380Z  * [new branch]        handoff/r9-f10-harness-timeout -> origin/handoff/r9-f10-harness-timeout
2026-10-07T16:09:36.4930516Z  * [new branch]        handoff/r9-f10-loop-heartbeat -> origin/handoff/r9-f10-loop-heartbeat
2026-10-07T16:09:36.4931903Z  * [new branch]        handoff/r9-f10-merge-queue -> origin/handoff/r9-f10-merge-queue
2026-10-07T16:09:36.4933235Z  * [new branch]        handoff/r9-f11-governance-1 -> origin/handoff/r9-f11-governance-1
2026-10-07T16:09:36.4934558Z  * [new branch]        handoff/r9-f11-governance-3 -> origin/handoff/r9-f11-governance-3
2026-10-07T16:09:36.4936207Z  * [new branch]        handoff/r9-f11-governance-4 -> origin/handoff/r9-f11-governance-4
2026-10-07T16:09:36.4937697Z  * [new branch]        handoff/r9-f11-governance-4-review -> origin/handoff/r9-f11-governance-4-review
2026-10-07T16:09:36.4939082Z  * [new branch]        handoff/r9-f11-governance-5 -> origin/handoff/r9-f11-governance-5
2026-10-07T16:09:36.4940704Z  * [new branch]        handoff/r9-f11-governance-6 -> origin/handoff/r9-f11-governance-6
2026-10-07T16:09:36.4942808Z  * [new branch]        handoff/r9-f11-governance-7 -> origin/handoff/r9-f11-governance-7
2026-10-07T16:09:36.4944584Z  * [new branch]        handoff/r9-f2-solver-1  -> origin/handoff/r9-f2-solver-1
2026-10-07T16:09:36.4946559Z  * [new branch]        handoff/r9-f2-solver-3  -> origin/handoff/r9-f2-solver-3
2026-10-07T16:09:36.4948273Z  * [new branch]        handoff/r9-f2-solver-4  -> origin/handoff/r9-f2-solver-4
2026-10-07T16:09:36.4950008Z  * [new branch]        handoff/r9-f2-solver-5  -> origin/handoff/r9-f2-solver-5
2026-10-07T16:09:36.4951817Z  * [new branch]        handoff/r9-f3-stores-1  -> origin/handoff/r9-f3-stores-1
2026-10-07T16:09:36.4953775Z  * [new branch]        handoff/r9-f3-stores-3  -> origin/handoff/r9-f3-stores-3
2026-10-07T16:09:36.4955779Z  * [new branch]        handoff/r9-f4-inputs-sysid-1 -> origin/handoff/r9-f4-inputs-sysid-1
2026-10-07T16:09:36.4958456Z  * [new branch]        handoff/r9-f4-inputs-sysid-2 -> origin/handoff/r9-f4-inputs-sysid-2
2026-10-07T16:09:36.4960638Z  * [new branch]        handoff/r9-f5-config-text-1 -> origin/handoff/r9-f5-config-text-1
2026-10-07T16:09:36.4962590Z  * [new branch]        handoff/r9-f6-card-1    -> origin/handoff/r9-f6-card-1
2026-10-07T16:09:36.4964327Z  * [new branch]        handoff/r9-f6-card-2    -> origin/handoff/r9-f6-card-2
2026-10-07T16:09:36.4966318Z  * [new branch]        handoff/r9-f6-card-4    -> origin/handoff/r9-f6-card-4
2026-10-07T16:09:36.4968156Z  * [new branch]        handoff/r9-f7-entities-1 -> origin/handoff/r9-f7-entities-1
2026-10-07T16:09:36.4970068Z  * [new branch]        handoff/r9-f7-entities-2 -> origin/handoff/r9-f7-entities-2
2026-10-07T16:09:36.4971361Z  * [new branch]        handoff/r9-f7-family-splits -> origin/handoff/r9-f7-family-splits
2026-10-07T16:09:36.4972904Z  * [new branch]        handoff/r9-f8-docs-1    -> origin/handoff/r9-f8-docs-1
2026-10-07T16:09:36.4974069Z  * [new branch]        handoff/r9-f8-docs-2    -> origin/handoff/r9-f8-docs-2
2026-10-07T16:09:36.4975338Z  * [new branch]        handoff/r9-f8-docs-3    -> origin/handoff/r9-f8-docs-3
2026-10-07T16:09:36.4977463Z  * [new branch]        handoff/r9-f9-test-pins-2 -> origin/handoff/r9-f9-test-pins-2
2026-10-07T16:09:36.4979433Z  * [new branch]        handoff/r9-f9-test-pins-3 -> origin/handoff/r9-f9-test-pins-3
2026-10-07T16:09:36.4981261Z  * [new branch]        handoff/r9-fr-10        -> origin/handoff/r9-fr-10
2026-10-07T16:09:36.4983078Z  * [new branch]        handoff/r9-friction-study -> origin/handoff/r9-friction-study
2026-10-07T16:09:36.4985028Z  * [new branch]        handoff/r9-nightly-bdr  -> origin/handoff/r9-nightly-bdr
2026-10-07T16:09:36.4987650Z  * [new branch]        handoff/r9-nightly-status-k5uati -> origin/handoff/r9-nightly-status-k5uati
2026-10-07T16:09:36.4989826Z  * [new branch]        handoff/r9-prepr-selftest -> origin/handoff/r9-prepr-selftest
2026-10-07T16:09:36.4991643Z  * [new branch]        handoff/r9-proc-1       -> origin/handoff/r9-proc-1
2026-10-07T16:09:36.4993290Z  * [new branch]        handoff/r9-proc-3       -> origin/handoff/r9-proc-3
2026-10-07T16:09:36.4994913Z  * [new branch]        handoff/r9-proc-4       -> origin/handoff/r9-proc-4
2026-10-07T16:09:36.4996804Z  * [new branch]        handoff/r9-proc-5       -> origin/handoff/r9-proc-5
2026-10-07T16:09:36.4998669Z  * [new branch]        handoff/r9-rc-prcontract-fix -> origin/handoff/r9-rc-prcontract-fix
2026-10-07T16:09:36.5000711Z  * [new branch]        handoff/r9-rca-1985     -> origin/handoff/r9-rca-1985
2026-10-07T16:09:36.5002422Z  * [new branch]        handoff/r9-rca-1990     -> origin/handoff/r9-rca-1990
2026-10-07T16:09:36.5004126Z  * [new branch]        handoff/r9-rca-2004     -> origin/handoff/r9-rca-2004
2026-10-07T16:09:36.5007153Z  * [new branch]        handoff/r9-rca-avoidable-interpreter-bound-recomputation -> origin/handoff/r9-rca-avoidable-interpreter-bound-recomputation
2026-10-07T16:09:36.5010169Z  * [new branch]        handoff/r9-rca-cpu-gate-blind -> origin/handoff/r9-rca-cpu-gate-blind
2026-10-07T16:09:36.5012056Z  * [new branch]        handoff/r9-rca-i1       -> origin/handoff/r9-rca-i1
2026-10-07T16:09:36.5013694Z  * [new branch]        handoff/r9-rca-i3       -> origin/handoff/r9-rca-i3
2026-10-07T16:09:36.5015305Z  * [new branch]        handoff/r9-rca-i4       -> origin/handoff/r9-rca-i4
2026-10-07T16:09:36.5017124Z  * [new branch]        handoff/r9-rca-i5       -> origin/handoff/r9-rca-i5
2026-10-07T16:09:36.5018779Z  * [new branch]        handoff/r9-rca-p1       -> origin/handoff/r9-rca-p1
2026-10-07T16:09:36.5020438Z  * [new branch]        handoff/r9-rca-p11      -> origin/handoff/r9-rca-p11
2026-10-07T16:09:36.5022105Z  * [new branch]        handoff/r9-rca-p2       -> origin/handoff/r9-rca-p2
2026-10-07T16:09:36.5023727Z  * [new branch]        handoff/r9-rca-p3       -> origin/handoff/r9-rca-p3
2026-10-07T16:09:36.5025356Z  * [new branch]        handoff/r9-rca-p5       -> origin/handoff/r9-rca-p5
2026-10-07T16:09:36.5027437Z  * [new branch]        handoff/r9-rca-p6       -> origin/handoff/r9-rca-p6
2026-10-07T16:09:36.5029140Z  * [new branch]        handoff/r9-rca-p9       -> origin/handoff/r9-rca-p9
2026-10-07T16:09:36.5032024Z  * [new branch]        handoff/r9-rca-persisted-future-instant-trusted-without-bound -> origin/handoff/r9-rca-persisted-future-instant-trusted-without-bound
2026-10-07T16:09:36.5034680Z  * [new branch]        handoff/r9-rca-stress-recording -> origin/handoff/r9-rca-stress-recording
2026-10-07T16:09:36.5036337Z  * [new branch]        handoff/r9-record-path  -> origin/handoff/r9-record-path
2026-10-07T16:09:36.5038093Z  * [new branch]        handoff/r9-ro-1         -> origin/handoff/r9-ro-1
2026-10-07T16:09:36.5039782Z  * [new branch]        handoff/r9-ro-2         -> origin/handoff/r9-ro-2
2026-10-07T16:09:36.5041426Z  * [new branch]        handoff/r9-ro-3         -> origin/handoff/r9-ro-3
2026-10-07T16:09:36.5043081Z  * [new branch]        handoff/r9-ro-4         -> origin/handoff/r9-ro-4
2026-10-07T16:09:36.5044823Z  * [new branch]        handoff/r9-ro-5         -> origin/handoff/r9-ro-5
2026-10-07T16:09:36.5046837Z  * [new branch]        handoff/r9-ro-6         -> origin/handoff/r9-ro-6
2026-10-07T16:09:36.5048553Z  * [new branch]        handoff/r9-ro-7         -> origin/handoff/r9-ro-7
2026-10-07T16:09:36.5050230Z  * [new branch]        handoff/r9-ro-8         -> origin/handoff/r9-ro-8
2026-10-07T16:09:36.5051945Z  * [new branch]        handoff/r9-sw-5         -> origin/handoff/r9-sw-5
2026-10-07T16:09:36.5053765Z  * [new branch]        handoff/r9-sw-actuation -> origin/handoff/r9-sw-actuation
2026-10-07T16:09:36.5055595Z  * [new branch]        handoff/r9-sw-card      -> origin/handoff/r9-sw-card
2026-10-07T16:09:36.5057893Z  * [new branch]        handoff/r9-sw-gchv      -> origin/handoff/r9-sw-gchv
2026-10-07T16:09:36.5059628Z  * [new branch]        handoff/r9-sw-model     -> origin/handoff/r9-sw-model
2026-10-07T16:09:36.5061314Z  * [new branch]        handoff/r9-sw6          -> origin/handoff/r9-sw6
2026-10-07T16:09:36.5063075Z  * [new branch]        handoff/r9-ux-actions   -> origin/handoff/r9-ux-actions
2026-10-07T16:09:36.5064914Z  * [new branch]        handoff/r9-ux-events    -> origin/handoff/r9-ux-events
2026-10-07T16:09:36.5066982Z  * [new branch]        handoff/r9-ux-health    -> origin/handoff/r9-ux-health
2026-10-07T16:09:36.5068922Z  * [new branch]        handoff/r9-ux-insight-text -> origin/handoff/r9-ux-insight-text
2026-10-07T16:09:36.5070781Z  * [new branch]        handoff/r9-ux9          -> origin/handoff/r9-ux9
2026-10-07T16:09:36.5072444Z  * [new branch]        handoff/r9-web-3        -> origin/handoff/r9-web-3
2026-10-07T16:09:36.5074137Z  * [new branch]        handoff/r9-web-4        -> origin/handoff/r9-web-4
2026-10-07T16:09:36.5076088Z  * [new branch]        handoff/r9-web-5        -> origin/handoff/r9-web-5
2026-10-07T16:09:36.5077897Z  * [new branch]        handoff/r9-web-page     -> origin/handoff/r9-web-page
2026-10-07T16:09:36.5079714Z  * [new branch]        handoff/rca-1747        -> origin/handoff/rca-1747
2026-10-07T16:09:36.5081598Z  * [new branch]        handoff/repo-reorg-plan -> origin/handoff/repo-reorg-plan
2026-10-07T16:09:36.5083712Z  * [new branch]        handoff/silent-windows-plan -> origin/handoff/silent-windows-plan
2026-10-07T16:09:36.5085627Z  * [new branch]        main                    -> origin/main
2026-10-07T16:09:36.5087500Z  * [new branch]        record/autofix          -> origin/record/autofix
2026-10-07T16:09:36.5089188Z  * [new branch]        review/1987             -> origin/review/1987
2026-10-07T16:09:36.5090775Z  * [new branch]        review/1997             -> origin/review/1997
2026-10-07T16:09:36.5092406Z  * [new branch]        review/2002             -> origin/review/2002
2026-10-07T16:09:36.5093967Z  * [new branch]        review/2006             -> origin/review/2006
2026-10-07T16:09:36.5095562Z  * [new branch]        review/2007             -> origin/review/2007
2026-10-07T16:09:36.5097655Z  * [new branch]        review/2010             -> origin/review/2010
2026-10-07T16:09:36.5099302Z  * [new branch]        review/2011             -> origin/review/2011
2026-10-07T16:09:36.5100879Z  * [new branch]        review/2012             -> origin/review/2012
2026-10-07T16:09:36.5102451Z  * [new branch]        review/2013             -> origin/review/2013
2026-10-07T16:09:36.5103986Z  * [new branch]        review/2014             -> origin/review/2014
2026-10-07T16:09:36.5105531Z  * [new branch]        review/2015             -> origin/review/2015
2026-10-07T16:09:36.5107350Z  * [new branch]        review/2017             -> origin/review/2017
2026-10-07T16:09:36.5108989Z  * [new branch]        review/2018             -> origin/review/2018
2026-10-07T16:09:36.5110640Z  * [new branch]        review/2021             -> origin/review/2021
2026-10-07T16:09:36.5112254Z  * [new branch]        review/2022             -> origin/review/2022
2026-10-07T16:09:36.5113935Z  * [new branch]        verdict/1987            -> origin/verdict/1987
2026-10-07T16:09:36.5115563Z  * [new branch]        verdict/1997            -> origin/verdict/1997
2026-10-07T16:09:36.5117450Z  * [new branch]        verdict/2002            -> origin/verdict/2002
2026-10-07T16:09:36.5119105Z  * [new branch]        verdict/2006            -> origin/verdict/2006
2026-10-07T16:09:36.5120734Z  * [new branch]        verdict/2007            -> origin/verdict/2007
2026-10-07T16:09:36.5122310Z  * [new branch]        verdict/2010            -> origin/verdict/2010
2026-10-07T16:09:36.5123911Z  * [new branch]        verdict/2011            -> origin/verdict/2011
2026-10-07T16:09:36.5125507Z  * [new branch]        verdict/2012            -> origin/verdict/2012
2026-10-07T16:09:36.5127603Z  * [new branch]        verdict/2013            -> origin/verdict/2013
2026-10-07T16:09:36.5129193Z  * [new branch]        verdict/2014            -> origin/verdict/2014
2026-10-07T16:09:36.5130779Z  * [new branch]        verdict/2015            -> origin/verdict/2015
2026-10-07T16:09:36.5132384Z  * [new branch]        verdict/2017            -> origin/verdict/2017
2026-10-07T16:09:36.5133984Z  * [new branch]        verdict/2018            -> origin/verdict/2018
2026-10-07T16:09:36.5135580Z  * [new branch]        verdict/2021            -> origin/verdict/2021
2026-10-07T16:09:36.5137372Z  * [new branch]        verdict/2022            -> origin/verdict/2022
2026-10-07T16:09:36.5138995Z  * [new tag]           audit-round2-evidence   -> audit-round2-evidence
2026-10-07T16:09:36.5140525Z  * [new tag]           v2.3.0-beta.1           -> v2.3.0-beta.1
2026-10-07T16:09:36.5141863Z  * [new tag]           v2.4.0                  -> v2.4.0
2026-10-07T16:09:36.5143116Z  * [new tag]           v2.4.1                  -> v2.4.1
2026-10-07T16:09:36.5144409Z  * [new tag]           v2.5.0                  -> v2.5.0
2026-10-07T16:09:36.5145717Z  * [new tag]           v2.6.0                  -> v2.6.0
2026-10-07T16:09:36.5147239Z  * [new tag]           v2.6.1                  -> v2.6.1
2026-10-07T16:09:36.5148641Z  * [new tag]           v2.7.0                  -> v2.7.0
2026-10-07T16:09:36.5150007Z  * [new tag]           v2.8.0                  -> v2.8.0
2026-10-07T16:09:36.5151397Z  * [new tag]           v3.0.0                  -> v3.0.0
2026-10-07T16:09:36.5152797Z  * [new tag]           v3.1.0                  -> v3.1.0
2026-10-07T16:09:36.5154135Z  * [new tag]           v3.1.1                  -> v3.1.1
2026-10-07T16:09:36.5155480Z  * [new tag]           v3.1.2                  -> v3.1.2
2026-10-07T16:09:36.5157177Z  * [new tag]           v3.14.0                 -> v3.14.0
2026-10-07T16:09:36.5158490Z  * [new tag]           v3.16.0                 -> v3.16.0
2026-10-07T16:09:36.5159801Z  * [new tag]           v3.2.0                  -> v3.2.0
2026-10-07T16:09:36.5161123Z  * [new tag]           v3.3.0                  -> v3.3.0
2026-10-07T16:09:36.5162394Z  * [new tag]           v3.3.1                  -> v3.3.1
2026-10-07T16:09:36.5163739Z  * [new tag]           v3.4.0                  -> v3.4.0
2026-10-07T16:09:36.5165284Z  * [new tag]           v3.4.1                  -> v3.4.1
2026-10-07T16:09:36.5166919Z  * [new tag]           v3.5.0                  -> v3.5.0
2026-10-07T16:09:36.5168226Z  * [new tag]           v3.6.0                  -> v3.6.0
2026-10-07T16:09:36.5169565Z  * [new tag]           v3.6.1                  -> v3.6.1
2026-10-07T16:09:36.5170912Z  * [new tag]           v3.7.0                  -> v3.7.0
2026-10-07T16:09:36.5172243Z  * [new tag]           v3.7.1                  -> v3.7.1
2026-10-07T16:09:36.5173552Z  * [new tag]           v3.8.0                  -> v3.8.0
2026-10-07T16:09:36.5174869Z  * [new tag]           v4.0.0                  -> v4.0.0
2026-10-07T16:09:36.5176423Z  * [new tag]           v4.0.1                  -> v4.0.1
2026-10-07T16:09:36.5177804Z  * [new tag]           v4.0.2                  -> v4.0.2
2026-10-07T16:09:36.5179103Z  * [new tag]           v4.0.3                  -> v4.0.3
2026-10-07T16:09:36.5180397Z  * [new tag]           v4.0.4                  -> v4.0.4
2026-10-07T16:09:36.5181720Z  * [new tag]           v4.0.5                  -> v4.0.5
2026-10-07T16:09:36.5183029Z  * [new tag]           v4.0.6                  -> v4.0.6
2026-10-07T16:09:36.5184343Z  * [new tag]           v4.0.7                  -> v4.0.7
2026-10-07T16:09:36.5185655Z  * [new tag]           v4.1.0                  -> v4.1.0
2026-10-07T16:09:36.5187186Z  * [new tag]           v4.2.0                  -> v4.2.0
2026-10-07T16:09:36.5188438Z  * [new tag]           v4.3.0                  -> v4.3.0
2026-10-07T16:09:36.5189690Z  * [new tag]           v5.0.0                  -> v5.0.0
2026-10-07T16:09:36.5190937Z  * [new tag]           v5.1.0                  -> v5.1.0
2026-10-07T16:09:36.5192183Z  * [new tag]           v5.1.1                  -> v5.1.1
2026-10-07T16:09:36.5193764Z  * [new tag]           v5.1.10                 -> v5.1.10
2026-10-07T16:09:36.5195094Z  * [new tag]           v5.1.2                  -> v5.1.2
2026-10-07T16:09:36.5196665Z  * [new tag]           v5.1.3                  -> v5.1.3
2026-10-07T16:09:36.5198002Z  * [new tag]           v5.1.4                  -> v5.1.4
2026-10-07T16:09:36.5199241Z  * [new tag]           v5.1.5                  -> v5.1.5
2026-10-07T16:09:36.5200481Z  * [new tag]           v5.1.6                  -> v5.1.6
2026-10-07T16:09:36.5201741Z  * [new tag]           v5.1.7                  -> v5.1.7
2026-10-07T16:09:36.5203079Z  * [new tag]           v5.1.9                  -> v5.1.9
2026-10-07T16:09:36.5204339Z  * [new tag]           v5.2.0                  -> v5.2.0
2026-10-07T16:09:36.5205595Z  * [new tag]           v5.3.0                  -> v5.3.0
2026-10-07T16:09:36.5207165Z  * [new tag]           v5.4.0                  -> v5.4.0
2026-10-07T16:09:36.5208428Z  * [new tag]           v5.4.1                  -> v5.4.1
2026-10-07T16:09:36.5209694Z  * [new tag]           v5.5.0                  -> v5.5.0
2026-10-07T16:09:36.5210944Z  * [new tag]           v5.6.0                  -> v5.6.0
2026-10-07T16:09:36.5212185Z  * [new tag]           v5.6.1                  -> v5.6.1
2026-10-07T16:09:36.5213443Z  * [new tag]           v5.6.2                  -> v5.6.2
2026-10-07T16:09:36.5214696Z  * [new tag]           v5.7.0                  -> v5.7.0
2026-10-07T16:09:36.5216077Z  * [new tag]           v5.7.1                  -> v5.7.1
2026-10-07T16:09:36.5217358Z  * [new tag]           v6.0.0                  -> v6.0.0
2026-10-07T16:09:36.5218612Z  * [new tag]           v6.0.1                  -> v6.0.1
2026-10-07T16:09:36.5219863Z  * [new tag]           v6.0.2                  -> v6.0.2
2026-10-07T16:09:36.5221103Z  * [new tag]           v6.0.3                  -> v6.0.3
2026-10-07T16:09:36.5222355Z  * [new tag]           v6.0.4                  -> v6.0.4
2026-10-07T16:09:36.5223621Z  * [new tag]           v6.0.5                  -> v6.0.5
2026-10-07T16:09:36.5224855Z  * [new tag]           v6.0.6                  -> v6.0.6
2026-10-07T16:09:36.5226272Z  * [new tag]           v6.0.7                  -> v6.0.7
2026-10-07T16:09:36.5227521Z  * [new tag]           v6.0.8                  -> v6.0.8
2026-10-07T16:09:36.5229001Z  * [new tag]           v6.0.9                  -> v6.0.9
2026-10-07T16:09:36.5230373Z  * [new tag]           v6.1.0                  -> v6.1.0
2026-10-07T16:09:36.5231679Z  * [new tag]           v6.1.1                  -> v6.1.1
2026-10-07T16:09:36.5232993Z  * [new tag]           v6.1.2                  -> v6.1.2
2026-10-07T16:09:36.5234314Z  * [new tag]           v6.2.0                  -> v6.2.0
2026-10-07T16:09:36.5235623Z  * [new tag]           v6.2.1                  -> v6.2.1
2026-10-07T16:09:36.5237180Z  * [new tag]           v6.2.10                 -> v6.2.10
2026-10-07T16:09:36.5238523Z  * [new tag]           v6.2.11                 -> v6.2.11
2026-10-07T16:09:36.5239875Z  * [new tag]           v6.2.12                 -> v6.2.12
2026-10-07T16:09:36.5241144Z  * [new tag]           v6.2.13                 -> v6.2.13
2026-10-07T16:09:36.5242466Z  * [new tag]           v6.2.14                 -> v6.2.14
2026-10-07T16:09:36.5243765Z  * [new tag]           v6.2.15                 -> v6.2.15
2026-10-07T16:09:36.5245089Z  * [new tag]           v6.2.16                 -> v6.2.16
2026-10-07T16:09:36.5246672Z  * [new tag]           v6.2.17                 -> v6.2.17
2026-10-07T16:09:36.5247958Z  * [new tag]           v6.2.2                  -> v6.2.2
2026-10-07T16:09:36.5249187Z  * [new tag]           v6.2.3                  -> v6.2.3
2026-10-07T16:09:36.5250417Z  * [new tag]           v6.2.4                  -> v6.2.4
2026-10-07T16:09:36.5251687Z  * [new tag]           v6.2.5                  -> v6.2.5
2026-10-07T16:09:36.5252997Z  * [new tag]           v6.2.6                  -> v6.2.6
2026-10-07T16:09:36.5254281Z  * [new tag]           v6.2.7                  -> v6.2.7
2026-10-07T16:09:36.5256043Z  * [new tag]           v6.2.8                  -> v6.2.8
2026-10-07T16:09:36.5257465Z  * [new tag]           v6.2.9                  -> v6.2.9
2026-10-07T16:09:36.5258781Z  * [new tag]           v6.3.0                  -> v6.3.0
2026-10-07T16:09:36.5260093Z  * [new tag]           v6.3.1                  -> v6.3.1
2026-10-07T16:09:36.5261387Z  * [new tag]           v6.3.10                 -> v6.3.10
2026-10-07T16:09:36.5262695Z  * [new tag]           v6.3.11                 -> v6.3.11
2026-10-07T16:09:36.5264013Z  * [new tag]           v6.3.12                 -> v6.3.12
2026-10-07T16:09:36.5265352Z  * [new tag]           v6.3.13                 -> v6.3.13
2026-10-07T16:09:36.5266899Z  * [new tag]           v6.3.14                 -> v6.3.14
2026-10-07T16:09:36.5268232Z  * [new tag]           v6.3.15                 -> v6.3.15
2026-10-07T16:09:36.5269528Z  * [new tag]           v6.3.16                 -> v6.3.16
2026-10-07T16:09:36.5270771Z  * [new tag]           v6.3.17                 -> v6.3.17
2026-10-07T16:09:36.5272027Z  * [new tag]           v6.3.18                 -> v6.3.18
2026-10-07T16:09:36.5273283Z  * [new tag]           v6.3.19                 -> v6.3.19
2026-10-07T16:09:36.5274522Z  * [new tag]           v6.3.2                  -> v6.3.2
2026-10-07T16:09:36.5275776Z  * [new tag]           v6.3.20                 -> v6.3.20
2026-10-07T16:09:36.5277297Z  * [new tag]           v6.3.3                  -> v6.3.3
2026-10-07T16:09:36.5278573Z  * [new tag]           v6.3.4                  -> v6.3.4
2026-10-07T16:09:36.5279869Z  * [new tag]           v6.3.5                  -> v6.3.5
2026-10-07T16:09:36.5281125Z  * [new tag]           v6.3.6                  -> v6.3.6
2026-10-07T16:09:36.5282419Z  * [new tag]           v6.3.7                  -> v6.3.7
2026-10-07T16:09:36.5283698Z  * [new tag]           v6.3.8                  -> v6.3.8
2026-10-07T16:09:36.5284950Z  * [new tag]           v6.3.9                  -> v6.3.9
2026-10-07T16:09:36.5286547Z  * [new tag]           v6.4.0                  -> v6.4.0
2026-10-07T16:09:36.5287872Z  * [new tag]           v6.4.1                  -> v6.4.1
2026-10-07T16:09:36.5289167Z  * [new tag]           v6.4.2                  -> v6.4.2
2026-10-07T16:09:36.5290462Z  * [new tag]           v6.4.3                  -> v6.4.3
2026-10-07T16:09:36.5291931Z  * [new tag]           v6.4.4                  -> v6.4.4
2026-10-07T16:09:36.5293247Z  * [new tag]           v6.5.0                  -> v6.5.0
2026-10-07T16:09:36.5294551Z  * [new tag]           v6.5.1                  -> v6.5.1
2026-10-07T16:09:36.5296103Z  * [new tag]           v6.6.0                  -> v6.6.0
2026-10-07T16:09:36.5297378Z  * [new tag]           v6.6.1                  -> v6.6.1
2026-10-07T16:09:36.5298617Z  * [new tag]           v6.6.10                 -> v6.6.10
2026-10-07T16:09:36.5299857Z  * [new tag]           v6.6.11                 -> v6.6.11
2026-10-07T16:09:36.5301104Z  * [new tag]           v6.6.12                 -> v6.6.12
2026-10-07T16:09:36.5302343Z  * [new tag]           v6.6.2                  -> v6.6.2
2026-10-07T16:09:36.5303607Z  * [new tag]           v6.6.3                  -> v6.6.3
2026-10-07T16:09:36.5304850Z  * [new tag]           v6.6.4                  -> v6.6.4
2026-10-07T16:09:36.5306303Z  * [new tag]           v6.6.5                  -> v6.6.5
2026-10-07T16:09:36.5307556Z  * [new tag]           v6.6.6                  -> v6.6.6
2026-10-07T16:09:36.5308877Z  * [new tag]           v6.6.7                  -> v6.6.7
2026-10-07T16:09:36.5310231Z  * [new tag]           v6.6.8                  -> v6.6.8
2026-10-07T16:09:36.5311625Z  * [new tag]           v6.6.9                  -> v6.6.9
2026-10-07T16:09:36.5312926Z  * [new tag]           v6.7.0                  -> v6.7.0
2026-10-07T16:09:36.5314238Z  * [new tag]           v6.7.1                  -> v6.7.1
2026-10-07T16:09:36.5315561Z  * [new tag]           v6.7.10                 -> v6.7.10
2026-10-07T16:09:36.5317160Z  * [new tag]           v6.7.11                 -> v6.7.11
2026-10-07T16:09:36.5318440Z  * [new tag]           v6.7.12                 -> v6.7.12
2026-10-07T16:09:36.5320037Z  * [new tag]           v6.7.13                 -> v6.7.13
2026-10-07T16:09:36.5321336Z  * [new tag]           v6.7.14                 -> v6.7.14
2026-10-07T16:09:36.5322605Z  * [new tag]           v6.7.15                 -> v6.7.15
2026-10-07T16:09:36.5323924Z  * [new tag]           v6.7.16                 -> v6.7.16
2026-10-07T16:09:36.5325233Z  * [new tag]           v6.7.2                  -> v6.7.2
2026-10-07T16:09:36.5326695Z  * [new tag]           v6.7.3                  -> v6.7.3
2026-10-07T16:09:36.5327493Z  * [new tag]           v6.7.4                  -> v6.7.4
2026-10-07T16:09:36.5328269Z  * [new tag]           v6.7.5                  -> v6.7.5
2026-10-07T16:09:36.5329039Z  * [new tag]           v6.7.6                  -> v6.7.6
2026-10-07T16:09:36.5329813Z  * [new tag]           v6.7.7                  -> v6.7.7
2026-10-07T16:09:36.5330598Z  * [new tag]           v6.7.8                  -> v6.7.8
2026-10-07T16:09:36.5331387Z  * [new tag]           v6.7.9                  -> v6.7.9
2026-10-07T16:09:36.5332350Z  * [new ref]           15a885399e9497b099361672d43ea707bc686bef -> pull/2026/merge
2026-10-07T16:09:36.5334597Z ##[endgroup]
2026-10-07T16:09:36.5335376Z ##[group]Determining the checkout info
2026-10-07T16:09:36.5336638Z ##[endgroup]
2026-10-07T16:09:36.5337177Z [command]/usr/bin/git sparse-checkout disable
2026-10-07T16:09:36.5338884Z [command]/usr/bin/git config --local --unset-all extensions.worktreeConfig
2026-10-07T16:09:36.5340748Z ##[group]Checking out the ref
2026-10-07T16:09:36.5341622Z [command]/usr/bin/git checkout --progress --force refs/remotes/pull/2026/merge
2026-10-07T16:09:36.9871676Z Note: switching to 'refs/remotes/pull/2026/merge'.
2026-10-07T16:09:36.9872900Z 
2026-10-07T16:09:36.9873547Z You are in 'detached HEAD' state. You can look around, make experimental
2026-10-07T16:09:36.9875089Z changes and commit them, and you can discard any commits you make in this
2026-10-07T16:09:36.9876981Z state without impacting any branches by switching back to a branch.
2026-10-07T16:09:36.9877913Z 
2026-10-07T16:09:36.9878508Z If you want to create a new branch to retain commits you create, you may
2026-10-07T16:09:36.9879943Z do so (now or later) by using -c with the switch command. Example:
2026-10-07T16:09:36.9880825Z 
2026-10-07T16:09:36.9881449Z   git switch -c <new-branch-name>
2026-10-07T16:09:36.9882107Z 
2026-10-07T16:09:36.9882469Z Or undo this operation with:
2026-10-07T16:09:36.9883036Z 
2026-10-07T16:09:36.9883334Z   git switch -
2026-10-07T16:09:36.9883792Z 
2026-10-07T16:09:36.9884603Z Turn off this advice by setting config variable advice.detachedHead to false
2026-10-07T16:09:36.9885776Z 
2026-10-07T16:09:36.9887308Z HEAD is now at 15a88539 Merge e6e9b775dc775f71da7dd65fb061723912afda32 into e0f0b6fb397bf42a3cd379e0c74f1f295eeebdaf
2026-10-07T16:09:36.9912753Z ##[endgroup]
2026-10-07T16:09:36.9961455Z [command]/usr/bin/git log -1 --format=%H
2026-10-07T16:09:36.9990719Z 15a885399e9497b099361672d43ea707bc686bef
2026-10-07T16:09:37.0436930Z ##[group]Run actions/setup-python@ece7cb06caefa5fff74198d8649806c4678c61a1
2026-10-07T16:09:37.0438631Z with:
2026-10-07T16:09:37.0439435Z   python-version: 3.13
2026-10-07T16:09:37.0440385Z   check-latest: false
2026-10-07T16:09:37.0450985Z   token: ***
2026-10-07T16:09:37.0451828Z   update-environment: true
2026-10-07T16:09:37.0452821Z   allow-prereleases: false
2026-10-07T16:09:37.0453802Z   freethreaded: false
2026-10-07T16:09:37.0454713Z env:
2026-10-07T16:09:37.0455496Z   DOCS_ONLY_FAST: false
2026-10-07T16:09:37.0456514Z ##[endgroup]
2026-10-07T16:09:37.1907601Z ##[group]Installed versions
2026-10-07T16:09:37.2034492Z Successfully set up CPython (3.13.16)
2026-10-07T16:09:37.2038088Z ##[endgroup]
2026-10-07T16:09:37.2431545Z ##[group]Run actions/setup-node@a0853c24544627f65ddf259abe73b1d18a591444
2026-10-07T16:09:37.2433124Z with:
2026-10-07T16:09:37.2433924Z   node-version: 22
2026-10-07T16:09:37.2434772Z   always-auth: false
2026-10-07T16:09:37.2435666Z   check-latest: false
2026-10-07T16:09:37.2446428Z   token: ***
2026-10-07T16:09:37.2447302Z   package-manager-cache: true
2026-10-07T16:09:37.2448268Z env:
2026-10-07T16:09:37.2449028Z   DOCS_ONLY_FAST: false
2026-10-07T16:09:37.2450171Z   pythonLocation: /opt/hostedtoolcache/Python/3.13.16/x64
2026-10-07T16:09:37.2451902Z   PKG_CONFIG_PATH: /opt/hostedtoolcache/Python/3.13.16/x64/lib/pkgconfig
2026-10-07T16:09:37.2453607Z   Python_ROOT_DIR: /opt/hostedtoolcache/Python/3.13.16/x64
2026-10-07T16:09:37.2455129Z   Python2_ROOT_DIR: /opt/hostedtoolcache/Python/3.13.16/x64
2026-10-07T16:09:37.2456888Z   Python3_ROOT_DIR: /opt/hostedtoolcache/Python/3.13.16/x64
2026-10-07T16:09:37.2458679Z   LD_LIBRARY_PATH: /opt/hostedtoolcache/Python/3.13.16/x64/lib
2026-10-07T16:09:37.2460051Z ##[endgroup]
2026-10-07T16:09:37.4072989Z Found in cache @ /opt/hostedtoolcache/node/22.23.3/x64
2026-10-07T16:09:37.4078378Z (node:2313) [DEP0040] DeprecationWarning: The `punycode` module is deprecated. Please use a userland alternative instead.
2026-10-07T16:09:37.4081067Z (Use `node --trace-deprecation ...` to show where the warning was created)
2026-10-07T16:09:37.4087406Z ##[group]Environment details
2026-10-07T16:09:37.8219874Z node: v22.23.3
2026-10-07T16:09:37.8220650Z npm: 10.9.9
2026-10-07T16:09:37.8221184Z yarn: 1.22.22
2026-10-07T16:09:37.8222735Z ##[endgroup]
2026-10-07T16:09:37.8380651Z ##[group]Run pip install --require-hashes --build-constraint tests/requirements-build.txt -r tests/requirements-ci.txt
2026-10-07T16:09:37.8381671Z [36;1mpip install --require-hashes --build-constraint tests/requirements-build.txt -r tests/requirements-ci.txt[0m
2026-10-07T16:09:37.8679658Z shell: /usr/bin/bash -e {0}
2026-10-07T16:09:37.8680050Z env:
2026-10-07T16:09:37.8680347Z   DOCS_ONLY_FAST: false
2026-10-07T16:09:37.8680791Z   pythonLocation: /opt/hostedtoolcache/Python/3.13.16/x64
2026-10-07T16:09:37.8681450Z   PKG_CONFIG_PATH: /opt/hostedtoolcache/Python/3.13.16/x64/lib/pkgconfig
2026-10-07T16:09:37.8682105Z   Python_ROOT_DIR: /opt/hostedtoolcache/Python/3.13.16/x64
2026-10-07T16:09:37.8682699Z   Python2_ROOT_DIR: /opt/hostedtoolcache/Python/3.13.16/x64
2026-10-07T16:09:37.8683270Z   Python3_ROOT_DIR: /opt/hostedtoolcache/Python/3.13.16/x64
2026-10-07T16:09:37.8683842Z   LD_LIBRARY_PATH: /opt/hostedtoolcache/Python/3.13.16/x64/lib
2026-10-07T16:09:37.8684380Z ##[endgroup]
2026-10-07T16:09:38.8455739Z Collecting aiohappyeyeballs==2.7.1 (from -r tests/requirements-ci.txt (line 27))
2026-10-07T16:09:38.9199377Z   Downloading aiohappyeyeballs-2.7.1-py3-none-any.whl (15 kB)
2026-10-07T16:09:39.5503872Z Collecting aiohttp==3.14.3 (from -r tests/requirements-ci.txt (line 30))
2026-10-07T16:09:39.5576650Z   Downloading aiohttp-3.14.3-cp313-cp313-manylinux2014_x86_64.manylinux_2_17_x86_64.manylinux_2_28_x86_64.whl (1.8 MB)
2026-10-07T16:09:39.6669698Z      ━━━━━━━━━━━━━━━━━━━━━━━━━━━━━━━━━━━━━━━━ 1.8/1.8 MB 19.6 MB/s  0:00:00
2026-10-07T16:09:39.6900091Z Collecting aiosignal==1.4.0 (from -r tests/requirements-ci.txt (line 150))
2026-10-07T16:09:39.6973226Z   Downloading aiosignal-1.4.0-py3-none-any.whl (7.5 kB)
2026-10-07T16:09:39.7214942Z Collecting attrs==26.1.0 (from -r tests/requirements-ci.txt (line 153))
2026-10-07T16:09:39.7288036Z   Downloading attrs-26.1.0-py3-none-any.whl (67 kB)
2026-10-07T16:09:39.8092016Z Collecting frozenlist==1.8.0 (from -r tests/requirements-ci.txt (line 156))
2026-10-07T16:09:39.8169291Z   Downloading frozenlist-1.8.0-cp313-cp313-manylinux1_x86_64.manylinux_2_28_x86_64.manylinux_2_5_x86_64.whl (234 kB)
2026-10-07T16:09:39.8482322Z Collecting idna==3.20 (from -r tests/requirements-ci.txt (line 287))
2026-10-07T16:09:39.8553585Z   Downloading idna-3.20-py3-none-any.whl (69 kB)
2026-10-07T16:09:40.1469837Z Collecting multidict==6.9.1 (from -r tests/requirements-ci.txt (line 290))
2026-10-07T16:09:40.1545651Z   Downloading multidict-6.9.1-cp313-cp313-manylinux2014_x86_64.manylinux_2_17_x86_64.manylinux_2_28_x86_64.whl (336 kB)
2026-10-07T16:09:40.3922468Z Collecting numpy==2.4.6 (from -r tests/requirements-ci.txt (line 462))
2026-10-07T16:09:40.3997508Z   Downloading numpy-2.4.6-cp313-cp313-manylinux_2_27_x86_64.manylinux_2_28_x86_64.whl (16.6 MB)
2026-10-07T16:09:40.6012929Z      ━━━━━━━━━━━━━━━━━━━━━━━━━━━━━━━━━━━━━━━━ 16.6/16.6 MB 84.4 MB/s  0:00:00
2026-10-07T16:09:40.7014394Z Collecting propcache==0.5.4 (from -r tests/requirements-ci.txt (line 535))
2026-10-07T16:09:40.7092913Z   Downloading propcache-0.5.4-cp313-cp313-manylinux2014_x86_64.manylinux_2_17_x86_64.manylinux_2_28_x86_64.whl (234 kB)
2026-10-07T16:09:40.7616895Z Collecting pyyaml==6.0.1 (from -r tests/requirements-ci.txt (line 674))
2026-10-07T16:09:40.7694534Z   Downloading PyYAML-6.0.1.tar.gz (125 kB)
2026-10-07T16:09:40.9149768Z   Installing build dependencies: started
2026-10-07T16:09:42.2280372Z   Installing build dependencies: finished with status 'done'
2026-10-07T16:09:42.2288196Z   Getting requirements to build wheel: started
2026-10-07T16:09:43.9513136Z   Getting requirements to build wheel: finished with status 'done'
2026-10-07T16:09:43.9522310Z   Preparing metadata (pyproject.toml): started
2026-10-07T16:09:44.2031541Z   Preparing metadata (pyproject.toml): finished with status 'done'
2026-10-07T16:09:44.3540047Z Collecting scipy==1.17.1 (from -r tests/requirements-ci.txt (line 726))
2026-10-07T16:09:44.3620216Z   Downloading scipy-1.17.1-cp313-cp313-manylinux_2_27_x86_64.manylinux_2_28_x86_64.whl (35.2 MB)
2026-10-07T16:09:44.5077853Z      ━━━━━━━━━━━━━━━━━━━━━━━━━━━━━━━━━━━━━━━━ 35.2/35.2 MB 245.3 MB/s  0:00:00
2026-10-07T16:09:44.5750422Z Collecting threadpoolctl==3.6.0 (from -r tests/requirements-ci.txt (line 788))
2026-10-07T16:09:44.5827197Z   Downloading threadpoolctl-3.6.0-py3-none-any.whl (18 kB)
2026-10-07T16:09:44.6071644Z Collecting voluptuous==0.16.0 (from -r tests/requirements-ci.txt (line 791))
2026-10-07T16:09:44.6145430Z   Downloading voluptuous-0.16.0-py3-none-any.whl (31 kB)
2026-10-07T16:09:44.9397642Z Collecting yarl==1.25.1 (from -r tests/requirements-ci.txt (line 794))
2026-10-07T16:09:44.9477083Z   Downloading yarl-1.25.1-cp313-cp313-manylinux2014_x86_64.manylinux_2_17_x86_64.manylinux_2_28_x86_64.whl (117 kB)
2026-10-07T16:09:44.9904725Z Building wheels for collected packages: pyyaml
2026-10-07T16:09:44.9912918Z   Building wheel for pyyaml (pyproject.toml): started
2026-10-07T16:09:47.1772727Z   Building wheel for pyyaml (pyproject.toml): finished with status 'done'
2026-10-07T16:09:47.1779661Z   Created wheel for pyyaml: filename=pyyaml-6.0.1-cp313-cp313-linux_x86_64.whl size=45459 sha256=9efd67a3eb8fc14f66fbfc988bc9c482bd64b463d48bca7e4f7ba4a67e026b1e
2026-10-07T16:09:47.1782023Z   Stored in directory: /home/runner/.cache/pip/wheels/9c/9e/34/1e1548811b63a9d001469f21797e8b7d5c216d8eb928e7d6ad
2026-10-07T16:09:47.1801390Z Successfully built pyyaml
2026-10-07T16:09:47.2406907Z Installing collected packages: voluptuous, threadpoolctl, pyyaml, propcache, numpy, multidict, idna, frozenlist, attrs, aiohappyeyeballs, yarl, scipy, aiosignal, aiohttp
2026-10-07T16:09:54.2007431Z 
2026-10-07T16:09:54.2031408Z Successfully installed aiohappyeyeballs-2.7.1 aiohttp-3.14.3 aiosignal-1.4.0 attrs-26.1.0 frozenlist-1.8.0 idna-3.20 multidict-6.9.1 numpy-2.4.6 propcache-0.5.4 pyyaml-6.0.1 scipy-1.17.1 threadpoolctl-3.6.0 voluptuous-0.16.0 yarl-1.25.1
2026-10-07T16:09:54.3579423Z ##[group]Run sudo apt-get update && sudo apt-get install -y strace
2026-10-07T16:09:54.3579926Z [36;1msudo apt-get update && sudo apt-get install -y strace[0m
2026-10-07T16:09:54.3648041Z shell: /usr/bin/bash -e {0}
2026-10-07T16:09:54.3648324Z env:
2026-10-07T16:09:54.3648535Z   DOCS_ONLY_FAST: false
2026-10-07T16:09:54.3648858Z   pythonLocation: /opt/hostedtoolcache/Python/3.13.16/x64
2026-10-07T16:09:54.3649333Z   PKG_CONFIG_PATH: /opt/hostedtoolcache/Python/3.13.16/x64/lib/pkgconfig
2026-10-07T16:09:54.3649798Z   Python_ROOT_DIR: /opt/hostedtoolcache/Python/3.13.16/x64
2026-10-07T16:09:54.3650202Z   Python2_ROOT_DIR: /opt/hostedtoolcache/Python/3.13.16/x64
2026-10-07T16:09:54.3650606Z   Python3_ROOT_DIR: /opt/hostedtoolcache/Python/3.13.16/x64
2026-10-07T16:09:54.3651015Z   LD_LIBRARY_PATH: /opt/hostedtoolcache/Python/3.13.16/x64/lib
2026-10-07T16:09:54.3651566Z ##[endgroup]
2026-10-07T16:09:54.4523680Z Get:1 file:/etc/apt/apt-mirrors.txt Mirrorlist [144 B]
2026-10-07T16:09:54.4914455Z Hit:2 http://azure.archive.ubuntu.com/ubuntu noble InRelease
2026-10-07T16:09:54.4947269Z Get:6 https://packages.microsoft.com/ubuntu/24.04/prod noble InRelease [3600 B]
2026-10-07T16:09:54.4984777Z Get:3 http://azure.archive.ubuntu.com/ubuntu noble-updates InRelease [126 kB]
2026-10-07T16:09:54.4986695Z Get:4 http://azure.archive.ubuntu.com/ubuntu noble-backports InRelease [126 kB]
2026-10-07T16:09:54.5059717Z Get:5 http://azure.archive.ubuntu.com/ubuntu noble-security InRelease [126 kB]
2026-10-07T16:09:54.6451349Z Get:7 https://packages.microsoft.com/ubuntu/24.04/prod noble/main arm64 Packages [463 kB]
2026-10-07T16:09:54.6699509Z Get:8 https://packages.microsoft.com/ubuntu/24.04/prod noble/main amd64 Packages [519 kB]
2026-10-07T16:09:54.6969318Z Get:9 http://azure.archive.ubuntu.com/ubuntu noble-updates/main amd64 Packages [1375 kB]
2026-10-07T16:09:54.7036670Z Get:10 http://azure.archive.ubuntu.com/ubuntu noble-updates/main Translation-en [306 kB]
2026-10-07T16:09:54.7068834Z Get:11 http://azure.archive.ubuntu.com/ubuntu noble-updates/universe amd64 Packages [1702 kB]
2026-10-07T16:09:54.7179149Z Get:12 http://azure.archive.ubuntu.com/ubuntu noble-updates/universe Translation-en [341 kB]
2026-10-07T16:09:54.7183023Z Get:13 http://azure.archive.ubuntu.com/ubuntu noble-updates/restricted amd64 Packages [1730 kB]
2026-10-07T16:09:54.7290562Z Get:14 http://azure.archive.ubuntu.com/ubuntu noble-updates/restricted Translation-en [396 kB]
2026-10-07T16:09:54.7317398Z Get:15 http://azure.archive.ubuntu.com/ubuntu noble-updates/multiverse Translation-en [13.3 kB]
2026-10-07T16:09:54.8059934Z Get:16 http://azure.archive.ubuntu.com/ubuntu noble-security/main amd64 Packages [1073 kB]
2026-10-07T16:09:54.8118559Z Get:17 http://azure.archive.ubuntu.com/ubuntu noble-security/main Translation-en [223 kB]
2026-10-07T16:09:54.8134587Z Get:18 http://azure.archive.ubuntu.com/ubuntu noble-security/universe amd64 Packages [1218 kB]
2026-10-07T16:09:54.8617367Z Get:19 http://azure.archive.ubuntu.com/ubuntu noble-security/universe Translation-en [245 kB]
2026-10-07T16:09:54.8633323Z Get:20 http://azure.archive.ubuntu.com/ubuntu noble-security/multiverse Translation-en [11.6 kB]
2026-10-07T16:09:57.8318605Z Fetched 9996 kB in 1s (9208 kB/s)
2026-10-07T16:09:58.7570798Z Reading package lists...
2026-10-07T16:09:58.7887740Z Reading package lists...
2026-10-07T16:09:59.0142590Z Building dependency tree...
2026-10-07T16:09:59.0150527Z Reading state information...
2026-10-07T16:09:59.2348625Z strace is already the newest version (6.8-0ubuntu2).
2026-10-07T16:09:59.2349359Z strace set to manually installed.
2026-10-07T16:09:59.2350078Z 0 upgraded, 0 newly installed, 0 to remove and 11 not upgraded.
2026-10-07T16:09:59.2415614Z ##[group]Run REF=$(git rev-parse --verify --quiet 'HEAD^1^{commit}') || REF=HEAD
2026-10-07T16:09:59.2416575Z [36;1mREF=$(git rev-parse --verify --quiet 'HEAD^1^{commit}') || REF=HEAD[0m
2026-10-07T16:09:59.2417086Z [36;1m# --record-only, on both paths: merging here would overwrite the[0m
2026-10-07T16:09:59.2417586Z [36;1m# committed tests/closures.json with what this run just measured, and[0m
2026-10-07T16:09:59.2418058Z [36;1m# the check below would then compare the file against itself.[0m
2026-10-07T16:09:59.2418441Z [36;1mif [ "$SCOPE_CASE" = "scoped" ]; then[0m
2026-10-07T16:09:59.2418803Z [36;1m  printf '%s\n' "$SCOPE_SCRIPTS" > "$RUNNER_TEMP/rederive.txt"[0m
2026-10-07T16:09:59.2419256Z [36;1m  echo "Scoped re-derive; every other closure is left as committed:"[0m
2026-10-07T16:09:59.2419658Z [36;1m  cat "$RUNNER_TEMP/rederive.txt"[0m
2026-10-07T16:09:59.2419946Z [36;1m  while read -r s; do[0m
2026-10-07T16:09:59.2420225Z [36;1m    [ -n "$s" ] || continue[0m
2026-10-07T16:09:59.2420540Z [36;1m    GOLDEN_REF="$REF" ./tests/derive_closures.sh \[0m
2026-10-07T16:09:59.2420955Z [36;1m      --single "$s" --out-dir "$RUNNER_TEMP/closures" --record-only[0m
2026-10-07T16:09:59.2421523Z [36;1m  done < "$RUNNER_TEMP/rederive.txt"[0m
2026-10-07T16:09:59.2421799Z [36;1melse[0m
2026-10-07T16:09:59.2422052Z [36;1m  GOLDEN_REF="$REF" ./tests/derive_closures.sh \[0m
2026-10-07T16:09:59.2422430Z [36;1m    --out-dir "$RUNNER_TEMP/closures" --record-only[0m
2026-10-07T16:09:59.2422740Z [36;1mfi[0m
2026-10-07T16:09:59.2487710Z shell: /usr/bin/bash -e {0}
2026-10-07T16:09:59.2487974Z env:
2026-10-07T16:09:59.2488175Z   DOCS_ONLY_FAST: false
2026-10-07T16:09:59.2488479Z   pythonLocation: /opt/hostedtoolcache/Python/3.13.16/x64
2026-10-07T16:09:59.2488928Z   PKG_CONFIG_PATH: /opt/hostedtoolcache/Python/3.13.16/x64/lib/pkgconfig
2026-10-07T16:09:59.2489358Z   Python_ROOT_DIR: /opt/hostedtoolcache/Python/3.13.16/x64
2026-10-07T16:09:59.2489894Z   Python2_ROOT_DIR: /opt/hostedtoolcache/Python/3.13.16/x64
2026-10-07T16:09:59.2490379Z   Python3_ROOT_DIR: /opt/hostedtoolcache/Python/3.13.16/x64
2026-10-07T16:09:59.2490833Z   LD_LIBRARY_PATH: /opt/hostedtoolcache/Python/3.13.16/x64/lib
2026-10-07T16:09:59.2491463Z   OMP_NUM_THREADS: 1
2026-10-07T16:09:59.2491810Z   OPENBLAS_NUM_THREADS: 1
2026-10-07T16:09:59.2492175Z   MKL_NUM_THREADS: 1
2026-10-07T16:09:59.2492478Z   SCOPE_CASE: scoped
2026-10-07T16:09:59.2492790Z   SCOPE_SCRIPTS: tests/boost_drift_replay.py
2026-10-07T16:09:59.2493224Z ##[endgroup]
2026-10-07T16:09:59.2625348Z Scoped re-derive; every other closure is left as committed:
2026-10-07T16:09:59.2634471Z tests/boost_drift_replay.py
2026-10-07T16:09:59.2699904Z   [16:09:59] record tests/boost_drift_replay.py 
2026-10-07T16:37:14.5016131Z   [16:37:14] done   tests/boost_drift_replay.py (exit 0)
2026-10-07T16:37:14.5016473Z 
2026-10-07T16:37:14.5016945Z recorded into /home/runner/work/_temp/closures; tests/closures.json left untouched (--record-only)
2026-10-07T16:37:14.5072401Z ##[group]Run # --partial drops one check and one only: "a selectable script with
2026-10-07T16:37:14.5073011Z [36;1m# --partial drops one check and one only: "a selectable script with[0m
2026-10-07T16:37:14.5073502Z [36;1m# no recording at all", which a scoped re-derive fails by[0m
2026-10-07T16:37:14.5073974Z [36;1m# construction. The under-approximation comparison -- the thing this[0m
2026-10-07T16:37:14.5074469Z [36;1m# job exists for -- is identical on both paths. The output goes to[0m
2026-10-07T16:37:14.5074935Z [36;1m# check.txt in the uploaded recordings: closures-autofix runs the[0m
2026-10-07T16:37:14.5075426Z [36;1m# base's closure.py, and reddens where this one printed UNDER-SCOPED[0m
2026-10-07T16:37:14.5076117Z [36;1m# and that one did not (#1846).[0m
2026-10-07T16:37:14.5076442Z [36;1mset -o pipefail[0m
2026-10-07T16:37:14.5076710Z [36;1mif [ "$SCOPE_CASE" = "scoped" ]; then[0m
2026-10-07T16:37:14.5077330Z [36;1m  python -u tests/closure.py check --in-dir "$RUNNER_TEMP/closures" --partial 2>&1 | tee "$RUNNER_TEMP/closures/check.txt"[0m
2026-10-07T16:37:14.5077888Z [36;1melse[0m
2026-10-07T16:37:14.5078342Z [36;1m  python -u tests/closure.py check --in-dir "$RUNNER_TEMP/closures" 2>&1 | tee "$RUNNER_TEMP/closures/check.txt"[0m
2026-10-07T16:37:14.5078851Z [36;1mfi[0m
2026-10-07T16:37:14.5143770Z shell: /usr/bin/bash -e {0}
2026-10-07T16:37:14.5144018Z env:
2026-10-07T16:37:14.5144207Z   DOCS_ONLY_FAST: false
2026-10-07T16:37:14.5144502Z   pythonLocation: /opt/hostedtoolcache/Python/3.13.16/x64
2026-10-07T16:37:14.5144967Z   PKG_CONFIG_PATH: /opt/hostedtoolcache/Python/3.13.16/x64/lib/pkgconfig
2026-10-07T16:37:14.5145420Z   Python_ROOT_DIR: /opt/hostedtoolcache/Python/3.13.16/x64
2026-10-07T16:37:14.5146076Z   Python2_ROOT_DIR: /opt/hostedtoolcache/Python/3.13.16/x64
2026-10-07T16:37:14.5146511Z   Python3_ROOT_DIR: /opt/hostedtoolcache/Python/3.13.16/x64
2026-10-07T16:37:14.5146903Z   LD_LIBRARY_PATH: /opt/hostedtoolcache/Python/3.13.16/x64/lib
2026-10-07T16:37:14.5147250Z   PYTHONPATH: tests/hastub
2026-10-07T16:37:14.5147488Z   SCOPE_CASE: scoped
2026-10-07T16:37:14.5147695Z ##[endgroup]
2026-10-07T16:37:14.6392827Z closure: committed closures cover every file this run touched
2026-10-07T16:37:14.6528764Z ##[group]Run python tests/closure.py no-copies
2026-10-07T16:37:14.6529167Z [36;1mpython tests/closure.py no-copies[0m
2026-10-07T16:37:14.6592413Z shell: /usr/bin/bash -e {0}
2026-10-07T16:37:14.6592671Z env:
2026-10-07T16:37:14.6592873Z   DOCS_ONLY_FAST: false
2026-10-07T16:37:14.6593183Z   pythonLocation: /opt/hostedtoolcache/Python/3.13.16/x64
2026-10-07T16:37:14.6593644Z   PKG_CONFIG_PATH: /opt/hostedtoolcache/Python/3.13.16/x64/lib/pkgconfig
2026-10-07T16:37:14.6594106Z   Python_ROOT_DIR: /opt/hostedtoolcache/Python/3.13.16/x64
2026-10-07T16:37:14.6594623Z   Python2_ROOT_DIR: /opt/hostedtoolcache/Python/3.13.16/x64
2026-10-07T16:37:14.6595226Z   Python3_ROOT_DIR: /opt/hostedtoolcache/Python/3.13.16/x64
2026-10-07T16:37:14.6595742Z   LD_LIBRARY_PATH: /opt/hostedtoolcache/Python/3.13.16/x64/lib
2026-10-07T16:37:14.6596341Z   PYTHONPATH: tests/hastub
2026-10-07T16:37:14.6596767Z ##[endgroup]
2026-10-07T16:37:17.1854704Z closure: no test file defines a symbol production also defines
2026-10-07T16:37:17.2110465Z ##[group]Run actions/upload-artifact@b7c566a772e6b6bfb58ed0dc250532a479d7789f
2026-10-07T16:37:17.2110893Z with:
2026-10-07T16:37:17.2111095Z   name: closure-recordings
2026-10-07T16:37:17.2111351Z   path: /home/runner/work/_temp/closures
2026-10-07T16:37:17.2111634Z   if-no-files-found: ignore
2026-10-07T16:37:17.2111867Z   retention-days: 3
2026-10-07T16:37:17.2112075Z   compression-level: 6
2026-10-07T16:37:17.2112286Z   overwrite: false
2026-10-07T16:37:17.2112498Z   include-hidden-files: false
2026-10-07T16:37:17.2112730Z env:
2026-10-07T16:37:17.2112912Z   DOCS_ONLY_FAST: false
2026-10-07T16:37:17.2113199Z   pythonLocation: /opt/hostedtoolcache/Python/3.13.16/x64
2026-10-07T16:37:17.2113657Z   PKG_CONFIG_PATH: /opt/hostedtoolcache/Python/3.13.16/x64/lib/pkgconfig
2026-10-07T16:37:17.2114089Z   Python_ROOT_DIR: /opt/hostedtoolcache/Python/3.13.16/x64
2026-10-07T16:37:17.2114468Z   Python2_ROOT_DIR: /opt/hostedtoolcache/Python/3.13.16/x64
2026-10-07T16:37:17.2114897Z   Python3_ROOT_DIR: /opt/hostedtoolcache/Python/3.13.16/x64
2026-10-07T16:37:17.2115283Z   LD_LIBRARY_PATH: /opt/hostedtoolcache/Python/3.13.16/x64/lib
2026-10-07T16:37:17.2115605Z ##[endgroup]
2026-10-07T16:37:17.3787203Z With the provided path, there will be 3 files uploaded
2026-10-07T16:37:17.3806708Z Artifact name is valid!
2026-10-07T16:37:17.3807556Z Root directory input is valid!
2026-10-07T16:37:17.6017534Z Beginning upload of artifact content to blob storage
2026-10-07T16:37:17.6768039Z Uploaded bytes 2518
2026-10-07T16:37:17.6941724Z Finished uploading artifact content to blob storage!
2026-10-07T16:37:17.6943210Z SHA256 digest of uploaded artifact zip is c07934e991add897e4b891b24c859a400fac23b4d34c4dd9d80ee0e2527c8e47
2026-10-07T16:37:17.6945284Z Finalizing artifact upload
2026-10-07T16:37:17.9366651Z Artifact closure-recordings.zip successfully finalized. Artifact ID 11497771672
2026-10-07T16:37:17.9367991Z Artifact closure-recordings has been successfully uploaded! Final size is 2518 bytes. Artifact ID is 11497771672
2026-10-07T16:37:17.9370998Z Artifact download URL: https://github.com/tvofi/heatpump_optimizer/actions/runs/37649590113/artifacts/11497771672
2026-10-07T16:37:17.9552490Z Post job cleanup.
2026-10-07T16:37:18.0858060Z (node:3024) [DEP0040] DeprecationWarning: The `punycode` module is deprecated. Please use a userland alternative instead.
2026-10-07T16:37:18.0859154Z (Use `node --trace-deprecation ...` to show where the warning was created)
2026-10-07T16:37:18.1047079Z Post job cleanup.
2026-10-07T16:37:18.2610094Z Post job cleanup.
2026-10-07T16:37:18.3596943Z [command]/usr/bin/git version
2026-10-07T16:37:18.3656714Z git version 2.55.0
2026-10-07T16:37:18.3719841Z Temporarily overriding HOME='/home/runner/work/_temp/c95e81eb-6cb5-4b16-a94d-ace5e5382368' before making global git config changes
2026-10-07T16:37:18.3721455Z Adding repository directory to the temporary git global config as a safe directory
2026-10-07T16:37:18.3723314Z [command]/usr/bin/git config --global --add safe.directory /home/runner/work/heatpump_optimizer/heatpump_optimizer
2026-10-07T16:37:18.3747152Z [command]/usr/bin/git config --local --name-only --get-regexp core\.sshCommand
2026-10-07T16:37:18.3778910Z [command]/usr/bin/git submodule foreach --recursive sh -c "git config --local --name-only --get-regexp 'core\.sshCommand' && git config --local --unset-all 'core.sshCommand' || :"
2026-10-07T16:37:18.4039451Z [command]/usr/bin/git config --local --name-only --get-regexp http\.https\:\/\/github\.com\/\.extraheader
2026-10-07T16:37:18.4067455Z http.https://github.com/.extraheader
2026-10-07T16:37:18.4080743Z [command]/usr/bin/git config --local --unset-all http.https://github.com/.extraheader
2026-10-07T16:37:18.4122469Z [command]/usr/bin/git submodule foreach --recursive sh -c "git config --local --name-only --get-regexp 'http\.https\:\/\/github\.com\/\.extraheader' && git config --local --unset-all 'http.https://github.com/.extraheader' || :"
2026-10-07T16:37:18.4390340Z [command]/usr/bin/git config --local --name-only --get-regexp ^includeIf\.gitdir:
2026-10-07T16:37:18.4431065Z [command]/usr/bin/git submodule foreach --recursive git config --local --show-origin --name-only --get-regexp remote.origin.url
2026-10-07T16:37:18.4853253Z Cleaning up orphan processes
