2026-10-07T16:29:45.1789890Z Current runner version: '2.337.0'
2026-10-07T16:29:45.1815863Z ##[group]Runner Image Provisioner
2026-10-07T16:29:45.1817103Z Hosted Compute Agent
2026-10-07T16:29:45.1817740Z Version: 20261002.596
2026-10-07T16:29:45.1818470Z Commit: c3d12f3313a95f25162a1503be624f3b0617f8c0
2026-10-07T16:29:45.1819285Z Build Date: 2026-10-02T22:28:27Z
2026-10-07T16:29:45.1819958Z Worker ID: {4527778d-e962-4e54-930d-5e02156cb617}
2026-10-07T16:29:45.1820749Z Region: westus
2026-10-07T16:29:45.1821303Z Cloud: Azure
2026-10-07T16:29:45.1821925Z ##[endgroup]
2026-10-07T16:29:45.1823485Z ##[group]Operating System
2026-10-07T16:29:45.1824136Z Ubuntu
2026-10-07T16:29:45.1824776Z 24.04.5
2026-10-07T16:29:45.1825304Z LTS
2026-10-07T16:29:45.1825855Z ##[endgroup]
2026-10-07T16:29:45.1826468Z ##[group]Runner Image
2026-10-07T16:29:45.1827452Z Image: ubuntu-24.04
2026-10-07T16:29:45.1828115Z Version: 20261004.327.1
2026-10-07T16:29:45.1829426Z Included Software: https://github.com/actions/runner-images/blob/ubuntu24/20261004.327/images/ubuntu/Ubuntu2404-Readme.md
2026-10-07T16:29:45.1831083Z Image Release: https://github.com/actions/runner-images/releases/tag/ubuntu24%2F20261004.327
2026-10-07T16:29:45.1832100Z ##[endgroup]
2026-10-07T16:29:45.1833316Z ##[group]GITHUB_TOKEN Permissions
2026-10-07T16:29:45.1835449Z Contents: read
2026-10-07T16:29:45.1836236Z Metadata: read
2026-10-07T16:29:45.1837035Z ##[endgroup]
2026-10-07T16:29:45.1839256Z Secret source: Actions
2026-10-07T16:29:45.1840219Z Cache mode: write
2026-10-07T16:29:45.1840925Z Prepare workflow directory
2026-10-07T16:29:45.2413464Z Prepare all required actions
2026-10-07T16:29:45.2463493Z Getting action download info
2026-10-07T16:29:45.6518322Z Download action repository 'actions/checkout@fbc6f3992d24b796d5a048ff273f7fcc4a7b6c09' (SHA:fbc6f3992d24b796d5a048ff273f7fcc4a7b6c09)
2026-10-07T16:29:45.7693555Z Download action repository 'actions/setup-python@ece7cb06caefa5fff74198d8649806c4678c61a1' (SHA:ece7cb06caefa5fff74198d8649806c4678c61a1)
2026-10-07T16:29:45.8431110Z Download action repository 'actions/setup-node@a0853c24544627f65ddf259abe73b1d18a591444' (SHA:a0853c24544627f65ddf259abe73b1d18a591444)
2026-10-07T16:29:46.0020438Z Download action repository 'actions/upload-artifact@b7c566a772e6b6bfb58ed0dc250532a479d7789f' (SHA:b7c566a772e6b6bfb58ed0dc250532a479d7789f)
2026-10-07T16:29:46.1987447Z Complete job name: closures
2026-10-07T16:29:46.2786564Z ##[group]Run actions/checkout@fbc6f3992d24b796d5a048ff273f7fcc4a7b6c09
2026-10-07T16:29:46.2788156Z with:
2026-10-07T16:29:46.2788656Z   fetch-depth: 0
2026-10-07T16:29:46.2789185Z   repository: tvofi/heatpump_optimizer
2026-10-07T16:29:46.2793515Z   token: ***
2026-10-07T16:29:46.2794009Z   ssh-strict: true
2026-10-07T16:29:46.2794489Z   ssh-user: git
2026-10-07T16:29:46.2794985Z   persist-credentials: true
2026-10-07T16:29:46.2795519Z   clean: true
2026-10-07T16:29:46.2796016Z   sparse-checkout-cone-mode: true
2026-10-07T16:29:46.2796590Z   fetch-tags: false
2026-10-07T16:29:46.2797264Z   show-progress: true
2026-10-07T16:29:46.2797825Z   lfs: false
2026-10-07T16:29:46.2798312Z   submodules: false
2026-10-07T16:29:46.2798814Z   set-safe-directory: true
2026-10-07T16:29:46.2799376Z   allow-unsafe-pr-checkout: false
2026-10-07T16:29:46.2800230Z env:
2026-10-07T16:29:46.2800706Z   DOCS_ONLY_FAST: false
2026-10-07T16:29:46.2801224Z ##[endgroup]
2026-10-07T16:29:46.3861329Z Syncing repository: tvofi/heatpump_optimizer
2026-10-07T16:29:46.3863366Z ##[group]Getting Git version info
2026-10-07T16:29:46.3864302Z Working directory is '/home/runner/work/heatpump_optimizer/heatpump_optimizer'
2026-10-07T16:29:46.3865822Z [command]/usr/bin/git version
2026-10-07T16:29:46.4075863Z git version 2.55.0
2026-10-07T16:29:46.4086159Z ##[endgroup]
2026-10-07T16:29:46.4094749Z Temporarily overriding HOME='/home/runner/work/_temp/8453305d-613d-41da-832a-ae9ad2dc2ff5' before making global git config changes
2026-10-07T16:29:46.4097240Z Adding repository directory to the temporary git global config as a safe directory
2026-10-07T16:29:46.4099647Z [command]/usr/bin/git config --global --add safe.directory /home/runner/work/heatpump_optimizer/heatpump_optimizer
2026-10-07T16:29:46.4103851Z Deleting the contents of '/home/runner/work/heatpump_optimizer/heatpump_optimizer'
2026-10-07T16:29:46.4110595Z ##[group]Initializing the repository
2026-10-07T16:29:46.4116067Z [command]/usr/bin/git init /home/runner/work/heatpump_optimizer/heatpump_optimizer
2026-10-07T16:29:46.4243145Z hint: Using 'master' as the name for the initial branch. This default branch name
2026-10-07T16:29:46.4245493Z hint: will change to "main" in Git 3.0. To configure the initial branch name
2026-10-07T16:29:46.4247689Z hint: to use in all of your new repositories, which will suppress this warning,
2026-10-07T16:29:46.4249289Z hint: call:
2026-10-07T16:29:46.4250262Z hint:
2026-10-07T16:29:46.4251376Z hint: 	git config --global init.defaultBranch <name>
2026-10-07T16:29:46.4252222Z hint:
2026-10-07T16:29:46.4252964Z hint: Names commonly chosen instead of 'master' are 'main', 'trunk' and
2026-10-07T16:29:46.4254189Z hint: 'development'. The just-created branch can be renamed via this command:
2026-10-07T16:29:46.4255110Z hint:
2026-10-07T16:29:46.4255643Z hint: 	git branch -m <name>
2026-10-07T16:29:46.4256244Z hint:
2026-10-07T16:29:46.4257293Z hint: Disable this message with "git config set advice.defaultBranchName false"
2026-10-07T16:29:46.4259727Z Initialized empty Git repository in /home/runner/work/heatpump_optimizer/heatpump_optimizer/.git/
2026-10-07T16:29:46.4263352Z [command]/usr/bin/git remote add origin https://github.com/tvofi/heatpump_optimizer
2026-10-07T16:29:46.4377316Z ##[endgroup]
2026-10-07T16:29:46.4378829Z ##[group]Disabling automatic garbage collection
2026-10-07T16:29:46.4391169Z [command]/usr/bin/git config --local gc.auto 0
2026-10-07T16:29:46.4449556Z ##[endgroup]
2026-10-07T16:29:46.4451357Z ##[group]Setting up auth
2026-10-07T16:29:46.4453012Z [command]/usr/bin/git config --local --name-only --get-regexp core\.sshCommand
2026-10-07T16:29:46.4499926Z [command]/usr/bin/git submodule foreach --recursive sh -c "git config --local --name-only --get-regexp 'core\.sshCommand' && git config --local --unset-all 'core.sshCommand' || :"
2026-10-07T16:29:46.4894812Z [command]/usr/bin/git config --local --name-only --get-regexp http\.https\:\/\/github\.com\/\.extraheader
2026-10-07T16:29:46.4935774Z [command]/usr/bin/git submodule foreach --recursive sh -c "git config --local --name-only --get-regexp 'http\.https\:\/\/github\.com\/\.extraheader' && git config --local --unset-all 'http.https://github.com/.extraheader' || :"
2026-10-07T16:29:46.5167918Z [command]/usr/bin/git config --local --name-only --get-regexp ^includeIf\.gitdir:
2026-10-07T16:29:46.5204949Z [command]/usr/bin/git submodule foreach --recursive git config --local --show-origin --name-only --get-regexp remote.origin.url
2026-10-07T16:29:46.5437465Z [command]/usr/bin/git config --local http.https://github.com/.extraheader AUTHORIZATION: basic ***
2026-10-07T16:29:46.5479824Z ##[endgroup]
2026-10-07T16:29:46.5481534Z ##[group]Fetching the repository
2026-10-07T16:29:46.5492840Z [command]/usr/bin/git -c protocol.version=2 fetch --prune --no-recurse-submodules origin +refs/heads/*:refs/remotes/origin/* +refs/tags/*:refs/tags/* +3f9ac2a2f92eb52038fa83a4013c7139fa76ad1e:refs/remotes/pull/2010/merge
2026-10-07T16:29:54.6627714Z From https://github.com/tvofi/heatpump_optimizer
2026-10-07T16:29:54.6628879Z  * [new branch]        bus/approvals           -> origin/bus/approvals
2026-10-07T16:29:54.6629968Z  * [new branch]        cursor/r9-eg-entry-config-9aac -> origin/cursor/r9-eg-entry-config-9aac
2026-10-07T16:29:54.6631157Z  * [new branch]        cursor/r9-sw-1-resume-826f -> origin/cursor/r9-sw-1-resume-826f
2026-10-07T16:29:54.6632241Z  * [new branch]        cursor/r9-sw-2-actuation-6d19 -> origin/cursor/r9-sw-2-actuation-6d19
2026-10-07T16:29:54.6633288Z  * [new branch]        fix/r9-dbg-1            -> origin/fix/r9-dbg-1
2026-10-07T16:29:54.6634216Z  * [new branch]        fix/r9-eg-entry-config  -> origin/fix/r9-eg-entry-config
2026-10-07T16:29:54.6635675Z  * [new branch]        fix/r9-nightly-bdr      -> origin/fix/r9-nightly-bdr
2026-10-07T16:29:54.6636573Z  * [new branch]        fix/r9-rca-2004         -> origin/fix/r9-rca-2004
2026-10-07T16:29:54.6637833Z  * [new branch]        fix/r9-rca-stress-recording -> origin/fix/r9-rca-stress-recording
2026-10-07T16:29:54.6638854Z  * [new branch]        fix/r9-ro-10            -> origin/fix/r9-ro-10
2026-10-07T16:29:54.6639792Z  * [new branch]        fix/r9-ro-8             -> origin/fix/r9-ro-8
2026-10-07T16:29:54.6640675Z  * [new branch]        fix/r9-sw-actuation     -> origin/fix/r9-sw-actuation
2026-10-07T16:29:54.6641578Z  * [new branch]        fix/r9-ux-actions       -> origin/fix/r9-ux-actions
2026-10-07T16:29:54.6642147Z  * [new branch]        fix/r9-ux9              -> origin/fix/r9-ux9
2026-10-07T16:29:54.6642804Z  * [new branch]        handoff-body/r9-closures-eg-b7 -> origin/handoff-body/r9-closures-eg-b7
2026-10-07T16:29:54.6643446Z  * [new branch]        handoff-body/r9-dbg-1   -> origin/handoff-body/r9-dbg-1
2026-10-07T16:29:54.6644076Z  * [new branch]        handoff-body/r9-eg-b7-harness -> origin/handoff-body/r9-eg-b7-harness
2026-10-07T16:29:54.6645049Z  * [new branch]        handoff-body/r9-eg-coordinator-seams -> origin/handoff-body/r9-eg-coordinator-seams
2026-10-07T16:29:54.6646178Z  * [new branch]        handoff-body/r9-eg-entry-config -> origin/handoff-body/r9-eg-entry-config
2026-10-07T16:29:54.6647206Z  * [new branch]        handoff-body/r9-eg-solve-inputs -> origin/handoff-body/r9-eg-solve-inputs
2026-10-07T16:29:54.6648018Z  * [new branch]        handoff-body/r9-nightly-bdr -> origin/handoff-body/r9-nightly-bdr
2026-10-07T16:29:54.6649124Z  * [new branch]        handoff-body/r9-prepr-selftest -> origin/handoff-body/r9-prepr-selftest
2026-10-07T16:29:54.6649871Z  * [new branch]        handoff-body/r9-rca-1985 -> origin/handoff-body/r9-rca-1985
2026-10-07T16:29:54.6650841Z  * [new branch]        handoff-body/r9-rca-1990 -> origin/handoff-body/r9-rca-1990
2026-10-07T16:29:54.6651432Z  * [new branch]        handoff-body/r9-rca-2004 -> origin/handoff-body/r9-rca-2004
2026-10-07T16:29:54.6652113Z  * [new branch]        handoff-body/r9-rca-stress-recording -> origin/handoff-body/r9-rca-stress-recording
2026-10-07T16:29:54.6652809Z  * [new branch]        handoff-body/r9-record-path -> origin/handoff-body/r9-record-path
2026-10-07T16:29:54.6653621Z  * [new branch]        handoff-body/r9-ro-10   -> origin/handoff-body/r9-ro-10
2026-10-07T16:29:54.6654555Z  * [new branch]        handoff-body/r9-ro-8    -> origin/handoff-body/r9-ro-8
2026-10-07T16:29:54.6655410Z  * [new branch]        handoff-body/r9-sw-5    -> origin/handoff-body/r9-sw-5
2026-10-07T16:29:54.6656339Z  * [new branch]        handoff-body/r9-sw-actuation -> origin/handoff-body/r9-sw-actuation
2026-10-07T16:29:54.6657226Z  * [new branch]        handoff-body/r9-sw6     -> origin/handoff-body/r9-sw6
2026-10-07T16:29:54.6657798Z  * [new branch]        handoff-body/r9-ux-actions -> origin/handoff-body/r9-ux-actions
2026-10-07T16:29:54.6658679Z  * [new branch]        handoff-body/r9-ux9     -> origin/handoff-body/r9-ux9
2026-10-07T16:29:54.6659212Z  * [new branch]        handoff/audit-r9-alt    -> origin/handoff/audit-r9-alt
2026-10-07T16:29:54.6659779Z  * [new branch]        handoff/audit-r9-evidence -> origin/handoff/audit-r9-evidence
2026-10-07T16:29:54.6660382Z  * [new branch]        handoff/audit-r9-find-B1 -> origin/handoff/audit-r9-find-B1
2026-10-07T16:29:54.6660958Z  * [new branch]        handoff/audit-r9-find-B10 -> origin/handoff/audit-r9-find-B10
2026-10-07T16:29:54.6661525Z  * [new branch]        handoff/audit-r9-find-B2 -> origin/handoff/audit-r9-find-B2
2026-10-07T16:29:54.6662083Z  * [new branch]        handoff/audit-r9-find-B3 -> origin/handoff/audit-r9-find-B3
2026-10-07T16:29:54.6662648Z  * [new branch]        handoff/audit-r9-find-B4 -> origin/handoff/audit-r9-find-B4
2026-10-07T16:29:54.6663284Z  * [new branch]        handoff/audit-r9-find-B5 -> origin/handoff/audit-r9-find-B5
2026-10-07T16:29:54.6663978Z  * [new branch]        handoff/audit-r9-find-B6 -> origin/handoff/audit-r9-find-B6
2026-10-07T16:29:54.6664871Z  * [new branch]        handoff/audit-r9-find-B7 -> origin/handoff/audit-r9-find-B7
2026-10-07T16:29:54.6665437Z  * [new branch]        handoff/audit-r9-find-B8 -> origin/handoff/audit-r9-find-B8
2026-10-07T16:29:54.6666043Z  * [new branch]        handoff/audit-r9-find-B9 -> origin/handoff/audit-r9-find-B9
2026-10-07T16:29:54.6666617Z  * [new branch]        handoff/audit-r9-fixplan -> origin/handoff/audit-r9-fixplan
2026-10-07T16:29:54.6667679Z  * [new branch]        handoff/audit-r9-issues -> origin/handoff/audit-r9-issues
2026-10-07T16:29:54.6668255Z  * [new branch]        handoff/audit-r9-judge  -> origin/handoff/audit-r9-judge
2026-10-07T16:29:54.6668801Z  * [new branch]        handoff/audit-r9-leads  -> origin/handoff/audit-r9-leads
2026-10-07T16:29:54.6669433Z  * [new branch]        handoff/audit-r9-leads-l2 -> origin/handoff/audit-r9-leads-l2
2026-10-07T16:29:54.6670097Z  * [new branch]        handoff/audit-r9-leads-l3 -> origin/handoff/audit-r9-leads-l3
2026-10-07T16:29:54.6670769Z  * [new branch]        handoff/audit-r9-leads-l4 -> origin/handoff/audit-r9-leads-l4
2026-10-07T16:29:54.6671428Z  * [new branch]        handoff/audit-r9-leads-lc -> origin/handoff/audit-r9-leads-lc
2026-10-07T16:29:54.6672081Z  * [new branch]        handoff/audit-r9-plan   -> origin/handoff/audit-r9-plan
2026-10-07T16:29:54.6672716Z  * [new branch]        handoff/audit-r9-register -> origin/handoff/audit-r9-register
2026-10-07T16:29:54.6673361Z  * [new branch]        handoff/audit-r9-runner-1 -> origin/handoff/audit-r9-runner-1
2026-10-07T16:29:54.6674012Z  * [new branch]        handoff/audit-r9-sweep-s1 -> origin/handoff/audit-r9-sweep-s1
2026-10-07T16:29:54.6674662Z  * [new branch]        handoff/audit-r9-sweep-s2 -> origin/handoff/audit-r9-sweep-s2
2026-10-07T16:29:54.6675306Z  * [new branch]        handoff/audit-r9-sweep-s3 -> origin/handoff/audit-r9-sweep-s3
2026-10-07T16:29:54.6675948Z  * [new branch]        handoff/audit-r9-sweep-s4 -> origin/handoff/audit-r9-sweep-s4
2026-10-07T16:29:54.6676602Z  * [new branch]        handoff/audit-r9-sweep-s5 -> origin/handoff/audit-r9-sweep-s5
2026-10-07T16:29:54.6678120Z  * [new branch]        handoff/audit-r9-sweep-s6 -> origin/handoff/audit-r9-sweep-s6
2026-10-07T16:29:54.6678990Z  * [new branch]        handoff/audit-r9-sweep-s7 -> origin/handoff/audit-r9-sweep-s7
2026-10-07T16:29:54.6679746Z  * [new branch]        handoff/audit-r9-verify-g1-v1 -> origin/handoff/audit-r9-verify-g1-v1
2026-10-07T16:29:54.6680543Z  * [new branch]        handoff/audit-r9-verify-g1-v2 -> origin/handoff/audit-r9-verify-g1-v2
2026-10-07T16:29:54.6681264Z  * [new branch]        handoff/audit-r9-verify-g1-v3 -> origin/handoff/audit-r9-verify-g1-v3
2026-10-07T16:29:54.6681983Z  * [new branch]        handoff/audit-r9-verify-g2-v1 -> origin/handoff/audit-r9-verify-g2-v1
2026-10-07T16:29:54.6682691Z  * [new branch]        handoff/audit-r9-verify-g2-v2 -> origin/handoff/audit-r9-verify-g2-v2
2026-10-07T16:29:54.6683420Z  * [new branch]        handoff/audit-r9-verify-g2-v3 -> origin/handoff/audit-r9-verify-g2-v3
2026-10-07T16:29:54.6684131Z  * [new branch]        handoff/audit-r9-verify-g3-v1 -> origin/handoff/audit-r9-verify-g3-v1
2026-10-07T16:29:54.6684842Z  * [new branch]        handoff/audit-r9-verify-g3-v2 -> origin/handoff/audit-r9-verify-g3-v2
2026-10-07T16:29:54.6685560Z  * [new branch]        handoff/audit-r9-verify-g3-v3 -> origin/handoff/audit-r9-verify-g3-v3
2026-10-07T16:29:54.6686278Z  * [new branch]        handoff/audit-r9-verify-g4-v1 -> origin/handoff/audit-r9-verify-g4-v1
2026-10-07T16:29:54.6687289Z  * [new branch]        handoff/audit-r9-verify-g4-v2 -> origin/handoff/audit-r9-verify-g4-v2
2026-10-07T16:29:54.6688043Z  * [new branch]        handoff/audit-r9-verify-g4-v3 -> origin/handoff/audit-r9-verify-g4-v3
2026-10-07T16:29:54.6688740Z  * [new branch]        handoff/r9-closures-eg-b7 -> origin/handoff/r9-closures-eg-b7
2026-10-07T16:29:54.6689356Z  * [new branch]        handoff/r9-dbg-0        -> origin/handoff/r9-dbg-0
2026-10-07T16:29:54.6690101Z  * [new branch]        handoff/r9-dbg-1        -> origin/handoff/r9-dbg-1
2026-10-07T16:29:54.6690672Z  * [new branch]        handoff/r9-dbg-3        -> origin/handoff/r9-dbg-3
2026-10-07T16:29:54.6691235Z  * [new branch]        handoff/r9-diag-1       -> origin/handoff/r9-diag-1
2026-10-07T16:29:54.6691830Z  * [new branch]        handoff/r9-diag-2s      -> origin/handoff/r9-diag-2s
2026-10-07T16:29:54.6692447Z  * [new branch]        handoff/r9-eg-archscore -> origin/handoff/r9-eg-archscore
2026-10-07T16:29:54.6693038Z  * [new branch]        handoff/r9-eg-b0        -> origin/handoff/r9-eg-b0
2026-10-07T16:29:54.6693640Z  * [new branch]        handoff/r9-eg-b7-harness -> origin/handoff/r9-eg-b7-harness
2026-10-07T16:29:54.6694415Z  * [new branch]        handoff/r9-eg-collaborator-interfaces -> origin/handoff/r9-eg-collaborator-interfaces
2026-10-07T16:29:54.6695240Z  * [new branch]        handoff/r9-eg-coordinator-seams -> origin/handoff/r9-eg-coordinator-seams
2026-10-07T16:29:54.6696213Z  * [new branch]        handoff/r9-eg-dhw-closure-dedupe-v2 -> origin/handoff/r9-eg-dhw-closure-dedupe-v2
2026-10-07T16:29:54.6697305Z  * [new branch]        handoff/r9-eg-dhw-planner -> origin/handoff/r9-eg-dhw-planner
2026-10-07T16:29:54.6698032Z  * [new branch]        handoff/r9-eg-entry-config -> origin/handoff/r9-eg-entry-config
2026-10-07T16:29:54.6698684Z  * [new branch]        handoff/r9-eg-one-copy  -> origin/handoff/r9-eg-one-copy
2026-10-07T16:29:54.6699345Z  * [new branch]        handoff/r9-eg-param-objects -> origin/handoff/r9-eg-param-objects
2026-10-07T16:29:54.6700163Z  * [new branch]        handoff/r9-eg-register-fold -> origin/handoff/r9-eg-register-fold
2026-10-07T16:29:54.6700863Z  * [new branch]        handoff/r9-eg-solve-inputs -> origin/handoff/r9-eg-solve-inputs
2026-10-07T16:29:54.6701677Z  * [new branch]        handoff/r9-eg-store-version -> origin/handoff/r9-eg-store-version
2026-10-07T16:29:54.6702419Z  * [new branch]        handoff/r9-eg-surface-identity -> origin/handoff/r9-eg-surface-identity
2026-10-07T16:29:54.6703149Z  * [new branch]        handoff/r9-eg-typed-payload -> origin/handoff/r9-eg-typed-payload
2026-10-07T16:29:54.6703854Z  * [new branch]        handoff/r9-eg-typed-payload-b -> origin/handoff/r9-eg-typed-payload-b
2026-10-07T16:29:54.6704720Z  * [new branch]        handoff/r9-f1-coordinator-10 -> origin/handoff/r9-f1-coordinator-10
2026-10-07T16:29:54.6705437Z  * [new branch]        handoff/r9-f1-coordinator-2 -> origin/handoff/r9-f1-coordinator-2
2026-10-07T16:29:54.6706108Z  * [new branch]        handoff/r9-f1-coordinator-3 -> origin/handoff/r9-f1-coordinator-3
2026-10-07T16:29:54.6707450Z  * [new branch]        handoff/r9-f1-coordinator-4 -> origin/handoff/r9-f1-coordinator-4
2026-10-07T16:29:54.6708450Z  * [new branch]        handoff/r9-f1-coordinator-5 -> origin/handoff/r9-f1-coordinator-5
2026-10-07T16:29:54.6709118Z  * [new branch]        handoff/r9-f1-coordinator-7 -> origin/handoff/r9-f1-coordinator-7
2026-10-07T16:29:54.6709870Z  * [new branch]        handoff/r9-f1-coordinator-7-review -> origin/handoff/r9-f1-coordinator-7-review
2026-10-07T16:29:54.6710544Z  * [new branch]        handoff/r9-f10-12       -> origin/handoff/r9-f10-12
2026-10-07T16:29:54.6711098Z  * [new branch]        handoff/r9-f10-13       -> origin/handoff/r9-f10-13
2026-10-07T16:29:54.6711858Z  * [new branch]        handoff/r9-f10-14       -> origin/handoff/r9-f10-14
2026-10-07T16:29:54.6712771Z  * [new branch]        handoff/r9-f10-15       -> origin/handoff/r9-f10-15
2026-10-07T16:29:54.6713328Z  * [new branch]        handoff/r9-f10-16       -> origin/handoff/r9-f10-16
2026-10-07T16:29:54.6713977Z  * [new branch]        handoff/r9-f10-ci-efficiency -> origin/handoff/r9-f10-ci-efficiency
2026-10-07T16:29:54.6714746Z  * [new branch]        handoff/r9-f10-claims-baseline-rca -> origin/handoff/r9-f10-claims-baseline-rca
2026-10-07T16:29:54.6715528Z  * [new branch]        handoff/r9-f10-closure-runalways -> origin/handoff/r9-f10-closure-runalways
2026-10-07T16:29:54.6716455Z  * [new branch]        handoff/r9-f10-gate-infra-1 -> origin/handoff/r9-f10-gate-infra-1
2026-10-07T16:29:54.6717564Z  * [new branch]        handoff/r9-f10-gate-infra-1d -> origin/handoff/r9-f10-gate-infra-1d
2026-10-07T16:29:54.6718267Z  * [new branch]        handoff/r9-f10-gate-infra-4 -> origin/handoff/r9-f10-gate-infra-4
2026-10-07T16:29:54.6718944Z  * [new branch]        handoff/r9-f10-gate-infra-5 -> origin/handoff/r9-f10-gate-infra-5
2026-10-07T16:29:54.6719599Z  * [new branch]        handoff/r9-f10-gate-infra-6 -> origin/handoff/r9-f10-gate-infra-6
2026-10-07T16:29:54.6720300Z  * [new branch]        handoff/r9-f10-harness-timeout -> origin/handoff/r9-f10-harness-timeout
2026-10-07T16:29:54.6721184Z  * [new branch]        handoff/r9-f10-loop-heartbeat -> origin/handoff/r9-f10-loop-heartbeat
2026-10-07T16:29:54.6721909Z  * [new branch]        handoff/r9-f10-merge-queue -> origin/handoff/r9-f10-merge-queue
2026-10-07T16:29:54.6722568Z  * [new branch]        handoff/r9-f11-governance-1 -> origin/handoff/r9-f11-governance-1
2026-10-07T16:29:54.6723225Z  * [new branch]        handoff/r9-f11-governance-3 -> origin/handoff/r9-f11-governance-3
2026-10-07T16:29:54.6723879Z  * [new branch]        handoff/r9-f11-governance-4 -> origin/handoff/r9-f11-governance-4
2026-10-07T16:29:54.6724610Z  * [new branch]        handoff/r9-f11-governance-4-review -> origin/handoff/r9-f11-governance-4-review
2026-10-07T16:29:54.6725332Z  * [new branch]        handoff/r9-f11-governance-5 -> origin/handoff/r9-f11-governance-5
2026-10-07T16:29:54.6725983Z  * [new branch]        handoff/r9-f11-governance-6 -> origin/handoff/r9-f11-governance-6
2026-10-07T16:29:54.6726628Z  * [new branch]        handoff/r9-f11-governance-7 -> origin/handoff/r9-f11-governance-7
2026-10-07T16:29:54.6727572Z  * [new branch]        handoff/r9-f2-solver-1  -> origin/handoff/r9-f2-solver-1
2026-10-07T16:29:54.6728173Z  * [new branch]        handoff/r9-f2-solver-3  -> origin/handoff/r9-f2-solver-3
2026-10-07T16:29:54.6728764Z  * [new branch]        handoff/r9-f2-solver-4  -> origin/handoff/r9-f2-solver-4
2026-10-07T16:29:54.6729352Z  * [new branch]        handoff/r9-f2-solver-5  -> origin/handoff/r9-f2-solver-5
2026-10-07T16:29:54.6729930Z  * [new branch]        handoff/r9-f3-stores-1  -> origin/handoff/r9-f3-stores-1
2026-10-07T16:29:54.6730672Z  * [new branch]        handoff/r9-f3-stores-3  -> origin/handoff/r9-f3-stores-3
2026-10-07T16:29:54.6731330Z  * [new branch]        handoff/r9-f4-inputs-sysid-1 -> origin/handoff/r9-f4-inputs-sysid-1
2026-10-07T16:29:54.6732023Z  * [new branch]        handoff/r9-f4-inputs-sysid-2 -> origin/handoff/r9-f4-inputs-sysid-2
2026-10-07T16:29:54.6732694Z  * [new branch]        handoff/r9-f5-config-text-1 -> origin/handoff/r9-f5-config-text-1
2026-10-07T16:29:54.6733308Z  * [new branch]        handoff/r9-f6-card-1    -> origin/handoff/r9-f6-card-1
2026-10-07T16:29:54.6733883Z  * [new branch]        handoff/r9-f6-card-2    -> origin/handoff/r9-f6-card-2
2026-10-07T16:29:54.6734454Z  * [new branch]        handoff/r9-f6-card-4    -> origin/handoff/r9-f6-card-4
2026-10-07T16:29:54.6735070Z  * [new branch]        handoff/r9-f7-entities-1 -> origin/handoff/r9-f7-entities-1
2026-10-07T16:29:54.6735687Z  * [new branch]        handoff/r9-f7-entities-2 -> origin/handoff/r9-f7-entities-2
2026-10-07T16:29:54.6736335Z  * [new branch]        handoff/r9-f7-family-splits -> origin/handoff/r9-f7-family-splits
2026-10-07T16:29:54.6737132Z  * [new branch]        handoff/r9-f8-docs-1    -> origin/handoff/r9-f8-docs-1
2026-10-07T16:29:54.6737713Z  * [new branch]        handoff/r9-f8-docs-2    -> origin/handoff/r9-f8-docs-2
2026-10-07T16:29:54.6738288Z  * [new branch]        handoff/r9-f8-docs-3    -> origin/handoff/r9-f8-docs-3
2026-10-07T16:29:54.6738885Z  * [new branch]        handoff/r9-f9-test-pins-2 -> origin/handoff/r9-f9-test-pins-2
2026-10-07T16:29:54.6739524Z  * [new branch]        handoff/r9-f9-test-pins-3 -> origin/handoff/r9-f9-test-pins-3
2026-10-07T16:29:54.6740119Z  * [new branch]        handoff/r9-fr-10        -> origin/handoff/r9-fr-10
2026-10-07T16:29:54.6740874Z  * [new branch]        handoff/r9-friction-study -> origin/handoff/r9-friction-study
2026-10-07T16:29:54.6741530Z  * [new branch]        handoff/r9-nightly-bdr  -> origin/handoff/r9-nightly-bdr
2026-10-07T16:29:54.6742491Z  * [new branch]        handoff/r9-nightly-status-k5uati -> origin/handoff/r9-nightly-status-k5uati
2026-10-07T16:29:54.6743243Z  * [new branch]        handoff/r9-prepr-selftest -> origin/handoff/r9-prepr-selftest
2026-10-07T16:29:54.6743850Z  * [new branch]        handoff/r9-proc-1       -> origin/handoff/r9-proc-1
2026-10-07T16:29:54.6744405Z  * [new branch]        handoff/r9-proc-3       -> origin/handoff/r9-proc-3
2026-10-07T16:29:54.6744955Z  * [new branch]        handoff/r9-proc-4       -> origin/handoff/r9-proc-4
2026-10-07T16:29:54.6745501Z  * [new branch]        handoff/r9-proc-5       -> origin/handoff/r9-proc-5
2026-10-07T16:29:54.6746132Z  * [new branch]        handoff/r9-rc-prcontract-fix -> origin/handoff/r9-rc-prcontract-fix
2026-10-07T16:29:54.6747149Z  * [new branch]        handoff/r9-rca-1985     -> origin/handoff/r9-rca-1985
2026-10-07T16:29:54.6748190Z  * [new branch]        handoff/r9-rca-1990     -> origin/handoff/r9-rca-1990
2026-10-07T16:29:54.6748929Z  * [new branch]        handoff/r9-rca-2004     -> origin/handoff/r9-rca-2004
2026-10-07T16:29:54.6749901Z  * [new branch]        handoff/r9-rca-avoidable-interpreter-bound-recomputation -> origin/handoff/r9-rca-avoidable-interpreter-bound-recomputation
2026-10-07T16:29:54.6751146Z  * [new branch]        handoff/r9-rca-cpu-gate-blind -> origin/handoff/r9-rca-cpu-gate-blind
2026-10-07T16:29:54.6751956Z  * [new branch]        handoff/r9-rca-i1       -> origin/handoff/r9-rca-i1
2026-10-07T16:29:54.6752920Z  * [new branch]        handoff/r9-rca-i3       -> origin/handoff/r9-rca-i3
2026-10-07T16:29:54.6753543Z  * [new branch]        handoff/r9-rca-i4       -> origin/handoff/r9-rca-i4
2026-10-07T16:29:54.6754089Z  * [new branch]        handoff/r9-rca-i5       -> origin/handoff/r9-rca-i5
2026-10-07T16:29:54.6754672Z  * [new branch]        handoff/r9-rca-p1       -> origin/handoff/r9-rca-p1
2026-10-07T16:29:54.6755243Z  * [new branch]        handoff/r9-rca-p11      -> origin/handoff/r9-rca-p11
2026-10-07T16:29:54.6755813Z  * [new branch]        handoff/r9-rca-p2       -> origin/handoff/r9-rca-p2
2026-10-07T16:29:54.6756593Z  * [new branch]        handoff/r9-rca-p3       -> origin/handoff/r9-rca-p3
2026-10-07T16:29:54.6757553Z  * [new branch]        handoff/r9-rca-p5       -> origin/handoff/r9-rca-p5
2026-10-07T16:29:54.6758119Z  * [new branch]        handoff/r9-rca-p6       -> origin/handoff/r9-rca-p6
2026-10-07T16:29:54.6758679Z  * [new branch]        handoff/r9-rca-p9       -> origin/handoff/r9-rca-p9
2026-10-07T16:29:54.6759861Z  * [new branch]        handoff/r9-rca-persisted-future-instant-trusted-without-bound -> origin/handoff/r9-rca-persisted-future-instant-trusted-without-bound
2026-10-07T16:29:54.6760963Z  * [new branch]        handoff/r9-rca-stress-recording -> origin/handoff/r9-rca-stress-recording
2026-10-07T16:29:54.6761671Z  * [new branch]        handoff/r9-record-path  -> origin/handoff/r9-record-path
2026-10-07T16:29:54.6762256Z  * [new branch]        handoff/r9-ro-1         -> origin/handoff/r9-ro-1
2026-10-07T16:29:54.6762812Z  * [new branch]        handoff/r9-ro-10        -> origin/handoff/r9-ro-10
2026-10-07T16:29:54.6763363Z  * [new branch]        handoff/r9-ro-2         -> origin/handoff/r9-ro-2
2026-10-07T16:29:54.6763900Z  * [new branch]        handoff/r9-ro-3         -> origin/handoff/r9-ro-3
2026-10-07T16:29:54.6764425Z  * [new branch]        handoff/r9-ro-4         -> origin/handoff/r9-ro-4
2026-10-07T16:29:54.6764958Z  * [new branch]        handoff/r9-ro-5         -> origin/handoff/r9-ro-5
2026-10-07T16:29:54.6765484Z  * [new branch]        handoff/r9-ro-6         -> origin/handoff/r9-ro-6
2026-10-07T16:29:54.6766006Z  * [new branch]        handoff/r9-ro-7         -> origin/handoff/r9-ro-7
2026-10-07T16:29:54.6766530Z  * [new branch]        handoff/r9-ro-8         -> origin/handoff/r9-ro-8
2026-10-07T16:29:54.6767757Z  * [new branch]        handoff/r9-sw-5         -> origin/handoff/r9-sw-5
2026-10-07T16:29:54.6768353Z  * [new branch]        handoff/r9-sw-actuation -> origin/handoff/r9-sw-actuation
2026-10-07T16:29:54.6768946Z  * [new branch]        handoff/r9-sw-card      -> origin/handoff/r9-sw-card
2026-10-07T16:29:54.6769538Z  * [new branch]        handoff/r9-sw-gchv      -> origin/handoff/r9-sw-gchv
2026-10-07T16:29:54.6770114Z  * [new branch]        handoff/r9-sw-model     -> origin/handoff/r9-sw-model
2026-10-07T16:29:54.6770668Z  * [new branch]        handoff/r9-sw6          -> origin/handoff/r9-sw6
2026-10-07T16:29:54.6771264Z  * [new branch]        handoff/r9-ux-actions   -> origin/handoff/r9-ux-actions
2026-10-07T16:29:54.6771865Z  * [new branch]        handoff/r9-ux-events    -> origin/handoff/r9-ux-events
2026-10-07T16:29:54.6772441Z  * [new branch]        handoff/r9-ux-health    -> origin/handoff/r9-ux-health
2026-10-07T16:29:54.6773068Z  * [new branch]        handoff/r9-ux-insight-text -> origin/handoff/r9-ux-insight-text
2026-10-07T16:29:54.6773678Z  * [new branch]        handoff/r9-ux9          -> origin/handoff/r9-ux9
2026-10-07T16:29:54.6774234Z  * [new branch]        handoff/r9-web-3        -> origin/handoff/r9-web-3
2026-10-07T16:29:54.6774784Z  * [new branch]        handoff/r9-web-4        -> origin/handoff/r9-web-4
2026-10-07T16:29:54.6775324Z  * [new branch]        handoff/r9-web-5        -> origin/handoff/r9-web-5
2026-10-07T16:29:54.6775890Z  * [new branch]        handoff/r9-web-page     -> origin/handoff/r9-web-page
2026-10-07T16:29:54.6776460Z  * [new branch]        handoff/rca-1747        -> origin/handoff/rca-1747
2026-10-07T16:29:54.6777265Z  * [new branch]        handoff/repo-reorg-plan -> origin/handoff/repo-reorg-plan
2026-10-07T16:29:54.6777942Z  * [new branch]        handoff/silent-windows-plan -> origin/handoff/silent-windows-plan
2026-10-07T16:29:54.6778528Z  * [new branch]        main                    -> origin/main
2026-10-07T16:29:54.6779045Z  * [new branch]        record/autofix          -> origin/record/autofix
2026-10-07T16:29:54.6779569Z  * [new branch]        review/1987             -> origin/review/1987
2026-10-07T16:29:54.6780075Z  * [new branch]        review/1997             -> origin/review/1997
2026-10-07T16:29:54.6780736Z  * [new branch]        review/2002             -> origin/review/2002
2026-10-07T16:29:54.6781255Z  * [new branch]        review/2006             -> origin/review/2006
2026-10-07T16:29:54.6781760Z  * [new branch]        review/2007             -> origin/review/2007
2026-10-07T16:29:54.6782255Z  * [new branch]        review/2010             -> origin/review/2010
2026-10-07T16:29:54.6782754Z  * [new branch]        review/2011             -> origin/review/2011
2026-10-07T16:29:54.6783246Z  * [new branch]        review/2012             -> origin/review/2012
2026-10-07T16:29:54.6783740Z  * [new branch]        review/2013             -> origin/review/2013
2026-10-07T16:29:54.6784232Z  * [new branch]        review/2014             -> origin/review/2014
2026-10-07T16:29:54.6784739Z  * [new branch]        review/2015             -> origin/review/2015
2026-10-07T16:29:54.6785237Z  * [new branch]        review/2017             -> origin/review/2017
2026-10-07T16:29:54.6785736Z  * [new branch]        review/2018             -> origin/review/2018
2026-10-07T16:29:54.6786235Z  * [new branch]        review/2021             -> origin/review/2021
2026-10-07T16:29:54.6786873Z  * [new branch]        review/2022             -> origin/review/2022
2026-10-07T16:29:54.6787393Z  * [new branch]        verdict/1987            -> origin/verdict/1987
2026-10-07T16:29:54.6787901Z  * [new branch]        verdict/1997            -> origin/verdict/1997
2026-10-07T16:29:54.6788407Z  * [new branch]        verdict/2002            -> origin/verdict/2002
2026-10-07T16:29:54.6788909Z  * [new branch]        verdict/2006            -> origin/verdict/2006
2026-10-07T16:29:54.6789402Z  * [new branch]        verdict/2007            -> origin/verdict/2007
2026-10-07T16:29:54.6790051Z  * [new branch]        verdict/2010            -> origin/verdict/2010
2026-10-07T16:29:54.6790550Z  * [new branch]        verdict/2011            -> origin/verdict/2011
2026-10-07T16:29:54.6791043Z  * [new branch]        verdict/2012            -> origin/verdict/2012
2026-10-07T16:29:54.6791571Z  * [new branch]        verdict/2013            -> origin/verdict/2013
2026-10-07T16:29:54.6792071Z  * [new branch]        verdict/2014            -> origin/verdict/2014
2026-10-07T16:29:54.6792572Z  * [new branch]        verdict/2015            -> origin/verdict/2015
2026-10-07T16:29:54.6793070Z  * [new branch]        verdict/2017            -> origin/verdict/2017
2026-10-07T16:29:54.6793569Z  * [new branch]        verdict/2018            -> origin/verdict/2018
2026-10-07T16:29:54.6794073Z  * [new branch]        verdict/2021            -> origin/verdict/2021
2026-10-07T16:29:54.6794588Z  * [new branch]        verdict/2022            -> origin/verdict/2022
2026-10-07T16:29:54.6795105Z  * [new tag]           audit-round2-evidence   -> audit-round2-evidence
2026-10-07T16:29:54.6795611Z  * [new tag]           v2.3.0-beta.1           -> v2.3.0-beta.1
2026-10-07T16:29:54.6796060Z  * [new tag]           v2.4.0                  -> v2.4.0
2026-10-07T16:29:54.6796480Z  * [new tag]           v2.4.1                  -> v2.4.1
2026-10-07T16:29:54.6797049Z  * [new tag]           v2.5.0                  -> v2.5.0
2026-10-07T16:29:54.6797460Z  * [new tag]           v2.6.0                  -> v2.6.0
2026-10-07T16:29:54.6797868Z  * [new tag]           v2.6.1                  -> v2.6.1
2026-10-07T16:29:54.6798277Z  * [new tag]           v2.7.0                  -> v2.7.0
2026-10-07T16:29:54.6798688Z  * [new tag]           v2.8.0                  -> v2.8.0
2026-10-07T16:29:54.6799086Z  * [new tag]           v3.0.0                  -> v3.0.0
2026-10-07T16:29:54.6799490Z  * [new tag]           v3.1.0                  -> v3.1.0
2026-10-07T16:29:54.6799892Z  * [new tag]           v3.1.1                  -> v3.1.1
2026-10-07T16:29:54.6800302Z  * [new tag]           v3.1.2                  -> v3.1.2
2026-10-07T16:29:54.6800712Z  * [new tag]           v3.14.0                 -> v3.14.0
2026-10-07T16:29:54.6801134Z  * [new tag]           v3.16.0                 -> v3.16.0
2026-10-07T16:29:54.6801554Z  * [new tag]           v3.2.0                  -> v3.2.0
2026-10-07T16:29:54.6802097Z  * [new tag]           v3.3.0                  -> v3.3.0
2026-10-07T16:29:54.6802516Z  * [new tag]           v3.3.1                  -> v3.3.1
2026-10-07T16:29:54.6802916Z  * [new tag]           v3.4.0                  -> v3.4.0
2026-10-07T16:29:54.6803321Z  * [new tag]           v3.4.1                  -> v3.4.1
2026-10-07T16:29:54.6803720Z  * [new tag]           v3.5.0                  -> v3.5.0
2026-10-07T16:29:54.6804124Z  * [new tag]           v3.6.0                  -> v3.6.0
2026-10-07T16:29:54.6804526Z  * [new tag]           v3.6.1                  -> v3.6.1
2026-10-07T16:29:54.6804931Z  * [new tag]           v3.7.0                  -> v3.7.0
2026-10-07T16:29:54.6805337Z  * [new tag]           v3.7.1                  -> v3.7.1
2026-10-07T16:29:54.6805745Z  * [new tag]           v3.8.0                  -> v3.8.0
2026-10-07T16:29:54.6806154Z  * [new tag]           v4.0.0                  -> v4.0.0
2026-10-07T16:29:54.6806558Z  * [new tag]           v4.0.1                  -> v4.0.1
2026-10-07T16:29:54.6807277Z  * [new tag]           v4.0.2                  -> v4.0.2
2026-10-07T16:29:54.6807699Z  * [new tag]           v4.0.3                  -> v4.0.3
2026-10-07T16:29:54.6808107Z  * [new tag]           v4.0.4                  -> v4.0.4
2026-10-07T16:29:54.6808508Z  * [new tag]           v4.0.5                  -> v4.0.5
2026-10-07T16:29:54.6808909Z  * [new tag]           v4.0.6                  -> v4.0.6
2026-10-07T16:29:54.6809313Z  * [new tag]           v4.0.7                  -> v4.0.7
2026-10-07T16:29:54.6809726Z  * [new tag]           v4.1.0                  -> v4.1.0
2026-10-07T16:29:54.6810125Z  * [new tag]           v4.2.0                  -> v4.2.0
2026-10-07T16:29:54.6810681Z  * [new tag]           v4.3.0                  -> v4.3.0
2026-10-07T16:29:54.6811084Z  * [new tag]           v5.0.0                  -> v5.0.0
2026-10-07T16:29:54.6811489Z  * [new tag]           v5.1.0                  -> v5.1.0
2026-10-07T16:29:54.6811900Z  * [new tag]           v5.1.1                  -> v5.1.1
2026-10-07T16:29:54.6812315Z  * [new tag]           v5.1.10                 -> v5.1.10
2026-10-07T16:29:54.6812730Z  * [new tag]           v5.1.2                  -> v5.1.2
2026-10-07T16:29:54.6813136Z  * [new tag]           v5.1.3                  -> v5.1.3
2026-10-07T16:29:54.6813546Z  * [new tag]           v5.1.4                  -> v5.1.4
2026-10-07T16:29:54.6813948Z  * [new tag]           v5.1.5                  -> v5.1.5
2026-10-07T16:29:54.6814347Z  * [new tag]           v5.1.6                  -> v5.1.6
2026-10-07T16:29:54.6814748Z  * [new tag]           v5.1.7                  -> v5.1.7
2026-10-07T16:29:54.6815156Z  * [new tag]           v5.1.9                  -> v5.1.9
2026-10-07T16:29:54.6815566Z  * [new tag]           v5.2.0                  -> v5.2.0
2026-10-07T16:29:54.6815963Z  * [new tag]           v5.3.0                  -> v5.3.0
2026-10-07T16:29:54.6816360Z  * [new tag]           v5.4.0                  -> v5.4.0
2026-10-07T16:29:54.6816927Z  * [new tag]           v5.4.1                  -> v5.4.1
2026-10-07T16:29:54.6817346Z  * [new tag]           v5.5.0                  -> v5.5.0
2026-10-07T16:29:54.6817751Z  * [new tag]           v5.6.0                  -> v5.6.0
2026-10-07T16:29:54.6818153Z  * [new tag]           v5.6.1                  -> v5.6.1
2026-10-07T16:29:54.6818562Z  * [new tag]           v5.6.2                  -> v5.6.2
2026-10-07T16:29:54.6818963Z  * [new tag]           v5.7.0                  -> v5.7.0
2026-10-07T16:29:54.6819366Z  * [new tag]           v5.7.1                  -> v5.7.1
2026-10-07T16:29:54.6819763Z  * [new tag]           v6.0.0                  -> v6.0.0
2026-10-07T16:29:54.6820167Z  * [new tag]           v6.0.1                  -> v6.0.1
2026-10-07T16:29:54.6820581Z  * [new tag]           v6.0.2                  -> v6.0.2
2026-10-07T16:29:54.6820990Z  * [new tag]           v6.0.3                  -> v6.0.3
2026-10-07T16:29:54.6821386Z  * [new tag]           v6.0.4                  -> v6.0.4
2026-10-07T16:29:54.6821925Z  * [new tag]           v6.0.5                  -> v6.0.5
2026-10-07T16:29:54.6822339Z  * [new tag]           v6.0.6                  -> v6.0.6
2026-10-07T16:29:54.6822743Z  * [new tag]           v6.0.7                  -> v6.0.7
2026-10-07T16:29:54.6823146Z  * [new tag]           v6.0.8                  -> v6.0.8
2026-10-07T16:29:54.6823547Z  * [new tag]           v6.0.9                  -> v6.0.9
2026-10-07T16:29:54.6823949Z  * [new tag]           v6.1.0                  -> v6.1.0
2026-10-07T16:29:54.6824356Z  * [new tag]           v6.1.1                  -> v6.1.1
2026-10-07T16:29:54.6824758Z  * [new tag]           v6.1.2                  -> v6.1.2
2026-10-07T16:29:54.6825159Z  * [new tag]           v6.2.0                  -> v6.2.0
2026-10-07T16:29:54.6825567Z  * [new tag]           v6.2.1                  -> v6.2.1
2026-10-07T16:29:54.6825979Z  * [new tag]           v6.2.10                 -> v6.2.10
2026-10-07T16:29:54.6826390Z  * [new tag]           v6.2.11                 -> v6.2.11
2026-10-07T16:29:54.6826945Z  * [new tag]           v6.2.12                 -> v6.2.12
2026-10-07T16:29:54.6827365Z  * [new tag]           v6.2.13                 -> v6.2.13
2026-10-07T16:29:54.6827773Z  * [new tag]           v6.2.14                 -> v6.2.14
2026-10-07T16:29:54.6828188Z  * [new tag]           v6.2.15                 -> v6.2.15
2026-10-07T16:29:54.6828603Z  * [new tag]           v6.2.16                 -> v6.2.16
2026-10-07T16:29:54.6829015Z  * [new tag]           v6.2.17                 -> v6.2.17
2026-10-07T16:29:54.6829427Z  * [new tag]           v6.2.2                  -> v6.2.2
2026-10-07T16:29:54.6829835Z  * [new tag]           v6.2.3                  -> v6.2.3
2026-10-07T16:29:54.6830240Z  * [new tag]           v6.2.4                  -> v6.2.4
2026-10-07T16:29:54.6830819Z  * [new tag]           v6.2.5                  -> v6.2.5
2026-10-07T16:29:54.6831225Z  * [new tag]           v6.2.6                  -> v6.2.6
2026-10-07T16:29:54.6831625Z  * [new tag]           v6.2.7                  -> v6.2.7
2026-10-07T16:29:54.6832047Z  * [new tag]           v6.2.8                  -> v6.2.8
2026-10-07T16:29:54.6832451Z  * [new tag]           v6.2.9                  -> v6.2.9
2026-10-07T16:29:54.6832851Z  * [new tag]           v6.3.0                  -> v6.3.0
2026-10-07T16:29:54.6833258Z  * [new tag]           v6.3.1                  -> v6.3.1
2026-10-07T16:29:54.6833664Z  * [new tag]           v6.3.10                 -> v6.3.10
2026-10-07T16:29:54.6834074Z  * [new tag]           v6.3.11                 -> v6.3.11
2026-10-07T16:29:54.6834480Z  * [new tag]           v6.3.12                 -> v6.3.12
2026-10-07T16:29:54.6834884Z  * [new tag]           v6.3.13                 -> v6.3.13
2026-10-07T16:29:54.6835293Z  * [new tag]           v6.3.14                 -> v6.3.14
2026-10-07T16:29:54.6835705Z  * [new tag]           v6.3.15                 -> v6.3.15
2026-10-07T16:29:54.6836109Z  * [new tag]           v6.3.16                 -> v6.3.16
2026-10-07T16:29:54.6836512Z  * [new tag]           v6.3.17                 -> v6.3.17
2026-10-07T16:29:54.6837092Z  * [new tag]           v6.3.18                 -> v6.3.18
2026-10-07T16:29:54.6837505Z  * [new tag]           v6.3.19                 -> v6.3.19
2026-10-07T16:29:54.6837917Z  * [new tag]           v6.3.2                  -> v6.3.2
2026-10-07T16:29:54.6838319Z  * [new tag]           v6.3.20                 -> v6.3.20
2026-10-07T16:29:54.6838725Z  * [new tag]           v6.3.3                  -> v6.3.3
2026-10-07T16:29:54.6839132Z  * [new tag]           v6.3.4                  -> v6.3.4
2026-10-07T16:29:54.6839535Z  * [new tag]           v6.3.5                  -> v6.3.5
2026-10-07T16:29:54.6839938Z  * [new tag]           v6.3.6                  -> v6.3.6
2026-10-07T16:29:54.6840345Z  * [new tag]           v6.3.7                  -> v6.3.7
2026-10-07T16:29:54.6840746Z  * [new tag]           v6.3.8                  -> v6.3.8
2026-10-07T16:29:54.6841144Z  * [new tag]           v6.3.9                  -> v6.3.9
2026-10-07T16:29:54.6841550Z  * [new tag]           v6.4.0                  -> v6.4.0
2026-10-07T16:29:54.6842111Z  * [new tag]           v6.4.1                  -> v6.4.1
2026-10-07T16:29:54.6842525Z  * [new tag]           v6.4.2                  -> v6.4.2
2026-10-07T16:29:54.6842930Z  * [new tag]           v6.4.3                  -> v6.4.3
2026-10-07T16:29:54.6843335Z  * [new tag]           v6.4.4                  -> v6.4.4
2026-10-07T16:29:54.6843734Z  * [new tag]           v6.5.0                  -> v6.5.0
2026-10-07T16:29:54.6844136Z  * [new tag]           v6.5.1                  -> v6.5.1
2026-10-07T16:29:54.6844543Z  * [new tag]           v6.6.0                  -> v6.6.0
2026-10-07T16:29:54.6844944Z  * [new tag]           v6.6.1                  -> v6.6.1
2026-10-07T16:29:54.6845359Z  * [new tag]           v6.6.10                 -> v6.6.10
2026-10-07T16:29:54.6845763Z  * [new tag]           v6.6.11                 -> v6.6.11
2026-10-07T16:29:54.6846167Z  * [new tag]           v6.6.12                 -> v6.6.12
2026-10-07T16:29:54.6846576Z  * [new tag]           v6.6.2                  -> v6.6.2
2026-10-07T16:29:54.6847300Z  * [new tag]           v6.6.3                  -> v6.6.3
2026-10-07T16:29:54.6847721Z  * [new tag]           v6.6.4                  -> v6.6.4
2026-10-07T16:29:54.6848126Z  * [new tag]           v6.6.5                  -> v6.6.5
2026-10-07T16:29:54.6848529Z  * [new tag]           v6.6.6                  -> v6.6.6
2026-10-07T16:29:54.6848931Z  * [new tag]           v6.6.7                  -> v6.6.7
2026-10-07T16:29:54.6849325Z  * [new tag]           v6.6.8                  -> v6.6.8
2026-10-07T16:29:54.6849723Z  * [new tag]           v6.6.9                  -> v6.6.9
2026-10-07T16:29:54.6850122Z  * [new tag]           v6.7.0                  -> v6.7.0
2026-10-07T16:29:54.6850711Z  * [new tag]           v6.7.1                  -> v6.7.1
2026-10-07T16:29:54.6851117Z  * [new tag]           v6.7.10                 -> v6.7.10
2026-10-07T16:29:54.6851525Z  * [new tag]           v6.7.11                 -> v6.7.11
2026-10-07T16:29:54.6851943Z  * [new tag]           v6.7.12                 -> v6.7.12
2026-10-07T16:29:54.6852351Z  * [new tag]           v6.7.13                 -> v6.7.13
2026-10-07T16:29:54.6852753Z  * [new tag]           v6.7.14                 -> v6.7.14
2026-10-07T16:29:54.6853156Z  * [new tag]           v6.7.15                 -> v6.7.15
2026-10-07T16:29:54.6853559Z  * [new tag]           v6.7.16                 -> v6.7.16
2026-10-07T16:29:54.6853964Z  * [new tag]           v6.7.2                  -> v6.7.2
2026-10-07T16:29:54.6854372Z  * [new tag]           v6.7.3                  -> v6.7.3
2026-10-07T16:29:54.6854773Z  * [new tag]           v6.7.4                  -> v6.7.4
2026-10-07T16:29:54.6855176Z  * [new tag]           v6.7.5                  -> v6.7.5
2026-10-07T16:29:54.6855584Z  * [new tag]           v6.7.6                  -> v6.7.6
2026-10-07T16:29:54.6855983Z  * [new tag]           v6.7.7                  -> v6.7.7
2026-10-07T16:29:54.6856384Z  * [new tag]           v6.7.8                  -> v6.7.8
2026-10-07T16:29:54.6856934Z  * [new tag]           v6.7.9                  -> v6.7.9
2026-10-07T16:29:54.6857463Z  * [new ref]           3f9ac2a2f92eb52038fa83a4013c7139fa76ad1e -> pull/2010/merge
2026-10-07T16:29:54.6859230Z ##[endgroup]
2026-10-07T16:29:54.6859730Z ##[group]Determining the checkout info
2026-10-07T16:29:54.6860243Z ##[endgroup]
2026-10-07T16:29:54.6860567Z [command]/usr/bin/git sparse-checkout disable
2026-10-07T16:29:54.6861562Z [command]/usr/bin/git config --local --unset-all extensions.worktreeConfig
2026-10-07T16:29:54.6862633Z ##[group]Checking out the ref
2026-10-07T16:29:54.6863131Z [command]/usr/bin/git checkout --progress --force refs/remotes/pull/2010/merge
2026-10-07T16:29:55.1579953Z Note: switching to 'refs/remotes/pull/2010/merge'.
2026-10-07T16:29:55.1580514Z 
2026-10-07T16:29:55.1580834Z You are in 'detached HEAD' state. You can look around, make experimental
2026-10-07T16:29:55.1581586Z changes and commit them, and you can discard any commits you make in this
2026-10-07T16:29:55.1582587Z state without impacting any branches by switching back to a branch.
2026-10-07T16:29:55.1583027Z 
2026-10-07T16:29:55.1583306Z If you want to create a new branch to retain commits you create, you may
2026-10-07T16:29:55.1583988Z do so (now or later) by using -c with the switch command. Example:
2026-10-07T16:29:55.1584393Z 
2026-10-07T16:29:55.1584553Z   git switch -c <new-branch-name>
2026-10-07T16:29:55.1584826Z 
2026-10-07T16:29:55.1585147Z Or undo this operation with:
2026-10-07T16:29:55.1585512Z 
2026-10-07T16:29:55.1585686Z   git switch -
2026-10-07T16:29:55.1585927Z 
2026-10-07T16:29:55.1586369Z Turn off this advice by setting config variable advice.detachedHead to false
2026-10-07T16:29:55.1587297Z 
2026-10-07T16:29:55.1588167Z HEAD is now at 3f9ac2a2 Merge 5eaf0982049135c33696f3e60f9fa86ebe460e00 into e0f0b6fb397bf42a3cd379e0c74f1f295eeebdaf
2026-10-07T16:29:55.1623217Z ##[endgroup]
2026-10-07T16:29:55.1671205Z [command]/usr/bin/git log -1 --format=%H
2026-10-07T16:29:55.1698763Z 3f9ac2a2f92eb52038fa83a4013c7139fa76ad1e
2026-10-07T16:29:55.1958526Z ##[group]Run actions/setup-python@ece7cb06caefa5fff74198d8649806c4678c61a1
2026-10-07T16:29:55.1958961Z with:
2026-10-07T16:29:55.1959174Z   python-version: 3.13
2026-10-07T16:29:55.1959418Z   check-latest: false
2026-10-07T16:29:55.1962340Z   token: ***
2026-10-07T16:29:55.1962566Z   update-environment: true
2026-10-07T16:29:55.1962833Z   allow-prereleases: false
2026-10-07T16:29:55.1963068Z   freethreaded: false
2026-10-07T16:29:55.1963279Z env:
2026-10-07T16:29:55.1963464Z   DOCS_ONLY_FAST: false
2026-10-07T16:29:55.1963674Z ##[endgroup]
2026-10-07T16:29:55.3284388Z ##[group]Installed versions
2026-10-07T16:29:55.3380850Z Successfully set up CPython (3.13.16)
2026-10-07T16:29:55.3382043Z ##[endgroup]
2026-10-07T16:29:55.3592865Z ##[group]Run actions/setup-node@a0853c24544627f65ddf259abe73b1d18a591444
2026-10-07T16:29:55.3593297Z with:
2026-10-07T16:29:55.3593502Z   node-version: 22
2026-10-07T16:29:55.3593721Z   always-auth: false
2026-10-07T16:29:55.3593947Z   check-latest: false
2026-10-07T16:29:55.3597203Z   token: ***
2026-10-07T16:29:55.3597454Z   package-manager-cache: true
2026-10-07T16:29:55.3597708Z env:
2026-10-07T16:29:55.3597900Z   DOCS_ONLY_FAST: false
2026-10-07T16:29:55.3598201Z   pythonLocation: /opt/hostedtoolcache/Python/3.13.16/x64
2026-10-07T16:29:55.3598688Z   PKG_CONFIG_PATH: /opt/hostedtoolcache/Python/3.13.16/x64/lib/pkgconfig
2026-10-07T16:29:55.3599131Z   Python_ROOT_DIR: /opt/hostedtoolcache/Python/3.13.16/x64
2026-10-07T16:29:55.3599517Z   Python2_ROOT_DIR: /opt/hostedtoolcache/Python/3.13.16/x64
2026-10-07T16:29:55.3599901Z   Python3_ROOT_DIR: /opt/hostedtoolcache/Python/3.13.16/x64
2026-10-07T16:29:55.3600294Z   LD_LIBRARY_PATH: /opt/hostedtoolcache/Python/3.13.16/x64/lib
2026-10-07T16:29:55.3600680Z ##[endgroup]
2026-10-07T16:29:55.5130859Z Found in cache @ /opt/hostedtoolcache/node/22.23.3/x64
2026-10-07T16:29:55.5135552Z (node:2321) [DEP0040] DeprecationWarning: The `punycode` module is deprecated. Please use a userland alternative instead.
2026-10-07T16:29:55.5137250Z (Use `node --trace-deprecation ...` to show where the warning was created)
2026-10-07T16:29:55.5139244Z ##[group]Environment details
2026-10-07T16:29:59.1758766Z node: v22.23.3
2026-10-07T16:29:59.1759401Z npm: 10.9.9
2026-10-07T16:29:59.1759902Z yarn: 1.22.22
2026-10-07T16:29:59.1760954Z ##[endgroup]
2026-10-07T16:29:59.1911803Z ##[group]Run pip install --require-hashes --build-constraint tests/requirements-build.txt -r tests/requirements-ci.txt
2026-10-07T16:29:59.1912761Z [36;1mpip install --require-hashes --build-constraint tests/requirements-build.txt -r tests/requirements-ci.txt[0m
2026-10-07T16:29:59.2218394Z shell: /usr/bin/bash -e {0}
2026-10-07T16:29:59.2218759Z env:
2026-10-07T16:29:59.2219039Z   DOCS_ONLY_FAST: false
2026-10-07T16:29:59.2219432Z   pythonLocation: /opt/hostedtoolcache/Python/3.13.16/x64
2026-10-07T16:29:59.2220005Z   PKG_CONFIG_PATH: /opt/hostedtoolcache/Python/3.13.16/x64/lib/pkgconfig
2026-10-07T16:29:59.2220585Z   Python_ROOT_DIR: /opt/hostedtoolcache/Python/3.13.16/x64
2026-10-07T16:29:59.2221093Z   Python2_ROOT_DIR: /opt/hostedtoolcache/Python/3.13.16/x64
2026-10-07T16:29:59.2221607Z   Python3_ROOT_DIR: /opt/hostedtoolcache/Python/3.13.16/x64
2026-10-07T16:29:59.2222121Z   LD_LIBRARY_PATH: /opt/hostedtoolcache/Python/3.13.16/x64/lib
2026-10-07T16:29:59.2222636Z ##[endgroup]
2026-10-07T16:30:00.1440408Z Collecting aiohappyeyeballs==2.7.1 (from -r tests/requirements-ci.txt (line 27))
2026-10-07T16:30:00.1909031Z   Downloading aiohappyeyeballs-2.7.1-py3-none-any.whl (15 kB)
2026-10-07T16:30:00.6836542Z Collecting aiohttp==3.14.3 (from -r tests/requirements-ci.txt (line 30))
2026-10-07T16:30:00.6888011Z   Downloading aiohttp-3.14.3-cp313-cp313-manylinux2014_x86_64.manylinux_2_17_x86_64.manylinux_2_28_x86_64.whl (1.8 MB)
2026-10-07T16:30:00.7270966Z      ━━━━━━━━━━━━━━━━━━━━━━━━━━━━━━━━━━━━━━━━ 1.8/1.8 MB 104.6 MB/s  0:00:00
2026-10-07T16:30:00.7395675Z Collecting aiosignal==1.4.0 (from -r tests/requirements-ci.txt (line 150))
2026-10-07T16:30:00.7437561Z   Downloading aiosignal-1.4.0-py3-none-any.whl (7.5 kB)
2026-10-07T16:30:00.7569571Z Collecting attrs==26.1.0 (from -r tests/requirements-ci.txt (line 153))
2026-10-07T16:30:00.7605661Z   Downloading attrs-26.1.0-py3-none-any.whl (67 kB)
2026-10-07T16:30:00.8222604Z Collecting frozenlist==1.8.0 (from -r tests/requirements-ci.txt (line 156))
2026-10-07T16:30:00.8259954Z   Downloading frozenlist-1.8.0-cp313-cp313-manylinux1_x86_64.manylinux_2_28_x86_64.manylinux_2_5_x86_64.whl (234 kB)
2026-10-07T16:30:00.8407204Z Collecting idna==3.20 (from -r tests/requirements-ci.txt (line 287))
2026-10-07T16:30:00.8441471Z   Downloading idna-3.20-py3-none-any.whl (69 kB)
2026-10-07T16:30:01.0820071Z Collecting multidict==6.9.1 (from -r tests/requirements-ci.txt (line 290))
2026-10-07T16:30:01.0863373Z   Downloading multidict-6.9.1-cp313-cp313-manylinux2014_x86_64.manylinux_2_17_x86_64.manylinux_2_28_x86_64.whl (336 kB)
2026-10-07T16:30:01.2792294Z Collecting numpy==2.4.6 (from -r tests/requirements-ci.txt (line 462))
2026-10-07T16:30:01.2824616Z   Downloading numpy-2.4.6-cp313-cp313-manylinux_2_27_x86_64.manylinux_2_28_x86_64.whl (16.6 MB)
2026-10-07T16:30:01.3779159Z      ━━━━━━━━━━━━━━━━━━━━━━━━━━━━━━━━━━━━━━━━ 16.6/16.6 MB 179.7 MB/s  0:00:00
2026-10-07T16:30:01.4599402Z Collecting propcache==0.5.4 (from -r tests/requirements-ci.txt (line 535))
2026-10-07T16:30:01.4636717Z   Downloading propcache-0.5.4-cp313-cp313-manylinux2014_x86_64.manylinux_2_17_x86_64.manylinux_2_28_x86_64.whl (234 kB)
2026-10-07T16:30:01.5002802Z Collecting pyyaml==6.0.1 (from -r tests/requirements-ci.txt (line 674))
2026-10-07T16:30:01.5039358Z   Downloading PyYAML-6.0.1.tar.gz (125 kB)
2026-10-07T16:30:01.6435735Z   Installing build dependencies: started
2026-10-07T16:30:02.7017801Z   Installing build dependencies: finished with status 'done'
2026-10-07T16:30:02.7024734Z   Getting requirements to build wheel: started
2026-10-07T16:30:04.6210921Z   Getting requirements to build wheel: finished with status 'done'
2026-10-07T16:30:04.6221085Z   Preparing metadata (pyproject.toml): started
2026-10-07T16:30:04.8668637Z   Preparing metadata (pyproject.toml): finished with status 'done'
2026-10-07T16:30:04.9889904Z Collecting scipy==1.17.1 (from -r tests/requirements-ci.txt (line 726))
2026-10-07T16:30:04.9929175Z   Downloading scipy-1.17.1-cp313-cp313-manylinux_2_27_x86_64.manylinux_2_28_x86_64.whl (35.2 MB)
2026-10-07T16:30:05.2207271Z      ━━━━━━━━━━━━━━━━━━━━━━━━━━━━━━━━━━━━━━━━ 35.2/35.2 MB 156.9 MB/s  0:00:00
2026-10-07T16:30:05.2711469Z Collecting threadpoolctl==3.6.0 (from -r tests/requirements-ci.txt (line 788))
2026-10-07T16:30:05.2741440Z   Downloading threadpoolctl-3.6.0-py3-none-any.whl (18 kB)
2026-10-07T16:30:05.2871707Z Collecting voluptuous==0.16.0 (from -r tests/requirements-ci.txt (line 791))
2026-10-07T16:30:05.2902743Z   Downloading voluptuous-0.16.0-py3-none-any.whl (31 kB)
2026-10-07T16:30:05.5473485Z Collecting yarl==1.25.1 (from -r tests/requirements-ci.txt (line 794))
2026-10-07T16:30:05.5505923Z   Downloading yarl-1.25.1-cp313-cp313-manylinux2014_x86_64.manylinux_2_17_x86_64.manylinux_2_28_x86_64.whl (117 kB)
2026-10-07T16:30:05.5726729Z Building wheels for collected packages: pyyaml
2026-10-07T16:30:05.5734578Z   Building wheel for pyyaml (pyproject.toml): started
2026-10-07T16:30:07.1660559Z   Building wheel for pyyaml (pyproject.toml): finished with status 'done'
2026-10-07T16:30:07.1668466Z   Created wheel for pyyaml: filename=pyyaml-6.0.1-cp313-cp313-linux_x86_64.whl size=45459 sha256=474e672520c9203f036ed929b18def452f8f9ea48af1d11645bba447db9eced5
2026-10-07T16:30:07.1670598Z   Stored in directory: /home/runner/.cache/pip/wheels/9c/9e/34/1e1548811b63a9d001469f21797e8b7d5c216d8eb928e7d6ad
2026-10-07T16:30:07.1690391Z Successfully built pyyaml
2026-10-07T16:30:07.2289140Z Installing collected packages: voluptuous, threadpoolctl, pyyaml, propcache, numpy, multidict, idna, frozenlist, attrs, aiohappyeyeballs, yarl, scipy, aiosignal, aiohttp
2026-10-07T16:30:13.9115479Z 
2026-10-07T16:30:13.9138577Z Successfully installed aiohappyeyeballs-2.7.1 aiohttp-3.14.3 aiosignal-1.4.0 attrs-26.1.0 frozenlist-1.8.0 idna-3.20 multidict-6.9.1 numpy-2.4.6 propcache-0.5.4 pyyaml-6.0.1 scipy-1.17.1 threadpoolctl-3.6.0 voluptuous-0.16.0 yarl-1.25.1
2026-10-07T16:30:14.0499493Z ##[group]Run sudo apt-get update && sudo apt-get install -y strace
2026-10-07T16:30:14.0500000Z [36;1msudo apt-get update && sudo apt-get install -y strace[0m
2026-10-07T16:30:14.0563967Z shell: /usr/bin/bash -e {0}
2026-10-07T16:30:14.0564224Z env:
2026-10-07T16:30:14.0564424Z   DOCS_ONLY_FAST: false
2026-10-07T16:30:14.0564737Z   pythonLocation: /opt/hostedtoolcache/Python/3.13.16/x64
2026-10-07T16:30:14.0565198Z   PKG_CONFIG_PATH: /opt/hostedtoolcache/Python/3.13.16/x64/lib/pkgconfig
2026-10-07T16:30:14.0565836Z   Python_ROOT_DIR: /opt/hostedtoolcache/Python/3.13.16/x64
2026-10-07T16:30:14.0566224Z   Python2_ROOT_DIR: /opt/hostedtoolcache/Python/3.13.16/x64
2026-10-07T16:30:14.0566602Z   Python3_ROOT_DIR: /opt/hostedtoolcache/Python/3.13.16/x64
2026-10-07T16:30:14.0567238Z   LD_LIBRARY_PATH: /opt/hostedtoolcache/Python/3.13.16/x64/lib
2026-10-07T16:30:14.0567562Z ##[endgroup]
2026-10-07T16:30:14.1418705Z Get:1 file:/etc/apt/apt-mirrors.txt Mirrorlist [144 B]
2026-10-07T16:30:14.1737707Z Hit:2 http://azure.archive.ubuntu.com/ubuntu noble InRelease
2026-10-07T16:30:14.1739208Z Get:6 https://packages.microsoft.com/ubuntu/24.04/prod noble InRelease [3600 B]
2026-10-07T16:30:14.1752088Z Get:3 http://azure.archive.ubuntu.com/ubuntu noble-updates InRelease [126 kB]
2026-10-07T16:30:14.1793107Z Get:4 http://azure.archive.ubuntu.com/ubuntu noble-backports InRelease [126 kB]
2026-10-07T16:30:14.1803203Z Get:5 http://azure.archive.ubuntu.com/ubuntu noble-security InRelease [126 kB]
2026-10-07T16:30:14.3115403Z Get:7 https://packages.microsoft.com/ubuntu/24.04/prod noble/main arm64 Packages [463 kB]
2026-10-07T16:30:14.3235705Z Get:8 https://packages.microsoft.com/ubuntu/24.04/prod noble/main amd64 Packages [519 kB]
2026-10-07T16:30:14.3604837Z Get:9 http://azure.archive.ubuntu.com/ubuntu noble-updates/main amd64 Packages [1375 kB]
2026-10-07T16:30:14.3672903Z Get:10 http://azure.archive.ubuntu.com/ubuntu noble-updates/main Translation-en [306 kB]
2026-10-07T16:30:14.3694917Z Get:11 http://azure.archive.ubuntu.com/ubuntu noble-updates/universe amd64 Packages [1702 kB]
2026-10-07T16:30:14.3771642Z Get:12 http://azure.archive.ubuntu.com/ubuntu noble-updates/universe Translation-en [341 kB]
2026-10-07T16:30:14.3796093Z Get:13 http://azure.archive.ubuntu.com/ubuntu noble-updates/restricted amd64 Packages [1730 kB]
2026-10-07T16:30:14.3878194Z Get:14 http://azure.archive.ubuntu.com/ubuntu noble-updates/restricted Translation-en [396 kB]
2026-10-07T16:30:14.3902567Z Get:15 http://azure.archive.ubuntu.com/ubuntu noble-updates/multiverse Translation-en [13.3 kB]
2026-10-07T16:30:14.4680610Z Get:16 http://azure.archive.ubuntu.com/ubuntu noble-security/main amd64 Packages [1073 kB]
2026-10-07T16:30:14.4731124Z Get:17 http://azure.archive.ubuntu.com/ubuntu noble-security/main Translation-en [223 kB]
2026-10-07T16:30:14.4745907Z Get:18 http://azure.archive.ubuntu.com/ubuntu noble-security/universe amd64 Packages [1218 kB]
2026-10-07T16:30:14.5232140Z Get:19 http://azure.archive.ubuntu.com/ubuntu noble-security/universe Translation-en [245 kB]
2026-10-07T16:30:14.5248450Z Get:20 http://azure.archive.ubuntu.com/ubuntu noble-security/multiverse Translation-en [11.6 kB]
2026-10-07T16:30:17.3283548Z Fetched 9996 kB in 1s (9619 kB/s)
2026-10-07T16:30:18.2240877Z Reading package lists...
2026-10-07T16:30:18.2551360Z Reading package lists...
2026-10-07T16:30:18.4508059Z Building dependency tree...
2026-10-07T16:30:18.4515537Z Reading state information...
2026-10-07T16:30:18.6401987Z strace is already the newest version (6.8-0ubuntu2).
2026-10-07T16:30:18.6402460Z strace set to manually installed.
2026-10-07T16:30:18.6402891Z 0 upgraded, 0 newly installed, 0 to remove and 11 not upgraded.
2026-10-07T16:30:18.6462974Z ##[group]Run REF=$(git rev-parse --verify --quiet 'HEAD^1^{commit}') || REF=HEAD
2026-10-07T16:30:18.6463565Z [36;1mREF=$(git rev-parse --verify --quiet 'HEAD^1^{commit}') || REF=HEAD[0m
2026-10-07T16:30:18.6464070Z [36;1m# --record-only, on both paths: merging here would overwrite the[0m
2026-10-07T16:30:18.6464566Z [36;1m# committed tests/closures.json with what this run just measured, and[0m
2026-10-07T16:30:18.6465039Z [36;1m# the check below would then compare the file against itself.[0m
2026-10-07T16:30:18.6465421Z [36;1mif [ "$SCOPE_CASE" = "scoped" ]; then[0m
2026-10-07T16:30:18.6465799Z [36;1m  printf '%s\n' "$SCOPE_SCRIPTS" > "$RUNNER_TEMP/rederive.txt"[0m
2026-10-07T16:30:18.6466261Z [36;1m  echo "Scoped re-derive; every other closure is left as committed:"[0m
2026-10-07T16:30:18.6467172Z [36;1m  cat "$RUNNER_TEMP/rederive.txt"[0m
2026-10-07T16:30:18.6467669Z [36;1m  while read -r s; do[0m
2026-10-07T16:30:18.6468016Z [36;1m    [ -n "$s" ] || continue[0m
2026-10-07T16:30:18.6468335Z [36;1m    GOLDEN_REF="$REF" ./tests/derive_closures.sh \[0m
2026-10-07T16:30:18.6468759Z [36;1m      --single "$s" --out-dir "$RUNNER_TEMP/closures" --record-only[0m
2026-10-07T16:30:18.6469152Z [36;1m  done < "$RUNNER_TEMP/rederive.txt"[0m
2026-10-07T16:30:18.6469437Z [36;1melse[0m
2026-10-07T16:30:18.6469685Z [36;1m  GOLDEN_REF="$REF" ./tests/derive_closures.sh \[0m
2026-10-07T16:30:18.6470049Z [36;1m    --out-dir "$RUNNER_TEMP/closures" --record-only[0m
2026-10-07T16:30:18.6470351Z [36;1mfi[0m
2026-10-07T16:30:18.6532975Z shell: /usr/bin/bash -e {0}
2026-10-07T16:30:18.6533234Z env:
2026-10-07T16:30:18.6533435Z   DOCS_ONLY_FAST: false
2026-10-07T16:30:18.6533738Z   pythonLocation: /opt/hostedtoolcache/Python/3.13.16/x64
2026-10-07T16:30:18.6534178Z   PKG_CONFIG_PATH: /opt/hostedtoolcache/Python/3.13.16/x64/lib/pkgconfig
2026-10-07T16:30:18.6534621Z   Python_ROOT_DIR: /opt/hostedtoolcache/Python/3.13.16/x64
2026-10-07T16:30:18.6535007Z   Python2_ROOT_DIR: /opt/hostedtoolcache/Python/3.13.16/x64
2026-10-07T16:30:18.6535388Z   Python3_ROOT_DIR: /opt/hostedtoolcache/Python/3.13.16/x64
2026-10-07T16:30:18.6535771Z   LD_LIBRARY_PATH: /opt/hostedtoolcache/Python/3.13.16/x64/lib
2026-10-07T16:30:18.6536094Z   OMP_NUM_THREADS: 1
2026-10-07T16:30:18.6536314Z   OPENBLAS_NUM_THREADS: 1
2026-10-07T16:30:18.6536528Z   MKL_NUM_THREADS: 1
2026-10-07T16:30:18.6536963Z   SCOPE_CASE: scoped
2026-10-07T16:30:18.6539045Z   SCOPE_SCRIPTS: tests/arch_score_head.py
tests/backtest.py
tests/block_duty.py
tests/boost_drift_replay.py
tests/config_flow_steps.py
tests/deployment_shape.py
tests/doc_claims.py
tests/edge.py
tests/entities.py
tests/env_drift.py
tests/features.py
tests/finite_boundary.py
tests/golden.py
tests/guard_pins.py
tests/harness_headers.py
tests/manual_plan.py
tests/md_tables.mjs
tests/optimality.py
tests/plan_view.py
tests/card.mjs
tests/card_drift.mjs
tests/solar_alignment.py
tests/stress.py
tests/structure.py
tests/typing_ruler.py
tests/validate.py
tests/wood_advisor.py
tests/dst_checks.py
2026-10-07T16:30:18.6541142Z ##[endgroup]
2026-10-07T16:30:18.6649166Z Scoped re-derive; every other closure is left as committed:
2026-10-07T16:30:18.6659519Z tests/arch_score_head.py
2026-10-07T16:30:18.6659987Z tests/backtest.py
2026-10-07T16:30:18.6660355Z tests/block_duty.py
2026-10-07T16:30:18.6660607Z tests/boost_drift_replay.py
2026-10-07T16:30:18.6660874Z tests/config_flow_steps.py
2026-10-07T16:30:18.6661128Z tests/deployment_shape.py
2026-10-07T16:30:18.6661376Z tests/doc_claims.py
2026-10-07T16:30:18.6661593Z tests/edge.py
2026-10-07T16:30:18.6661806Z tests/entities.py
2026-10-07T16:30:18.6662032Z tests/env_drift.py
2026-10-07T16:30:18.6662256Z tests/features.py
2026-10-07T16:30:18.6662488Z tests/finite_boundary.py
2026-10-07T16:30:18.6662722Z tests/golden.py
2026-10-07T16:30:18.6662939Z tests/guard_pins.py
2026-10-07T16:30:18.6663202Z tests/harness_headers.py
2026-10-07T16:30:18.6663447Z tests/manual_plan.py
2026-10-07T16:30:18.6663675Z tests/md_tables.mjs
2026-10-07T16:30:18.6664148Z tests/optimality.py
2026-10-07T16:30:18.6664383Z tests/plan_view.py
2026-10-07T16:30:18.6664591Z tests/card.mjs
2026-10-07T16:30:18.6664820Z tests/card_drift.mjs
2026-10-07T16:30:18.6665067Z tests/solar_alignment.py
2026-10-07T16:30:18.6665298Z tests/stress.py
2026-10-07T16:30:18.6665513Z tests/structure.py
2026-10-07T16:30:18.6665739Z tests/typing_ruler.py
2026-10-07T16:30:18.6665975Z tests/validate.py
2026-10-07T16:30:18.6666197Z tests/wood_advisor.py
2026-10-07T16:30:18.6666430Z tests/dst_checks.py
2026-10-07T16:30:18.6724415Z   [16:30:18] record tests/arch_score_head.py 
2026-10-07T16:30:53.2096579Z   [16:30:53] done   tests/arch_score_head.py (exit 0)
2026-10-07T16:30:53.2097315Z 
2026-10-07T16:30:53.2098068Z recorded into /home/runner/work/_temp/closures; tests/closures.json left untouched (--record-only)
2026-10-07T16:30:53.2162109Z   [16:30:53] record tests/backtest.py 
2026-10-07T16:32:27.4868504Z   [16:32:27] done   tests/backtest.py (exit 0)
2026-10-07T16:32:27.4869154Z 
2026-10-07T16:32:27.4869996Z recorded into /home/runner/work/_temp/closures; tests/closures.json left untouched (--record-only)
2026-10-07T16:32:27.4933886Z   [16:32:27] record tests/block_duty.py 
2026-10-07T16:32:29.9860217Z   [16:32:29] done   tests/block_duty.py (exit 0)
2026-10-07T16:32:29.9860780Z 
2026-10-07T16:32:29.9861509Z recorded into /home/runner/work/_temp/closures; tests/closures.json left untouched (--record-only)
2026-10-07T16:32:29.9924571Z   [16:32:29] record tests/boost_drift_replay.py 
2026-10-07T16:50:41.6503857Z   [16:50:41] done   tests/boost_drift_replay.py (exit 0)
2026-10-07T16:50:41.6504586Z 
2026-10-07T16:50:41.6505841Z recorded into /home/runner/work/_temp/closures; tests/closures.json left untouched (--record-only)
2026-10-07T16:50:41.6572241Z   [16:50:41] record tests/config_flow_steps.py 
2026-10-07T16:51:08.1270562Z   [16:51:08] done   tests/config_flow_steps.py (exit 0)
2026-10-07T16:51:08.1270898Z 
2026-10-07T16:51:08.1271366Z recorded into /home/runner/work/_temp/closures; tests/closures.json left untouched (--record-only)
2026-10-07T16:51:08.1335635Z   [16:51:08] record tests/deployment_shape.py 
2026-10-07T16:51:12.5067535Z   [16:51:12] done   tests/deployment_shape.py (exit 0)
2026-10-07T16:51:12.5068096Z 
2026-10-07T16:51:12.5068844Z recorded into /home/runner/work/_temp/closures; tests/closures.json left untouched (--record-only)
2026-10-07T16:51:12.5131972Z   [16:51:12] record tests/doc_claims.py 
2026-10-07T16:51:20.9834439Z   [16:51:20] done   tests/doc_claims.py (exit 0)
2026-10-07T16:51:20.9834946Z 
2026-10-07T16:51:20.9835610Z recorded into /home/runner/work/_temp/closures; tests/closures.json left untouched (--record-only)
2026-10-07T16:51:20.9899594Z   [16:51:20] record tests/edge.py 
2026-10-07T16:51:54.9675800Z   [16:51:54] done   tests/edge.py (exit 0)
2026-10-07T16:51:54.9676087Z 
2026-10-07T16:51:54.9676577Z recorded into /home/runner/work/_temp/closures; tests/closures.json left untouched (--record-only)
2026-10-07T16:51:54.9740894Z   [16:51:54] record tests/entities.py 
2026-10-07T16:57:15.7713848Z   [16:57:15] done   tests/entities.py (exit 0)
2026-10-07T16:57:15.7714329Z 
2026-10-07T16:57:15.7714973Z recorded into /home/runner/work/_temp/closures; tests/closures.json left untouched (--record-only)
2026-10-07T16:57:15.7781391Z   [16:57:15] record tests/env_drift.py --cache-key e0f0b6fb397bf42a3cd379e0c74f1f295eeebdaf --all
2026-10-07T16:57:17.2512512Z   [16:57:17] done   tests/env_drift.py (exit 0)
2026-10-07T16:57:17.2512804Z 
2026-10-07T16:57:17.2513233Z recorded into /home/runner/work/_temp/closures; tests/closures.json left untouched (--record-only)
2026-10-07T16:57:17.2579764Z   [16:57:17] record tests/features.py 
2026-10-07T17:06:21.3950091Z   [17:06:21] done   tests/features.py (exit 0)
2026-10-07T17:06:21.3950422Z 
2026-10-07T17:06:21.3950904Z recorded into /home/runner/work/_temp/closures; tests/closures.json left untouched (--record-only)
2026-10-07T17:06:21.4013575Z   [17:06:21] record tests/finite_boundary.py 
2026-10-07T17:07:47.5025197Z   [17:07:47] done   tests/finite_boundary.py (exit 0)
2026-10-07T17:07:47.5025683Z 
2026-10-07T17:07:47.5026372Z recorded into /home/runner/work/_temp/closures; tests/closures.json left untouched (--record-only)
2026-10-07T17:07:47.5089179Z   [17:07:47] record tests/golden.py --only __no_such_scenario__
2026-10-07T17:07:48.9405390Z   [17:07:48] done   tests/golden.py (exit 0)
2026-10-07T17:07:48.9405717Z 
2026-10-07T17:07:48.9406155Z recorded into /home/runner/work/_temp/closures; tests/closures.json left untouched (--record-only)
2026-10-07T17:07:48.9469182Z   [17:07:48] record tests/guard_pins.py 
2026-10-07T17:07:50.7683703Z   [17:07:50] done   tests/guard_pins.py (exit 0)
2026-10-07T17:07:50.7684277Z 
2026-10-07T17:07:50.7685115Z recorded into /home/runner/work/_temp/closures; tests/closures.json left untouched (--record-only)
2026-10-07T17:07:50.7747033Z   [17:07:50] record tests/harness_headers.py 
2026-10-07T17:11:37.3775547Z   [17:11:37] done   tests/harness_headers.py (exit 0)
2026-10-07T17:11:37.3776150Z 
2026-10-07T17:11:37.3777377Z recorded into /home/runner/work/_temp/closures; tests/closures.json left untouched (--record-only)
2026-10-07T17:11:37.3843061Z   [17:11:37] record tests/manual_plan.py 
2026-10-07T17:11:47.1445899Z   [17:11:47] done   tests/manual_plan.py (exit 0)
2026-10-07T17:11:47.1446285Z 
2026-10-07T17:11:47.1446717Z recorded into /home/runner/work/_temp/closures; tests/closures.json left untouched (--record-only)
2026-10-07T17:11:47.1509623Z   [17:11:47] record tests/md_tables.mjs 
2026-10-07T17:11:47.4010468Z   [17:11:47] done   tests/md_tables.mjs (exit 0)
2026-10-07T17:11:47.4010863Z 
2026-10-07T17:11:47.4011365Z recorded into /home/runner/work/_temp/closures; tests/closures.json left untouched (--record-only)
2026-10-07T17:11:47.4074655Z   [17:11:47] record tests/optimality.py 
2026-10-07T17:14:55.8235509Z   [17:14:55] done   tests/optimality.py (exit 0)
2026-10-07T17:14:55.8236035Z 
2026-10-07T17:14:55.8237018Z recorded into /home/runner/work/_temp/closures; tests/closures.json left untouched (--record-only)
2026-10-07T17:14:55.8297898Z   [17:14:55] record tests/plan_view.py 
2026-10-07T17:14:57.9712941Z   [17:14:57] done   tests/plan_view.py (exit 0)
2026-10-07T17:14:57.9713389Z 
2026-10-07T17:14:57.9714134Z recorded into /home/runner/work/_temp/closures; tests/closures.json left untouched (--record-only)
2026-10-07T17:14:57.9776139Z   [17:14:57] record tests/card.mjs 
2026-10-07T17:15:16.9262070Z   [17:15:16] done   tests/card.mjs (exit 0)
2026-10-07T17:15:16.9262541Z 
2026-10-07T17:15:16.9263371Z recorded into /home/runner/work/_temp/closures; tests/closures.json left untouched (--record-only)
2026-10-07T17:15:16.9327982Z   [17:15:16] record tests/card_drift.mjs 
2026-10-07T17:15:22.3675004Z   [17:15:22] done   tests/card_drift.mjs (exit 0)
2026-10-07T17:15:22.3675446Z 
2026-10-07T17:15:22.3676207Z recorded into /home/runner/work/_temp/closures; tests/closures.json left untouched (--record-only)
2026-10-07T17:15:22.3739046Z   [17:15:22] record tests/solar_alignment.py 
2026-10-07T17:15:24.1606065Z   [17:15:24] done   tests/solar_alignment.py (exit 0)
2026-10-07T17:15:24.1606528Z 
2026-10-07T17:15:24.1607545Z recorded into /home/runner/work/_temp/closures; tests/closures.json left untouched (--record-only)
2026-10-07T17:15:24.1669603Z   [17:15:24] record tests/stress.py 
2026-10-07T17:25:44.9433113Z   [17:25:44] done   tests/stress.py (exit 0)
2026-10-07T17:25:44.9435716Z 
2026-10-07T17:25:44.9437269Z recorded into /home/runner/work/_temp/closures; tests/closures.json left untouched (--record-only)
2026-10-07T17:25:44.9501225Z   [17:25:44] record tests/structure.py 
2026-10-07T17:25:56.0348231Z   [17:25:56] done   tests/structure.py (exit 0)
2026-10-07T17:25:56.0348730Z 
2026-10-07T17:25:56.0349586Z recorded into /home/runner/work/_temp/closures; tests/closures.json left untouched (--record-only)
2026-10-07T17:25:56.0411828Z   [17:25:56] record tests/typing_ruler.py 
2026-10-07T17:25:56.8445946Z   [17:25:56] done   tests/typing_ruler.py (exit 0)
2026-10-07T17:25:56.8446426Z 
2026-10-07T17:25:56.8447708Z recorded into /home/runner/work/_temp/closures; tests/closures.json left untouched (--record-only)
2026-10-07T17:25:56.8510357Z   [17:25:56] record tests/validate.py 
2026-10-07T17:26:28.5188246Z   [17:26:28] done   tests/validate.py (exit 0)
2026-10-07T17:26:28.5188726Z 
2026-10-07T17:26:28.5189595Z recorded into /home/runner/work/_temp/closures; tests/closures.json left untouched (--record-only)
2026-10-07T17:26:28.5251117Z   [17:26:28] record tests/wood_advisor.py 
2026-10-07T17:26:30.3410218Z   [17:26:30] done   tests/wood_advisor.py (exit 0)
2026-10-07T17:26:30.3410731Z 
2026-10-07T17:26:30.3411596Z recorded into /home/runner/work/_temp/closures; tests/closures.json left untouched (--record-only)
2026-10-07T17:26:30.3473477Z   [17:26:30] record tests/dst_checks.py 
2026-10-07T17:28:02.2363098Z   [17:28:02] done   tests/dst_checks.py (exit 0)
2026-10-07T17:28:02.2363886Z 
2026-10-07T17:28:02.2364648Z recorded into /home/runner/work/_temp/closures; tests/closures.json left untouched (--record-only)
2026-10-07T17:28:02.2402911Z ##[group]Run # --partial drops one check and one only: "a selectable script with
2026-10-07T17:28:02.2403514Z [36;1m# --partial drops one check and one only: "a selectable script with[0m
2026-10-07T17:28:02.2403982Z [36;1m# no recording at all", which a scoped re-derive fails by[0m
2026-10-07T17:28:02.2404458Z [36;1m# construction. The under-approximation comparison -- the thing this[0m
2026-10-07T17:28:02.2404949Z [36;1m# job exists for -- is identical on both paths. The output goes to[0m
2026-10-07T17:28:02.2405414Z [36;1m# check.txt in the uploaded recordings: closures-autofix runs the[0m
2026-10-07T17:28:02.2405878Z [36;1m# base's closure.py, and reddens where this one printed UNDER-SCOPED[0m
2026-10-07T17:28:02.2406257Z [36;1m# and that one did not (#1846).[0m
2026-10-07T17:28:02.2406539Z [36;1mset -o pipefail[0m
2026-10-07T17:28:02.2407123Z [36;1mif [ "$SCOPE_CASE" = "scoped" ]; then[0m
2026-10-07T17:28:02.2407812Z [36;1m  python -u tests/closure.py check --in-dir "$RUNNER_TEMP/closures" --partial 2>&1 | tee "$RUNNER_TEMP/closures/check.txt"[0m
2026-10-07T17:28:02.2408354Z [36;1melse[0m
2026-10-07T17:28:02.2408805Z [36;1m  python -u tests/closure.py check --in-dir "$RUNNER_TEMP/closures" 2>&1 | tee "$RUNNER_TEMP/closures/check.txt"[0m
2026-10-07T17:28:02.2409307Z [36;1mfi[0m
2026-10-07T17:28:02.2471611Z shell: /usr/bin/bash -e {0}
2026-10-07T17:28:02.2471859Z env:
2026-10-07T17:28:02.2472049Z   DOCS_ONLY_FAST: false
2026-10-07T17:28:02.2472351Z   pythonLocation: /opt/hostedtoolcache/Python/3.13.16/x64
2026-10-07T17:28:02.2472793Z   PKG_CONFIG_PATH: /opt/hostedtoolcache/Python/3.13.16/x64/lib/pkgconfig
2026-10-07T17:28:02.2473220Z   Python_ROOT_DIR: /opt/hostedtoolcache/Python/3.13.16/x64
2026-10-07T17:28:02.2473610Z   Python2_ROOT_DIR: /opt/hostedtoolcache/Python/3.13.16/x64
2026-10-07T17:28:02.2474033Z   Python3_ROOT_DIR: /opt/hostedtoolcache/Python/3.13.16/x64
2026-10-07T17:28:02.2474423Z   LD_LIBRARY_PATH: /opt/hostedtoolcache/Python/3.13.16/x64/lib
2026-10-07T17:28:02.2474759Z   PYTHONPATH: tests/hastub
2026-10-07T17:28:02.2475002Z   SCOPE_CASE: scoped
2026-10-07T17:28:02.2475206Z ##[endgroup]
2026-10-07T17:28:02.3953869Z INERT READS UNDER-APPROXIMATED: a recording opened an INERT file the
2026-10-07T17:28:02.3955157Z   committed `inert_reads` does not list for it; the merge fast path
2026-10-07T17:28:02.3956272Z   would treat a change to it as unread (R9-F10.9d). Re-derive:
2026-10-07T17:28:02.3957333Z   ./tests/derive_closures.sh --single <script>
2026-10-07T17:28:02.3957926Z     tests/harness_headers.py: tools/audit/harnesses/ux5_idle_codes.py
2026-10-07T17:28:02.4040964Z ##[error]Process completed with exit code 1.
2026-10-07T17:28:02.4150220Z ##[group]Run actions/upload-artifact@b7c566a772e6b6bfb58ed0dc250532a479d7789f
2026-10-07T17:28:02.4150655Z with:
2026-10-07T17:28:02.4150859Z   name: closure-recordings
2026-10-07T17:28:02.4151134Z   path: /home/runner/work/_temp/closures
2026-10-07T17:28:02.4151424Z   if-no-files-found: ignore
2026-10-07T17:28:02.4151660Z   retention-days: 3
2026-10-07T17:28:02.4151875Z   compression-level: 6
2026-10-07T17:28:02.4152096Z   overwrite: false
2026-10-07T17:28:02.4152317Z   include-hidden-files: false
2026-10-07T17:28:02.4152546Z env:
2026-10-07T17:28:02.4152724Z   DOCS_ONLY_FAST: false
2026-10-07T17:28:02.4153013Z   pythonLocation: /opt/hostedtoolcache/Python/3.13.16/x64
2026-10-07T17:28:02.4153443Z   PKG_CONFIG_PATH: /opt/hostedtoolcache/Python/3.13.16/x64/lib/pkgconfig
2026-10-07T17:28:02.4153859Z   Python_ROOT_DIR: /opt/hostedtoolcache/Python/3.13.16/x64
2026-10-07T17:28:02.4154236Z   Python2_ROOT_DIR: /opt/hostedtoolcache/Python/3.13.16/x64
2026-10-07T17:28:02.4154652Z   Python3_ROOT_DIR: /opt/hostedtoolcache/Python/3.13.16/x64
2026-10-07T17:28:02.4155041Z   LD_LIBRARY_PATH: /opt/hostedtoolcache/Python/3.13.16/x64/lib
2026-10-07T17:28:02.4155363Z ##[endgroup]
2026-10-07T17:28:02.5892122Z With the provided path, there will be 57 files uploaded
2026-10-07T17:28:02.5893124Z Artifact name is valid!
2026-10-07T17:28:02.5893635Z Root directory input is valid!
2026-10-07T17:28:03.0000820Z Beginning upload of artifact content to blob storage
2026-10-07T17:28:03.6329416Z Uploaded bytes 241085
2026-10-07T17:28:03.7081674Z Finished uploading artifact content to blob storage!
2026-10-07T17:28:03.7082920Z SHA256 digest of uploaded artifact zip is d0d4499220d6261a90a5c38a9ed0ad098ca80ba2877931e64691422da9652d9c
2026-10-07T17:28:03.7085009Z Finalizing artifact upload
2026-10-07T17:28:04.3274537Z Artifact closure-recordings.zip successfully finalized. Artifact ID 11500222539
2026-10-07T17:28:04.3275721Z Artifact closure-recordings has been successfully uploaded! Final size is 241085 bytes. Artifact ID is 11500222539
2026-10-07T17:28:04.3279234Z Artifact download URL: https://github.com/tvofi/heatpump_optimizer/actions/runs/37652430962/artifacts/11500222539
2026-10-07T17:28:04.3471758Z Post job cleanup.
2026-10-07T17:28:04.4327987Z [command]/usr/bin/git version
2026-10-07T17:28:04.4370421Z git version 2.55.0
2026-10-07T17:28:04.4409026Z Temporarily overriding HOME='/home/runner/work/_temp/3cae8f3c-de3d-4341-a6cc-69a1ae54d175' before making global git config changes
2026-10-07T17:28:04.4410698Z Adding repository directory to the temporary git global config as a safe directory
2026-10-07T17:28:04.4414202Z [command]/usr/bin/git config --global --add safe.directory /home/runner/work/heatpump_optimizer/heatpump_optimizer
2026-10-07T17:28:04.4454768Z [command]/usr/bin/git config --local --name-only --get-regexp core\.sshCommand
2026-10-07T17:28:04.4491717Z [command]/usr/bin/git submodule foreach --recursive sh -c "git config --local --name-only --get-regexp 'core\.sshCommand' && git config --local --unset-all 'core.sshCommand' || :"
2026-10-07T17:28:04.4755087Z [command]/usr/bin/git config --local --name-only --get-regexp http\.https\:\/\/github\.com\/\.extraheader
2026-10-07T17:28:04.4787577Z http.https://github.com/.extraheader
2026-10-07T17:28:04.4796408Z [command]/usr/bin/git config --local --unset-all http.https://github.com/.extraheader
2026-10-07T17:28:04.4830197Z [command]/usr/bin/git submodule foreach --recursive sh -c "git config --local --name-only --get-regexp 'http\.https\:\/\/github\.com\/\.extraheader' && git config --local --unset-all 'http.https://github.com/.extraheader' || :"
2026-10-07T17:28:04.5096402Z [command]/usr/bin/git config --local --name-only --get-regexp ^includeIf\.gitdir:
2026-10-07T17:28:04.5135237Z [command]/usr/bin/git submodule foreach --recursive git config --local --show-origin --name-only --get-regexp remote.origin.url
2026-10-07T17:28:04.5526526Z Cleaning up orphan processes
