2026-10-07T14:52:51.5563584Z Current runner version: '2.337.0'
##[group]Runner Image Provisioner
Hosted Compute Agent
Version: 20260901.588
Commit: f88ec8081b781fac6c440065ac7ff9e710ce3d0b
Build Date: 2026-09-01T19:56:44Z
Worker ID: {41820187-360c-4f07-b15b-36127be23cca}
Azure Region: southcentralus
##[endgroup]
##[group]Operating System
Ubuntu
24.04.5
LTS
##[endgroup]
##[group]Runner Image
Image: ubuntu-24.04
Version: 20260927.320.1
Included Software: https://github.com/actions/runner-images/blob/ubuntu24/20260927.320/images/ubuntu/Ubuntu2404-Readme.md
Image Release: https://github.com/actions/runner-images/releases/tag/ubuntu24%2F20260927.320
##[endgroup]
##[group]GITHUB_TOKEN Permissions
Actions: write
Contents: write
Metadata: read
##[endgroup]
Secret source: Actions
Cache mode: write
Prepare workflow directory
Prepare all required actions
Getting action download info
Download action repository 'actions/checkout@fbc6f3992d24b796d5a048ff273f7fcc4a7b6c09' (SHA:fbc6f3992d24b796d5a048ff273f7fcc4a7b6c09)
Download action repository 'actions/setup-python@ece7cb06caefa5fff74198d8649806c4678c61a1' (SHA:ece7cb06caefa5fff74198d8649806c4678c61a1)
Download action repository 'actions/download-artifact@37930b1c2abaa49bbe596cd826c3c89aef350131' (SHA:37930b1c2abaa49bbe596cd826c3c89aef350131)
Complete job name: closures-autofix
##[group]Run actions/checkout@fbc6f3992d24b796d5a048ff273f7fcc4a7b6c09
with:
  ref: fix/r9-rca-stress-recording
  token: ***
  persist-credentials: false
  repository: tvofi/heatpump_optimizer
  ssh-strict: true
  ssh-user: git
  clean: true
  sparse-checkout-cone-mode: true
  fetch-depth: 1
  fetch-tags: false
  show-progress: true
  lfs: false
  submodules: false
  set-safe-directory: true
  allow-unsafe-pr-checkout: false
##[endgroup]
Syncing repository: tvofi/heatpump_optimizer
##[group]Getting Git version info
Working directory is '/home/runner/work/heatpump_optimizer/heatpump_optimizer'
[command]/usr/bin/git version
git version 2.55.0
##[endgroup]
Temporarily overriding HOME='/home/runner/work/_temp/207da572-d1f8-4385-8489-8145be0f02d4' before making global git config changes
Adding repository directory to the temporary git global config as a safe directory
[command]/usr/bin/git config --global --add safe.directory /home/runner/work/heatpump_optimizer/heatpump_optimizer
Deleting the contents of '/home/runner/work/heatpump_optimizer/heatpump_optimizer'
##[group]Initializing the repository
[command]/usr/bin/git init /home/runner/work/heatpump_optimizer/heatpump_optimizer
hint: Using 'master' as the name for the initial branch. This default branch name
hint: will change to "main" in Git 3.0. To configure the initial branch name
hint: to use in all of your new repositories, which will suppress this warning,
hint: call:
hint:
hint: 	git config --global init.defaultBranch <name>
hint:
hint: Names commonly chosen instead of 'master' are 'main', 'trunk' and
hint: 'development'. The just-created branch can be renamed via this command:
hint:
hint: 	git branch -m <name>
hint:
hint: Disable this message with "git config set advice.defaultBranchName false"
Initialized empty Git repository in /home/runner/work/heatpump_optimizer/heatpump_optimizer/.git/
[command]/usr/bin/git remote add origin https://github.com/tvofi/heatpump_optimizer
##[endgroup]
##[group]Disabling automatic garbage collection
[command]/usr/bin/git config --local gc.auto 0
##[endgroup]
##[group]Setting up auth
[command]/usr/bin/git config --local --name-only --get-regexp core\.sshCommand
[command]/usr/bin/git submodule foreach --recursive sh -c "git config --local --name-only --get-regexp 'core\.sshCommand' && git config --local --unset-all 'core.sshCommand' || :"
[command]/usr/bin/git config --local --name-only --get-regexp http\.https\:\/\/github\.com\/\.extraheader
[command]/usr/bin/git submodule foreach --recursive sh -c "git config --local --name-only --get-regexp 'http\.https\:\/\/github\.com\/\.extraheader' && git config --local --unset-all 'http.https://github.com/.extraheader' || :"
[command]/usr/bin/git config --local --name-only --get-regexp ^includeIf\.gitdir:
[command]/usr/bin/git submodule foreach --recursive git config --local --show-origin --name-only --get-regexp remote.origin.url
[command]/usr/bin/git config --local http.https://github.com/.extraheader AUTHORIZATION: basic ***
##[endgroup]
##[group]Fetching the repository
[command]/usr/bin/git -c protocol.version=2 fetch --no-tags --prune --no-recurse-submodules --depth=1 origin +refs/heads/fix/r9-rca-stress-recording*:refs/remotes/origin/fix/r9-rca-stress-recording* +refs/tags/fix/r9-rca-stress-recording*:refs/tags/fix/r9-rca-stress-recording*
From https://github.com/tvofi/heatpump_optimizer
 * [new branch]      fix/r9-rca-stress-recording -> origin/fix/r9-rca-stress-recording
##[endgroup]
##[group]Determining the checkout info
[command]/usr/bin/git branch --list --remote origin/fix/r9-rca-stress-recording
  origin/fix/r9-rca-stress-recording
##[endgroup]
[command]/usr/bin/git sparse-checkout disable
[command]/usr/bin/git config --local --unset-all extensions.worktreeConfig
##[group]Checking out the ref
[command]/usr/bin/git checkout --progress --force -B fix/r9-rca-stress-recording refs/remotes/origin/fix/r9-rca-stress-recording
Switched to a new branch 'fix/r9-rca-stress-recording'
branch 'fix/r9-rca-stress-recording' set up to track 'origin/fix/r9-rca-stress-recording'.
##[endgroup]
[command]/usr/bin/git log -1 --format=%H
b956925c59005584c8543db2bee5974e5b385c59
##[group]Removing auth
[command]/usr/bin/git config --local --name-only --get-regexp core\.sshCommand
[command]/usr/bin/git submodule foreach --recursive sh -c "git config --local --name-only --get-regexp 'core\.sshCommand' && git config --local --unset-all 'core.sshCommand' || :"
[command]/usr/bin/git config --local --name-only --get-regexp http\.https\:\/\/github\.com\/\.extraheader
http.https://github.com/.extraheader
[command]/usr/bin/git config --local --unset-all http.https://github.com/.extraheader
[command]/usr/bin/git submodule foreach --recursive sh -c "git config --local --name-only --get-regexp 'http\.https\:\/\/github\.com\/\.extraheader' && git config --local --unset-all 'http.https://github.com/.extraheader' || :"
[command]/usr/bin/git config --local --name-only --get-regexp ^includeIf\.gitdir:
[command]/usr/bin/git submodule foreach --recursive git config --local --show-origin --name-only --get-regexp remote.origin.url
##[endgroup]
##[group]Run set -euo pipefail
[36;1mset -euo pipefail[0m
[36;1mgit cat-file -e "$PINNED^{commit}" 2>/dev/null \[0m
[36;1m  || git fetch --no-tags --depth=1 origin "$PINNED"[0m
[36;1mgit checkout "$PINNED" -- tests/closure.py[0m
[36;1mgit reset -q -- tests/closure.py[0m
[36;1m# The report runs after `pull --rebase --autostash`, which can leave[0m
[36;1m# the pull request's copy in the tree; it runs this copy instead.[0m
[36;1minstall -D -m 0444 tests/closure.py "$RUNNER_TEMP/pinned/closure.py"[0m
shell: /usr/bin/bash -e {0}
env:
  PINNED: 17f30f9cedf2a442592d3db01d1d2e708a55425b
##[endgroup]
From https://github.com/tvofi/heatpump_optimizer
 * branch            17f30f9cedf2a442592d3db01d1d2e708a55425b -> FETCH_HEAD
##[group]Run actions/setup-python@ece7cb06caefa5fff74198d8649806c4678c61a1
with:
  python-version: 3.13
  check-latest: false
  token: ***
  update-environment: true
  allow-prereleases: false
  freethreaded: false
##[endgroup]
##[group]Installed versions
Successfully set up CPython (3.13.15)
##[endgroup]
##[group]Run actions/download-artifact@37930b1c2abaa49bbe596cd826c3c89aef350131
with:
  name: closure-recordings
  path: /home/runner/work/_temp/closures
  merge-multiple: false
  repository: tvofi/heatpump_optimizer
  run-id: 37636857833
env:
  pythonLocation: /opt/hostedtoolcache/Python/3.13.15/x64
  PKG_CONFIG_PATH: /opt/hostedtoolcache/Python/3.13.15/x64/lib/pkgconfig
  Python_ROOT_DIR: /opt/hostedtoolcache/Python/3.13.15/x64
  Python2_ROOT_DIR: /opt/hostedtoolcache/Python/3.13.15/x64
  Python3_ROOT_DIR: /opt/hostedtoolcache/Python/3.13.15/x64
  LD_LIBRARY_PATH: /opt/hostedtoolcache/Python/3.13.15/x64/lib
##[endgroup]
Downloading single artifact
Preparing to download the following artifacts:
- closure-recordings (ID: 11492440269, Size: 254737, Expected Digest: sha256:93b45cea7cf0faba6acfd94481968c015815c1b66388dd803c0aa399eb24970d)
Redirecting to blob download url: https://productionresultssa18.blob.core.windows.net/actions-results/42220ff9-744c-8e81-8e4e-1cf0a169edc6/workflow-job-run-01d64ed0-e22b-5ff8-bba4-b675ce4f93f5/artifacts/f607497981b53bfa43c416e8c0719f1419ae2bd5f407830f1fa7e6d38c90c571.zip
Starting download of artifact to: /home/runner/work/_temp/closures
(node:2435) [DEP0005] DeprecationWarning: Buffer() is deprecated due to security and usability issues. Please use the Buffer.alloc(), Buffer.allocUnsafe(), or Buffer.from() methods instead.
(Use `node --trace-deprecation ...` to show where the warning was created)
SHA256 digest of downloaded artifact is 93b45cea7cf0faba6acfd94481968c015815c1b66388dd803c0aa399eb24970d
Artifact download completed successfully.
Total of 1 artifact(s) downloaded
Download artifact has finished successfully
##[group]Run export SUBJECT=$(git log -1 --pretty=%s)
[36;1mexport SUBJECT=$(git log -1 --pretty=%s)[0m
[36;1mpython3 -I - <<'PY'[0m
[36;1mimport os, sys[0m
[36;1msys.path.append("tests")[0m
[36;1mimport closure[0m
[36;1mallowed = closure.autofix_allowed([0m
[36;1m    event_name=os.environ["EVENT_NAME"],[0m
[36;1m    closures_result=os.environ["CLOSURES_RESULT"],[0m
[36;1m    head_repo=os.environ["HEAD_REPO"],[0m
[36;1m    repo=os.environ["REPO"],[0m
[36;1m    commit_subject=os.environ["SUBJECT"],[0m
[36;1m)[0m
[36;1mprint(f"allowed={allowed}")[0m
[36;1mif not allowed:[0m
[36;1m    status = "skip-not-allowed"[0m
[36;1melse:[0m
[36;1m    status = closure.apply_under_scoped_recordings([0m
[36;1m        os.environ["RUNNER_TEMP"] + "/closures", partial=True)[0m
[36;1mprint(f"AUTOFIX: {status}")[0m
[36;1mwith open(os.environ["GITHUB_OUTPUT"], "a") as fh:[0m
[36;1m    fh.write(f"status={status}\n")[0m
[36;1mPY[0m
shell: /usr/bin/bash -e {0}
env:
  pythonLocation: /opt/hostedtoolcache/Python/3.13.15/x64
  PKG_CONFIG_PATH: /opt/hostedtoolcache/Python/3.13.15/x64/lib/pkgconfig
  Python_ROOT_DIR: /opt/hostedtoolcache/Python/3.13.15/x64
  Python2_ROOT_DIR: /opt/hostedtoolcache/Python/3.13.15/x64
  Python3_ROOT_DIR: /opt/hostedtoolcache/Python/3.13.15/x64
  LD_LIBRARY_PATH: /opt/hostedtoolcache/Python/3.13.15/x64/lib
  EVENT_NAME: pull_request
  CLOSURES_RESULT: failure
  HEAD_REPO: tvofi/heatpump_optimizer
  REPO: tvofi/heatpump_optimizer
##[endgroup]
allowed=True
AUTOFIX: skip-manual-repair-owed
##[group]Run python3 -I "$RUNNER_TEMP/pinned/closure.py" autofix-report --job closures-autofix \
[36;1mpython3 -I "$RUNNER_TEMP/pinned/closure.py" autofix-report --job closures-autofix \[0m
[36;1m  --status "skip-manual-repair-owed"[0m
shell: /usr/bin/bash -e {0}
env:
  pythonLocation: /opt/hostedtoolcache/Python/3.13.15/x64
  PKG_CONFIG_PATH: /opt/hostedtoolcache/Python/3.13.15/x64/lib/pkgconfig
  Python_ROOT_DIR: /opt/hostedtoolcache/Python/3.13.15/x64
  Python2_ROOT_DIR: /opt/hostedtoolcache/Python/3.13.15/x64
  Python3_ROOT_DIR: /opt/hostedtoolcache/Python/3.13.15/x64
  LD_LIBRARY_PATH: /opt/hostedtoolcache/Python/3.13.15/x64/lib
##[endgroup]
closures-autofix: skip-manual-repair-owed -- THE REPAIR DID NOT HAPPEN.
No commit will be pushed, so waiting for one waits forever. This is
the case `.cursor/rules/ci-autofix.mdc` already lists as a human
judgment call, and its rule against re-recording an UNDER-SCOPED
yourself does not apply once the bot has reported that it did not.
The closures job's check failed, and not on UNDER-SCOPED, the only
failure this job repairs. Repair it by hand from the closures log:
INERT READS: --single the script it names, commit tests/closures.json;
PHANTOM: python3 tests/closure.py prune.

##[error]Process completed with exit code 1.
Post job cleanup.
[command]/usr/bin/git version
git version 2.55.0
Temporarily overriding HOME='/home/runner/work/_temp/8436e1b6-f6f0-4f30-887c-c50985de6487' before making global git config changes
Adding repository directory to the temporary git global config as a safe directory
[command]/usr/bin/git config --global --add safe.directory /home/runner/work/heatpump_optimizer/heatpump_optimizer
[command]/usr/bin/git config --local --name-only --get-regexp core\.sshCommand
[command]/usr/bin/git submodule foreach --recursive sh -c "git config --local --name-only --get-regexp 'core\.sshCommand' && git config --local --unset-all 'core.sshCommand' || :"
[command]/usr/bin/git config --local --name-only --get-regexp http\.https\:\/\/github\.com\/\.extraheader
[command]/usr/bin/git submodule foreach --recursive sh -c "git config --local --name-only --get-regexp 'http\.https\:\/\/github\.com\/\.extraheader' && git config --local --unset-all 'http.https://github.com/.extraheader' || :"
[command]/usr/bin/git config --local --name-only --get-regexp ^includeIf\.gitdir:
[command]/usr/bin/git submodule foreach --recursive git config --local --show-origin --name-only --get-regexp remote.origin.url
Cleaning up orphan processes
