2026-10-08T05:07:30.5919982Z Current runner version: '2.337.0'
2026-10-08T05:07:30.5942490Z ##[group]Runner Image Provisioner
2026-10-08T05:07:30.5943444Z Hosted Compute Agent
2026-10-08T05:07:30.5944000Z Version: 20261002.596
2026-10-08T05:07:30.5944602Z Commit: c3d12f3313a95f25162a1503be624f3b0617f8c0
2026-10-08T05:07:30.5945304Z Build Date: 2026-10-02T22:28:27Z
2026-10-08T05:07:30.5945958Z Worker ID: {7073718a-7b9d-4bf3-83d4-5da7e91d5248}
2026-10-08T05:07:30.5946636Z Region: centralus
2026-10-08T05:07:30.5947350Z Cloud: Azure
2026-10-08T05:07:30.5947851Z ##[endgroup]
2026-10-08T05:07:30.5949109Z ##[group]Operating System
2026-10-08T05:07:30.5949743Z Ubuntu
2026-10-08T05:07:30.5950250Z 24.04.5
2026-10-08T05:07:30.5950720Z LTS
2026-10-08T05:07:30.5951186Z ##[endgroup]
2026-10-08T05:07:30.5951732Z ##[group]Runner Image
2026-10-08T05:07:30.5952316Z Image: ubuntu-24.04
2026-10-08T05:07:30.5952846Z Version: 20261004.327.1
2026-10-08T05:07:30.5954032Z Included Software: https://github.com/actions/runner-images/blob/ubuntu24/20261004.327/images/ubuntu/Ubuntu2404-Readme.md
2026-10-08T05:07:30.5955475Z Image Release: https://github.com/actions/runner-images/releases/tag/ubuntu24%2F20261004.327
2026-10-08T05:07:30.5956394Z ##[endgroup]
2026-10-08T05:07:30.5957835Z ##[group]GITHUB_TOKEN Permissions
2026-10-08T05:07:30.5959782Z Contents: read
2026-10-08T05:07:30.5960350Z Metadata: read
2026-10-08T05:07:30.5960912Z ##[endgroup]
2026-10-08T05:07:30.5962858Z Secret source: Actions
2026-10-08T05:07:30.5963843Z Cache mode: write
2026-10-08T05:07:30.5964499Z Prepare workflow directory
2026-10-08T05:07:30.6485671Z Prepare all required actions
2026-10-08T05:07:30.6546294Z Getting action download info
2026-10-08T05:07:30.8841902Z Download action repository 'actions/checkout@fbc6f3992d24b796d5a048ff273f7fcc4a7b6c09' (SHA:fbc6f3992d24b796d5a048ff273f7fcc4a7b6c09)
2026-10-08T05:07:31.0366251Z Download action repository 'actions/setup-python@ece7cb06caefa5fff74198d8649806c4678c61a1' (SHA:ece7cb06caefa5fff74198d8649806c4678c61a1)
2026-10-08T05:07:31.4802548Z Download action repository 'actions/setup-node@a0853c24544627f65ddf259abe73b1d18a591444' (SHA:a0853c24544627f65ddf259abe73b1d18a591444)
2026-10-08T05:07:31.6441061Z Download action repository 'actions/upload-artifact@b7c566a772e6b6bfb58ed0dc250532a479d7789f' (SHA:b7c566a772e6b6bfb58ed0dc250532a479d7789f)
2026-10-08T05:07:32.1117378Z Complete job name: closures
2026-10-08T05:07:32.1882517Z ##[group]Run actions/checkout@fbc6f3992d24b796d5a048ff273f7fcc4a7b6c09
2026-10-08T05:07:32.1884272Z with:
2026-10-08T05:07:32.1885213Z   fetch-depth: 0
2026-10-08T05:07:32.1886290Z   repository: tvofi/heatpump_optimizer
2026-10-08T05:07:32.1895291Z   token: ***
2026-10-08T05:07:32.1896327Z   ssh-strict: true
2026-10-08T05:07:32.1897406Z   ssh-user: git
2026-10-08T05:07:32.1898406Z   persist-credentials: true
2026-10-08T05:07:32.1899484Z   clean: true
2026-10-08T05:07:32.1900474Z   sparse-checkout-cone-mode: true
2026-10-08T05:07:32.1901619Z   fetch-tags: false
2026-10-08T05:07:32.1902600Z   show-progress: true
2026-10-08T05:07:32.1903609Z   lfs: false
2026-10-08T05:07:32.1904515Z   submodules: false
2026-10-08T05:07:32.1905496Z   set-safe-directory: true
2026-10-08T05:07:32.1906624Z   allow-unsafe-pr-checkout: false
2026-10-08T05:07:32.1908082Z env:
2026-10-08T05:07:32.1908962Z   DOCS_ONLY_FAST: false
2026-10-08T05:07:32.1909933Z ##[endgroup]
2026-10-08T05:07:32.2858188Z Syncing repository: tvofi/heatpump_optimizer
2026-10-08T05:07:32.2860935Z ##[group]Getting Git version info
2026-10-08T05:07:32.2862409Z Working directory is '/home/runner/work/heatpump_optimizer/heatpump_optimizer'
2026-10-08T05:07:32.2864515Z [command]/usr/bin/git version
2026-10-08T05:07:32.2935455Z git version 2.55.0
2026-10-08T05:07:32.2955375Z ##[endgroup]
2026-10-08T05:07:32.2969341Z Temporarily overriding HOME='/home/runner/work/_temp/e29e75c3-27a4-4490-9699-10d757589494' before making global git config changes
2026-10-08T05:07:32.2973708Z Adding repository directory to the temporary git global config as a safe directory
2026-10-08T05:07:32.2977446Z [command]/usr/bin/git config --global --add safe.directory /home/runner/work/heatpump_optimizer/heatpump_optimizer
2026-10-08T05:07:32.3029636Z Deleting the contents of '/home/runner/work/heatpump_optimizer/heatpump_optimizer'
2026-10-08T05:07:32.3033338Z ##[group]Initializing the repository
2026-10-08T05:07:32.3035635Z [command]/usr/bin/git init /home/runner/work/heatpump_optimizer/heatpump_optimizer
2026-10-08T05:07:32.3131730Z hint: Using 'master' as the name for the initial branch. This default branch name
2026-10-08T05:07:32.3133866Z hint: will change to "main" in Git 3.0. To configure the initial branch name
2026-10-08T05:07:32.3135695Z hint: to use in all of your new repositories, which will suppress this warning,
2026-10-08T05:07:32.3137437Z hint: call:
2026-10-08T05:07:32.3138288Z hint:
2026-10-08T05:07:32.3139353Z hint: 	git config --global init.defaultBranch <name>
2026-10-08T05:07:32.3140556Z hint:
2026-10-08T05:07:32.3141761Z hint: Names commonly chosen instead of 'master' are 'main', 'trunk' and
2026-10-08T05:07:32.3143576Z hint: 'development'. The just-created branch can be renamed via this command:
2026-10-08T05:07:32.3144894Z hint:
2026-10-08T05:07:32.3145702Z hint: 	git branch -m <name>
2026-10-08T05:07:32.3146590Z hint:
2026-10-08T05:07:32.3147900Z hint: Disable this message with "git config set advice.defaultBranchName false"
2026-10-08T05:07:32.3154025Z Initialized empty Git repository in /home/runner/work/heatpump_optimizer/heatpump_optimizer/.git/
2026-10-08T05:07:32.3164084Z [command]/usr/bin/git remote add origin https://github.com/tvofi/heatpump_optimizer
2026-10-08T05:07:32.3212176Z ##[endgroup]
2026-10-08T05:07:32.3214330Z ##[group]Disabling automatic garbage collection
2026-10-08T05:07:32.3216106Z [command]/usr/bin/git config --local gc.auto 0
2026-10-08T05:07:32.3242572Z ##[endgroup]
2026-10-08T05:07:32.3244611Z ##[group]Setting up auth
2026-10-08T05:07:32.3248108Z [command]/usr/bin/git config --local --name-only --get-regexp core\.sshCommand
2026-10-08T05:07:32.3276637Z [command]/usr/bin/git submodule foreach --recursive sh -c "git config --local --name-only --get-regexp 'core\.sshCommand' && git config --local --unset-all 'core.sshCommand' || :"
2026-10-08T05:07:32.3593785Z [command]/usr/bin/git config --local --name-only --get-regexp http\.https\:\/\/github\.com\/\.extraheader
2026-10-08T05:07:32.3622124Z [command]/usr/bin/git submodule foreach --recursive sh -c "git config --local --name-only --get-regexp 'http\.https\:\/\/github\.com\/\.extraheader' && git config --local --unset-all 'http.https://github.com/.extraheader' || :"
2026-10-08T05:07:32.3791262Z [command]/usr/bin/git config --local --name-only --get-regexp ^includeIf\.gitdir:
2026-10-08T05:07:32.3816666Z [command]/usr/bin/git submodule foreach --recursive git config --local --show-origin --name-only --get-regexp remote.origin.url
2026-10-08T05:07:32.3981765Z [command]/usr/bin/git config --local http.https://github.com/.extraheader AUTHORIZATION: basic ***
2026-10-08T05:07:32.4015369Z ##[endgroup]
2026-10-08T05:07:32.4019133Z ##[group]Fetching the repository
2026-10-08T05:07:32.4027118Z [command]/usr/bin/git -c protocol.version=2 fetch --prune --no-recurse-submodules origin +refs/heads/*:refs/remotes/origin/* +refs/tags/*:refs/tags/*
2026-10-08T05:07:40.4831160Z From https://github.com/tvofi/heatpump_optimizer
2026-10-08T05:07:40.4832349Z  * [new branch]        bus/approvals           -> origin/bus/approvals
2026-10-08T05:07:40.4833477Z  * [new branch]        cursor/r9-eg-entry-config-9aac -> origin/cursor/r9-eg-entry-config-9aac
2026-10-08T05:07:40.4834342Z  * [new branch]        cursor/r9-sw-1-resume-826f -> origin/cursor/r9-sw-1-resume-826f
2026-10-08T05:07:40.4835210Z  * [new branch]        cursor/r9-sw-2-actuation-6d19 -> origin/cursor/r9-sw-2-actuation-6d19
2026-10-08T05:07:40.4835934Z  * [new branch]        fix/r9-ci-1-pr          -> origin/fix/r9-ci-1-pr
2026-10-08T05:07:40.4836617Z  * [new branch]        fix/r9-dbg-2-pr         -> origin/fix/r9-dbg-2-pr
2026-10-08T05:07:40.4837684Z  * [new branch]        fix/r9-eg-entry-config  -> origin/fix/r9-eg-entry-config
2026-10-08T05:07:40.4838776Z  * [new branch]        fix/r9-ux-actions       -> origin/fix/r9-ux-actions
2026-10-08T05:07:40.4839504Z  * [new branch]        fix/r9-ux9              -> origin/fix/r9-ux9
2026-10-08T05:07:40.4840300Z  * [new branch]        handoff-body/r9-ci-1    -> origin/handoff-body/r9-ci-1
2026-10-08T05:07:40.4841229Z  * [new branch]        handoff-body/r9-closures-eg-b7 -> origin/handoff-body/r9-closures-eg-b7
2026-10-08T05:07:40.4842164Z  * [new branch]        handoff-body/r9-dbg-1   -> origin/handoff-body/r9-dbg-1
2026-10-08T05:07:40.4843001Z  * [new branch]        handoff-body/r9-dbg-2   -> origin/handoff-body/r9-dbg-2
2026-10-08T05:07:40.4843919Z  * [new branch]        handoff-body/r9-eg-a4   -> origin/handoff-body/r9-eg-a4
2026-10-08T05:07:40.4844924Z  * [new branch]        handoff-body/r9-eg-b7-harness -> origin/handoff-body/r9-eg-b7-harness
2026-10-08T05:07:40.4845842Z  * [new branch]        handoff-body/r9-eg-coordinator-seams -> origin/handoff-body/r9-eg-coordinator-seams
2026-10-08T05:07:40.4846548Z  * [new branch]        handoff-body/r9-eg-entry-config -> origin/handoff-body/r9-eg-entry-config
2026-10-08T05:07:40.4847411Z  * [new branch]        handoff-body/r9-eg-solve-inputs -> origin/handoff-body/r9-eg-solve-inputs
2026-10-08T05:07:40.4848013Z  * [new branch]        handoff-body/r9-fixer-cap -> origin/handoff-body/r9-fixer-cap
2026-10-08T05:07:40.4848659Z  * [new branch]        handoff-body/r9-nightly-bdr -> origin/handoff-body/r9-nightly-bdr
2026-10-08T05:07:40.4849508Z  * [new branch]        handoff-body/r9-prepr-selftest -> origin/handoff-body/r9-prepr-selftest
2026-10-08T05:07:40.4850432Z  * [new branch]        handoff-body/r9-rca-1985 -> origin/handoff-body/r9-rca-1985
2026-10-08T05:07:40.4851284Z  * [new branch]        handoff-body/r9-rca-1990 -> origin/handoff-body/r9-rca-1990
2026-10-08T05:07:40.4852053Z  * [new branch]        handoff-body/r9-rca-2004 -> origin/handoff-body/r9-rca-2004
2026-10-08T05:07:40.4852758Z  * [new branch]        handoff-body/r9-rca-bugclasses -> origin/handoff-body/r9-rca-bugclasses
2026-10-08T05:07:40.4853633Z  * [new branch]        handoff-body/r9-rca-stress-recording -> origin/handoff-body/r9-rca-stress-recording
2026-10-08T05:07:40.4854302Z  * [new branch]        handoff-body/r9-record-automerge -> origin/handoff-body/r9-record-automerge
2026-10-08T05:07:40.4855145Z  * [new branch]        handoff-body/r9-record-path -> origin/handoff-body/r9-record-path
2026-10-08T05:07:40.4856232Z  * [new branch]        handoff-body/r9-ro-10   -> origin/handoff-body/r9-ro-10
2026-10-08T05:07:40.4857160Z  * [new branch]        handoff-body/r9-ro-11   -> origin/handoff-body/r9-ro-11
2026-10-08T05:07:40.4857773Z  * [new branch]        handoff-body/r9-ro-12   -> origin/handoff-body/r9-ro-12
2026-10-08T05:07:40.4858349Z  * [new branch]        handoff-body/r9-ro-8    -> origin/handoff-body/r9-ro-8
2026-10-08T05:07:40.4858977Z  * [new branch]        handoff-body/r9-sw-5    -> origin/handoff-body/r9-sw-5
2026-10-08T05:07:40.4859675Z  * [new branch]        handoff-body/r9-sw-actuation -> origin/handoff-body/r9-sw-actuation
2026-10-08T05:07:40.4860310Z  * [new branch]        handoff-body/r9-sw6     -> origin/handoff-body/r9-sw6
2026-10-08T05:07:40.4861001Z  * [new branch]        handoff-body/r9-ux-10   -> origin/handoff-body/r9-ux-10
2026-10-08T05:07:40.4861577Z  * [new branch]        handoff-body/r9-ux-6    -> origin/handoff-body/r9-ux-6
2026-10-08T05:07:40.4862222Z  * [new branch]        handoff-body/r9-ux-7    -> origin/handoff-body/r9-ux-7
2026-10-08T05:07:40.4863199Z  * [new branch]        handoff-body/r9-ux-actions -> origin/handoff-body/r9-ux-actions
2026-10-08T05:07:40.4863994Z  * [new branch]        handoff-body/r9-ux9     -> origin/handoff-body/r9-ux9
2026-10-08T05:07:40.4864612Z  * [new branch]        handoff/audit-r9-alt    -> origin/handoff/audit-r9-alt
2026-10-08T05:07:40.4865176Z  * [new branch]        handoff/audit-r9-evidence -> origin/handoff/audit-r9-evidence
2026-10-08T05:07:40.4865728Z  * [new branch]        handoff/audit-r9-find-B1 -> origin/handoff/audit-r9-find-B1
2026-10-08T05:07:40.4866416Z  * [new branch]        handoff/audit-r9-find-B10 -> origin/handoff/audit-r9-find-B10
2026-10-08T05:07:40.4867132Z  * [new branch]        handoff/audit-r9-find-B2 -> origin/handoff/audit-r9-find-B2
2026-10-08T05:07:40.4867685Z  * [new branch]        handoff/audit-r9-find-B3 -> origin/handoff/audit-r9-find-B3
2026-10-08T05:07:40.4868284Z  * [new branch]        handoff/audit-r9-find-B4 -> origin/handoff/audit-r9-find-B4
2026-10-08T05:07:40.4869049Z  * [new branch]        handoff/audit-r9-find-B5 -> origin/handoff/audit-r9-find-B5
2026-10-08T05:07:40.4869843Z  * [new branch]        handoff/audit-r9-find-B6 -> origin/handoff/audit-r9-find-B6
2026-10-08T05:07:40.4870381Z  * [new branch]        handoff/audit-r9-find-B7 -> origin/handoff/audit-r9-find-B7
2026-10-08T05:07:40.4870913Z  * [new branch]        handoff/audit-r9-find-B8 -> origin/handoff/audit-r9-find-B8
2026-10-08T05:07:40.4871494Z  * [new branch]        handoff/audit-r9-find-B9 -> origin/handoff/audit-r9-find-B9
2026-10-08T05:07:40.4872075Z  * [new branch]        handoff/audit-r9-fixplan -> origin/handoff/audit-r9-fixplan
2026-10-08T05:07:40.4872714Z  * [new branch]        handoff/audit-r9-issues -> origin/handoff/audit-r9-issues
2026-10-08T05:07:40.4873272Z  * [new branch]        handoff/audit-r9-judge  -> origin/handoff/audit-r9-judge
2026-10-08T05:07:40.4873769Z  * [new branch]        handoff/audit-r9-leads  -> origin/handoff/audit-r9-leads
2026-10-08T05:07:40.4874333Z  * [new branch]        handoff/audit-r9-leads-l2 -> origin/handoff/audit-r9-leads-l2
2026-10-08T05:07:40.4874859Z  * [new branch]        handoff/audit-r9-leads-l3 -> origin/handoff/audit-r9-leads-l3
2026-10-08T05:07:40.4875398Z  * [new branch]        handoff/audit-r9-leads-l4 -> origin/handoff/audit-r9-leads-l4
2026-10-08T05:07:40.4875948Z  * [new branch]        handoff/audit-r9-leads-lc -> origin/handoff/audit-r9-leads-lc
2026-10-08T05:07:40.4876525Z  * [new branch]        handoff/audit-r9-plan   -> origin/handoff/audit-r9-plan
2026-10-08T05:07:40.4877250Z  * [new branch]        handoff/audit-r9-register -> origin/handoff/audit-r9-register
2026-10-08T05:07:40.4877793Z  * [new branch]        handoff/audit-r9-runner-1 -> origin/handoff/audit-r9-runner-1
2026-10-08T05:07:40.4878350Z  * [new branch]        handoff/audit-r9-sweep-s1 -> origin/handoff/audit-r9-sweep-s1
2026-10-08T05:07:40.4879068Z  * [new branch]        handoff/audit-r9-sweep-s2 -> origin/handoff/audit-r9-sweep-s2
2026-10-08T05:07:40.4879643Z  * [new branch]        handoff/audit-r9-sweep-s3 -> origin/handoff/audit-r9-sweep-s3
2026-10-08T05:07:40.4880182Z  * [new branch]        handoff/audit-r9-sweep-s4 -> origin/handoff/audit-r9-sweep-s4
2026-10-08T05:07:40.4880949Z  * [new branch]        handoff/audit-r9-sweep-s5 -> origin/handoff/audit-r9-sweep-s5
2026-10-08T05:07:40.4881463Z  * [new branch]        handoff/audit-r9-sweep-s6 -> origin/handoff/audit-r9-sweep-s6
2026-10-08T05:07:40.4881985Z  * [new branch]        handoff/audit-r9-sweep-s7 -> origin/handoff/audit-r9-sweep-s7
2026-10-08T05:07:40.4882541Z  * [new branch]        handoff/audit-r9-verify-g1-v1 -> origin/handoff/audit-r9-verify-g1-v1
2026-10-08T05:07:40.4883161Z  * [new branch]        handoff/audit-r9-verify-g1-v2 -> origin/handoff/audit-r9-verify-g1-v2
2026-10-08T05:07:40.4883757Z  * [new branch]        handoff/audit-r9-verify-g1-v3 -> origin/handoff/audit-r9-verify-g1-v3
2026-10-08T05:07:40.4884326Z  * [new branch]        handoff/audit-r9-verify-g2-v1 -> origin/handoff/audit-r9-verify-g2-v1
2026-10-08T05:07:40.4884893Z  * [new branch]        handoff/audit-r9-verify-g2-v2 -> origin/handoff/audit-r9-verify-g2-v2
2026-10-08T05:07:40.4885435Z  * [new branch]        handoff/audit-r9-verify-g2-v3 -> origin/handoff/audit-r9-verify-g2-v3
2026-10-08T05:07:40.4885990Z  * [new branch]        handoff/audit-r9-verify-g3-v1 -> origin/handoff/audit-r9-verify-g3-v1
2026-10-08T05:07:40.4886547Z  * [new branch]        handoff/audit-r9-verify-g3-v2 -> origin/handoff/audit-r9-verify-g3-v2
2026-10-08T05:07:40.4887309Z  * [new branch]        handoff/audit-r9-verify-g3-v3 -> origin/handoff/audit-r9-verify-g3-v3
2026-10-08T05:07:40.4887962Z  * [new branch]        handoff/audit-r9-verify-g4-v1 -> origin/handoff/audit-r9-verify-g4-v1
2026-10-08T05:07:40.4888522Z  * [new branch]        handoff/audit-r9-verify-g4-v2 -> origin/handoff/audit-r9-verify-g4-v2
2026-10-08T05:07:40.4889083Z  * [new branch]        handoff/audit-r9-verify-g4-v3 -> origin/handoff/audit-r9-verify-g4-v3
2026-10-08T05:07:40.4889597Z  * [new branch]        handoff/r9-ci-1         -> origin/handoff/r9-ci-1
2026-10-08T05:07:40.4890070Z  * [new branch]        handoff/r9-closures-eg-b7 -> origin/handoff/r9-closures-eg-b7
2026-10-08T05:07:40.4890575Z  * [new branch]        handoff/r9-dbg-0        -> origin/handoff/r9-dbg-0
2026-10-08T05:07:40.4891061Z  * [new branch]        handoff/r9-dbg-1        -> origin/handoff/r9-dbg-1
2026-10-08T05:07:40.4891521Z  * [new branch]        handoff/r9-dbg-2        -> origin/handoff/r9-dbg-2
2026-10-08T05:07:40.4891985Z  * [new branch]        handoff/r9-dbg-3        -> origin/handoff/r9-dbg-3
2026-10-08T05:07:40.4892427Z  * [new branch]        handoff/r9-diag-1       -> origin/handoff/r9-diag-1
2026-10-08T05:07:40.4892915Z  * [new branch]        handoff/r9-diag-2s      -> origin/handoff/r9-diag-2s
2026-10-08T05:07:40.4893372Z  * [new branch]        handoff/r9-eg-a4        -> origin/handoff/r9-eg-a4
2026-10-08T05:07:40.4893839Z  * [new branch]        handoff/r9-eg-archscore -> origin/handoff/r9-eg-archscore
2026-10-08T05:07:40.4894376Z  * [new branch]        handoff/r9-eg-b0        -> origin/handoff/r9-eg-b0
2026-10-08T05:07:40.4894838Z  * [new branch]        handoff/r9-eg-b7-harness -> origin/handoff/r9-eg-b7-harness
2026-10-08T05:07:40.4895467Z  * [new branch]        handoff/r9-eg-collaborator-interfaces -> origin/handoff/r9-eg-collaborator-interfaces
2026-10-08T05:07:40.4896108Z  * [new branch]        handoff/r9-eg-coordinator-seams -> origin/handoff/r9-eg-coordinator-seams
2026-10-08T05:07:40.4896725Z  * [new branch]        handoff/r9-eg-dhw-closure-dedupe-v2 -> origin/handoff/r9-eg-dhw-closure-dedupe-v2
2026-10-08T05:07:40.4897498Z  * [new branch]        handoff/r9-eg-dhw-planner -> origin/handoff/r9-eg-dhw-planner
2026-10-08T05:07:40.4898043Z  * [new branch]        handoff/r9-eg-entry-config -> origin/handoff/r9-eg-entry-config
2026-10-08T05:07:40.4898638Z  * [new branch]        handoff/r9-eg-one-copy  -> origin/handoff/r9-eg-one-copy
2026-10-08T05:07:40.4899143Z  * [new branch]        handoff/r9-eg-param-objects -> origin/handoff/r9-eg-param-objects
2026-10-08T05:07:40.4899692Z  * [new branch]        handoff/r9-eg-register-fold -> origin/handoff/r9-eg-register-fold
2026-10-08T05:07:40.4900215Z  * [new branch]        handoff/r9-eg-solve-inputs -> origin/handoff/r9-eg-solve-inputs
2026-10-08T05:07:40.4900717Z  * [new branch]        handoff/r9-eg-store-version -> origin/handoff/r9-eg-store-version
2026-10-08T05:07:40.4901279Z  * [new branch]        handoff/r9-eg-surface-identity -> origin/handoff/r9-eg-surface-identity
2026-10-08T05:07:40.4901850Z  * [new branch]        handoff/r9-eg-typed-payload -> origin/handoff/r9-eg-typed-payload
2026-10-08T05:07:40.4902400Z  * [new branch]        handoff/r9-eg-typed-payload-b -> origin/handoff/r9-eg-typed-payload-b
2026-10-08T05:07:40.4903516Z  * [new branch]        handoff/r9-f1-coordinator-10 -> origin/handoff/r9-f1-coordinator-10
2026-10-08T05:07:40.4904345Z  * [new branch]        handoff/r9-f1-coordinator-2 -> origin/handoff/r9-f1-coordinator-2
2026-10-08T05:07:40.4905199Z  * [new branch]        handoff/r9-f1-coordinator-3 -> origin/handoff/r9-f1-coordinator-3
2026-10-08T05:07:40.4905785Z  * [new branch]        handoff/r9-f1-coordinator-4 -> origin/handoff/r9-f1-coordinator-4
2026-10-08T05:07:40.4906635Z  * [new branch]        handoff/r9-f1-coordinator-5 -> origin/handoff/r9-f1-coordinator-5
2026-10-08T05:07:40.4907647Z  * [new branch]        handoff/r9-f1-coordinator-7 -> origin/handoff/r9-f1-coordinator-7
2026-10-08T05:07:40.4908486Z  * [new branch]        handoff/r9-f1-coordinator-7-review -> origin/handoff/r9-f1-coordinator-7-review
2026-10-08T05:07:40.4909241Z  * [new branch]        handoff/r9-f10-12       -> origin/handoff/r9-f10-12
2026-10-08T05:07:40.4909814Z  * [new branch]        handoff/r9-f10-13       -> origin/handoff/r9-f10-13
2026-10-08T05:07:40.4910350Z  * [new branch]        handoff/r9-f10-14       -> origin/handoff/r9-f10-14
2026-10-08T05:07:40.4910901Z  * [new branch]        handoff/r9-f10-15       -> origin/handoff/r9-f10-15
2026-10-08T05:07:40.4911495Z  * [new branch]        handoff/r9-f10-16       -> origin/handoff/r9-f10-16
2026-10-08T05:07:40.4912042Z  * [new branch]        handoff/r9-f10-ci-efficiency -> origin/handoff/r9-f10-ci-efficiency
2026-10-08T05:07:40.4912918Z  * [new branch]        handoff/r9-f10-claims-baseline-rca -> origin/handoff/r9-f10-claims-baseline-rca
2026-10-08T05:07:40.4913684Z  * [new branch]        handoff/r9-f10-closure-runalways -> origin/handoff/r9-f10-closure-runalways
2026-10-08T05:07:40.4914493Z  * [new branch]        handoff/r9-f10-gate-infra-1 -> origin/handoff/r9-f10-gate-infra-1
2026-10-08T05:07:40.4915075Z  * [new branch]        handoff/r9-f10-gate-infra-1d -> origin/handoff/r9-f10-gate-infra-1d
2026-10-08T05:07:40.4915648Z  * [new branch]        handoff/r9-f10-gate-infra-4 -> origin/handoff/r9-f10-gate-infra-4
2026-10-08T05:07:40.4916216Z  * [new branch]        handoff/r9-f10-gate-infra-5 -> origin/handoff/r9-f10-gate-infra-5
2026-10-08T05:07:40.4916687Z  * [new branch]        handoff/r9-f10-gate-infra-6 -> origin/handoff/r9-f10-gate-infra-6
2026-10-08T05:07:40.4917455Z  * [new branch]        handoff/r9-f10-harness-timeout -> origin/handoff/r9-f10-harness-timeout
2026-10-08T05:07:40.4918007Z  * [new branch]        handoff/r9-f10-loop-heartbeat -> origin/handoff/r9-f10-loop-heartbeat
2026-10-08T05:07:40.4918525Z  * [new branch]        handoff/r9-f10-merge-queue -> origin/handoff/r9-f10-merge-queue
2026-10-08T05:07:40.4919310Z  * [new branch]        handoff/r9-f11-governance-1 -> origin/handoff/r9-f11-governance-1
2026-10-08T05:07:40.4919826Z  * [new branch]        handoff/r9-f11-governance-3 -> origin/handoff/r9-f11-governance-3
2026-10-08T05:07:40.4920851Z  * [new branch]        handoff/r9-f11-governance-4 -> origin/handoff/r9-f11-governance-4
2026-10-08T05:07:40.4921406Z  * [new branch]        handoff/r9-f11-governance-4-review -> origin/handoff/r9-f11-governance-4-review
2026-10-08T05:07:40.4922041Z  * [new branch]        handoff/r9-f11-governance-5 -> origin/handoff/r9-f11-governance-5
2026-10-08T05:07:40.4922569Z  * [new branch]        handoff/r9-f11-governance-6 -> origin/handoff/r9-f11-governance-6
2026-10-08T05:07:40.4923063Z  * [new branch]        handoff/r9-f11-governance-7 -> origin/handoff/r9-f11-governance-7
2026-10-08T05:07:40.4923552Z  * [new branch]        handoff/r9-f2-solver-1  -> origin/handoff/r9-f2-solver-1
2026-10-08T05:07:40.4924046Z  * [new branch]        handoff/r9-f2-solver-3  -> origin/handoff/r9-f2-solver-3
2026-10-08T05:07:40.4924494Z  * [new branch]        handoff/r9-f2-solver-4  -> origin/handoff/r9-f2-solver-4
2026-10-08T05:07:40.4924975Z  * [new branch]        handoff/r9-f2-solver-5  -> origin/handoff/r9-f2-solver-5
2026-10-08T05:07:40.4925495Z  * [new branch]        handoff/r9-f3-stores-1  -> origin/handoff/r9-f3-stores-1
2026-10-08T05:07:40.4926011Z  * [new branch]        handoff/r9-f3-stores-3  -> origin/handoff/r9-f3-stores-3
2026-10-08T05:07:40.4926504Z  * [new branch]        handoff/r9-f4-inputs-sysid-1 -> origin/handoff/r9-f4-inputs-sysid-1
2026-10-08T05:07:40.4927220Z  * [new branch]        handoff/r9-f4-inputs-sysid-2 -> origin/handoff/r9-f4-inputs-sysid-2
2026-10-08T05:07:40.4927899Z  * [new branch]        handoff/r9-f5-config-text-1 -> origin/handoff/r9-f5-config-text-1
2026-10-08T05:07:40.4928594Z  * [new branch]        handoff/r9-f6-card-1    -> origin/handoff/r9-f6-card-1
2026-10-08T05:07:40.4929252Z  * [new branch]        handoff/r9-f6-card-2    -> origin/handoff/r9-f6-card-2
2026-10-08T05:07:40.4929877Z  * [new branch]        handoff/r9-f6-card-4    -> origin/handoff/r9-f6-card-4
2026-10-08T05:07:40.4930601Z  * [new branch]        handoff/r9-f7-entities-1 -> origin/handoff/r9-f7-entities-1
2026-10-08T05:07:40.4931600Z  * [new branch]        handoff/r9-f7-entities-2 -> origin/handoff/r9-f7-entities-2
2026-10-08T05:07:40.4932378Z  * [new branch]        handoff/r9-f7-family-splits -> origin/handoff/r9-f7-family-splits
2026-10-08T05:07:40.4933205Z  * [new branch]        handoff/r9-f8-docs-1    -> origin/handoff/r9-f8-docs-1
2026-10-08T05:07:40.4933936Z  * [new branch]        handoff/r9-f8-docs-2    -> origin/handoff/r9-f8-docs-2
2026-10-08T05:07:40.4934552Z  * [new branch]        handoff/r9-f8-docs-3    -> origin/handoff/r9-f8-docs-3
2026-10-08T05:07:40.4935123Z  * [new branch]        handoff/r9-f9-test-pins-2 -> origin/handoff/r9-f9-test-pins-2
2026-10-08T05:07:40.4935886Z  * [new branch]        handoff/r9-f9-test-pins-3 -> origin/handoff/r9-f9-test-pins-3
2026-10-08T05:07:40.4936521Z  * [new branch]        handoff/r9-fixer-cap    -> origin/handoff/r9-fixer-cap
2026-10-08T05:07:40.4937301Z  * [new branch]        handoff/r9-fr-10        -> origin/handoff/r9-fr-10
2026-10-08T05:07:40.4937908Z  * [new branch]        handoff/r9-friction-study -> origin/handoff/r9-friction-study
2026-10-08T05:07:40.4938451Z  * [new branch]        handoff/r9-nightly-bdr  -> origin/handoff/r9-nightly-bdr
2026-10-08T05:07:40.4939178Z  * [new branch]        handoff/r9-nightly-status-k5uati -> origin/handoff/r9-nightly-status-k5uati
2026-10-08T05:07:40.4939815Z  * [new branch]        handoff/r9-prepr-selftest -> origin/handoff/r9-prepr-selftest
2026-10-08T05:07:40.4940318Z  * [new branch]        handoff/r9-proc-1       -> origin/handoff/r9-proc-1
2026-10-08T05:07:40.4940801Z  * [new branch]        handoff/r9-proc-3       -> origin/handoff/r9-proc-3
2026-10-08T05:07:40.4941560Z  * [new branch]        handoff/r9-proc-4       -> origin/handoff/r9-proc-4
2026-10-08T05:07:40.4942058Z  * [new branch]        handoff/r9-proc-5       -> origin/handoff/r9-proc-5
2026-10-08T05:07:40.4942569Z  * [new branch]        handoff/r9-rc-prcontract-fix -> origin/handoff/r9-rc-prcontract-fix
2026-10-08T05:07:40.4943109Z  * [new branch]        handoff/r9-rca-1985     -> origin/handoff/r9-rca-1985
2026-10-08T05:07:40.4943602Z  * [new branch]        handoff/r9-rca-1990     -> origin/handoff/r9-rca-1990
2026-10-08T05:07:40.4944118Z  * [new branch]        handoff/r9-rca-2004     -> origin/handoff/r9-rca-2004
2026-10-08T05:07:40.4945047Z  * [new branch]        handoff/r9-rca-avoidable-interpreter-bound-recomputation -> origin/handoff/r9-rca-avoidable-interpreter-bound-recomputation
2026-10-08T05:07:40.4945995Z  * [new branch]        handoff/r9-rca-bugclasses -> origin/handoff/r9-rca-bugclasses
2026-10-08T05:07:40.4946608Z  * [new branch]        handoff/r9-rca-cpu-gate-blind -> origin/handoff/r9-rca-cpu-gate-blind
2026-10-08T05:07:40.4947388Z  * [new branch]        handoff/r9-rca-i1       -> origin/handoff/r9-rca-i1
2026-10-08T05:07:40.4947872Z  * [new branch]        handoff/r9-rca-i3       -> origin/handoff/r9-rca-i3
2026-10-08T05:07:40.4948322Z  * [new branch]        handoff/r9-rca-i4       -> origin/handoff/r9-rca-i4
2026-10-08T05:07:40.4948765Z  * [new branch]        handoff/r9-rca-i5       -> origin/handoff/r9-rca-i5
2026-10-08T05:07:40.4949258Z  * [new branch]        handoff/r9-rca-p1       -> origin/handoff/r9-rca-p1
2026-10-08T05:07:40.4949739Z  * [new branch]        handoff/r9-rca-p11      -> origin/handoff/r9-rca-p11
2026-10-08T05:07:40.4950245Z  * [new branch]        handoff/r9-rca-p2       -> origin/handoff/r9-rca-p2
2026-10-08T05:07:40.4950897Z  * [new branch]        handoff/r9-rca-p3       -> origin/handoff/r9-rca-p3
2026-10-08T05:07:40.4951474Z  * [new branch]        handoff/r9-rca-p5       -> origin/handoff/r9-rca-p5
2026-10-08T05:07:40.4951955Z  * [new branch]        handoff/r9-rca-p6       -> origin/handoff/r9-rca-p6
2026-10-08T05:07:40.4952426Z  * [new branch]        handoff/r9-rca-p9       -> origin/handoff/r9-rca-p9
2026-10-08T05:07:40.4953195Z  * [new branch]        handoff/r9-rca-persisted-future-instant-trusted-without-bound -> origin/handoff/r9-rca-persisted-future-instant-trusted-without-bound
2026-10-08T05:07:40.4954375Z  * [new branch]        handoff/r9-rca-stress-recording -> origin/handoff/r9-rca-stress-recording
2026-10-08T05:07:40.4954912Z  * [new branch]        handoff/r9-record-automerge -> origin/handoff/r9-record-automerge
2026-10-08T05:07:40.4955474Z  * [new branch]        handoff/r9-record-path  -> origin/handoff/r9-record-path
2026-10-08T05:07:40.4955931Z  * [new branch]        handoff/r9-ro-1         -> origin/handoff/r9-ro-1
2026-10-08T05:07:40.4956370Z  * [new branch]        handoff/r9-ro-10        -> origin/handoff/r9-ro-10
2026-10-08T05:07:40.4956894Z  * [new branch]        handoff/r9-ro-11        -> origin/handoff/r9-ro-11
2026-10-08T05:07:40.4957382Z  * [new branch]        handoff/r9-ro-12        -> origin/handoff/r9-ro-12
2026-10-08T05:07:40.4957857Z  * [new branch]        handoff/r9-ro-2         -> origin/handoff/r9-ro-2
2026-10-08T05:07:40.4958287Z  * [new branch]        handoff/r9-ro-3         -> origin/handoff/r9-ro-3
2026-10-08T05:07:40.4958714Z  * [new branch]        handoff/r9-ro-4         -> origin/handoff/r9-ro-4
2026-10-08T05:07:40.4959145Z  * [new branch]        handoff/r9-ro-5         -> origin/handoff/r9-ro-5
2026-10-08T05:07:40.4959581Z  * [new branch]        handoff/r9-ro-6         -> origin/handoff/r9-ro-6
2026-10-08T05:07:40.4960043Z  * [new branch]        handoff/r9-ro-7         -> origin/handoff/r9-ro-7
2026-10-08T05:07:40.4960455Z  * [new branch]        handoff/r9-ro-8         -> origin/handoff/r9-ro-8
2026-10-08T05:07:40.4960866Z  * [new branch]        handoff/r9-sw-5         -> origin/handoff/r9-sw-5
2026-10-08T05:07:40.4961321Z  * [new branch]        handoff/r9-sw-actuation -> origin/handoff/r9-sw-actuation
2026-10-08T05:07:40.4961777Z  * [new branch]        handoff/r9-sw-card      -> origin/handoff/r9-sw-card
2026-10-08T05:07:40.4962260Z  * [new branch]        handoff/r9-sw-gchv      -> origin/handoff/r9-sw-gchv
2026-10-08T05:07:40.4962733Z  * [new branch]        handoff/r9-sw-model     -> origin/handoff/r9-sw-model
2026-10-08T05:07:40.4963176Z  * [new branch]        handoff/r9-sw6          -> origin/handoff/r9-sw6
2026-10-08T05:07:40.4963614Z  * [new branch]        handoff/r9-ux-10        -> origin/handoff/r9-ux-10
2026-10-08T05:07:40.4964033Z  * [new branch]        handoff/r9-ux-6         -> origin/handoff/r9-ux-6
2026-10-08T05:07:40.4964541Z  * [new branch]        handoff/r9-ux-7         -> origin/handoff/r9-ux-7
2026-10-08T05:07:40.4964984Z  * [new branch]        handoff/r9-ux-actions   -> origin/handoff/r9-ux-actions
2026-10-08T05:07:40.4965432Z  * [new branch]        handoff/r9-ux-events    -> origin/handoff/r9-ux-events
2026-10-08T05:07:40.4965946Z  * [new branch]        handoff/r9-ux-health    -> origin/handoff/r9-ux-health
2026-10-08T05:07:40.4966450Z  * [new branch]        handoff/r9-ux-insight-text -> origin/handoff/r9-ux-insight-text
2026-10-08T05:07:40.4967030Z  * [new branch]        handoff/r9-ux9          -> origin/handoff/r9-ux9
2026-10-08T05:07:40.4967467Z  * [new branch]        handoff/r9-web-3        -> origin/handoff/r9-web-3
2026-10-08T05:07:40.4967884Z  * [new branch]        handoff/r9-web-4        -> origin/handoff/r9-web-4
2026-10-08T05:07:40.4968336Z  * [new branch]        handoff/r9-web-5        -> origin/handoff/r9-web-5
2026-10-08T05:07:40.4968803Z  * [new branch]        handoff/r9-web-page     -> origin/handoff/r9-web-page
2026-10-08T05:07:40.4969297Z  * [new branch]        handoff/rca-1747        -> origin/handoff/rca-1747
2026-10-08T05:07:40.4969754Z  * [new branch]        handoff/repo-reorg-plan -> origin/handoff/repo-reorg-plan
2026-10-08T05:07:40.4970255Z  * [new branch]        handoff/silent-windows-plan -> origin/handoff/silent-windows-plan
2026-10-08T05:07:40.4970738Z  * [new branch]        main                    -> origin/main
2026-10-08T05:07:40.4971180Z  * [new branch]        proof/r9-ci-1-pr2010    -> origin/proof/r9-ci-1-pr2010
2026-10-08T05:07:40.4971631Z  * [new branch]        proof/r9-ci-1-pr2025    -> origin/proof/r9-ci-1-pr2025
2026-10-08T05:07:40.4972086Z  * [new branch]        proof/r9-ci-1-sw1       -> origin/proof/r9-ci-1-sw1
2026-10-08T05:07:40.4972571Z  * [new branch]        review/1987             -> origin/review/1987
2026-10-08T05:07:40.4973034Z  * [new branch]        review/1997             -> origin/review/1997
2026-10-08T05:07:40.4973474Z  * [new branch]        review/2002             -> origin/review/2002
2026-10-08T05:07:40.4973890Z  * [new branch]        review/2006             -> origin/review/2006
2026-10-08T05:07:40.4974312Z  * [new branch]        review/2007             -> origin/review/2007
2026-10-08T05:07:40.4974719Z  * [new branch]        review/2010             -> origin/review/2010
2026-10-08T05:07:40.4975133Z  * [new branch]        review/2011             -> origin/review/2011
2026-10-08T05:07:40.4975555Z  * [new branch]        review/2012             -> origin/review/2012
2026-10-08T05:07:40.4975999Z  * [new branch]        review/2013             -> origin/review/2013
2026-10-08T05:07:40.4976422Z  * [new branch]        review/2014             -> origin/review/2014
2026-10-08T05:07:40.4976954Z  * [new branch]        review/2015             -> origin/review/2015
2026-10-08T05:07:40.4977456Z  * [new branch]        review/2017             -> origin/review/2017
2026-10-08T05:07:40.4977875Z  * [new branch]        review/2018             -> origin/review/2018
2026-10-08T05:07:40.4978421Z  * [new branch]        review/2021             -> origin/review/2021
2026-10-08T05:07:40.4978863Z  * [new branch]        review/2022             -> origin/review/2022
2026-10-08T05:07:40.4979302Z  * [new branch]        review/2024             -> origin/review/2024
2026-10-08T05:07:40.4979725Z  * [new branch]        review/2025             -> origin/review/2025
2026-10-08T05:07:40.4980148Z  * [new branch]        review/2026             -> origin/review/2026
2026-10-08T05:07:40.4980532Z  * [new branch]        review/2027             -> origin/review/2027
2026-10-08T05:07:40.4980960Z  * [new branch]        review/2029             -> origin/review/2029
2026-10-08T05:07:40.4981357Z  * [new branch]        review/2030             -> origin/review/2030
2026-10-08T05:07:40.4981788Z  * [new branch]        review/2040             -> origin/review/2040
2026-10-08T05:07:40.4982306Z  * [new branch]        review/2042             -> origin/review/2042
2026-10-08T05:07:40.4982836Z  * [new branch]        review/2044             -> origin/review/2044
2026-10-08T05:07:40.4983344Z  * [new branch]        review/2049             -> origin/review/2049
2026-10-08T05:07:40.4983754Z  * [new branch]        verdict/1987            -> origin/verdict/1987
2026-10-08T05:07:40.4984187Z  * [new branch]        verdict/1997            -> origin/verdict/1997
2026-10-08T05:07:40.4984603Z  * [new branch]        verdict/2002            -> origin/verdict/2002
2026-10-08T05:07:40.4985003Z  * [new branch]        verdict/2006            -> origin/verdict/2006
2026-10-08T05:07:40.4985411Z  * [new branch]        verdict/2007            -> origin/verdict/2007
2026-10-08T05:07:40.4985847Z  * [new branch]        verdict/2010            -> origin/verdict/2010
2026-10-08T05:07:40.4986275Z  * [new branch]        verdict/2011            -> origin/verdict/2011
2026-10-08T05:07:40.4986688Z  * [new branch]        verdict/2012            -> origin/verdict/2012
2026-10-08T05:07:40.4987253Z  * [new branch]        verdict/2013            -> origin/verdict/2013
2026-10-08T05:07:40.4987776Z  * [new branch]        verdict/2014            -> origin/verdict/2014
2026-10-08T05:07:40.4988295Z  * [new branch]        verdict/2015            -> origin/verdict/2015
2026-10-08T05:07:40.4988711Z  * [new branch]        verdict/2017            -> origin/verdict/2017
2026-10-08T05:07:40.4989158Z  * [new branch]        verdict/2018            -> origin/verdict/2018
2026-10-08T05:07:40.4989607Z  * [new branch]        verdict/2021            -> origin/verdict/2021
2026-10-08T05:07:40.4990033Z  * [new branch]        verdict/2022            -> origin/verdict/2022
2026-10-08T05:07:40.4990443Z  * [new branch]        verdict/2024            -> origin/verdict/2024
2026-10-08T05:07:40.4990935Z  * [new branch]        verdict/2025            -> origin/verdict/2025
2026-10-08T05:07:40.4991479Z  * [new branch]        verdict/2026            -> origin/verdict/2026
2026-10-08T05:07:40.4992024Z  * [new branch]        verdict/2027            -> origin/verdict/2027
2026-10-08T05:07:40.4992620Z  * [new branch]        verdict/2029            -> origin/verdict/2029
2026-10-08T05:07:40.4993077Z  * [new branch]        verdict/2030            -> origin/verdict/2030
2026-10-08T05:07:40.4993497Z  * [new branch]        verdict/2040            -> origin/verdict/2040
2026-10-08T05:07:40.4993931Z  * [new branch]        verdict/2042            -> origin/verdict/2042
2026-10-08T05:07:40.4994354Z  * [new branch]        verdict/2044            -> origin/verdict/2044
2026-10-08T05:07:40.4994779Z  * [new branch]        verdict/2049            -> origin/verdict/2049
2026-10-08T05:07:40.4995212Z  * [new tag]           audit-round2-evidence   -> audit-round2-evidence
2026-10-08T05:07:40.4995648Z  * [new tag]           v2.3.0-beta.1           -> v2.3.0-beta.1
2026-10-08T05:07:40.4996077Z  * [new tag]           v2.4.0                  -> v2.4.0
2026-10-08T05:07:40.4996584Z  * [new tag]           v2.4.1                  -> v2.4.1
2026-10-08T05:07:40.4997210Z  * [new tag]           v2.5.0                  -> v2.5.0
2026-10-08T05:07:40.4997597Z  * [new tag]           v2.6.0                  -> v2.6.0
2026-10-08T05:07:40.4997975Z  * [new tag]           v2.6.1                  -> v2.6.1
2026-10-08T05:07:40.4998339Z  * [new tag]           v2.7.0                  -> v2.7.0
2026-10-08T05:07:40.4998694Z  * [new tag]           v2.8.0                  -> v2.8.0
2026-10-08T05:07:40.4999027Z  * [new tag]           v3.0.0                  -> v3.0.0
2026-10-08T05:07:40.4999450Z  * [new tag]           v3.1.0                  -> v3.1.0
2026-10-08T05:07:40.4999796Z  * [new tag]           v3.1.1                  -> v3.1.1
2026-10-08T05:07:40.5000151Z  * [new tag]           v3.1.2                  -> v3.1.2
2026-10-08T05:07:40.5000507Z  * [new tag]           v3.14.0                 -> v3.14.0
2026-10-08T05:07:40.5000853Z  * [new tag]           v3.16.0                 -> v3.16.0
2026-10-08T05:07:40.5001224Z  * [new tag]           v3.2.0                  -> v3.2.0
2026-10-08T05:07:40.5001588Z  * [new tag]           v3.3.0                  -> v3.3.0
2026-10-08T05:07:40.5002006Z  * [new tag]           v3.3.1                  -> v3.3.1
2026-10-08T05:07:40.5002390Z  * [new tag]           v3.4.0                  -> v3.4.0
2026-10-08T05:07:40.5002744Z  * [new tag]           v3.4.1                  -> v3.4.1
2026-10-08T05:07:40.5003392Z  * [new tag]           v3.5.0                  -> v3.5.0
2026-10-08T05:07:40.5003808Z  * [new tag]           v3.6.0                  -> v3.6.0
2026-10-08T05:07:40.5004253Z  * [new tag]           v3.6.1                  -> v3.6.1
2026-10-08T05:07:40.5004719Z  * [new tag]           v3.7.0                  -> v3.7.0
2026-10-08T05:07:40.5005266Z  * [new tag]           v3.7.1                  -> v3.7.1
2026-10-08T05:07:40.5005720Z  * [new tag]           v3.8.0                  -> v3.8.0
2026-10-08T05:07:40.5006095Z  * [new tag]           v4.0.0                  -> v4.0.0
2026-10-08T05:07:40.5006437Z  * [new tag]           v4.0.1                  -> v4.0.1
2026-10-08T05:07:40.5006880Z  * [new tag]           v4.0.2                  -> v4.0.2
2026-10-08T05:07:40.5007254Z  * [new tag]           v4.0.3                  -> v4.0.3
2026-10-08T05:07:40.5007634Z  * [new tag]           v4.0.4                  -> v4.0.4
2026-10-08T05:07:40.5007978Z  * [new tag]           v4.0.5                  -> v4.0.5
2026-10-08T05:07:40.5008308Z  * [new tag]           v4.0.6                  -> v4.0.6
2026-10-08T05:07:40.5008680Z  * [new tag]           v4.0.7                  -> v4.0.7
2026-10-08T05:07:40.5009062Z  * [new tag]           v4.1.0                  -> v4.1.0
2026-10-08T05:07:40.5009436Z  * [new tag]           v4.2.0                  -> v4.2.0
2026-10-08T05:07:40.5009774Z  * [new tag]           v4.3.0                  -> v4.3.0
2026-10-08T05:07:40.5010194Z  * [new tag]           v5.0.0                  -> v5.0.0
2026-10-08T05:07:40.5010571Z  * [new tag]           v5.1.0                  -> v5.1.0
2026-10-08T05:07:40.5010915Z  * [new tag]           v5.1.1                  -> v5.1.1
2026-10-08T05:07:40.5011292Z  * [new tag]           v5.1.10                 -> v5.1.10
2026-10-08T05:07:40.5011659Z  * [new tag]           v5.1.2                  -> v5.1.2
2026-10-08T05:07:40.5012124Z  * [new tag]           v5.1.3                  -> v5.1.3
2026-10-08T05:07:40.5012546Z  * [new tag]           v5.1.4                  -> v5.1.4
2026-10-08T05:07:40.5012911Z  * [new tag]           v5.1.5                  -> v5.1.5
2026-10-08T05:07:40.5013252Z  * [new tag]           v5.1.6                  -> v5.1.6
2026-10-08T05:07:40.5013631Z  * [new tag]           v5.1.7                  -> v5.1.7
2026-10-08T05:07:40.5014065Z  * [new tag]           v5.1.9                  -> v5.1.9
2026-10-08T05:07:40.5014583Z  * [new tag]           v5.2.0                  -> v5.2.0
2026-10-08T05:07:40.5014991Z  * [new tag]           v5.3.0                  -> v5.3.0
2026-10-08T05:07:40.5015401Z  * [new tag]           v5.4.0                  -> v5.4.0
2026-10-08T05:07:40.5015758Z  * [new tag]           v5.4.1                  -> v5.4.1
2026-10-08T05:07:40.5016102Z  * [new tag]           v5.5.0                  -> v5.5.0
2026-10-08T05:07:40.5016466Z  * [new tag]           v5.6.0                  -> v5.6.0
2026-10-08T05:07:40.5016942Z  * [new tag]           v5.6.1                  -> v5.6.1
2026-10-08T05:07:40.5017340Z  * [new tag]           v5.6.2                  -> v5.6.2
2026-10-08T05:07:40.5017813Z  * [new tag]           v5.7.0                  -> v5.7.0
2026-10-08T05:07:40.5018284Z  * [new tag]           v5.7.1                  -> v5.7.1
2026-10-08T05:07:40.5018840Z  * [new tag]           v6.0.0                  -> v6.0.0
2026-10-08T05:07:40.5019257Z  * [new tag]           v6.0.1                  -> v6.0.1
2026-10-08T05:07:40.5019597Z  * [new tag]           v6.0.2                  -> v6.0.2
2026-10-08T05:07:40.5019971Z  * [new tag]           v6.0.3                  -> v6.0.3
2026-10-08T05:07:40.5020327Z  * [new tag]           v6.0.4                  -> v6.0.4
2026-10-08T05:07:40.5020676Z  * [new tag]           v6.0.5                  -> v6.0.5
2026-10-08T05:07:40.5021052Z  * [new tag]           v6.0.6                  -> v6.0.6
2026-10-08T05:07:40.5021467Z  * [new tag]           v6.0.7                  -> v6.0.7
2026-10-08T05:07:40.5021857Z  * [new tag]           v6.0.8                  -> v6.0.8
2026-10-08T05:07:40.5022209Z  * [new tag]           v6.0.9                  -> v6.0.9
2026-10-08T05:07:40.5022702Z  * [new tag]           v6.1.0                  -> v6.1.0
2026-10-08T05:07:40.5023759Z  * [new tag]           v6.1.1                  -> v6.1.1
2026-10-08T05:07:40.5024120Z  * [new tag]           v6.1.2                  -> v6.1.2
2026-10-08T05:07:40.5024490Z  * [new tag]           v6.2.0                  -> v6.2.0
2026-10-08T05:07:40.5024829Z  * [new tag]           v6.2.1                  -> v6.2.1
2026-10-08T05:07:40.5025178Z  * [new tag]           v6.2.10                 -> v6.2.10
2026-10-08T05:07:40.5025619Z  * [new tag]           v6.2.11                 -> v6.2.11
2026-10-08T05:07:40.5025971Z  * [new tag]           v6.2.12                 -> v6.2.12
2026-10-08T05:07:40.5026341Z  * [new tag]           v6.2.13                 -> v6.2.13
2026-10-08T05:07:40.5026697Z  * [new tag]           v6.2.14                 -> v6.2.14
2026-10-08T05:07:40.5027242Z  * [new tag]           v6.2.15                 -> v6.2.15
2026-10-08T05:07:40.5027646Z  * [new tag]           v6.2.16                 -> v6.2.16
2026-10-08T05:07:40.5027990Z  * [new tag]           v6.2.17                 -> v6.2.17
2026-10-08T05:07:40.5028346Z  * [new tag]           v6.2.2                  -> v6.2.2
2026-10-08T05:07:40.5028737Z  * [new tag]           v6.2.3                  -> v6.2.3
2026-10-08T05:07:40.5029072Z  * [new tag]           v6.2.4                  -> v6.2.4
2026-10-08T05:07:40.5029464Z  * [new tag]           v6.2.5                  -> v6.2.5
2026-10-08T05:07:40.5029884Z  * [new tag]           v6.2.6                  -> v6.2.6
2026-10-08T05:07:40.5030226Z  * [new tag]           v6.2.7                  -> v6.2.7
2026-10-08T05:07:40.5030579Z  * [new tag]           v6.2.8                  -> v6.2.8
2026-10-08T05:07:40.5030930Z  * [new tag]           v6.2.9                  -> v6.2.9
2026-10-08T05:07:40.5031310Z  * [new tag]           v6.3.0                  -> v6.3.0
2026-10-08T05:07:40.5031689Z  * [new tag]           v6.3.1                  -> v6.3.1
2026-10-08T05:07:40.5032035Z  * [new tag]           v6.3.10                 -> v6.3.10
2026-10-08T05:07:40.5032398Z  * [new tag]           v6.3.11                 -> v6.3.11
2026-10-08T05:07:40.5032767Z  * [new tag]           v6.3.12                 -> v6.3.12
2026-10-08T05:07:40.5033127Z  * [new tag]           v6.3.13                 -> v6.3.13
2026-10-08T05:07:40.5033474Z  * [new tag]           v6.3.14                 -> v6.3.14
2026-10-08T05:07:40.5033802Z  * [new tag]           v6.3.15                 -> v6.3.15
2026-10-08T05:07:40.5034177Z  * [new tag]           v6.3.16                 -> v6.3.16
2026-10-08T05:07:40.5034576Z  * [new tag]           v6.3.17                 -> v6.3.17
2026-10-08T05:07:40.5034943Z  * [new tag]           v6.3.18                 -> v6.3.18
2026-10-08T05:07:40.5035292Z  * [new tag]           v6.3.19                 -> v6.3.19
2026-10-08T05:07:40.5035634Z  * [new tag]           v6.3.2                  -> v6.3.2
2026-10-08T05:07:40.5036009Z  * [new tag]           v6.3.20                 -> v6.3.20
2026-10-08T05:07:40.5036380Z  * [new tag]           v6.3.3                  -> v6.3.3
2026-10-08T05:07:40.5036722Z  * [new tag]           v6.3.4                  -> v6.3.4
2026-10-08T05:07:40.5037172Z  * [new tag]           v6.3.5                  -> v6.3.5
2026-10-08T05:07:40.5037540Z  * [new tag]           v6.3.6                  -> v6.3.6
2026-10-08T05:07:40.5037906Z  * [new tag]           v6.3.7                  -> v6.3.7
2026-10-08T05:07:40.5038272Z  * [new tag]           v6.3.8                  -> v6.3.8
2026-10-08T05:07:40.5038623Z  * [new tag]           v6.3.9                  -> v6.3.9
2026-10-08T05:07:40.5038979Z  * [new tag]           v6.4.0                  -> v6.4.0
2026-10-08T05:07:40.5039321Z  * [new tag]           v6.4.1                  -> v6.4.1
2026-10-08T05:07:40.5039739Z  * [new tag]           v6.4.2                  -> v6.4.2
2026-10-08T05:07:40.5040111Z  * [new tag]           v6.4.3                  -> v6.4.3
2026-10-08T05:07:40.5040499Z  * [new tag]           v6.4.4                  -> v6.4.4
2026-10-08T05:07:40.5040848Z  * [new tag]           v6.5.0                  -> v6.5.0
2026-10-08T05:07:40.5041191Z  * [new tag]           v6.5.1                  -> v6.5.1
2026-10-08T05:07:40.5041552Z  * [new tag]           v6.6.0                  -> v6.6.0
2026-10-08T05:07:40.5041917Z  * [new tag]           v6.6.1                  -> v6.6.1
2026-10-08T05:07:40.5042251Z  * [new tag]           v6.6.10                 -> v6.6.10
2026-10-08T05:07:40.5042627Z  * [new tag]           v6.6.11                 -> v6.6.11
2026-10-08T05:07:40.5042982Z  * [new tag]           v6.6.12                 -> v6.6.12
2026-10-08T05:07:40.5043384Z  * [new tag]           v6.6.2                  -> v6.6.2
2026-10-08T05:07:40.5043759Z  * [new tag]           v6.6.3                  -> v6.6.3
2026-10-08T05:07:40.5044101Z  * [new tag]           v6.6.4                  -> v6.6.4
2026-10-08T05:07:40.5044483Z  * [new tag]           v6.6.5                  -> v6.6.5
2026-10-08T05:07:40.5044833Z  * [new tag]           v6.6.6                  -> v6.6.6
2026-10-08T05:07:40.5045167Z  * [new tag]           v6.6.7                  -> v6.6.7
2026-10-08T05:07:40.5045532Z  * [new tag]           v6.6.8                  -> v6.6.8
2026-10-08T05:07:40.5045869Z  * [new tag]           v6.6.9                  -> v6.6.9
2026-10-08T05:07:40.5046248Z  * [new tag]           v6.7.0                  -> v6.7.0
2026-10-08T05:07:40.5046583Z  * [new tag]           v6.7.1                  -> v6.7.1
2026-10-08T05:07:40.5047053Z  * [new tag]           v6.7.10                 -> v6.7.10
2026-10-08T05:07:40.5047428Z  * [new tag]           v6.7.11                 -> v6.7.11
2026-10-08T05:07:40.5047769Z  * [new tag]           v6.7.12                 -> v6.7.12
2026-10-08T05:07:40.5048125Z  * [new tag]           v6.7.13                 -> v6.7.13
2026-10-08T05:07:40.5048470Z  * [new tag]           v6.7.14                 -> v6.7.14
2026-10-08T05:07:40.5048862Z  * [new tag]           v6.7.15                 -> v6.7.15
2026-10-08T05:07:40.5049207Z  * [new tag]           v6.7.16                 -> v6.7.16
2026-10-08T05:07:40.5049547Z  * [new tag]           v6.7.2                  -> v6.7.2
2026-10-08T05:07:40.5049905Z  * [new tag]           v6.7.3                  -> v6.7.3
2026-10-08T05:07:40.5050242Z  * [new tag]           v6.7.4                  -> v6.7.4
2026-10-08T05:07:40.5050562Z  * [new tag]           v6.7.5                  -> v6.7.5
2026-10-08T05:07:40.5050945Z  * [new tag]           v6.7.6                  -> v6.7.6
2026-10-08T05:07:40.5051279Z  * [new tag]           v6.7.7                  -> v6.7.7
2026-10-08T05:07:40.5051653Z  * [new tag]           v6.7.8                  -> v6.7.8
2026-10-08T05:07:40.5051989Z  * [new tag]           v6.7.9                  -> v6.7.9
2026-10-08T05:07:40.5053546Z [command]/usr/bin/git branch --list --remote origin/main
2026-10-08T05:07:40.5053907Z   origin/main
2026-10-08T05:07:40.5054604Z [command]/usr/bin/git rev-parse refs/remotes/origin/main
2026-10-08T05:07:40.5054981Z 6b91e238f6883af6eedef0fc541bce76b14fc46c
2026-10-08T05:07:40.5055809Z ##[endgroup]
2026-10-08T05:07:40.5056268Z ##[group]Determining the checkout info
2026-10-08T05:07:40.5056753Z ##[endgroup]
2026-10-08T05:07:40.5057206Z [command]/usr/bin/git sparse-checkout disable
2026-10-08T05:07:40.5058007Z [command]/usr/bin/git config --local --unset-all extensions.worktreeConfig
2026-10-08T05:07:40.5058948Z ##[group]Checking out the ref
2026-10-08T05:07:40.5059366Z [command]/usr/bin/git checkout --progress --force -B main refs/remotes/origin/main
2026-10-08T05:07:40.9108679Z Switched to a new branch 'main'
2026-10-08T05:07:40.9112493Z branch 'main' set up to track 'origin/main'.
2026-10-08T05:07:40.9127922Z ##[endgroup]
2026-10-08T05:07:40.9168395Z [command]/usr/bin/git log -1 --format=%H
2026-10-08T05:07:40.9192923Z 6b91e238f6883af6eedef0fc541bce76b14fc46c
2026-10-08T05:07:40.9414620Z ##[group]Run actions/setup-python@ece7cb06caefa5fff74198d8649806c4678c61a1
2026-10-08T05:07:40.9415085Z with:
2026-10-08T05:07:40.9415417Z   python-version: 3.13
2026-10-08T05:07:40.9415731Z   check-latest: false
2026-10-08T05:07:40.9419000Z   token: ***
2026-10-08T05:07:40.9419332Z   update-environment: true
2026-10-08T05:07:40.9419642Z   allow-prereleases: false
2026-10-08T05:07:40.9420004Z   freethreaded: false
2026-10-08T05:07:40.9420290Z env:
2026-10-08T05:07:40.9420568Z   DOCS_ONLY_FAST: false
2026-10-08T05:07:40.9420939Z ##[endgroup]
2026-10-08T05:07:41.0519748Z ##[group]Installed versions
2026-10-08T05:07:41.0606977Z Successfully set up CPython (3.13.16)
2026-10-08T05:07:41.0607817Z ##[endgroup]
2026-10-08T05:07:41.0747412Z ##[group]Run actions/setup-node@a0853c24544627f65ddf259abe73b1d18a591444
2026-10-08T05:07:41.0747863Z with:
2026-10-08T05:07:41.0748153Z   node-version: 22
2026-10-08T05:07:41.0748418Z   always-auth: false
2026-10-08T05:07:41.0748718Z   check-latest: false
2026-10-08T05:07:41.0751374Z   token: ***
2026-10-08T05:07:41.0751653Z   package-manager-cache: true
2026-10-08T05:07:41.0751930Z env:
2026-10-08T05:07:41.0752200Z   DOCS_ONLY_FAST: false
2026-10-08T05:07:41.0752545Z   pythonLocation: /opt/hostedtoolcache/Python/3.13.16/x64
2026-10-08T05:07:41.0752972Z   PKG_CONFIG_PATH: /opt/hostedtoolcache/Python/3.13.16/x64/lib/pkgconfig
2026-10-08T05:07:41.0753401Z   Python_ROOT_DIR: /opt/hostedtoolcache/Python/3.13.16/x64
2026-10-08T05:07:41.0753791Z   Python2_ROOT_DIR: /opt/hostedtoolcache/Python/3.13.16/x64
2026-10-08T05:07:41.0754181Z   Python3_ROOT_DIR: /opt/hostedtoolcache/Python/3.13.16/x64
2026-10-08T05:07:41.0754625Z   LD_LIBRARY_PATH: /opt/hostedtoolcache/Python/3.13.16/x64/lib
2026-10-08T05:07:41.0755217Z ##[endgroup]
2026-10-08T05:07:41.2102324Z Found in cache @ /opt/hostedtoolcache/node/22.23.3/x64
2026-10-08T05:07:41.2105441Z (node:2103) [DEP0040] DeprecationWarning: The `punycode` module is deprecated. Please use a userland alternative instead.
2026-10-08T05:07:41.2106223Z (Use `node --trace-deprecation ...` to show where the warning was created)
2026-10-08T05:07:41.2107730Z ##[group]Environment details
2026-10-08T05:07:41.6002284Z node: v22.23.3
2026-10-08T05:07:41.6002863Z npm: 10.9.9
2026-10-08T05:07:41.6003266Z yarn: 1.22.22
2026-10-08T05:07:41.6004335Z ##[endgroup]
2026-10-08T05:07:41.6111080Z ##[group]Run pip install --require-hashes --build-constraint tests/requirements-build.txt -r tests/requirements-ci.txt
2026-10-08T05:07:41.6111976Z [36;1mpip install --require-hashes --build-constraint tests/requirements-build.txt -r tests/requirements-ci.txt[0m
2026-10-08T05:07:41.6315372Z shell: /usr/bin/bash -e {0}
2026-10-08T05:07:41.6315711Z env:
2026-10-08T05:07:41.6316048Z   DOCS_ONLY_FAST: false
2026-10-08T05:07:41.6316381Z   pythonLocation: /opt/hostedtoolcache/Python/3.13.16/x64
2026-10-08T05:07:41.6316913Z   PKG_CONFIG_PATH: /opt/hostedtoolcache/Python/3.13.16/x64/lib/pkgconfig
2026-10-08T05:07:41.6317398Z   Python_ROOT_DIR: /opt/hostedtoolcache/Python/3.13.16/x64
2026-10-08T05:07:41.6317785Z   Python2_ROOT_DIR: /opt/hostedtoolcache/Python/3.13.16/x64
2026-10-08T05:07:41.6318208Z   Python3_ROOT_DIR: /opt/hostedtoolcache/Python/3.13.16/x64
2026-10-08T05:07:41.6318586Z   LD_LIBRARY_PATH: /opt/hostedtoolcache/Python/3.13.16/x64/lib
2026-10-08T05:07:41.6319044Z ##[endgroup]
2026-10-08T05:07:47.9998358Z Collecting aiohappyeyeballs==2.7.1 (from -r tests/requirements-ci.txt (line 27))
2026-10-08T05:07:48.0937533Z   Downloading aiohappyeyeballs-2.7.1-py3-none-any.whl (15 kB)
2026-10-08T05:07:48.5543893Z Collecting aiohttp==3.14.3 (from -r tests/requirements-ci.txt (line 30))
2026-10-08T05:07:48.5650368Z   Downloading aiohttp-3.14.3-cp313-cp313-manylinux2014_x86_64.manylinux_2_17_x86_64.manylinux_2_28_x86_64.whl (1.8 MB)
2026-10-08T05:07:48.7245698Z      ━━━━━━━━━━━━━━━━━━━━━━━━━━━━━━━━━━━━━━━━ 1.8/1.8 MB 12.8 MB/s  0:00:00
2026-10-08T05:07:48.7425914Z Collecting aiosignal==1.4.0 (from -r tests/requirements-ci.txt (line 150))
2026-10-08T05:07:48.7538920Z   Downloading aiosignal-1.4.0-py3-none-any.whl (7.5 kB)
2026-10-08T05:07:48.7714332Z Collecting attrs==26.1.0 (from -r tests/requirements-ci.txt (line 153))
2026-10-08T05:07:48.7815006Z   Downloading attrs-26.1.0-py3-none-any.whl (67 kB)
2026-10-08T05:07:48.8367310Z Collecting frozenlist==1.8.0 (from -r tests/requirements-ci.txt (line 156))
2026-10-08T05:07:48.8466263Z   Downloading frozenlist-1.8.0-cp313-cp313-manylinux1_x86_64.manylinux_2_28_x86_64.manylinux_2_5_x86_64.whl (234 kB)
2026-10-08T05:07:48.8757453Z Collecting idna==3.20 (from -r tests/requirements-ci.txt (line 287))
2026-10-08T05:07:48.8857760Z   Downloading idna-3.20-py3-none-any.whl (69 kB)
2026-10-08T05:07:49.0775259Z Collecting multidict==6.9.1 (from -r tests/requirements-ci.txt (line 290))
2026-10-08T05:07:49.0880588Z   Downloading multidict-6.9.1-cp313-cp313-manylinux2014_x86_64.manylinux_2_17_x86_64.manylinux_2_28_x86_64.whl (336 kB)
2026-10-08T05:07:49.2567730Z Collecting numpy==2.4.6 (from -r tests/requirements-ci.txt (line 462))
2026-10-08T05:07:49.2672398Z   Downloading numpy-2.4.6-cp313-cp313-manylinux_2_27_x86_64.manylinux_2_28_x86_64.whl (16.6 MB)
2026-10-08T05:07:49.6525794Z      ━━━━━━━━━━━━━━━━━━━━━━━━━━━━━━━━━━━━━━━━ 16.6/16.6 MB 44.0 MB/s  0:00:00
2026-10-08T05:07:49.7244070Z Collecting propcache==0.5.4 (from -r tests/requirements-ci.txt (line 535))
2026-10-08T05:07:49.7346673Z   Downloading propcache-0.5.4-cp313-cp313-manylinux2014_x86_64.manylinux_2_17_x86_64.manylinux_2_28_x86_64.whl (234 kB)
2026-10-08T05:07:49.7698159Z Collecting pyyaml==6.0.1 (from -r tests/requirements-ci.txt (line 674))
2026-10-08T05:07:49.7799708Z   Downloading PyYAML-6.0.1.tar.gz (125 kB)
2026-10-08T05:07:49.8910476Z   Installing build dependencies: started
2026-10-08T05:07:51.3132231Z   Installing build dependencies: finished with status 'done'
2026-10-08T05:07:51.3138869Z   Getting requirements to build wheel: started
2026-10-08T05:07:53.2346391Z   Getting requirements to build wheel: finished with status 'done'
2026-10-08T05:07:53.2354789Z   Preparing metadata (pyproject.toml): started
2026-10-08T05:07:53.4196230Z   Preparing metadata (pyproject.toml): finished with status 'done'
2026-10-08T05:07:53.5186681Z Collecting scipy==1.17.1 (from -r tests/requirements-ci.txt (line 726))
2026-10-08T05:07:53.5289061Z   Downloading scipy-1.17.1-cp313-cp313-manylinux_2_27_x86_64.manylinux_2_28_x86_64.whl (35.2 MB)
2026-10-08T05:07:53.9071935Z      ━━━━━━━━━━━━━━━━━━━━━━━━━━━━━━━━━━━━━━━━ 35.2/35.2 MB 93.0 MB/s  0:00:00
2026-10-08T05:07:53.9602375Z Collecting threadpoolctl==3.6.0 (from -r tests/requirements-ci.txt (line 788))
2026-10-08T05:07:53.9704759Z   Downloading threadpoolctl-3.6.0-py3-none-any.whl (18 kB)
2026-10-08T05:07:53.9882833Z Collecting voluptuous==0.16.0 (from -r tests/requirements-ci.txt (line 791))
2026-10-08T05:07:53.9984059Z   Downloading voluptuous-0.16.0-py3-none-any.whl (31 kB)
2026-10-08T05:07:54.2009812Z Collecting yarl==1.25.1 (from -r tests/requirements-ci.txt (line 794))
2026-10-08T05:07:54.2114230Z   Downloading yarl-1.25.1-cp313-cp313-manylinux2014_x86_64.manylinux_2_17_x86_64.manylinux_2_28_x86_64.whl (117 kB)
2026-10-08T05:07:54.2297361Z Building wheels for collected packages: pyyaml
2026-10-08T05:07:54.2304141Z   Building wheel for pyyaml (pyproject.toml): started
2026-10-08T05:07:55.5544907Z   Building wheel for pyyaml (pyproject.toml): finished with status 'done'
2026-10-08T05:07:55.5548063Z   Created wheel for pyyaml: filename=pyyaml-6.0.1-cp313-cp313-linux_x86_64.whl size=45459 sha256=bde9c73c4368fee6fb05064ea84b9134efb554446508208ce96badfc02c42bd5
2026-10-08T05:07:55.5549443Z   Stored in directory: /home/runner/.cache/pip/wheels/9c/9e/34/1e1548811b63a9d001469f21797e8b7d5c216d8eb928e7d6ad
2026-10-08T05:07:55.5565401Z Successfully built pyyaml
2026-10-08T05:07:55.6032909Z Installing collected packages: voluptuous, threadpoolctl, pyyaml, propcache, numpy, multidict, idna, frozenlist, attrs, aiohappyeyeballs, yarl, scipy, aiosignal, aiohttp
2026-10-08T05:08:00.8024148Z 
2026-10-08T05:08:00.8042206Z Successfully installed aiohappyeyeballs-2.7.1 aiohttp-3.14.3 aiosignal-1.4.0 attrs-26.1.0 frozenlist-1.8.0 idna-3.20 multidict-6.9.1 numpy-2.4.6 propcache-0.5.4 pyyaml-6.0.1 scipy-1.17.1 threadpoolctl-3.6.0 voluptuous-0.16.0 yarl-1.25.1
2026-10-08T05:08:00.9094483Z ##[group]Run sudo apt-get update && sudo apt-get install -y strace
2026-10-08T05:08:00.9094958Z [36;1msudo apt-get update && sudo apt-get install -y strace[0m
2026-10-08T05:08:00.9130670Z shell: /usr/bin/bash -e {0}
2026-10-08T05:08:00.9131038Z env:
2026-10-08T05:08:00.9131304Z   DOCS_ONLY_FAST: false
2026-10-08T05:08:00.9131636Z   pythonLocation: /opt/hostedtoolcache/Python/3.13.16/x64
2026-10-08T05:08:00.9132091Z   PKG_CONFIG_PATH: /opt/hostedtoolcache/Python/3.13.16/x64/lib/pkgconfig
2026-10-08T05:08:00.9132579Z   Python_ROOT_DIR: /opt/hostedtoolcache/Python/3.13.16/x64
2026-10-08T05:08:00.9132960Z   Python2_ROOT_DIR: /opt/hostedtoolcache/Python/3.13.16/x64
2026-10-08T05:08:00.9133353Z   Python3_ROOT_DIR: /opt/hostedtoolcache/Python/3.13.16/x64
2026-10-08T05:08:00.9133737Z   LD_LIBRARY_PATH: /opt/hostedtoolcache/Python/3.13.16/x64/lib
2026-10-08T05:08:00.9134100Z ##[endgroup]
2026-10-08T05:08:00.9718774Z Get:1 file:/etc/apt/apt-mirrors.txt Mirrorlist [144 B]
2026-10-08T05:08:01.0176385Z Get:6 https://packages.microsoft.com/ubuntu/24.04/prod noble InRelease [3600 B]
2026-10-08T05:08:01.0291741Z Hit:2 http://azure.archive.ubuntu.com/ubuntu noble InRelease
2026-10-08T05:08:01.0306449Z Get:3 http://azure.archive.ubuntu.com/ubuntu noble-updates InRelease [126 kB]
2026-10-08T05:08:01.0348503Z Get:4 http://azure.archive.ubuntu.com/ubuntu noble-backports InRelease [126 kB]
2026-10-08T05:08:01.0372279Z Get:5 http://azure.archive.ubuntu.com/ubuntu noble-security InRelease [126 kB]
2026-10-08T05:08:01.0749110Z Get:7 https://packages.microsoft.com/ubuntu/24.04/prod noble/main all Packages [640 B]
2026-10-08T05:08:01.0877656Z Get:8 https://packages.microsoft.com/ubuntu/24.04/prod noble/main armhf Packages [12.3 kB]
2026-10-08T05:08:01.0939881Z Get:9 https://packages.microsoft.com/ubuntu/24.04/prod noble/main amd64 Packages [529 kB]
2026-10-08T05:08:01.1016916Z Get:10 https://packages.microsoft.com/ubuntu/24.04/prod noble/main arm64 Packages [473 kB]
2026-10-08T05:08:01.1525573Z Get:11 http://azure.archive.ubuntu.com/ubuntu noble-updates/main amd64 Packages [1375 kB]
2026-10-08T05:08:01.1615069Z Get:12 http://azure.archive.ubuntu.com/ubuntu noble-updates/main Translation-en [306 kB]
2026-10-08T05:08:01.1617283Z Get:13 http://azure.archive.ubuntu.com/ubuntu noble-updates/universe amd64 Packages [1702 kB]
2026-10-08T05:08:01.1712335Z Get:14 http://azure.archive.ubuntu.com/ubuntu noble-updates/universe Translation-en [341 kB]
2026-10-08T05:08:01.1734390Z Get:15 http://azure.archive.ubuntu.com/ubuntu noble-updates/restricted amd64 Packages [1761 kB]
2026-10-08T05:08:01.1821478Z Get:16 http://azure.archive.ubuntu.com/ubuntu noble-updates/restricted Translation-en [401 kB]
2026-10-08T05:08:01.1846298Z Get:17 http://azure.archive.ubuntu.com/ubuntu noble-updates/multiverse amd64 Packages [55.0 kB]
2026-10-08T05:08:01.1855217Z Get:18 http://azure.archive.ubuntu.com/ubuntu noble-updates/multiverse Translation-en [14.3 kB]
2026-10-08T05:08:01.2465914Z Get:19 http://azure.archive.ubuntu.com/ubuntu noble-security/main amd64 Packages [1074 kB]
2026-10-08T05:08:01.2513037Z Get:20 http://azure.archive.ubuntu.com/ubuntu noble-security/main Translation-en [223 kB]
2026-10-08T05:08:01.3007324Z Get:21 http://azure.archive.ubuntu.com/ubuntu noble-security/universe amd64 Packages [1218 kB]
2026-10-08T05:08:01.3062297Z Get:22 http://azure.archive.ubuntu.com/ubuntu noble-security/universe Translation-en [245 kB]
2026-10-08T05:08:01.3077680Z Get:23 http://azure.archive.ubuntu.com/ubuntu noble-security/multiverse Translation-en [11.6 kB]
2026-10-08T05:08:07.0549270Z Fetched 10.1 MB in 1s (10.2 MB/s)
2026-10-08T05:08:07.7931905Z Reading package lists...
2026-10-08T05:08:07.8214753Z Reading package lists...
2026-10-08T05:08:07.9738777Z Building dependency tree...
2026-10-08T05:08:07.9743167Z Reading state information...
2026-10-08T05:08:08.1518096Z strace is already the newest version (6.8-0ubuntu2).
2026-10-08T05:08:08.1518927Z strace set to manually installed.
2026-10-08T05:08:08.1519862Z 0 upgraded, 0 newly installed, 0 to remove and 17 not upgraded.
2026-10-08T05:08:08.1580019Z ##[group]Run REF=$(git rev-parse --verify --quiet 'HEAD^1^{commit}') || REF=HEAD
2026-10-08T05:08:08.1580666Z [36;1mREF=$(git rev-parse --verify --quiet 'HEAD^1^{commit}') || REF=HEAD[0m
2026-10-08T05:08:08.1581202Z [36;1m# --record-only, on both paths: merging here would overwrite the[0m
2026-10-08T05:08:08.1581717Z [36;1m# committed tests/closures.json with what this run just measured, and[0m
2026-10-08T05:08:08.1582261Z [36;1m# the check below would then compare the file against itself.[0m
2026-10-08T05:08:08.1582694Z [36;1mif [ "$SCOPE_CASE" = "scoped" ]; then[0m
2026-10-08T05:08:08.1583145Z [36;1m  printf '%s\n' "$SCOPE_SCRIPTS" > "$RUNNER_TEMP/rederive.txt"[0m
2026-10-08T05:08:08.1583647Z [36;1m  echo "Scoped re-derive; every other closure is left as committed:"[0m
2026-10-08T05:08:08.1584078Z [36;1m  cat "$RUNNER_TEMP/rederive.txt"[0m
2026-10-08T05:08:08.1584438Z [36;1m  while read -r s; do[0m
2026-10-08T05:08:08.1584847Z [36;1m    [ -n "$s" ] || continue[0m
2026-10-08T05:08:08.1585219Z [36;1m    GOLDEN_REF="$REF" ./tests/derive_closures.sh \[0m
2026-10-08T05:08:08.1585688Z [36;1m      --single "$s" --out-dir "$RUNNER_TEMP/closures" --record-only[0m
2026-10-08T05:08:08.1586125Z [36;1m  done < "$RUNNER_TEMP/rederive.txt"[0m
2026-10-08T05:08:08.1586452Z [36;1melse[0m
2026-10-08T05:08:08.1586760Z [36;1m  GOLDEN_REF="$REF" ./tests/derive_closures.sh \[0m
2026-10-08T05:08:08.1587506Z [36;1m    --out-dir "$RUNNER_TEMP/closures" --record-only[0m
2026-10-08T05:08:08.1588166Z [36;1mfi[0m
2026-10-08T05:08:08.1626135Z shell: /usr/bin/bash -e {0}
2026-10-08T05:08:08.1626543Z env:
2026-10-08T05:08:08.1626939Z   DOCS_ONLY_FAST: false
2026-10-08T05:08:08.1627338Z   pythonLocation: /opt/hostedtoolcache/Python/3.13.16/x64
2026-10-08T05:08:08.1627851Z   PKG_CONFIG_PATH: /opt/hostedtoolcache/Python/3.13.16/x64/lib/pkgconfig
2026-10-08T05:08:08.1628375Z   Python_ROOT_DIR: /opt/hostedtoolcache/Python/3.13.16/x64
2026-10-08T05:08:08.1628835Z   Python2_ROOT_DIR: /opt/hostedtoolcache/Python/3.13.16/x64
2026-10-08T05:08:08.1629255Z   Python3_ROOT_DIR: /opt/hostedtoolcache/Python/3.13.16/x64
2026-10-08T05:08:08.1629678Z   LD_LIBRARY_PATH: /opt/hostedtoolcache/Python/3.13.16/x64/lib
2026-10-08T05:08:08.1630081Z   OMP_NUM_THREADS: 1
2026-10-08T05:08:08.1630396Z   OPENBLAS_NUM_THREADS: 1
2026-10-08T05:08:08.1630692Z   MKL_NUM_THREADS: 1
2026-10-08T05:08:08.1630984Z   SCOPE_CASE: 
2026-10-08T05:08:08.1631275Z   SCOPE_SCRIPTS: 
2026-10-08T05:08:08.1631587Z ##[endgroup]
2026-10-08T05:08:08.1758465Z   [05:08:08] record tests/stress.py 
2026-10-08T05:08:08.1765117Z   [05:08:08] record tests/features.py 
2026-10-08T05:08:08.1766087Z   [05:08:08] record tests/block_duty.py 
2026-10-08T05:08:11.7614377Z   [05:08:11] done   tests/block_duty.py (exit 0)
2026-10-08T05:08:11.7627842Z   [05:08:11] record tests/doc_claims.py 
2026-10-08T05:08:19.6562123Z   [05:08:19] done   tests/doc_claims.py (exit 0)
2026-10-08T05:08:19.6571512Z   [05:08:19] record tests/md_tables.mjs 
2026-10-08T05:08:19.9545633Z   [05:08:19] done   tests/md_tables.mjs (exit 0)
2026-10-08T05:08:19.9559962Z   [05:08:19] record tests/wood_advisor.py 
2026-10-08T05:08:21.7681302Z   [05:08:21] done   tests/wood_advisor.py (exit 0)
2026-10-08T05:08:21.7695286Z   [05:08:21] record tests/config_flow_steps.py 
2026-10-08T05:08:49.8217406Z   [05:08:49] done   tests/config_flow_steps.py (exit 0)
2026-10-08T05:08:49.8231529Z   [05:08:49] record tests/structure.py 
2026-10-08T05:09:01.6974329Z   [05:09:01] done   tests/structure.py (exit 0)
2026-10-08T05:09:01.6988033Z   [05:09:01] record tests/arch_score.py --smoke
2026-10-08T05:13:14.7159522Z   [05:13:14] done   tests/arch_score.py (exit 0)
2026-10-08T05:13:14.7171183Z   [05:13:14] record tests/arch_score_head.py 
2026-10-08T05:13:54.2135665Z   [05:13:54] done   tests/arch_score_head.py (exit 0)
2026-10-08T05:13:54.2152767Z   [05:13:54] record tests/typing_ruler.py 
2026-10-08T05:13:54.9090029Z   [05:13:54] done   tests/typing_ruler.py (exit 0)
2026-10-08T05:13:54.9105302Z   [05:13:54] record tests/edge.py 
2026-10-08T05:14:31.4699579Z   [05:14:31] done   tests/edge.py (exit 0)
2026-10-08T05:14:31.4710720Z   [05:14:31] record tests/validate.py 
2026-10-08T05:15:05.0295751Z   [05:15:05] done   tests/validate.py (exit 0)
2026-10-08T05:15:05.0326503Z   [05:15:05] record tests/backtest.py 
2026-10-08T05:16:45.6239303Z   [05:16:45] done   tests/backtest.py (exit 0)
2026-10-08T05:16:45.6253329Z   [05:16:45] record tests/boost_drift_replay.py 
2026-10-08T05:17:20.8561041Z   [05:17:20] done   tests/features.py (exit 0)
2026-10-08T05:17:20.8570726Z   [05:17:20] record tests/entities.py 
2026-10-08T05:19:01.5786210Z   [05:19:01] done   tests/stress.py (exit 0)
2026-10-08T05:21:44.6980201Z   [05:21:44] done   tests/entities.py (exit 0)
2026-10-08T05:35:49.9391109Z   [05:35:49] done   tests/boost_drift_replay.py (exit 0)
2026-10-08T05:35:49.9400934Z   [05:35:49] record tests/ha_contract.py 
2026-10-08T05:35:50.5511869Z   [05:35:50] done   tests/ha_contract.py (exit 0)
2026-10-08T05:35:50.5520782Z   [05:35:50] record tests/manual_plan.py 
2026-10-08T05:35:57.8481727Z   [05:35:57] done   tests/manual_plan.py (exit 0)
2026-10-08T05:35:57.8492349Z   [05:35:57] record tests/open_meteo.py 
2026-10-08T05:35:58.4693843Z   [05:35:58] done   tests/open_meteo.py (exit 0)
2026-10-08T05:35:58.4704302Z   [05:35:58] record tests/solar_alignment.py 
2026-10-08T05:35:59.9951318Z   [05:35:59] done   tests/solar_alignment.py (exit 0)
2026-10-08T05:35:59.9962037Z   [05:35:59] record tests/guard_pins.py 
2026-10-08T05:36:01.4759024Z   [05:36:01] done   tests/guard_pins.py (exit 0)
2026-10-08T05:36:01.4769139Z   [05:36:01] record tests/debug_collect.py 
2026-10-08T05:36:03.0270842Z   [05:36:03] done   tests/debug_collect.py (exit 0)
2026-10-08T05:36:03.0282331Z   [05:36:03] record tests/finite_boundary.py 
2026-10-08T05:37:16.7707076Z   [05:37:16] done   tests/finite_boundary.py (exit 0)
2026-10-08T05:37:16.7718608Z   [05:37:16] record tests/harness_headers.py 
2026-10-08T05:40:10.4222627Z   [05:40:10] done   tests/harness_headers.py (exit 0)
2026-10-08T05:40:10.4233136Z   [05:40:10] record tests/layout.py 
2026-10-08T05:40:27.3784243Z   [05:40:27] done   tests/layout.py (exit 0)
2026-10-08T05:40:27.3794238Z   [05:40:27] record tests/deployment_shape.py 
2026-10-08T05:40:30.9893173Z   [05:40:30] done   tests/deployment_shape.py (exit 0)
2026-10-08T05:40:30.9903339Z   [05:40:30] record tests/optimality.py 
2026-10-08T05:42:41.2900998Z   [05:42:41] done   tests/optimality.py (exit 0)
2026-10-08T05:42:41.2912509Z   [05:42:41] record tests/dst_checks.py 
2026-10-08T05:43:48.0836071Z   [05:43:48] done   tests/dst_checks.py (exit 0)
2026-10-08T05:43:48.0847821Z   [05:43:48] record tests/golden.py --only __no_such_scenario__
2026-10-08T05:43:49.3073908Z   [05:43:49] done   tests/golden.py (exit 0)
2026-10-08T05:43:49.3084975Z   [05:43:49] record tests/env_drift.py --cache-key 71abfe4f7fbc9853f20be9c21e7f63e6d0b9e74e --all
2026-10-08T05:43:50.5142556Z   [05:43:50] done   tests/env_drift.py (exit 0)
2026-10-08T05:43:50.5154339Z   [05:43:50] record tests/plan_view.py 
2026-10-08T05:43:52.3981741Z   [05:43:52] done   tests/plan_view.py (exit 0)
2026-10-08T05:43:52.3992358Z   [05:43:52] record tests/frontend.py 
2026-10-08T05:43:52.7203708Z   [05:43:52] done   tests/frontend.py (exit 0)
2026-10-08T05:43:52.7212913Z   [05:43:52] record tests/card.mjs 
2026-10-08T05:44:07.6761126Z   [05:44:07] done   tests/card.mjs (exit 0)
2026-10-08T05:44:07.6770785Z   [05:44:07] record tests/card_drift.mjs 
2026-10-08T05:44:12.0487224Z   [05:44:12] done   tests/card_drift.mjs (exit 0)
2026-10-08T05:44:12.0487713Z 
2026-10-08T05:44:12.0488790Z recorded into /home/runner/work/_temp/closures; tests/closures.json left untouched (--record-only)
2026-10-08T05:44:12.0521009Z ##[group]Run # --partial drops one check and one only: "a selectable script with
2026-10-08T05:44:12.0521470Z [36;1m# --partial drops one check and one only: "a selectable script with[0m
2026-10-08T05:44:12.0521835Z [36;1m# no recording at all", which a scoped re-derive fails by[0m
2026-10-08T05:44:12.0522204Z [36;1m# construction. The under-approximation comparison -- the thing this[0m
2026-10-08T05:44:12.0522587Z [36;1m# job exists for -- is identical on both paths. The output goes to[0m
2026-10-08T05:44:12.0522938Z [36;1m# check.txt in the uploaded recordings: closures-autofix runs the[0m
2026-10-08T05:44:12.0523304Z [36;1m# base's closure.py, and reddens where this one printed UNDER-SCOPED[0m
2026-10-08T05:44:12.0523606Z [36;1m# and that one did not (#1846).[0m
2026-10-08T05:44:12.0523847Z [36;1mset -o pipefail[0m
2026-10-08T05:44:12.0524060Z [36;1mif [ "$SCOPE_CASE" = "scoped" ]; then[0m
2026-10-08T05:44:12.0524540Z [36;1m  python -u tests/closure.py check --in-dir "$RUNNER_TEMP/closures" --partial 2>&1 | tee "$RUNNER_TEMP/closures/check.txt"[0m
2026-10-08T05:44:12.0524948Z [36;1melse[0m
2026-10-08T05:44:12.0525291Z [36;1m  python -u tests/closure.py check --in-dir "$RUNNER_TEMP/closures" 2>&1 | tee "$RUNNER_TEMP/closures/check.txt"[0m
2026-10-08T05:44:12.0525675Z [36;1mfi[0m
2026-10-08T05:44:12.0564234Z shell: /usr/bin/bash -e {0}
2026-10-08T05:44:12.0564482Z env:
2026-10-08T05:44:12.0564667Z   DOCS_ONLY_FAST: false
2026-10-08T05:44:12.0564934Z   pythonLocation: /opt/hostedtoolcache/Python/3.13.16/x64
2026-10-08T05:44:12.0565313Z   PKG_CONFIG_PATH: /opt/hostedtoolcache/Python/3.13.16/x64/lib/pkgconfig
2026-10-08T05:44:12.0565671Z   Python_ROOT_DIR: /opt/hostedtoolcache/Python/3.13.16/x64
2026-10-08T05:44:12.0565992Z   Python2_ROOT_DIR: /opt/hostedtoolcache/Python/3.13.16/x64
2026-10-08T05:44:12.0566486Z   Python3_ROOT_DIR: /opt/hostedtoolcache/Python/3.13.16/x64
2026-10-08T05:44:12.0567126Z   LD_LIBRARY_PATH: /opt/hostedtoolcache/Python/3.13.16/x64/lib
2026-10-08T05:44:12.0567550Z   PYTHONPATH: tests/hastub
2026-10-08T05:44:12.0567754Z   SCOPE_CASE: 
2026-10-08T05:44:12.0567938Z ##[endgroup]
2026-10-08T05:44:12.1706111Z INERT READS UNDER-APPROXIMATED: a recording opened an INERT file the
2026-10-08T05:44:12.1707468Z   committed `inert_reads` does not list for it; the merge fast path
2026-10-08T05:44:12.1708165Z   would treat a change to it as unread (R9-F10.9d). Re-derive:
2026-10-08T05:44:12.1709278Z   ./tests/derive_closures.sh --single <script>
2026-10-08T05:44:12.1710244Z     tests/harness_headers.py: dev/audit/harnesses/r9_ro12_batch_mutants.sh
2026-10-08T05:44:12.1788192Z ##[error]Process completed with exit code 1.
2026-10-08T05:44:12.1905645Z Post job cleanup.
2026-10-08T05:44:12.2659141Z [command]/usr/bin/git version
2026-10-08T05:44:12.2693462Z git version 2.55.0
2026-10-08T05:44:12.2727015Z Temporarily overriding HOME='/home/runner/work/_temp/a1b6fda6-b211-4eec-bb3a-c6f47a3017e1' before making global git config changes
2026-10-08T05:44:12.2728293Z Adding repository directory to the temporary git global config as a safe directory
2026-10-08T05:44:12.2732550Z [command]/usr/bin/git config --global --add safe.directory /home/runner/work/heatpump_optimizer/heatpump_optimizer
2026-10-08T05:44:12.2763797Z [command]/usr/bin/git config --local --name-only --get-regexp core\.sshCommand
2026-10-08T05:44:12.2807644Z [command]/usr/bin/git submodule foreach --recursive sh -c "git config --local --name-only --get-regexp 'core\.sshCommand' && git config --local --unset-all 'core.sshCommand' || :"
2026-10-08T05:44:12.3066206Z [command]/usr/bin/git config --local --name-only --get-regexp http\.https\:\/\/github\.com\/\.extraheader
2026-10-08T05:44:12.3089957Z http.https://github.com/.extraheader
2026-10-08T05:44:12.3100845Z [command]/usr/bin/git config --local --unset-all http.https://github.com/.extraheader
2026-10-08T05:44:12.3140609Z [command]/usr/bin/git submodule foreach --recursive sh -c "git config --local --name-only --get-regexp 'http\.https\:\/\/github\.com\/\.extraheader' && git config --local --unset-all 'http.https://github.com/.extraheader' || :"
2026-10-08T05:44:12.3387137Z [command]/usr/bin/git config --local --name-only --get-regexp ^includeIf\.gitdir:
2026-10-08T05:44:12.3439541Z [command]/usr/bin/git submodule foreach --recursive git config --local --show-origin --name-only --get-regexp remote.origin.url
2026-10-08T05:44:12.3797321Z Cleaning up orphan processes
