2026-10-08T05:25:56.5420139Z Current runner version: '2.337.0'
2026-10-08T05:25:56.5446209Z ##[group]Runner Image Provisioner
2026-10-08T05:25:56.5447110Z Hosted Compute Agent
2026-10-08T05:25:56.5447843Z Version: 20261002.596
2026-10-08T05:25:56.5448538Z Commit: c3d12f3313a95f25162a1503be624f3b0617f8c0
2026-10-08T05:25:56.5449383Z Build Date: 2026-10-02T22:28:27Z
2026-10-08T05:25:56.5450121Z Worker ID: {b524b3db-8d42-4283-85b0-b366301ef3a4}
2026-10-08T05:25:56.5450864Z Region: westus2
2026-10-08T05:25:56.5451473Z Cloud: Azure
2026-10-08T05:25:56.5452052Z ##[endgroup]
2026-10-08T05:25:56.5453510Z ##[group]Operating System
2026-10-08T05:25:56.5454517Z Ubuntu
2026-10-08T05:25:56.5455063Z 24.04.5
2026-10-08T05:25:56.5455647Z LTS
2026-10-08T05:25:56.5456208Z ##[endgroup]
2026-10-08T05:25:56.5456853Z ##[group]Runner Image
2026-10-08T05:25:56.5457570Z Image: ubuntu-24.04
2026-10-08T05:25:56.5458154Z Version: 20261004.327.1
2026-10-08T05:25:56.5459505Z Included Software: https://github.com/actions/runner-images/blob/ubuntu24/20261004.327/images/ubuntu/Ubuntu2404-Readme.md
2026-10-08T05:25:56.5461155Z Image Release: https://github.com/actions/runner-images/releases/tag/ubuntu24%2F20261004.327
2026-10-08T05:25:56.5462231Z ##[endgroup]
2026-10-08T05:25:56.5463342Z ##[group]GITHUB_TOKEN Permissions
2026-10-08T05:25:56.5465511Z Contents: read
2026-10-08T05:25:56.5466166Z Metadata: read
2026-10-08T05:25:56.5466813Z ##[endgroup]
2026-10-08T05:25:56.5468862Z Secret source: Actions
2026-10-08T05:25:56.5469908Z Cache mode: write
2026-10-08T05:25:56.5470633Z Prepare workflow directory
2026-10-08T05:25:56.6077657Z Prepare all required actions
2026-10-08T05:25:56.6127634Z Getting action download info
2026-10-08T05:25:56.9754401Z Download action repository 'actions/checkout@fbc6f3992d24b796d5a048ff273f7fcc4a7b6c09' (SHA:fbc6f3992d24b796d5a048ff273f7fcc4a7b6c09)
2026-10-08T05:25:57.0754765Z Download action repository 'actions/setup-python@ece7cb06caefa5fff74198d8649806c4678c61a1' (SHA:ece7cb06caefa5fff74198d8649806c4678c61a1)
2026-10-08T05:25:57.1502912Z Download action repository 'actions/setup-node@a0853c24544627f65ddf259abe73b1d18a591444' (SHA:a0853c24544627f65ddf259abe73b1d18a591444)
2026-10-08T05:25:57.2389631Z Download action repository 'actions/upload-artifact@b7c566a772e6b6bfb58ed0dc250532a479d7789f' (SHA:b7c566a772e6b6bfb58ed0dc250532a479d7789f)
2026-10-08T05:25:57.4400574Z Complete job name: closures
2026-10-08T05:25:57.5176249Z ##[group]Run actions/checkout@fbc6f3992d24b796d5a048ff273f7fcc4a7b6c09
2026-10-08T05:25:57.5177492Z with:
2026-10-08T05:25:57.5177949Z   fetch-depth: 0
2026-10-08T05:25:57.5178492Z   repository: tvofi/heatpump_optimizer
2026-10-08T05:25:57.5182484Z   token: ***
2026-10-08T05:25:57.5182942Z   ssh-strict: true
2026-10-08T05:25:57.5183426Z   ssh-user: git
2026-10-08T05:25:57.5183889Z   persist-credentials: true
2026-10-08T05:25:57.5184626Z   clean: true
2026-10-08T05:25:57.5185105Z   sparse-checkout-cone-mode: true
2026-10-08T05:25:57.5185656Z   fetch-tags: false
2026-10-08T05:25:57.5186126Z   show-progress: true
2026-10-08T05:25:57.5186615Z   lfs: false
2026-10-08T05:25:57.5187067Z   submodules: false
2026-10-08T05:25:57.5187530Z   set-safe-directory: true
2026-10-08T05:25:57.5188052Z   allow-unsafe-pr-checkout: false
2026-10-08T05:25:57.5188866Z env:
2026-10-08T05:25:57.5189293Z   DOCS_ONLY_FAST: false
2026-10-08T05:25:57.5189773Z ##[endgroup]
2026-10-08T05:25:57.6395830Z Syncing repository: tvofi/heatpump_optimizer
2026-10-08T05:25:57.6398565Z ##[group]Getting Git version info
2026-10-08T05:25:57.6399857Z Working directory is '/home/runner/work/heatpump_optimizer/heatpump_optimizer'
2026-10-08T05:25:57.6401671Z [command]/usr/bin/git version
2026-10-08T05:25:57.6402722Z git version 2.55.0
2026-10-08T05:25:57.6417501Z ##[endgroup]
2026-10-08T05:25:57.6438164Z Temporarily overriding HOME='/home/runner/work/_temp/b19ee368-651b-4938-ab16-09d9ca0fcfdd' before making global git config changes
2026-10-08T05:25:57.6440673Z Adding repository directory to the temporary git global config as a safe directory
2026-10-08T05:25:57.6458192Z [command]/usr/bin/git config --global --add safe.directory /home/runner/work/heatpump_optimizer/heatpump_optimizer
2026-10-08T05:25:57.6553773Z Deleting the contents of '/home/runner/work/heatpump_optimizer/heatpump_optimizer'
2026-10-08T05:25:57.6556719Z ##[group]Initializing the repository
2026-10-08T05:25:57.6558515Z [command]/usr/bin/git init /home/runner/work/heatpump_optimizer/heatpump_optimizer
2026-10-08T05:25:57.6664777Z hint: Using 'master' as the name for the initial branch. This default branch name
2026-10-08T05:25:57.6684824Z hint: will change to "main" in Git 3.0. To configure the initial branch name
2026-10-08T05:25:57.6686955Z hint: to use in all of your new repositories, which will suppress this warning,
2026-10-08T05:25:57.6688617Z hint: call:
2026-10-08T05:25:57.6689552Z hint:
2026-10-08T05:25:57.6690725Z hint: 	git config --global init.defaultBranch <name>
2026-10-08T05:25:57.6692101Z hint:
2026-10-08T05:25:57.6693363Z hint: Names commonly chosen instead of 'master' are 'main', 'trunk' and
2026-10-08T05:25:57.6696653Z hint: 'development'. The just-created branch can be renamed via this command:
2026-10-08T05:25:57.6698445Z hint:
2026-10-08T05:25:57.6700232Z hint: 	git branch -m <name>
2026-10-08T05:25:57.6701482Z hint:
2026-10-08T05:25:57.6702976Z hint: Disable this message with "git config set advice.defaultBranchName false"
2026-10-08T05:25:57.6706230Z Initialized empty Git repository in /home/runner/work/heatpump_optimizer/heatpump_optimizer/.git/
2026-10-08T05:25:57.6710187Z [command]/usr/bin/git remote add origin https://github.com/tvofi/heatpump_optimizer
2026-10-08T05:25:57.6796821Z ##[endgroup]
2026-10-08T05:25:57.6798753Z ##[group]Disabling automatic garbage collection
2026-10-08T05:25:57.6812689Z [command]/usr/bin/git config --local gc.auto 0
2026-10-08T05:25:57.6871770Z ##[endgroup]
2026-10-08T05:25:57.6872625Z ##[group]Setting up auth
2026-10-08T05:25:57.6873468Z [command]/usr/bin/git config --local --name-only --get-regexp core\.sshCommand
2026-10-08T05:25:57.6937041Z [command]/usr/bin/git submodule foreach --recursive sh -c "git config --local --name-only --get-regexp 'core\.sshCommand' && git config --local --unset-all 'core.sshCommand' || :"
2026-10-08T05:25:57.7312474Z [command]/usr/bin/git config --local --name-only --get-regexp http\.https\:\/\/github\.com\/\.extraheader
2026-10-08T05:25:57.7352779Z [command]/usr/bin/git submodule foreach --recursive sh -c "git config --local --name-only --get-regexp 'http\.https\:\/\/github\.com\/\.extraheader' && git config --local --unset-all 'http.https://github.com/.extraheader' || :"
2026-10-08T05:25:57.7589917Z [command]/usr/bin/git config --local --name-only --get-regexp ^includeIf\.gitdir:
2026-10-08T05:25:57.7631885Z [command]/usr/bin/git submodule foreach --recursive git config --local --show-origin --name-only --get-regexp remote.origin.url
2026-10-08T05:25:57.7865425Z [command]/usr/bin/git config --local http.https://github.com/.extraheader AUTHORIZATION: basic ***
2026-10-08T05:25:57.7910917Z ##[endgroup]
2026-10-08T05:25:57.7912471Z ##[group]Fetching the repository
2026-10-08T05:25:57.7932070Z [command]/usr/bin/git -c protocol.version=2 fetch --prune --no-recurse-submodules origin +refs/heads/*:refs/remotes/origin/* +refs/tags/*:refs/tags/* +4f717b08c91b9e95b531c4f4296a4208385990f2:refs/remotes/pull/2010/merge
2026-10-08T05:26:06.2396423Z From https://github.com/tvofi/heatpump_optimizer
2026-10-08T05:26:06.2398591Z  * [new branch]        bus/approvals           -> origin/bus/approvals
2026-10-08T05:26:06.2401099Z  * [new branch]        cursor/r9-eg-entry-config-9aac -> origin/cursor/r9-eg-entry-config-9aac
2026-10-08T05:26:06.2406339Z  * [new branch]        cursor/r9-sw-1-resume-826f -> origin/cursor/r9-sw-1-resume-826f
2026-10-08T05:26:06.2408061Z  * [new branch]        cursor/r9-sw-2-actuation-6d19 -> origin/cursor/r9-sw-2-actuation-6d19
2026-10-08T05:26:06.2409390Z  * [new branch]        fix/r9-ci-1-pr          -> origin/fix/r9-ci-1-pr
2026-10-08T05:26:06.2410310Z  * [new branch]        fix/r9-dbg-2-pr         -> origin/fix/r9-dbg-2-pr
2026-10-08T05:26:06.2411573Z  * [new branch]        fix/r9-eg-entry-config  -> origin/fix/r9-eg-entry-config
2026-10-08T05:26:06.2412480Z  * [new branch]        fix/r9-ux-actions       -> origin/fix/r9-ux-actions
2026-10-08T05:26:06.2413328Z  * [new branch]        fix/r9-ux9              -> origin/fix/r9-ux9
2026-10-08T05:26:06.2415189Z  * [new branch]        handoff-body/r9-ci-1    -> origin/handoff-body/r9-ci-1
2026-10-08T05:26:06.2416399Z  * [new branch]        handoff-body/r9-closures-eg-b7 -> origin/handoff-body/r9-closures-eg-b7
2026-10-08T05:26:06.2417454Z  * [new branch]        handoff-body/r9-dbg-1   -> origin/handoff-body/r9-dbg-1
2026-10-08T05:26:06.2418759Z  * [new branch]        handoff-body/r9-dbg-2   -> origin/handoff-body/r9-dbg-2
2026-10-08T05:26:06.2420176Z  * [new branch]        handoff-body/r9-eg-a4   -> origin/handoff-body/r9-eg-a4
2026-10-08T05:26:06.2421708Z  * [new branch]        handoff-body/r9-eg-b7-harness -> origin/handoff-body/r9-eg-b7-harness
2026-10-08T05:26:06.2422896Z  * [new branch]        handoff-body/r9-eg-coordinator-seams -> origin/handoff-body/r9-eg-coordinator-seams
2026-10-08T05:26:06.2424491Z  * [new branch]        handoff-body/r9-eg-entry-config -> origin/handoff-body/r9-eg-entry-config
2026-10-08T05:26:06.2425687Z  * [new branch]        handoff-body/r9-eg-solve-inputs -> origin/handoff-body/r9-eg-solve-inputs
2026-10-08T05:26:06.2427400Z  * [new branch]        handoff-body/r9-fixer-cap -> origin/handoff-body/r9-fixer-cap
2026-10-08T05:26:06.2429143Z  * [new branch]        handoff-body/r9-nightly-bdr -> origin/handoff-body/r9-nightly-bdr
2026-10-08T05:26:06.2431044Z  * [new branch]        handoff-body/r9-prepr-selftest -> origin/handoff-body/r9-prepr-selftest
2026-10-08T05:26:06.2432684Z  * [new branch]        handoff-body/r9-rca-1985 -> origin/handoff-body/r9-rca-1985
2026-10-08T05:26:06.2433693Z  * [new branch]        handoff-body/r9-rca-1990 -> origin/handoff-body/r9-rca-1990
2026-10-08T05:26:06.2434814Z  * [new branch]        handoff-body/r9-rca-2004 -> origin/handoff-body/r9-rca-2004
2026-10-08T05:26:06.2435871Z  * [new branch]        handoff-body/r9-rca-bugclasses -> origin/handoff-body/r9-rca-bugclasses
2026-10-08T05:26:06.2437039Z  * [new branch]        handoff-body/r9-rca-stress-recording -> origin/handoff-body/r9-rca-stress-recording
2026-10-08T05:26:06.2438462Z  * [new branch]        handoff-body/r9-record-automerge -> origin/handoff-body/r9-record-automerge
2026-10-08T05:26:06.2439578Z  * [new branch]        handoff-body/r9-record-path -> origin/handoff-body/r9-record-path
2026-10-08T05:26:06.2440654Z  * [new branch]        handoff-body/r9-ro-10   -> origin/handoff-body/r9-ro-10
2026-10-08T05:26:06.2442536Z  * [new branch]        handoff-body/r9-ro-11   -> origin/handoff-body/r9-ro-11
2026-10-08T05:26:06.2444219Z  * [new branch]        handoff-body/r9-ro-12   -> origin/handoff-body/r9-ro-12
2026-10-08T05:26:06.2445515Z  * [new branch]        handoff-body/r9-ro-8    -> origin/handoff-body/r9-ro-8
2026-10-08T05:26:06.2446968Z  * [new branch]        handoff-body/r9-sw-5    -> origin/handoff-body/r9-sw-5
2026-10-08T05:26:06.2448533Z  * [new branch]        handoff-body/r9-sw-actuation -> origin/handoff-body/r9-sw-actuation
2026-10-08T05:26:06.2450111Z  * [new branch]        handoff-body/r9-sw6     -> origin/handoff-body/r9-sw6
2026-10-08T05:26:06.2451576Z  * [new branch]        handoff-body/r9-ux-10   -> origin/handoff-body/r9-ux-10
2026-10-08T05:26:06.2453086Z  * [new branch]        handoff-body/r9-ux-6    -> origin/handoff-body/r9-ux-6
2026-10-08T05:26:06.2455133Z  * [new branch]        handoff-body/r9-ux-7    -> origin/handoff-body/r9-ux-7
2026-10-08T05:26:06.2457137Z  * [new branch]        handoff-body/r9-ux-actions -> origin/handoff-body/r9-ux-actions
2026-10-08T05:26:06.2458709Z  * [new branch]        handoff-body/r9-ux9     -> origin/handoff-body/r9-ux9
2026-10-08T05:26:06.2460114Z  * [new branch]        handoff/audit-r9-alt    -> origin/handoff/audit-r9-alt
2026-10-08T05:26:06.2462010Z  * [new branch]        handoff/audit-r9-evidence -> origin/handoff/audit-r9-evidence
2026-10-08T05:26:06.2464456Z  * [new branch]        handoff/audit-r9-find-B1 -> origin/handoff/audit-r9-find-B1
2026-10-08T05:26:06.2466056Z  * [new branch]        handoff/audit-r9-find-B10 -> origin/handoff/audit-r9-find-B10
2026-10-08T05:26:06.2467742Z  * [new branch]        handoff/audit-r9-find-B2 -> origin/handoff/audit-r9-find-B2
2026-10-08T05:26:06.2469379Z  * [new branch]        handoff/audit-r9-find-B3 -> origin/handoff/audit-r9-find-B3
2026-10-08T05:26:06.2470410Z  * [new branch]        handoff/audit-r9-find-B4 -> origin/handoff/audit-r9-find-B4
2026-10-08T05:26:06.2471352Z  * [new branch]        handoff/audit-r9-find-B5 -> origin/handoff/audit-r9-find-B5
2026-10-08T05:26:06.2472758Z  * [new branch]        handoff/audit-r9-find-B6 -> origin/handoff/audit-r9-find-B6
2026-10-08T05:26:06.2473733Z  * [new branch]        handoff/audit-r9-find-B7 -> origin/handoff/audit-r9-find-B7
2026-10-08T05:26:06.2475038Z  * [new branch]        handoff/audit-r9-find-B8 -> origin/handoff/audit-r9-find-B8
2026-10-08T05:26:06.2476198Z  * [new branch]        handoff/audit-r9-find-B9 -> origin/handoff/audit-r9-find-B9
2026-10-08T05:26:06.2477143Z  * [new branch]        handoff/audit-r9-fixplan -> origin/handoff/audit-r9-fixplan
2026-10-08T05:26:06.2478814Z  * [new branch]        handoff/audit-r9-issues -> origin/handoff/audit-r9-issues
2026-10-08T05:26:06.2480371Z  * [new branch]        handoff/audit-r9-judge  -> origin/handoff/audit-r9-judge
2026-10-08T05:26:06.2481888Z  * [new branch]        handoff/audit-r9-leads  -> origin/handoff/audit-r9-leads
2026-10-08T05:26:06.2483571Z  * [new branch]        handoff/audit-r9-leads-l2 -> origin/handoff/audit-r9-leads-l2
2026-10-08T05:26:06.2485580Z  * [new branch]        handoff/audit-r9-leads-l3 -> origin/handoff/audit-r9-leads-l3
2026-10-08T05:26:06.2487374Z  * [new branch]        handoff/audit-r9-leads-l4 -> origin/handoff/audit-r9-leads-l4
2026-10-08T05:26:06.2489168Z  * [new branch]        handoff/audit-r9-leads-lc -> origin/handoff/audit-r9-leads-lc
2026-10-08T05:26:06.2490813Z  * [new branch]        handoff/audit-r9-plan   -> origin/handoff/audit-r9-plan
2026-10-08T05:26:06.2492101Z  * [new branch]        handoff/audit-r9-register -> origin/handoff/audit-r9-register
2026-10-08T05:26:06.2493097Z  * [new branch]        handoff/audit-r9-runner-1 -> origin/handoff/audit-r9-runner-1
2026-10-08T05:26:06.2495071Z  * [new branch]        handoff/audit-r9-sweep-s1 -> origin/handoff/audit-r9-sweep-s1
2026-10-08T05:26:06.2496698Z  * [new branch]        handoff/audit-r9-sweep-s2 -> origin/handoff/audit-r9-sweep-s2
2026-10-08T05:26:06.2497688Z  * [new branch]        handoff/audit-r9-sweep-s3 -> origin/handoff/audit-r9-sweep-s3
2026-10-08T05:26:06.2498666Z  * [new branch]        handoff/audit-r9-sweep-s4 -> origin/handoff/audit-r9-sweep-s4
2026-10-08T05:26:06.2499617Z  * [new branch]        handoff/audit-r9-sweep-s5 -> origin/handoff/audit-r9-sweep-s5
2026-10-08T05:26:06.2500571Z  * [new branch]        handoff/audit-r9-sweep-s6 -> origin/handoff/audit-r9-sweep-s6
2026-10-08T05:26:06.2501731Z  * [new branch]        handoff/audit-r9-sweep-s7 -> origin/handoff/audit-r9-sweep-s7
2026-10-08T05:26:06.2503255Z  * [new branch]        handoff/audit-r9-verify-g1-v1 -> origin/handoff/audit-r9-verify-g1-v1
2026-10-08T05:26:06.2504965Z  * [new branch]        handoff/audit-r9-verify-g1-v2 -> origin/handoff/audit-r9-verify-g1-v2
2026-10-08T05:26:06.2506112Z  * [new branch]        handoff/audit-r9-verify-g1-v3 -> origin/handoff/audit-r9-verify-g1-v3
2026-10-08T05:26:06.2507227Z  * [new branch]        handoff/audit-r9-verify-g2-v1 -> origin/handoff/audit-r9-verify-g2-v1
2026-10-08T05:26:06.2508280Z  * [new branch]        handoff/audit-r9-verify-g2-v2 -> origin/handoff/audit-r9-verify-g2-v2
2026-10-08T05:26:06.2509356Z  * [new branch]        handoff/audit-r9-verify-g2-v3 -> origin/handoff/audit-r9-verify-g2-v3
2026-10-08T05:26:06.2510401Z  * [new branch]        handoff/audit-r9-verify-g3-v1 -> origin/handoff/audit-r9-verify-g3-v1
2026-10-08T05:26:06.2511440Z  * [new branch]        handoff/audit-r9-verify-g3-v2 -> origin/handoff/audit-r9-verify-g3-v2
2026-10-08T05:26:06.2513272Z  * [new branch]        handoff/audit-r9-verify-g3-v3 -> origin/handoff/audit-r9-verify-g3-v3
2026-10-08T05:26:06.2515234Z  * [new branch]        handoff/audit-r9-verify-g4-v1 -> origin/handoff/audit-r9-verify-g4-v1
2026-10-08T05:26:06.2517030Z  * [new branch]        handoff/audit-r9-verify-g4-v2 -> origin/handoff/audit-r9-verify-g4-v2
2026-10-08T05:26:06.2518828Z  * [new branch]        handoff/audit-r9-verify-g4-v3 -> origin/handoff/audit-r9-verify-g4-v3
2026-10-08T05:26:06.2520388Z  * [new branch]        handoff/r9-ci-1         -> origin/handoff/r9-ci-1
2026-10-08T05:26:06.2521906Z  * [new branch]        handoff/r9-closures-eg-b7 -> origin/handoff/r9-closures-eg-b7
2026-10-08T05:26:06.2523510Z  * [new branch]        handoff/r9-dbg-0        -> origin/handoff/r9-dbg-0
2026-10-08T05:26:06.2525349Z  * [new branch]        handoff/r9-dbg-1        -> origin/handoff/r9-dbg-1
2026-10-08T05:26:06.2526843Z  * [new branch]        handoff/r9-dbg-2        -> origin/handoff/r9-dbg-2
2026-10-08T05:26:06.2528472Z  * [new branch]        handoff/r9-dbg-3        -> origin/handoff/r9-dbg-3
2026-10-08T05:26:06.2529959Z  * [new branch]        handoff/r9-diag-1       -> origin/handoff/r9-diag-1
2026-10-08T05:26:06.2531480Z  * [new branch]        handoff/r9-diag-2s      -> origin/handoff/r9-diag-2s
2026-10-08T05:26:06.2532988Z  * [new branch]        handoff/r9-eg-a4        -> origin/handoff/r9-eg-a4
2026-10-08T05:26:06.2534825Z  * [new branch]        handoff/r9-eg-archscore -> origin/handoff/r9-eg-archscore
2026-10-08T05:26:06.2536452Z  * [new branch]        handoff/r9-eg-b0        -> origin/handoff/r9-eg-b0
2026-10-08T05:26:06.2537821Z  * [new branch]        handoff/r9-eg-b7-harness -> origin/handoff/r9-eg-b7-harness
2026-10-08T05:26:06.2539772Z  * [new branch]        handoff/r9-eg-collaborator-interfaces -> origin/handoff/r9-eg-collaborator-interfaces
2026-10-08T05:26:06.2541145Z  * [new branch]        handoff/r9-eg-coordinator-seams -> origin/handoff/r9-eg-coordinator-seams
2026-10-08T05:26:06.2542358Z  * [new branch]        handoff/r9-eg-dhw-closure-dedupe-v2 -> origin/handoff/r9-eg-dhw-closure-dedupe-v2
2026-10-08T05:26:06.2543759Z  * [new branch]        handoff/r9-eg-dhw-planner -> origin/handoff/r9-eg-dhw-planner
2026-10-08T05:26:06.2545754Z  * [new branch]        handoff/r9-eg-entry-config -> origin/handoff/r9-eg-entry-config
2026-10-08T05:26:06.2546785Z  * [new branch]        handoff/r9-eg-one-copy  -> origin/handoff/r9-eg-one-copy
2026-10-08T05:26:06.2547764Z  * [new branch]        handoff/r9-eg-param-objects -> origin/handoff/r9-eg-param-objects
2026-10-08T05:26:06.2548779Z  * [new branch]        handoff/r9-eg-register-fold -> origin/handoff/r9-eg-register-fold
2026-10-08T05:26:06.2550122Z  * [new branch]        handoff/r9-eg-solve-inputs -> origin/handoff/r9-eg-solve-inputs
2026-10-08T05:26:06.2551993Z  * [new branch]        handoff/r9-eg-store-version -> origin/handoff/r9-eg-store-version
2026-10-08T05:26:06.2553878Z  * [new branch]        handoff/r9-eg-surface-identity -> origin/handoff/r9-eg-surface-identity
2026-10-08T05:26:06.2555811Z  * [new branch]        handoff/r9-eg-typed-payload -> origin/handoff/r9-eg-typed-payload
2026-10-08T05:26:06.2556965Z  * [new branch]        handoff/r9-eg-typed-payload-b -> origin/handoff/r9-eg-typed-payload-b
2026-10-08T05:26:06.2558119Z  * [new branch]        handoff/r9-f1-coordinator-10 -> origin/handoff/r9-f1-coordinator-10
2026-10-08T05:26:06.2559220Z  * [new branch]        handoff/r9-f1-coordinator-2 -> origin/handoff/r9-f1-coordinator-2
2026-10-08T05:26:06.2560364Z  * [new branch]        handoff/r9-f1-coordinator-3 -> origin/handoff/r9-f1-coordinator-3
2026-10-08T05:26:06.2562403Z  * [new branch]        handoff/r9-f1-coordinator-4 -> origin/handoff/r9-f1-coordinator-4
2026-10-08T05:26:06.2564385Z  * [new branch]        handoff/r9-f1-coordinator-5 -> origin/handoff/r9-f1-coordinator-5
2026-10-08T05:26:06.2566215Z  * [new branch]        handoff/r9-f1-coordinator-7 -> origin/handoff/r9-f1-coordinator-7
2026-10-08T05:26:06.2568266Z  * [new branch]        handoff/r9-f1-coordinator-7-review -> origin/handoff/r9-f1-coordinator-7-review
2026-10-08T05:26:06.2570441Z  * [new branch]        handoff/r9-f10-12       -> origin/handoff/r9-f10-12
2026-10-08T05:26:06.2572197Z  * [new branch]        handoff/r9-f10-13       -> origin/handoff/r9-f10-13
2026-10-08T05:26:06.2573879Z  * [new branch]        handoff/r9-f10-14       -> origin/handoff/r9-f10-14
2026-10-08T05:26:06.2575841Z  * [new branch]        handoff/r9-f10-15       -> origin/handoff/r9-f10-15
2026-10-08T05:26:06.2577463Z  * [new branch]        handoff/r9-f10-16       -> origin/handoff/r9-f10-16
2026-10-08T05:26:06.2579560Z  * [new branch]        handoff/r9-f10-ci-efficiency -> origin/handoff/r9-f10-ci-efficiency
2026-10-08T05:26:06.2582224Z  * [new branch]        handoff/r9-f10-claims-baseline-rca -> origin/handoff/r9-f10-claims-baseline-rca
2026-10-08T05:26:06.2585183Z  * [new branch]        handoff/r9-f10-closure-runalways -> origin/handoff/r9-f10-closure-runalways
2026-10-08T05:26:06.2587763Z  * [new branch]        handoff/r9-f10-gate-infra-1 -> origin/handoff/r9-f10-gate-infra-1
2026-10-08T05:26:06.2589537Z  * [new branch]        handoff/r9-f10-gate-infra-1d -> origin/handoff/r9-f10-gate-infra-1d
2026-10-08T05:26:06.2591365Z  * [new branch]        handoff/r9-f10-gate-infra-4 -> origin/handoff/r9-f10-gate-infra-4
2026-10-08T05:26:06.2592838Z  * [new branch]        handoff/r9-f10-gate-infra-5 -> origin/handoff/r9-f10-gate-infra-5
2026-10-08T05:26:06.2595069Z  * [new branch]        handoff/r9-f10-gate-infra-6 -> origin/handoff/r9-f10-gate-infra-6
2026-10-08T05:26:06.2597364Z  * [new branch]        handoff/r9-f10-harness-timeout -> origin/handoff/r9-f10-harness-timeout
2026-10-08T05:26:06.2599744Z  * [new branch]        handoff/r9-f10-loop-heartbeat -> origin/handoff/r9-f10-loop-heartbeat
2026-10-08T05:26:06.2601942Z  * [new branch]        handoff/r9-f10-merge-queue -> origin/handoff/r9-f10-merge-queue
2026-10-08T05:26:06.2604283Z  * [new branch]        handoff/r9-f11-governance-1 -> origin/handoff/r9-f11-governance-1
2026-10-08T05:26:06.2606478Z  * [new branch]        handoff/r9-f11-governance-3 -> origin/handoff/r9-f11-governance-3
2026-10-08T05:26:06.2608741Z  * [new branch]        handoff/r9-f11-governance-4 -> origin/handoff/r9-f11-governance-4
2026-10-08T05:26:06.2611352Z  * [new branch]        handoff/r9-f11-governance-4-review -> origin/handoff/r9-f11-governance-4-review
2026-10-08T05:26:06.2613786Z  * [new branch]        handoff/r9-f11-governance-5 -> origin/handoff/r9-f11-governance-5
2026-10-08T05:26:06.2616143Z  * [new branch]        handoff/r9-f11-governance-6 -> origin/handoff/r9-f11-governance-6
2026-10-08T05:26:06.2618238Z  * [new branch]        handoff/r9-f11-governance-7 -> origin/handoff/r9-f11-governance-7
2026-10-08T05:26:06.2620238Z  * [new branch]        handoff/r9-f2-solver-1  -> origin/handoff/r9-f2-solver-1
2026-10-08T05:26:06.2622116Z  * [new branch]        handoff/r9-f2-solver-3  -> origin/handoff/r9-f2-solver-3
2026-10-08T05:26:06.2624226Z  * [new branch]        handoff/r9-f2-solver-4  -> origin/handoff/r9-f2-solver-4
2026-10-08T05:26:06.2626116Z  * [new branch]        handoff/r9-f2-solver-5  -> origin/handoff/r9-f2-solver-5
2026-10-08T05:26:06.2627994Z  * [new branch]        handoff/r9-f3-stores-1  -> origin/handoff/r9-f3-stores-1
2026-10-08T05:26:06.2629921Z  * [new branch]        handoff/r9-f3-stores-3  -> origin/handoff/r9-f3-stores-3
2026-10-08T05:26:06.2631942Z  * [new branch]        handoff/r9-f4-inputs-sysid-1 -> origin/handoff/r9-f4-inputs-sysid-1
2026-10-08T05:26:06.2634377Z  * [new branch]        handoff/r9-f4-inputs-sysid-2 -> origin/handoff/r9-f4-inputs-sysid-2
2026-10-08T05:26:06.2636557Z  * [new branch]        handoff/r9-f5-config-text-1 -> origin/handoff/r9-f5-config-text-1
2026-10-08T05:26:06.2638540Z  * [new branch]        handoff/r9-f6-card-1    -> origin/handoff/r9-f6-card-1
2026-10-08T05:26:06.2640363Z  * [new branch]        handoff/r9-f6-card-2    -> origin/handoff/r9-f6-card-2
2026-10-08T05:26:06.2642175Z  * [new branch]        handoff/r9-f6-card-4    -> origin/handoff/r9-f6-card-4
2026-10-08T05:26:06.2644542Z  * [new branch]        handoff/r9-f7-entities-1 -> origin/handoff/r9-f7-entities-1
2026-10-08T05:26:06.2646528Z  * [new branch]        handoff/r9-f7-entities-2 -> origin/handoff/r9-f7-entities-2
2026-10-08T05:26:06.2648583Z  * [new branch]        handoff/r9-f7-family-splits -> origin/handoff/r9-f7-family-splits
2026-10-08T05:26:06.2650548Z  * [new branch]        handoff/r9-f8-docs-1    -> origin/handoff/r9-f8-docs-1
2026-10-08T05:26:06.2652379Z  * [new branch]        handoff/r9-f8-docs-2    -> origin/handoff/r9-f8-docs-2
2026-10-08T05:26:06.2654540Z  * [new branch]        handoff/r9-f8-docs-3    -> origin/handoff/r9-f8-docs-3
2026-10-08T05:26:06.2656136Z  * [new branch]        handoff/r9-f9-test-pins-2 -> origin/handoff/r9-f9-test-pins-2
2026-10-08T05:26:06.2657460Z  * [new branch]        handoff/r9-f9-test-pins-3 -> origin/handoff/r9-f9-test-pins-3
2026-10-08T05:26:06.2659533Z  * [new branch]        handoff/r9-fixer-cap    -> origin/handoff/r9-fixer-cap
2026-10-08T05:26:06.2661493Z  * [new branch]        handoff/r9-fr-10        -> origin/handoff/r9-fr-10
2026-10-08T05:26:06.2663498Z  * [new branch]        handoff/r9-friction-study -> origin/handoff/r9-friction-study
2026-10-08T05:26:06.2665879Z  * [new branch]        handoff/r9-nightly-bdr  -> origin/handoff/r9-nightly-bdr
2026-10-08T05:26:06.2668203Z  * [new branch]        handoff/r9-nightly-status-k5uati -> origin/handoff/r9-nightly-status-k5uati
2026-10-08T05:26:06.2670604Z  * [new branch]        handoff/r9-prepr-selftest -> origin/handoff/r9-prepr-selftest
2026-10-08T05:26:06.2672599Z  * [new branch]        handoff/r9-proc-1       -> origin/handoff/r9-proc-1
2026-10-08T05:26:06.2674701Z  * [new branch]        handoff/r9-proc-3       -> origin/handoff/r9-proc-3
2026-10-08T05:26:06.2676524Z  * [new branch]        handoff/r9-proc-4       -> origin/handoff/r9-proc-4
2026-10-08T05:26:06.2678329Z  * [new branch]        handoff/r9-proc-5       -> origin/handoff/r9-proc-5
2026-10-08T05:26:06.2680311Z  * [new branch]        handoff/r9-rc-prcontract-fix -> origin/handoff/r9-rc-prcontract-fix
2026-10-08T05:26:06.2682465Z  * [new branch]        handoff/r9-rca-1985     -> origin/handoff/r9-rca-1985
2026-10-08T05:26:06.2684608Z  * [new branch]        handoff/r9-rca-1990     -> origin/handoff/r9-rca-1990
2026-10-08T05:26:06.2686744Z  * [new branch]        handoff/r9-rca-2004     -> origin/handoff/r9-rca-2004
2026-10-08T05:26:06.2689949Z  * [new branch]        handoff/r9-rca-avoidable-interpreter-bound-recomputation -> origin/handoff/r9-rca-avoidable-interpreter-bound-recomputation
2026-10-08T05:26:06.2693339Z  * [new branch]        handoff/r9-rca-bugclasses -> origin/handoff/r9-rca-bugclasses
2026-10-08T05:26:06.2695939Z  * [new branch]        handoff/r9-rca-cpu-gate-blind -> origin/handoff/r9-rca-cpu-gate-blind
2026-10-08T05:26:06.2698174Z  * [new branch]        handoff/r9-rca-i1       -> origin/handoff/r9-rca-i1
2026-10-08T05:26:06.2700104Z  * [new branch]        handoff/r9-rca-i3       -> origin/handoff/r9-rca-i3
2026-10-08T05:26:06.2702071Z  * [new branch]        handoff/r9-rca-i4       -> origin/handoff/r9-rca-i4
2026-10-08T05:26:06.2704324Z  * [new branch]        handoff/r9-rca-i5       -> origin/handoff/r9-rca-i5
2026-10-08T05:26:06.2706331Z  * [new branch]        handoff/r9-rca-p1       -> origin/handoff/r9-rca-p1
2026-10-08T05:26:06.2708367Z  * [new branch]        handoff/r9-rca-p11      -> origin/handoff/r9-rca-p11
2026-10-08T05:26:06.2710347Z  * [new branch]        handoff/r9-rca-p2       -> origin/handoff/r9-rca-p2
2026-10-08T05:26:06.2712231Z  * [new branch]        handoff/r9-rca-p3       -> origin/handoff/r9-rca-p3
2026-10-08T05:26:06.2714488Z  * [new branch]        handoff/r9-rca-p5       -> origin/handoff/r9-rca-p5
2026-10-08T05:26:06.2716497Z  * [new branch]        handoff/r9-rca-p6       -> origin/handoff/r9-rca-p6
2026-10-08T05:26:06.2718442Z  * [new branch]        handoff/r9-rca-p9       -> origin/handoff/r9-rca-p9
2026-10-08T05:26:06.2721795Z  * [new branch]        handoff/r9-rca-persisted-future-instant-trusted-without-bound -> origin/handoff/r9-rca-persisted-future-instant-trusted-without-bound
2026-10-08T05:26:06.2725943Z  * [new branch]        handoff/r9-rca-stress-recording -> origin/handoff/r9-rca-stress-recording
2026-10-08T05:26:06.2728475Z  * [new branch]        handoff/r9-record-automerge -> origin/handoff/r9-record-automerge
2026-10-08T05:26:06.2730784Z  * [new branch]        handoff/r9-record-path  -> origin/handoff/r9-record-path
2026-10-08T05:26:06.2732799Z  * [new branch]        handoff/r9-ro-1         -> origin/handoff/r9-ro-1
2026-10-08T05:26:06.2734879Z  * [new branch]        handoff/r9-ro-10        -> origin/handoff/r9-ro-10
2026-10-08T05:26:06.2736728Z  * [new branch]        handoff/r9-ro-11        -> origin/handoff/r9-ro-11
2026-10-08T05:26:06.2738670Z  * [new branch]        handoff/r9-ro-12        -> origin/handoff/r9-ro-12
2026-10-08T05:26:06.2740728Z  * [new branch]        handoff/r9-ro-2         -> origin/handoff/r9-ro-2
2026-10-08T05:26:06.2742572Z  * [new branch]        handoff/r9-ro-3         -> origin/handoff/r9-ro-3
2026-10-08T05:26:06.2744677Z  * [new branch]        handoff/r9-ro-4         -> origin/handoff/r9-ro-4
2026-10-08T05:26:06.2746531Z  * [new branch]        handoff/r9-ro-5         -> origin/handoff/r9-ro-5
2026-10-08T05:26:06.2748379Z  * [new branch]        handoff/r9-ro-6         -> origin/handoff/r9-ro-6
2026-10-08T05:26:06.2750251Z  * [new branch]        handoff/r9-ro-7         -> origin/handoff/r9-ro-7
2026-10-08T05:26:06.2752248Z  * [new branch]        handoff/r9-ro-8         -> origin/handoff/r9-ro-8
2026-10-08T05:26:06.2754467Z  * [new branch]        handoff/r9-sw-5         -> origin/handoff/r9-sw-5
2026-10-08T05:26:06.2756769Z  * [new branch]        handoff/r9-sw-actuation -> origin/handoff/r9-sw-actuation
2026-10-08T05:26:06.2759127Z  * [new branch]        handoff/r9-sw-card      -> origin/handoff/r9-sw-card
2026-10-08T05:26:06.2761380Z  * [new branch]        handoff/r9-sw-gchv      -> origin/handoff/r9-sw-gchv
2026-10-08T05:26:06.2763649Z  * [new branch]        handoff/r9-sw-model     -> origin/handoff/r9-sw-model
2026-10-08T05:26:06.2766051Z  * [new branch]        handoff/r9-sw6          -> origin/handoff/r9-sw6
2026-10-08T05:26:06.2768213Z  * [new branch]        handoff/r9-ux-10        -> origin/handoff/r9-ux-10
2026-10-08T05:26:06.2770702Z  * [new branch]        handoff/r9-ux-6         -> origin/handoff/r9-ux-6
2026-10-08T05:26:06.2773104Z  * [new branch]        handoff/r9-ux-7         -> origin/handoff/r9-ux-7
2026-10-08T05:26:06.2775872Z  * [new branch]        handoff/r9-ux-actions   -> origin/handoff/r9-ux-actions
2026-10-08T05:26:06.2778395Z  * [new branch]        handoff/r9-ux-events    -> origin/handoff/r9-ux-events
2026-10-08T05:26:06.2780901Z  * [new branch]        handoff/r9-ux-health    -> origin/handoff/r9-ux-health
2026-10-08T05:26:06.2783602Z  * [new branch]        handoff/r9-ux-insight-text -> origin/handoff/r9-ux-insight-text
2026-10-08T05:26:06.2786613Z  * [new branch]        handoff/r9-ux9          -> origin/handoff/r9-ux9
2026-10-08T05:26:06.2789141Z  * [new branch]        handoff/r9-web-3        -> origin/handoff/r9-web-3
2026-10-08T05:26:06.2791640Z  * [new branch]        handoff/r9-web-4        -> origin/handoff/r9-web-4
2026-10-08T05:26:06.2794362Z  * [new branch]        handoff/r9-web-5        -> origin/handoff/r9-web-5
2026-10-08T05:26:06.2797002Z  * [new branch]        handoff/r9-web-page     -> origin/handoff/r9-web-page
2026-10-08T05:26:06.2799563Z  * [new branch]        handoff/rca-1747        -> origin/handoff/rca-1747
2026-10-08T05:26:06.2802281Z  * [new branch]        handoff/repo-reorg-plan -> origin/handoff/repo-reorg-plan
2026-10-08T05:26:06.2805622Z  * [new branch]        handoff/silent-windows-plan -> origin/handoff/silent-windows-plan
2026-10-08T05:26:06.2808350Z  * [new branch]        main                    -> origin/main
2026-10-08T05:26:06.2810585Z  * [new branch]        proof/r9-ci-1-pr2010    -> origin/proof/r9-ci-1-pr2010
2026-10-08T05:26:06.2813232Z  * [new branch]        proof/r9-ci-1-pr2025    -> origin/proof/r9-ci-1-pr2025
2026-10-08T05:26:06.2816252Z  * [new branch]        proof/r9-ci-1-sw1       -> origin/proof/r9-ci-1-sw1
2026-10-08T05:26:06.2818751Z  * [new branch]        record/autofix          -> origin/record/autofix
2026-10-08T05:26:06.2821062Z  * [new branch]        review/1987             -> origin/review/1987
2026-10-08T05:26:06.2823257Z  * [new branch]        review/1997             -> origin/review/1997
2026-10-08T05:26:06.2825673Z  * [new branch]        review/2002             -> origin/review/2002
2026-10-08T05:26:06.2827850Z  * [new branch]        review/2006             -> origin/review/2006
2026-10-08T05:26:06.2830033Z  * [new branch]        review/2007             -> origin/review/2007
2026-10-08T05:26:06.2832193Z  * [new branch]        review/2010             -> origin/review/2010
2026-10-08T05:26:06.2834569Z  * [new branch]        review/2011             -> origin/review/2011
2026-10-08T05:26:06.2836795Z  * [new branch]        review/2012             -> origin/review/2012
2026-10-08T05:26:06.2838978Z  * [new branch]        review/2013             -> origin/review/2013
2026-10-08T05:26:06.2841123Z  * [new branch]        review/2014             -> origin/review/2014
2026-10-08T05:26:06.2843288Z  * [new branch]        review/2015             -> origin/review/2015
2026-10-08T05:26:06.2845729Z  * [new branch]        review/2017             -> origin/review/2017
2026-10-08T05:26:06.2847968Z  * [new branch]        review/2018             -> origin/review/2018
2026-10-08T05:26:06.2850197Z  * [new branch]        review/2021             -> origin/review/2021
2026-10-08T05:26:06.2852441Z  * [new branch]        review/2022             -> origin/review/2022
2026-10-08T05:26:06.2854871Z  * [new branch]        review/2024             -> origin/review/2024
2026-10-08T05:26:06.2857108Z  * [new branch]        review/2025             -> origin/review/2025
2026-10-08T05:26:06.2859318Z  * [new branch]        review/2026             -> origin/review/2026
2026-10-08T05:26:06.2861519Z  * [new branch]        review/2027             -> origin/review/2027
2026-10-08T05:26:06.2863725Z  * [new branch]        review/2029             -> origin/review/2029
2026-10-08T05:26:06.2866145Z  * [new branch]        review/2030             -> origin/review/2030
2026-10-08T05:26:06.2868330Z  * [new branch]        review/2040             -> origin/review/2040
2026-10-08T05:26:06.2870736Z  * [new branch]        review/2041             -> origin/review/2041
2026-10-08T05:26:06.2872929Z  * [new branch]        review/2042             -> origin/review/2042
2026-10-08T05:26:06.2875351Z  * [new branch]        review/2044             -> origin/review/2044
2026-10-08T05:26:06.2877553Z  * [new branch]        review/2049             -> origin/review/2049
2026-10-08T05:26:06.2879745Z  * [new branch]        verdict/1987            -> origin/verdict/1987
2026-10-08T05:26:06.2881947Z  * [new branch]        verdict/1997            -> origin/verdict/1997
2026-10-08T05:26:06.2884657Z  * [new branch]        verdict/2002            -> origin/verdict/2002
2026-10-08T05:26:06.2886799Z  * [new branch]        verdict/2006            -> origin/verdict/2006
2026-10-08T05:26:06.2888718Z  * [new branch]        verdict/2007            -> origin/verdict/2007
2026-10-08T05:26:06.2890636Z  * [new branch]        verdict/2010            -> origin/verdict/2010
2026-10-08T05:26:06.2892572Z  * [new branch]        verdict/2011            -> origin/verdict/2011
2026-10-08T05:26:06.2894680Z  * [new branch]        verdict/2012            -> origin/verdict/2012
2026-10-08T05:26:06.2896583Z  * [new branch]        verdict/2013            -> origin/verdict/2013
2026-10-08T05:26:06.2898487Z  * [new branch]        verdict/2014            -> origin/verdict/2014
2026-10-08T05:26:06.2900253Z  * [new branch]        verdict/2015            -> origin/verdict/2015
2026-10-08T05:26:06.2901693Z  * [new branch]        verdict/2017            -> origin/verdict/2017
2026-10-08T05:26:06.2903128Z  * [new branch]        verdict/2018            -> origin/verdict/2018
2026-10-08T05:26:06.2904687Z  * [new branch]        verdict/2021            -> origin/verdict/2021
2026-10-08T05:26:06.2906435Z  * [new branch]        verdict/2022            -> origin/verdict/2022
2026-10-08T05:26:06.2907881Z  * [new branch]        verdict/2024            -> origin/verdict/2024
2026-10-08T05:26:06.2909292Z  * [new branch]        verdict/2025            -> origin/verdict/2025
2026-10-08T05:26:06.2910712Z  * [new branch]        verdict/2026            -> origin/verdict/2026
2026-10-08T05:26:06.2912123Z  * [new branch]        verdict/2027            -> origin/verdict/2027
2026-10-08T05:26:06.2913522Z  * [new branch]        verdict/2029            -> origin/verdict/2029
2026-10-08T05:26:06.2915317Z  * [new branch]        verdict/2030            -> origin/verdict/2030
2026-10-08T05:26:06.2916734Z  * [new branch]        verdict/2040            -> origin/verdict/2040
2026-10-08T05:26:06.2918165Z  * [new branch]        verdict/2041            -> origin/verdict/2041
2026-10-08T05:26:06.2919575Z  * [new branch]        verdict/2042            -> origin/verdict/2042
2026-10-08T05:26:06.2920999Z  * [new branch]        verdict/2044            -> origin/verdict/2044
2026-10-08T05:26:06.2922425Z  * [new branch]        verdict/2049            -> origin/verdict/2049
2026-10-08T05:26:06.2923892Z  * [new tag]           audit-round2-evidence   -> audit-round2-evidence
2026-10-08T05:26:06.2925426Z  * [new tag]           v2.3.0-beta.1           -> v2.3.0-beta.1
2026-10-08T05:26:06.2926575Z  * [new tag]           v2.4.0                  -> v2.4.0
2026-10-08T05:26:06.2927645Z  * [new tag]           v2.4.1                  -> v2.4.1
2026-10-08T05:26:06.2928685Z  * [new tag]           v2.5.0                  -> v2.5.0
2026-10-08T05:26:06.2929722Z  * [new tag]           v2.6.0                  -> v2.6.0
2026-10-08T05:26:06.2930748Z  * [new tag]           v2.6.1                  -> v2.6.1
2026-10-08T05:26:06.2931781Z  * [new tag]           v2.7.0                  -> v2.7.0
2026-10-08T05:26:06.2932818Z  * [new tag]           v2.8.0                  -> v2.8.0
2026-10-08T05:26:06.2933843Z  * [new tag]           v3.0.0                  -> v3.0.0
2026-10-08T05:26:06.2935049Z  * [new tag]           v3.1.0                  -> v3.1.0
2026-10-08T05:26:06.2936108Z  * [new tag]           v3.1.1                  -> v3.1.1
2026-10-08T05:26:06.2937149Z  * [new tag]           v3.1.2                  -> v3.1.2
2026-10-08T05:26:06.2938376Z  * [new tag]           v3.14.0                 -> v3.14.0
2026-10-08T05:26:06.2939446Z  * [new tag]           v3.16.0                 -> v3.16.0
2026-10-08T05:26:06.2940530Z  * [new tag]           v3.2.0                  -> v3.2.0
2026-10-08T05:26:06.2941579Z  * [new tag]           v3.3.0                  -> v3.3.0
2026-10-08T05:26:06.2942622Z  * [new tag]           v3.3.1                  -> v3.3.1
2026-10-08T05:26:06.2943667Z  * [new tag]           v3.4.0                  -> v3.4.0
2026-10-08T05:26:06.2944839Z  * [new tag]           v3.4.1                  -> v3.4.1
2026-10-08T05:26:06.2945884Z  * [new tag]           v3.5.0                  -> v3.5.0
2026-10-08T05:26:06.2946919Z  * [new tag]           v3.6.0                  -> v3.6.0
2026-10-08T05:26:06.2947973Z  * [new tag]           v3.6.1                  -> v3.6.1
2026-10-08T05:26:06.2949017Z  * [new tag]           v3.7.0                  -> v3.7.0
2026-10-08T05:26:06.2950054Z  * [new tag]           v3.7.1                  -> v3.7.1
2026-10-08T05:26:06.2951097Z  * [new tag]           v3.8.0                  -> v3.8.0
2026-10-08T05:26:06.2952163Z  * [new tag]           v4.0.0                  -> v4.0.0
2026-10-08T05:26:06.2953197Z  * [new tag]           v4.0.1                  -> v4.0.1
2026-10-08T05:26:06.2954563Z  * [new tag]           v4.0.2                  -> v4.0.2
2026-10-08T05:26:06.2955623Z  * [new tag]           v4.0.3                  -> v4.0.3
2026-10-08T05:26:06.2956664Z  * [new tag]           v4.0.4                  -> v4.0.4
2026-10-08T05:26:06.2957706Z  * [new tag]           v4.0.5                  -> v4.0.5
2026-10-08T05:26:06.2958749Z  * [new tag]           v4.0.6                  -> v4.0.6
2026-10-08T05:26:06.2959961Z  * [new tag]           v4.0.7                  -> v4.0.7
2026-10-08T05:26:06.2960984Z  * [new tag]           v4.1.0                  -> v4.1.0
2026-10-08T05:26:06.2962012Z  * [new tag]           v4.2.0                  -> v4.2.0
2026-10-08T05:26:06.2963029Z  * [new tag]           v4.3.0                  -> v4.3.0
2026-10-08T05:26:06.2964223Z  * [new tag]           v5.0.0                  -> v5.0.0
2026-10-08T05:26:06.2965254Z  * [new tag]           v5.1.0                  -> v5.1.0
2026-10-08T05:26:06.2966276Z  * [new tag]           v5.1.1                  -> v5.1.1
2026-10-08T05:26:06.2967304Z  * [new tag]           v5.1.10                 -> v5.1.10
2026-10-08T05:26:06.2968328Z  * [new tag]           v5.1.2                  -> v5.1.2
2026-10-08T05:26:06.2969347Z  * [new tag]           v5.1.3                  -> v5.1.3
2026-10-08T05:26:06.2970371Z  * [new tag]           v5.1.4                  -> v5.1.4
2026-10-08T05:26:06.2971398Z  * [new tag]           v5.1.5                  -> v5.1.5
2026-10-08T05:26:06.2972431Z  * [new tag]           v5.1.6                  -> v5.1.6
2026-10-08T05:26:06.2973458Z  * [new tag]           v5.1.7                  -> v5.1.7
2026-10-08T05:26:06.2974670Z  * [new tag]           v5.1.9                  -> v5.1.9
2026-10-08T05:26:06.2975710Z  * [new tag]           v5.2.0                  -> v5.2.0
2026-10-08T05:26:06.2976736Z  * [new tag]           v5.3.0                  -> v5.3.0
2026-10-08T05:26:06.2977756Z  * [new tag]           v5.4.0                  -> v5.4.0
2026-10-08T05:26:06.2978785Z  * [new tag]           v5.4.1                  -> v5.4.1
2026-10-08T05:26:06.2979816Z  * [new tag]           v5.5.0                  -> v5.5.0
2026-10-08T05:26:06.2980840Z  * [new tag]           v5.6.0                  -> v5.6.0
2026-10-08T05:26:06.2981870Z  * [new tag]           v5.6.1                  -> v5.6.1
2026-10-08T05:26:06.2982906Z  * [new tag]           v5.6.2                  -> v5.6.2
2026-10-08T05:26:06.2984063Z  * [new tag]           v5.7.0                  -> v5.7.0
2026-10-08T05:26:06.2985110Z  * [new tag]           v5.7.1                  -> v5.7.1
2026-10-08T05:26:06.2986156Z  * [new tag]           v6.0.0                  -> v6.0.0
2026-10-08T05:26:06.2987204Z  * [new tag]           v6.0.1                  -> v6.0.1
2026-10-08T05:26:06.2988368Z  * [new tag]           v6.0.2                  -> v6.0.2
2026-10-08T05:26:06.2989420Z  * [new tag]           v6.0.3                  -> v6.0.3
2026-10-08T05:26:06.2990466Z  * [new tag]           v6.0.4                  -> v6.0.4
2026-10-08T05:26:06.2991502Z  * [new tag]           v6.0.5                  -> v6.0.5
2026-10-08T05:26:06.2992532Z  * [new tag]           v6.0.6                  -> v6.0.6
2026-10-08T05:26:06.2993587Z  * [new tag]           v6.0.7                  -> v6.0.7
2026-10-08T05:26:06.2994997Z  * [new tag]           v6.0.8                  -> v6.0.8
2026-10-08T05:26:06.2996055Z  * [new tag]           v6.0.9                  -> v6.0.9
2026-10-08T05:26:06.2997102Z  * [new tag]           v6.1.0                  -> v6.1.0
2026-10-08T05:26:06.2998161Z  * [new tag]           v6.1.1                  -> v6.1.1
2026-10-08T05:26:06.2999213Z  * [new tag]           v6.1.2                  -> v6.1.2
2026-10-08T05:26:06.3000265Z  * [new tag]           v6.2.0                  -> v6.2.0
2026-10-08T05:26:06.3001329Z  * [new tag]           v6.2.1                  -> v6.2.1
2026-10-08T05:26:06.3002392Z  * [new tag]           v6.2.10                 -> v6.2.10
2026-10-08T05:26:06.3003461Z  * [new tag]           v6.2.11                 -> v6.2.11
2026-10-08T05:26:06.3004675Z  * [new tag]           v6.2.12                 -> v6.2.12
2026-10-08T05:26:06.3005741Z  * [new tag]           v6.2.13                 -> v6.2.13
2026-10-08T05:26:06.3006795Z  * [new tag]           v6.2.14                 -> v6.2.14
2026-10-08T05:26:06.3007864Z  * [new tag]           v6.2.15                 -> v6.2.15
2026-10-08T05:26:06.3008905Z  * [new tag]           v6.2.16                 -> v6.2.16
2026-10-08T05:26:06.3009944Z  * [new tag]           v6.2.17                 -> v6.2.17
2026-10-08T05:26:06.3011194Z  * [new tag]           v6.2.2                  -> v6.2.2
2026-10-08T05:26:06.3012237Z  * [new tag]           v6.2.3                  -> v6.2.3
2026-10-08T05:26:06.3013288Z  * [new tag]           v6.2.4                  -> v6.2.4
2026-10-08T05:26:06.3014519Z  * [new tag]           v6.2.5                  -> v6.2.5
2026-10-08T05:26:06.3015547Z  * [new tag]           v6.2.6                  -> v6.2.6
2026-10-08T05:26:06.3016584Z  * [new tag]           v6.2.7                  -> v6.2.7
2026-10-08T05:26:06.3017608Z  * [new tag]           v6.2.8                  -> v6.2.8
2026-10-08T05:26:06.3018644Z  * [new tag]           v6.2.9                  -> v6.2.9
2026-10-08T05:26:06.3019676Z  * [new tag]           v6.3.0                  -> v6.3.0
2026-10-08T05:26:06.3020688Z  * [new tag]           v6.3.1                  -> v6.3.1
2026-10-08T05:26:06.3021720Z  * [new tag]           v6.3.10                 -> v6.3.10
2026-10-08T05:26:06.3022757Z  * [new tag]           v6.3.11                 -> v6.3.11
2026-10-08T05:26:06.3023828Z  * [new tag]           v6.3.12                 -> v6.3.12
2026-10-08T05:26:06.3024993Z  * [new tag]           v6.3.13                 -> v6.3.13
2026-10-08T05:26:06.3026025Z  * [new tag]           v6.3.14                 -> v6.3.14
2026-10-08T05:26:06.3027072Z  * [new tag]           v6.3.15                 -> v6.3.15
2026-10-08T05:26:06.3028120Z  * [new tag]           v6.3.16                 -> v6.3.16
2026-10-08T05:26:06.3029156Z  * [new tag]           v6.3.17                 -> v6.3.17
2026-10-08T05:26:06.3030197Z  * [new tag]           v6.3.18                 -> v6.3.18
2026-10-08T05:26:06.3031224Z  * [new tag]           v6.3.19                 -> v6.3.19
2026-10-08T05:26:06.3032267Z  * [new tag]           v6.3.2                  -> v6.3.2
2026-10-08T05:26:06.3033295Z  * [new tag]           v6.3.20                 -> v6.3.20
2026-10-08T05:26:06.3034693Z  * [new tag]           v6.3.3                  -> v6.3.3
2026-10-08T05:26:06.3035757Z  * [new tag]           v6.3.4                  -> v6.3.4
2026-10-08T05:26:06.3036781Z  * [new tag]           v6.3.5                  -> v6.3.5
2026-10-08T05:26:06.3037803Z  * [new tag]           v6.3.6                  -> v6.3.6
2026-10-08T05:26:06.3038821Z  * [new tag]           v6.3.7                  -> v6.3.7
2026-10-08T05:26:06.3039996Z  * [new tag]           v6.3.8                  -> v6.3.8
2026-10-08T05:26:06.3041042Z  * [new tag]           v6.3.9                  -> v6.3.9
2026-10-08T05:26:06.3042106Z  * [new tag]           v6.4.0                  -> v6.4.0
2026-10-08T05:26:06.3043130Z  * [new tag]           v6.4.1                  -> v6.4.1
2026-10-08T05:26:06.3044449Z  * [new tag]           v6.4.2                  -> v6.4.2
2026-10-08T05:26:06.3045502Z  * [new tag]           v6.4.3                  -> v6.4.3
2026-10-08T05:26:06.3046526Z  * [new tag]           v6.4.4                  -> v6.4.4
2026-10-08T05:26:06.3047561Z  * [new tag]           v6.5.0                  -> v6.5.0
2026-10-08T05:26:06.3048602Z  * [new tag]           v6.5.1                  -> v6.5.1
2026-10-08T05:26:06.3049619Z  * [new tag]           v6.6.0                  -> v6.6.0
2026-10-08T05:26:06.3050651Z  * [new tag]           v6.6.1                  -> v6.6.1
2026-10-08T05:26:06.3051729Z  * [new tag]           v6.6.10                 -> v6.6.10
2026-10-08T05:26:06.3052762Z  * [new tag]           v6.6.11                 -> v6.6.11
2026-10-08T05:26:06.3053798Z  * [new tag]           v6.6.12                 -> v6.6.12
2026-10-08T05:26:06.3054990Z  * [new tag]           v6.6.2                  -> v6.6.2
2026-10-08T05:26:06.3056009Z  * [new tag]           v6.6.3                  -> v6.6.3
2026-10-08T05:26:06.3057039Z  * [new tag]           v6.6.4                  -> v6.6.4
2026-10-08T05:26:06.3058063Z  * [new tag]           v6.6.5                  -> v6.6.5
2026-10-08T05:26:06.3059071Z  * [new tag]           v6.6.6                  -> v6.6.6
2026-10-08T05:26:06.3060087Z  * [new tag]           v6.6.7                  -> v6.6.7
2026-10-08T05:26:06.3061294Z  * [new tag]           v6.6.8                  -> v6.6.8
2026-10-08T05:26:06.3062309Z  * [new tag]           v6.6.9                  -> v6.6.9
2026-10-08T05:26:06.3063333Z  * [new tag]           v6.7.0                  -> v6.7.0
2026-10-08T05:26:06.3064488Z  * [new tag]           v6.7.1                  -> v6.7.1
2026-10-08T05:26:06.3065508Z  * [new tag]           v6.7.10                 -> v6.7.10
2026-10-08T05:26:06.3066558Z  * [new tag]           v6.7.11                 -> v6.7.11
2026-10-08T05:26:06.3067590Z  * [new tag]           v6.7.12                 -> v6.7.12
2026-10-08T05:26:06.3068628Z  * [new tag]           v6.7.13                 -> v6.7.13
2026-10-08T05:26:06.3069660Z  * [new tag]           v6.7.14                 -> v6.7.14
2026-10-08T05:26:06.3070704Z  * [new tag]           v6.7.15                 -> v6.7.15
2026-10-08T05:26:06.3071727Z  * [new tag]           v6.7.16                 -> v6.7.16
2026-10-08T05:26:06.3072739Z  * [new tag]           v6.7.2                  -> v6.7.2
2026-10-08T05:26:06.3073762Z  * [new tag]           v6.7.3                  -> v6.7.3
2026-10-08T05:26:06.3074903Z  * [new tag]           v6.7.4                  -> v6.7.4
2026-10-08T05:26:06.3075904Z  * [new tag]           v6.7.5                  -> v6.7.5
2026-10-08T05:26:06.3076933Z  * [new tag]           v6.7.6                  -> v6.7.6
2026-10-08T05:26:06.3077947Z  * [new tag]           v6.7.7                  -> v6.7.7
2026-10-08T05:26:06.3078944Z  * [new tag]           v6.7.8                  -> v6.7.8
2026-10-08T05:26:06.3079947Z  * [new tag]           v6.7.9                  -> v6.7.9
2026-10-08T05:26:06.3081233Z  * [new ref]           4f717b08c91b9e95b531c4f4296a4208385990f2 -> pull/2010/merge
2026-10-08T05:26:06.3084313Z ##[endgroup]
2026-10-08T05:26:06.3085444Z ##[group]Determining the checkout info
2026-10-08T05:26:06.3086667Z ##[endgroup]
2026-10-08T05:26:06.3087330Z [command]/usr/bin/git sparse-checkout disable
2026-10-08T05:26:06.3089619Z [command]/usr/bin/git config --local --unset-all extensions.worktreeConfig
2026-10-08T05:26:06.3092170Z ##[group]Checking out the ref
2026-10-08T05:26:06.3093350Z [command]/usr/bin/git checkout --progress --force refs/remotes/pull/2010/merge
2026-10-08T05:26:06.7545839Z Note: switching to 'refs/remotes/pull/2010/merge'.
2026-10-08T05:26:06.7548245Z 
2026-10-08T05:26:06.7549757Z You are in 'detached HEAD' state. You can look around, make experimental
2026-10-08T05:26:06.7552350Z changes and commit them, and you can discard any commits you make in this
2026-10-08T05:26:06.7555222Z state without impacting any branches by switching back to a branch.
2026-10-08T05:26:06.7556684Z 
2026-10-08T05:26:06.7557814Z If you want to create a new branch to retain commits you create, you may
2026-10-08T05:26:06.7559856Z do so (now or later) by using -c with the switch command. Example:
2026-10-08T05:26:06.7560729Z 
2026-10-08T05:26:06.7561244Z   git switch -c <new-branch-name>
2026-10-08T05:26:06.7561914Z 
2026-10-08T05:26:06.7562433Z Or undo this operation with:
2026-10-08T05:26:06.7563103Z 
2026-10-08T05:26:06.7563554Z   git switch -
2026-10-08T05:26:06.7564286Z 
2026-10-08T05:26:06.7565109Z Turn off this advice by setting config variable advice.detachedHead to false
2026-10-08T05:26:06.7566090Z 
2026-10-08T05:26:06.7567223Z HEAD is now at 4f717b08 Merge dc4e3f13a345d794a0621744b22fef8479140ae9 into 6b91e238f6883af6eedef0fc541bce76b14fc46c
2026-10-08T05:26:06.7596280Z ##[endgroup]
2026-10-08T05:26:06.7646848Z [command]/usr/bin/git log -1 --format=%H
2026-10-08T05:26:06.7675982Z 4f717b08c91b9e95b531c4f4296a4208385990f2
2026-10-08T05:26:06.8075127Z ##[group]Run actions/setup-python@ece7cb06caefa5fff74198d8649806c4678c61a1
2026-10-08T05:26:06.8076262Z with:
2026-10-08T05:26:06.8077012Z   python-version: 3.13
2026-10-08T05:26:06.8077787Z   check-latest: false
2026-10-08T05:26:06.8081510Z   token: ***
2026-10-08T05:26:06.8082274Z   update-environment: true
2026-10-08T05:26:06.8083089Z   allow-prereleases: false
2026-10-08T05:26:06.8083887Z   freethreaded: false
2026-10-08T05:26:06.8085159Z env:
2026-10-08T05:26:06.8085895Z   DOCS_ONLY_FAST: false
2026-10-08T05:26:06.8086663Z ##[endgroup]
2026-10-08T05:26:06.9491211Z ##[group]Installed versions
2026-10-08T05:26:06.9599431Z Successfully set up CPython (3.13.16)
2026-10-08T05:26:06.9601870Z ##[endgroup]
2026-10-08T05:26:06.9887526Z ##[group]Run actions/setup-node@a0853c24544627f65ddf259abe73b1d18a591444
2026-10-08T05:26:06.9889248Z with:
2026-10-08T05:26:06.9890489Z   node-version: 22
2026-10-08T05:26:06.9891713Z   always-auth: false
2026-10-08T05:26:06.9892940Z   check-latest: false
2026-10-08T05:26:06.9899188Z   token: ***
2026-10-08T05:26:06.9900442Z   package-manager-cache: true
2026-10-08T05:26:06.9901781Z env:
2026-10-08T05:26:06.9902959Z   DOCS_ONLY_FAST: false
2026-10-08T05:26:06.9904660Z   pythonLocation: /opt/hostedtoolcache/Python/3.13.16/x64
2026-10-08T05:26:06.9906152Z   PKG_CONFIG_PATH: /opt/hostedtoolcache/Python/3.13.16/x64/lib/pkgconfig
2026-10-08T05:26:06.9907739Z   Python_ROOT_DIR: /opt/hostedtoolcache/Python/3.13.16/x64
2026-10-08T05:26:06.9908994Z   Python2_ROOT_DIR: /opt/hostedtoolcache/Python/3.13.16/x64
2026-10-08T05:26:06.9910028Z   Python3_ROOT_DIR: /opt/hostedtoolcache/Python/3.13.16/x64
2026-10-08T05:26:06.9911042Z   LD_LIBRARY_PATH: /opt/hostedtoolcache/Python/3.13.16/x64/lib
2026-10-08T05:26:06.9912012Z ##[endgroup]
2026-10-08T05:26:07.1496690Z Found in cache @ /opt/hostedtoolcache/node/22.23.3/x64
2026-10-08T05:26:07.1500662Z (node:2319) [DEP0040] DeprecationWarning: The `punycode` module is deprecated. Please use a userland alternative instead.
2026-10-08T05:26:07.1503199Z (Use `node --trace-deprecation ...` to show where the warning was created)
2026-10-08T05:26:07.1506221Z ##[group]Environment details
2026-10-08T05:26:07.5459662Z node: v22.23.3
2026-10-08T05:26:07.5460262Z npm: 10.9.9
2026-10-08T05:26:07.5462050Z yarn: 1.22.22
2026-10-08T05:26:07.5462891Z ##[endgroup]
2026-10-08T05:26:07.5615855Z ##[group]Run pip install --require-hashes --build-constraint tests/requirements-build.txt -r tests/requirements-ci.txt
2026-10-08T05:26:07.5616920Z [36;1mpip install --require-hashes --build-constraint tests/requirements-build.txt -r tests/requirements-ci.txt[0m
2026-10-08T05:26:07.5882017Z shell: /usr/bin/bash -e {0}
2026-10-08T05:26:07.5882441Z env:
2026-10-08T05:26:07.5882761Z   DOCS_ONLY_FAST: false
2026-10-08T05:26:07.5883251Z   pythonLocation: /opt/hostedtoolcache/Python/3.13.16/x64
2026-10-08T05:26:07.5884155Z   PKG_CONFIG_PATH: /opt/hostedtoolcache/Python/3.13.16/x64/lib/pkgconfig
2026-10-08T05:26:07.5884817Z   Python_ROOT_DIR: /opt/hostedtoolcache/Python/3.13.16/x64
2026-10-08T05:26:07.5885380Z   Python2_ROOT_DIR: /opt/hostedtoolcache/Python/3.13.16/x64
2026-10-08T05:26:07.5885951Z   Python3_ROOT_DIR: /opt/hostedtoolcache/Python/3.13.16/x64
2026-10-08T05:26:07.5886517Z   LD_LIBRARY_PATH: /opt/hostedtoolcache/Python/3.13.16/x64/lib
2026-10-08T05:26:07.5887052Z ##[endgroup]
2026-10-08T05:26:09.9673408Z Collecting aiohappyeyeballs==2.7.1 (from -r tests/requirements-ci.txt (line 27))
2026-10-08T05:26:10.0279056Z   Downloading aiohappyeyeballs-2.7.1-py3-none-any.whl (15 kB)
2026-10-08T05:26:10.5929926Z Collecting aiohttp==3.14.3 (from -r tests/requirements-ci.txt (line 30))
2026-10-08T05:26:10.6023372Z   Downloading aiohttp-3.14.3-cp313-cp313-manylinux2014_x86_64.manylinux_2_17_x86_64.manylinux_2_28_x86_64.whl (1.8 MB)
2026-10-08T05:26:10.6892676Z      ━━━━━━━━━━━━━━━━━━━━━━━━━━━━━━━━━━━━━━━━ 1.8/1.8 MB 25.0 MB/s  0:00:00
2026-10-08T05:26:10.7067953Z Collecting aiosignal==1.4.0 (from -r tests/requirements-ci.txt (line 150))
2026-10-08T05:26:10.7142719Z   Downloading aiosignal-1.4.0-py3-none-any.whl (7.5 kB)
2026-10-08T05:26:10.7338833Z Collecting attrs==26.1.0 (from -r tests/requirements-ci.txt (line 153))
2026-10-08T05:26:10.7420806Z   Downloading attrs-26.1.0-py3-none-any.whl (67 kB)
2026-10-08T05:26:10.8140478Z Collecting frozenlist==1.8.0 (from -r tests/requirements-ci.txt (line 156))
2026-10-08T05:26:10.8220784Z   Downloading frozenlist-1.8.0-cp313-cp313-manylinux1_x86_64.manylinux_2_28_x86_64.manylinux_2_5_x86_64.whl (234 kB)
2026-10-08T05:26:10.8480053Z Collecting idna==3.20 (from -r tests/requirements-ci.txt (line 287))
2026-10-08T05:26:10.8556865Z   Downloading idna-3.20-py3-none-any.whl (69 kB)
2026-10-08T05:26:11.1191785Z Collecting multidict==6.9.1 (from -r tests/requirements-ci.txt (line 290))
2026-10-08T05:26:11.1272762Z   Downloading multidict-6.9.1-cp313-cp313-manylinux2014_x86_64.manylinux_2_17_x86_64.manylinux_2_28_x86_64.whl (336 kB)
2026-10-08T05:26:11.3407508Z Collecting numpy==2.4.6 (from -r tests/requirements-ci.txt (line 462))
2026-10-08T05:26:11.3489055Z   Downloading numpy-2.4.6-cp313-cp313-manylinux_2_27_x86_64.manylinux_2_28_x86_64.whl (16.6 MB)
2026-10-08T05:26:11.5451897Z      ━━━━━━━━━━━━━━━━━━━━━━━━━━━━━━━━━━━━━━━━ 16.6/16.6 MB 87.1 MB/s  0:00:00
2026-10-08T05:26:11.6360515Z Collecting propcache==0.5.4 (from -r tests/requirements-ci.txt (line 535))
2026-10-08T05:26:11.6458725Z   Downloading propcache-0.5.4-cp313-cp313-manylinux2014_x86_64.manylinux_2_17_x86_64.manylinux_2_28_x86_64.whl (234 kB)
2026-10-08T05:26:11.6919460Z Collecting pyyaml==6.0.1 (from -r tests/requirements-ci.txt (line 674))
2026-10-08T05:26:11.7012785Z   Downloading PyYAML-6.0.1.tar.gz (125 kB)
2026-10-08T05:26:11.8499577Z   Installing build dependencies: started
2026-10-08T05:26:13.1118426Z   Installing build dependencies: finished with status 'done'
2026-10-08T05:26:13.1127271Z   Getting requirements to build wheel: started
2026-10-08T05:26:15.0859470Z   Getting requirements to build wheel: finished with status 'done'
2026-10-08T05:26:15.0870114Z   Preparing metadata (pyproject.toml): started
2026-10-08T05:26:15.3350365Z   Preparing metadata (pyproject.toml): finished with status 'done'
2026-10-08T05:26:15.4611708Z Collecting scipy==1.17.1 (from -r tests/requirements-ci.txt (line 726))
2026-10-08T05:26:15.4699175Z   Downloading scipy-1.17.1-cp313-cp313-manylinux_2_27_x86_64.manylinux_2_28_x86_64.whl (35.2 MB)
2026-10-08T05:26:15.6181698Z      ━━━━━━━━━━━━━━━━━━━━━━━━━━━━━━━━━━━━━━━━ 35.2/35.2 MB 240.3 MB/s  0:00:00
2026-10-08T05:26:15.6738731Z Collecting threadpoolctl==3.6.0 (from -r tests/requirements-ci.txt (line 788))
2026-10-08T05:26:15.6810624Z   Downloading threadpoolctl-3.6.0-py3-none-any.whl (18 kB)
2026-10-08T05:26:15.6998865Z Collecting voluptuous==0.16.0 (from -r tests/requirements-ci.txt (line 791))
2026-10-08T05:26:15.7068169Z   Downloading voluptuous-0.16.0-py3-none-any.whl (31 kB)
2026-10-08T05:26:15.9843251Z Collecting yarl==1.25.1 (from -r tests/requirements-ci.txt (line 794))
2026-10-08T05:26:15.9921001Z   Downloading yarl-1.25.1-cp313-cp313-manylinux2014_x86_64.manylinux_2_17_x86_64.manylinux_2_28_x86_64.whl (117 kB)
2026-10-08T05:26:16.0138761Z Building wheels for collected packages: pyyaml
2026-10-08T05:26:16.0147500Z   Building wheel for pyyaml (pyproject.toml): started
2026-10-08T05:26:17.2790044Z   Building wheel for pyyaml (pyproject.toml): finished with status 'done'
2026-10-08T05:26:17.2799476Z   Created wheel for pyyaml: filename=pyyaml-6.0.1-cp313-cp313-linux_x86_64.whl size=45459 sha256=be93c7ccffcd74eda0abc300036adb98144a7dd9c2c6f25a14082cd541fcc7c6
2026-10-08T05:26:17.2802035Z   Stored in directory: /home/runner/.cache/pip/wheels/9c/9e/34/1e1548811b63a9d001469f21797e8b7d5c216d8eb928e7d6ad
2026-10-08T05:26:17.2823617Z Successfully built pyyaml
2026-10-08T05:26:17.3436835Z Installing collected packages: voluptuous, threadpoolctl, pyyaml, propcache, numpy, multidict, idna, frozenlist, attrs, aiohappyeyeballs, yarl, scipy, aiosignal, aiohttp
2026-10-08T05:26:24.1010020Z 
2026-10-08T05:26:24.1034895Z Successfully installed aiohappyeyeballs-2.7.1 aiohttp-3.14.3 aiosignal-1.4.0 attrs-26.1.0 frozenlist-1.8.0 idna-3.20 multidict-6.9.1 numpy-2.4.6 propcache-0.5.4 pyyaml-6.0.1 scipy-1.17.1 threadpoolctl-3.6.0 voluptuous-0.16.0 yarl-1.25.1
2026-10-08T05:26:24.2559944Z ##[group]Run sudo apt-get update && sudo apt-get install -y strace
2026-10-08T05:26:24.2560509Z [36;1msudo apt-get update && sudo apt-get install -y strace[0m
2026-10-08T05:26:24.2633270Z shell: /usr/bin/bash -e {0}
2026-10-08T05:26:24.2633803Z env:
2026-10-08T05:26:24.2634389Z   DOCS_ONLY_FAST: false
2026-10-08T05:26:24.2634816Z   pythonLocation: /opt/hostedtoolcache/Python/3.13.16/x64
2026-10-08T05:26:24.2635456Z   PKG_CONFIG_PATH: /opt/hostedtoolcache/Python/3.13.16/x64/lib/pkgconfig
2026-10-08T05:26:24.2636085Z   Python_ROOT_DIR: /opt/hostedtoolcache/Python/3.13.16/x64
2026-10-08T05:26:24.2636636Z   Python2_ROOT_DIR: /opt/hostedtoolcache/Python/3.13.16/x64
2026-10-08T05:26:24.2637200Z   Python3_ROOT_DIR: /opt/hostedtoolcache/Python/3.13.16/x64
2026-10-08T05:26:24.2637755Z   LD_LIBRARY_PATH: /opt/hostedtoolcache/Python/3.13.16/x64/lib
2026-10-08T05:26:24.2638224Z ##[endgroup]
2026-10-08T05:26:24.3545964Z Get:1 file:/etc/apt/apt-mirrors.txt Mirrorlist [144 B]
2026-10-08T05:26:24.3911497Z Hit:2 http://azure.archive.ubuntu.com/ubuntu noble InRelease
2026-10-08T05:26:24.3913410Z Get:6 https://packages.microsoft.com/ubuntu/24.04/prod noble InRelease [3600 B]
2026-10-08T05:26:24.3928927Z Get:3 http://azure.archive.ubuntu.com/ubuntu noble-updates InRelease [126 kB]
2026-10-08T05:26:24.3978129Z Get:4 http://azure.archive.ubuntu.com/ubuntu noble-backports InRelease [126 kB]
2026-10-08T05:26:24.4026232Z Get:5 http://azure.archive.ubuntu.com/ubuntu noble-security InRelease [126 kB]
2026-10-08T05:26:24.5344973Z Get:7 https://packages.microsoft.com/ubuntu/24.04/prod noble/main all Packages [640 B]
2026-10-08T05:26:24.5486053Z Get:8 https://packages.microsoft.com/ubuntu/24.04/prod noble/main amd64 Packages [530 kB]
2026-10-08T05:26:24.5596211Z Get:9 https://packages.microsoft.com/ubuntu/24.04/prod noble/main arm64 Packages [474 kB]
2026-10-08T05:26:24.5631155Z Get:10 https://packages.microsoft.com/ubuntu/24.04/prod noble/main armhf Packages [12.3 kB]
2026-10-08T05:26:24.5914219Z Get:11 http://azure.archive.ubuntu.com/ubuntu noble-updates/main amd64 Packages [1375 kB]
2026-10-08T05:26:24.6039962Z Get:12 http://azure.archive.ubuntu.com/ubuntu noble-updates/main Translation-en [306 kB]
2026-10-08T05:26:24.6068668Z Get:13 http://azure.archive.ubuntu.com/ubuntu noble-updates/universe amd64 Packages [1702 kB]
2026-10-08T05:26:24.6172421Z Get:14 http://azure.archive.ubuntu.com/ubuntu noble-updates/universe Translation-en [341 kB]
2026-10-08T05:26:24.6185611Z Get:15 http://azure.archive.ubuntu.com/ubuntu noble-updates/restricted amd64 Packages [1761 kB]
2026-10-08T05:26:24.6276689Z Get:16 http://azure.archive.ubuntu.com/ubuntu noble-updates/restricted Translation-en [401 kB]
2026-10-08T05:26:24.6306811Z Get:17 http://azure.archive.ubuntu.com/ubuntu noble-updates/multiverse amd64 Packages [55.0 kB]
2026-10-08T05:26:24.6322138Z Get:18 http://azure.archive.ubuntu.com/ubuntu noble-updates/multiverse Translation-en [14.3 kB]
2026-10-08T05:26:24.7036213Z Get:19 http://azure.archive.ubuntu.com/ubuntu noble-security/main amd64 Packages [1074 kB]
2026-10-08T05:26:24.7106620Z Get:20 http://azure.archive.ubuntu.com/ubuntu noble-security/main Translation-en [223 kB]
2026-10-08T05:26:24.7615474Z Get:21 http://azure.archive.ubuntu.com/ubuntu noble-security/universe amd64 Packages [1218 kB]
2026-10-08T05:26:24.7686103Z Get:22 http://azure.archive.ubuntu.com/ubuntu noble-security/universe Translation-en [245 kB]
2026-10-08T05:26:24.7709023Z Get:23 http://azure.archive.ubuntu.com/ubuntu noble-security/multiverse Translation-en [11.6 kB]
2026-10-08T05:26:27.6677102Z Fetched 10.1 MB in 1s (9383 kB/s)
2026-10-08T05:26:28.6184351Z Reading package lists...
2026-10-08T05:26:28.6521382Z Reading package lists...
2026-10-08T05:26:28.9145350Z Building dependency tree...
2026-10-08T05:26:28.9153647Z Reading state information...
2026-10-08T05:26:29.1333859Z strace is already the newest version (6.8-0ubuntu2).
2026-10-08T05:26:29.1335193Z strace set to manually installed.
2026-10-08T05:26:29.1336667Z 0 upgraded, 0 newly installed, 0 to remove and 17 not upgraded.
2026-10-08T05:26:29.1429698Z ##[group]Run REF=$(git rev-parse --verify --quiet 'HEAD^1^{commit}') || REF=HEAD
2026-10-08T05:26:29.1430700Z [36;1mREF=$(git rev-parse --verify --quiet 'HEAD^1^{commit}') || REF=HEAD[0m
2026-10-08T05:26:29.1431908Z [36;1m# --record-only, on both paths: merging here would overwrite the[0m
2026-10-08T05:26:29.1432907Z [36;1m# committed tests/closures.json with what this run just measured, and[0m
2026-10-08T05:26:29.1433817Z [36;1m# the check below would then compare the file against itself.[0m
2026-10-08T05:26:29.1435020Z [36;1mif [ "$SCOPE_CASE" = "scoped" ]; then[0m
2026-10-08T05:26:29.1435811Z [36;1m  printf '%s\n' "$SCOPE_SCRIPTS" > "$RUNNER_TEMP/rederive.txt"[0m
2026-10-08T05:26:29.1436908Z [36;1m  echo "Scoped re-derive; every other closure is left as committed:"[0m
2026-10-08T05:26:29.1437788Z [36;1m  cat "$RUNNER_TEMP/rederive.txt"[0m
2026-10-08T05:26:29.1438464Z [36;1m  while read -r s; do[0m
2026-10-08T05:26:29.1439238Z [36;1m    [ -n "$s" ] || continue[0m
2026-10-08T05:26:29.1440005Z [36;1m    GOLDEN_REF="$REF" ./tests/derive_closures.sh \[0m
2026-10-08T05:26:29.1461705Z [36;1m      --single "$s" --out-dir "$RUNNER_TEMP/closures" --record-only[0m
2026-10-08T05:26:29.1462539Z [36;1m  done < "$RUNNER_TEMP/rederive.txt"[0m
2026-10-08T05:26:29.1462920Z [36;1melse[0m
2026-10-08T05:26:29.1463251Z [36;1m  GOLDEN_REF="$REF" ./tests/derive_closures.sh \[0m
2026-10-08T05:26:29.1463673Z [36;1m    --out-dir "$RUNNER_TEMP/closures" --record-only[0m
2026-10-08T05:26:29.1464969Z [36;1mfi[0m
2026-10-08T05:26:29.1531522Z shell: /usr/bin/bash -e {0}
2026-10-08T05:26:29.1531797Z env:
2026-10-08T05:26:29.1532011Z   DOCS_ONLY_FAST: false
2026-10-08T05:26:29.1532341Z   pythonLocation: /opt/hostedtoolcache/Python/3.13.16/x64
2026-10-08T05:26:29.1532952Z   PKG_CONFIG_PATH: /opt/hostedtoolcache/Python/3.13.16/x64/lib/pkgconfig
2026-10-08T05:26:29.1533724Z   Python_ROOT_DIR: /opt/hostedtoolcache/Python/3.13.16/x64
2026-10-08T05:26:29.1534290Z   Python2_ROOT_DIR: /opt/hostedtoolcache/Python/3.13.16/x64
2026-10-08T05:26:29.1534713Z   Python3_ROOT_DIR: /opt/hostedtoolcache/Python/3.13.16/x64
2026-10-08T05:26:29.1535125Z   LD_LIBRARY_PATH: /opt/hostedtoolcache/Python/3.13.16/x64/lib
2026-10-08T05:26:29.1535486Z   OMP_NUM_THREADS: 1
2026-10-08T05:26:29.1535719Z   OPENBLAS_NUM_THREADS: 1
2026-10-08T05:26:29.1535958Z   MKL_NUM_THREADS: 1
2026-10-08T05:26:29.1536176Z   SCOPE_CASE: full
2026-10-08T05:26:29.1536391Z   SCOPE_SCRIPTS: 
2026-10-08T05:26:29.1536609Z ##[endgroup]
2026-10-08T05:26:29.1718875Z   [05:26:29] record tests/stress.py 
2026-10-08T05:26:29.1722625Z   [05:26:29] record tests/features.py 
2026-10-08T05:26:29.1723565Z   [05:26:29] record tests/block_duty.py 
2026-10-08T05:26:33.1165927Z   [05:26:33] done   tests/block_duty.py (exit 0)
2026-10-08T05:26:33.1183623Z   [05:26:33] record tests/doc_claims.py 
2026-10-08T05:26:44.8680189Z   [05:26:44] done   tests/doc_claims.py (exit 0)
2026-10-08T05:26:44.8696930Z   [05:26:44] record tests/md_tables.mjs 
2026-10-08T05:26:45.2232050Z   [05:26:45] done   tests/md_tables.mjs (exit 0)
2026-10-08T05:26:45.2253423Z   [05:26:45] record tests/wood_advisor.py 
2026-10-08T05:26:47.7126273Z   [05:26:47] done   tests/wood_advisor.py (exit 0)
2026-10-08T05:26:47.7148737Z   [05:26:47] record tests/config_flow_steps.py 
2026-10-08T05:27:23.9249212Z   [05:27:23] done   tests/config_flow_steps.py (exit 0)
2026-10-08T05:27:23.9267337Z   [05:27:23] record tests/structure.py 
2026-10-08T05:27:45.3189753Z   [05:27:45] done   tests/structure.py (exit 0)
2026-10-08T05:27:45.3206773Z   [05:27:45] record tests/arch_score.py --smoke
2026-10-08T05:33:47.5581433Z   [05:33:47] done   tests/arch_score.py (exit 0)
2026-10-08T05:33:47.5599140Z   [05:33:47] record tests/arch_score_head.py 
2026-10-08T05:34:40.1666294Z   [05:34:40] done   tests/arch_score_head.py (exit 0)
2026-10-08T05:34:40.1683941Z   [05:34:40] record tests/typing_ruler.py 
2026-10-08T05:34:41.3650874Z   [05:34:41] done   tests/typing_ruler.py (exit 0)
2026-10-08T05:34:41.3672892Z   [05:34:41] record tests/edge.py 
2026-10-08T05:35:40.9676355Z   [05:35:40] done   tests/edge.py (exit 0)
2026-10-08T05:35:40.9745171Z   [05:35:40] record tests/validate.py 
2026-10-08T05:36:30.4041533Z   [05:36:30] done   tests/validate.py (exit 0)
2026-10-08T05:36:30.4046614Z   [05:36:30] record tests/backtest.py 
2026-10-08T05:39:00.1719895Z   [05:39:00] done   tests/backtest.py (exit 0)
2026-10-08T05:39:00.1745708Z   [05:39:00] record tests/boost_drift_replay.py 
2026-10-08T05:40:24.9773941Z   [05:40:24] done   tests/features.py (exit 0)
2026-10-08T05:40:24.9824864Z   [05:40:24] record tests/entities.py 
2026-10-08T05:45:32.0878523Z   [05:45:32] done   tests/stress.py (exit 0)
2026-10-08T05:47:10.4355364Z   [05:47:10] done   tests/entities.py (exit 0)
2026-10-08T06:09:07.7001963Z   [06:09:07] done   tests/boost_drift_replay.py (exit 0)
2026-10-08T06:09:07.7015082Z   [06:09:07] record tests/ha_contract.py 
2026-10-08T06:09:08.3927895Z   [06:09:08] done   tests/ha_contract.py (exit 0)
2026-10-08T06:09:08.3940175Z   [06:09:08] record tests/manual_plan.py 
2026-10-08T06:09:18.1634719Z   [06:09:18] done   tests/manual_plan.py (exit 0)
2026-10-08T06:09:18.1647348Z   [06:09:18] record tests/open_meteo.py 
2026-10-08T06:09:18.8858074Z   [06:09:18] done   tests/open_meteo.py (exit 0)
2026-10-08T06:09:18.8871974Z   [06:09:18] record tests/solar_alignment.py 
2026-10-08T06:09:20.7401719Z   [06:09:20] done   tests/solar_alignment.py (exit 0)
2026-10-08T06:09:20.7414103Z   [06:09:20] record tests/guard_pins.py 
2026-10-08T06:09:22.5526097Z   [06:09:22] done   tests/guard_pins.py (exit 0)
2026-10-08T06:09:22.5538508Z   [06:09:22] record tests/debug_collect.py 
2026-10-08T06:09:24.3777913Z   [06:09:24] done   tests/debug_collect.py (exit 0)
2026-10-08T06:09:24.3790113Z   [06:09:24] record tests/finite_boundary.py 
2026-10-08T06:10:56.2382919Z   [06:10:56] done   tests/finite_boundary.py (exit 0)
2026-10-08T06:10:56.2397761Z   [06:10:56] record tests/harness_headers.py 
2026-10-08T06:14:37.7731524Z   [06:14:37] done   tests/harness_headers.py (exit 0)
2026-10-08T06:14:37.7743347Z   [06:14:37] record tests/layout.py 
2026-10-08T06:14:56.4298541Z   [06:14:56] done   tests/layout.py (exit 0)
2026-10-08T06:14:56.4311962Z   [06:14:56] record tests/deployment_shape.py 
2026-10-08T06:15:00.5203024Z   [06:15:00] done   tests/deployment_shape.py (exit 0)
2026-10-08T06:15:00.5215365Z   [06:15:00] record tests/optimality.py 
2026-10-08T06:18:07.4632385Z   [06:18:07] done   tests/optimality.py (exit 0)
2026-10-08T06:18:07.4645328Z   [06:18:07] record tests/dst_checks.py 
2026-10-08T06:19:40.4444967Z   [06:19:40] done   tests/dst_checks.py (exit 0)
2026-10-08T06:19:40.4459500Z   [06:19:40] record tests/golden.py --only __no_such_scenario__
2026-10-08T06:19:41.8192755Z   [06:19:41] done   tests/golden.py (exit 0)
2026-10-08T06:19:41.8205748Z   [06:19:41] record tests/env_drift.py --cache-key 6b91e238f6883af6eedef0fc541bce76b14fc46c --all
2026-10-08T06:19:43.1952430Z   [06:19:43] done   tests/env_drift.py (exit 0)
2026-10-08T06:19:43.1964349Z   [06:19:43] record tests/plan_view.py 
2026-10-08T06:19:45.2907036Z   [06:19:45] done   tests/plan_view.py (exit 0)
2026-10-08T06:19:45.2918878Z   [06:19:45] record tests/frontend.py 
2026-10-08T06:19:45.6701675Z   [06:19:45] done   tests/frontend.py (exit 0)
2026-10-08T06:19:45.6713538Z   [06:19:45] record tests/card.mjs 
2026-10-08T06:20:04.7205069Z   [06:20:04] done   tests/card.mjs (exit 0)
2026-10-08T06:20:04.7218172Z   [06:20:04] record tests/card_drift.mjs 
2026-10-08T06:20:10.3157336Z   [06:20:10] done   tests/card_drift.mjs (exit 0)
2026-10-08T06:20:10.3159629Z 
2026-10-08T06:20:10.3160783Z recorded into /home/runner/work/_temp/closures; tests/closures.json left untouched (--record-only)
2026-10-08T06:20:10.3212869Z ##[group]Run # --partial drops one check and one only: "a selectable script with
2026-10-08T06:20:10.3213586Z [36;1m# --partial drops one check and one only: "a selectable script with[0m
2026-10-08T06:20:10.3214473Z [36;1m# no recording at all", which a scoped re-derive fails by[0m
2026-10-08T06:20:10.3215048Z [36;1m# construction. The under-approximation comparison -- the thing this[0m
2026-10-08T06:20:10.3215648Z [36;1m# job exists for -- is identical on both paths. The output goes to[0m
2026-10-08T06:20:10.3216460Z [36;1m# check.txt in the uploaded recordings: closures-autofix runs the[0m
2026-10-08T06:20:10.3217033Z [36;1m# base's closure.py, and reddens where this one printed UNDER-SCOPED[0m
2026-10-08T06:20:10.3217432Z [36;1m# and that one did not (#1846).[0m
2026-10-08T06:20:10.3217722Z [36;1mset -o pipefail[0m
2026-10-08T06:20:10.3217986Z [36;1mif [ "$SCOPE_CASE" = "scoped" ]; then[0m
2026-10-08T06:20:10.3218626Z [36;1m  python -u tests/closure.py check --in-dir "$RUNNER_TEMP/closures" --partial 2>&1 | tee "$RUNNER_TEMP/closures/check.txt"[0m
2026-10-08T06:20:10.3219199Z [36;1melse[0m
2026-10-08T06:20:10.3219663Z [36;1m  python -u tests/closure.py check --in-dir "$RUNNER_TEMP/closures" 2>&1 | tee "$RUNNER_TEMP/closures/check.txt"[0m
2026-10-08T06:20:10.3220192Z [36;1mfi[0m
2026-10-08T06:20:10.3286953Z shell: /usr/bin/bash -e {0}
2026-10-08T06:20:10.3287254Z env:
2026-10-08T06:20:10.3287485Z   DOCS_ONLY_FAST: false
2026-10-08T06:20:10.3287842Z   pythonLocation: /opt/hostedtoolcache/Python/3.13.16/x64
2026-10-08T06:20:10.3288392Z   PKG_CONFIG_PATH: /opt/hostedtoolcache/Python/3.13.16/x64/lib/pkgconfig
2026-10-08T06:20:10.3288912Z   Python_ROOT_DIR: /opt/hostedtoolcache/Python/3.13.16/x64
2026-10-08T06:20:10.3289390Z   Python2_ROOT_DIR: /opt/hostedtoolcache/Python/3.13.16/x64
2026-10-08T06:20:10.3289854Z   Python3_ROOT_DIR: /opt/hostedtoolcache/Python/3.13.16/x64
2026-10-08T06:20:10.3290321Z   LD_LIBRARY_PATH: /opt/hostedtoolcache/Python/3.13.16/x64/lib
2026-10-08T06:20:10.3290745Z   PYTHONPATH: tests/hastub
2026-10-08T06:20:10.3291024Z   SCOPE_CASE: full
2026-10-08T06:20:10.3291268Z ##[endgroup]
2026-10-08T06:20:10.4979057Z INERT READS UNDER-APPROXIMATED: a recording opened an INERT file the
2026-10-08T06:20:10.4980861Z   committed `inert_reads` does not list for it; the merge fast path
2026-10-08T06:20:10.4982245Z   would treat a change to it as unread (R9-F10.9d). Re-derive:
2026-10-08T06:20:10.4983308Z   ./tests/derive_closures.sh --single <script>
2026-10-08T06:20:10.4984475Z     tests/harness_headers.py: dev/audit/harnesses/r9_ro12_batch_mutants.sh
2026-10-08T06:20:10.5097256Z ##[error]Process completed with exit code 1.
2026-10-08T06:20:10.5210839Z ##[group]Run actions/upload-artifact@b7c566a772e6b6bfb58ed0dc250532a479d7789f
2026-10-08T06:20:10.5211289Z with:
2026-10-08T06:20:10.5211513Z   name: closure-recordings
2026-10-08T06:20:10.5211778Z   path: /home/runner/work/_temp/closures
2026-10-08T06:20:10.5212065Z   if-no-files-found: ignore
2026-10-08T06:20:10.5212316Z   retention-days: 3
2026-10-08T06:20:10.5212540Z   compression-level: 6
2026-10-08T06:20:10.5212764Z   overwrite: false
2026-10-08T06:20:10.5212985Z   include-hidden-files: false
2026-10-08T06:20:10.5213225Z env:
2026-10-08T06:20:10.5213415Z   DOCS_ONLY_FAST: false
2026-10-08T06:20:10.5213712Z   pythonLocation: /opt/hostedtoolcache/Python/3.13.16/x64
2026-10-08T06:20:10.5214441Z   PKG_CONFIG_PATH: /opt/hostedtoolcache/Python/3.13.16/x64/lib/pkgconfig
2026-10-08T06:20:10.5214880Z   Python_ROOT_DIR: /opt/hostedtoolcache/Python/3.13.16/x64
2026-10-08T06:20:10.5215288Z   Python2_ROOT_DIR: /opt/hostedtoolcache/Python/3.13.16/x64
2026-10-08T06:20:10.5215701Z   Python3_ROOT_DIR: /opt/hostedtoolcache/Python/3.13.16/x64
2026-10-08T06:20:10.5216092Z   LD_LIBRARY_PATH: /opt/hostedtoolcache/Python/3.13.16/x64/lib
2026-10-08T06:20:10.5216428Z ##[endgroup]
2026-10-08T06:20:10.7198319Z With the provided path, there will be 69 files uploaded
2026-10-08T06:20:10.7205967Z Artifact name is valid!
2026-10-08T06:20:10.7206731Z Root directory input is valid!
2026-10-08T06:20:11.0992132Z Beginning upload of artifact content to blob storage
2026-10-08T06:20:11.7878535Z Uploaded bytes 260965
2026-10-08T06:20:11.8668215Z Finished uploading artifact content to blob storage!
2026-10-08T06:20:11.8669607Z SHA256 digest of uploaded artifact zip is 6532efa94313c513b90da83d22c8deac917054021b5e50225b70b08ecde986a6
2026-10-08T06:20:11.8670759Z Finalizing artifact upload
2026-10-08T06:20:12.2598338Z Artifact closure-recordings.zip successfully finalized. Artifact ID 11532082130
2026-10-08T06:20:12.2601180Z Artifact closure-recordings has been successfully uploaded! Final size is 260965 bytes. Artifact ID is 11532082130
2026-10-08T06:20:12.2605183Z Artifact download URL: https://github.com/tvofi/heatpump_optimizer/actions/runs/37732304768/artifacts/11532082130
2026-10-08T06:20:12.2883126Z Post job cleanup.
2026-10-08T06:20:12.3792447Z [command]/usr/bin/git version
2026-10-08T06:20:12.3839578Z git version 2.55.0
2026-10-08T06:20:12.3880107Z Temporarily overriding HOME='/home/runner/work/_temp/a156f1ae-ca07-499b-91da-6636df749072' before making global git config changes
2026-10-08T06:20:12.3881621Z Adding repository directory to the temporary git global config as a safe directory
2026-10-08T06:20:12.3886076Z [command]/usr/bin/git config --global --add safe.directory /home/runner/work/heatpump_optimizer/heatpump_optimizer
2026-10-08T06:20:12.3930301Z [command]/usr/bin/git config --local --name-only --get-regexp core\.sshCommand
2026-10-08T06:20:12.3969578Z [command]/usr/bin/git submodule foreach --recursive sh -c "git config --local --name-only --get-regexp 'core\.sshCommand' && git config --local --unset-all 'core.sshCommand' || :"
2026-10-08T06:20:12.4253395Z [command]/usr/bin/git config --local --name-only --get-regexp http\.https\:\/\/github\.com\/\.extraheader
2026-10-08T06:20:12.4281186Z http.https://github.com/.extraheader
2026-10-08T06:20:12.4294335Z [command]/usr/bin/git config --local --unset-all http.https://github.com/.extraheader
2026-10-08T06:20:12.4331802Z [command]/usr/bin/git submodule foreach --recursive sh -c "git config --local --name-only --get-regexp 'http\.https\:\/\/github\.com\/\.extraheader' && git config --local --unset-all 'http.https://github.com/.extraheader' || :"
2026-10-08T06:20:12.4606523Z [command]/usr/bin/git config --local --name-only --get-regexp ^includeIf\.gitdir:
2026-10-08T06:20:12.4662272Z [command]/usr/bin/git submodule foreach --recursive git config --local --show-origin --name-only --get-regexp remote.origin.url
2026-10-08T06:20:12.5088802Z Cleaning up orphan processes
