2026-10-07T12:24:17.9082089Z Current runner version: '2.337.0'
2026-10-07T12:24:17.9102005Z ##[group]Runner Image Provisioner
2026-10-07T12:24:17.9102561Z Hosted Compute Agent
2026-10-07T12:24:17.9103030Z Version: 20261002.596
2026-10-07T12:24:17.9103407Z Commit: c3d12f3313a95f25162a1503be624f3b0617f8c0
2026-10-07T12:24:17.9103868Z Build Date: 2026-10-02T22:28:27Z
2026-10-07T12:24:17.9104287Z Worker ID: {699a5d24-5eb8-4040-bdc3-ccb960a90773}
2026-10-07T12:24:17.9104707Z Region: centralus
2026-10-07T12:24:17.9105140Z Cloud: Azure
2026-10-07T12:24:17.9105599Z ##[endgroup]
2026-10-07T12:24:17.9106430Z ##[group]Operating System
2026-10-07T12:24:17.9106865Z Ubuntu
2026-10-07T12:24:17.9107185Z 24.04.5
2026-10-07T12:24:17.9107582Z LTS
2026-10-07T12:24:17.9107901Z ##[endgroup]
2026-10-07T12:24:17.9108228Z ##[group]Runner Image
2026-10-07T12:24:17.9108638Z Image: ubuntu-24.04
2026-10-07T12:24:17.9108988Z Version: 20261004.327.1
2026-10-07T12:24:17.9109850Z Included Software: https://github.com/actions/runner-images/blob/ubuntu24/20261004.327/images/ubuntu/Ubuntu2404-Readme.md
2026-10-07T12:24:17.9110715Z Image Release: https://github.com/actions/runner-images/releases/tag/ubuntu24%2F20261004.327
2026-10-07T12:24:17.9111328Z ##[endgroup]
2026-10-07T12:24:17.9112003Z ##[group]GITHUB_TOKEN Permissions
2026-10-07T12:24:17.9113332Z Contents: read
2026-10-07T12:24:17.9113677Z Metadata: read
2026-10-07T12:24:17.9114068Z ##[endgroup]
2026-10-07T12:24:17.9115800Z Secret source: Actions
2026-10-07T12:24:17.9116426Z Cache mode: write
2026-10-07T12:24:17.9116903Z Prepare workflow directory
2026-10-07T12:24:18.0612896Z Prepare all required actions
2026-10-07T12:24:18.0646629Z Getting action download info
2026-10-07T12:24:18.3134502Z Download action repository 'actions/checkout@fbc6f3992d24b796d5a048ff273f7fcc4a7b6c09' (SHA:fbc6f3992d24b796d5a048ff273f7fcc4a7b6c09)
2026-10-07T12:24:18.5718112Z Download action repository 'actions/setup-python@ece7cb06caefa5fff74198d8649806c4678c61a1' (SHA:ece7cb06caefa5fff74198d8649806c4678c61a1)
2026-10-07T12:24:18.9986583Z Download action repository 'actions/setup-node@a0853c24544627f65ddf259abe73b1d18a591444' (SHA:a0853c24544627f65ddf259abe73b1d18a591444)
2026-10-07T12:24:19.4400246Z Download action repository 'actions/upload-artifact@b7c566a772e6b6bfb58ed0dc250532a479d7789f' (SHA:b7c566a772e6b6bfb58ed0dc250532a479d7789f)
2026-10-07T12:24:20.2569311Z Complete job name: closures
2026-10-07T12:24:20.3008651Z ##[group]Run actions/checkout@fbc6f3992d24b796d5a048ff273f7fcc4a7b6c09
2026-10-07T12:24:20.3009024Z with:
2026-10-07T12:24:20.3009144Z   fetch-depth: 0
2026-10-07T12:24:20.3009278Z   repository: tvofi/heatpump_optimizer
2026-10-07T12:24:20.3010659Z   token: ***
2026-10-07T12:24:20.3010776Z   ssh-strict: true
2026-10-07T12:24:20.3010893Z   ssh-user: git
2026-10-07T12:24:20.3011022Z   persist-credentials: true
2026-10-07T12:24:20.3011157Z   clean: true
2026-10-07T12:24:20.3011283Z   sparse-checkout-cone-mode: true
2026-10-07T12:24:20.3011434Z   fetch-tags: false
2026-10-07T12:24:20.3011591Z   show-progress: true
2026-10-07T12:24:20.3011748Z   lfs: false
2026-10-07T12:24:20.3011857Z   submodules: false
2026-10-07T12:24:20.3011977Z   set-safe-directory: true
2026-10-07T12:24:20.3012123Z   allow-unsafe-pr-checkout: false
2026-10-07T12:24:20.3012336Z env:
2026-10-07T12:24:20.3012445Z   DOCS_ONLY_FAST: false
2026-10-07T12:24:20.3012570Z ##[endgroup]
2026-10-07T12:24:20.3698710Z Syncing repository: tvofi/heatpump_optimizer
2026-10-07T12:24:20.3700036Z ##[group]Getting Git version info
2026-10-07T12:24:20.3700439Z Working directory is '/home/runner/work/heatpump_optimizer/heatpump_optimizer'
2026-10-07T12:24:20.3701097Z [command]/usr/bin/git version
2026-10-07T12:24:20.3766551Z git version 2.55.0
2026-10-07T12:24:20.3798689Z ##[endgroup]
2026-10-07T12:24:20.3808209Z Temporarily overriding HOME='/home/runner/work/_temp/8098346a-054f-4ec9-ab97-8244d9b58200' before making global git config changes
2026-10-07T12:24:20.3808961Z Adding repository directory to the temporary git global config as a safe directory
2026-10-07T12:24:20.3810786Z [command]/usr/bin/git config --global --add safe.directory /home/runner/work/heatpump_optimizer/heatpump_optimizer
2026-10-07T12:24:20.3960529Z Deleting the contents of '/home/runner/work/heatpump_optimizer/heatpump_optimizer'
2026-10-07T12:24:20.3966369Z ##[group]Initializing the repository
2026-10-07T12:24:20.3974348Z [command]/usr/bin/git init /home/runner/work/heatpump_optimizer/heatpump_optimizer
2026-10-07T12:24:20.4567405Z hint: Using 'master' as the name for the initial branch. This default branch name
2026-10-07T12:24:20.4568047Z hint: will change to "main" in Git 3.0. To configure the initial branch name
2026-10-07T12:24:20.4568588Z hint: to use in all of your new repositories, which will suppress this warning,
2026-10-07T12:24:20.4568928Z hint: call:
2026-10-07T12:24:20.4569098Z hint:
2026-10-07T12:24:20.4569383Z hint: 	git config --global init.defaultBranch <name>
2026-10-07T12:24:20.4569645Z hint:
2026-10-07T12:24:20.4569896Z hint: Names commonly chosen instead of 'master' are 'main', 'trunk' and
2026-10-07T12:24:20.4570351Z hint: 'development'. The just-created branch can be renamed via this command:
2026-10-07T12:24:20.4570668Z hint:
2026-10-07T12:24:20.4570850Z hint: 	git branch -m <name>
2026-10-07T12:24:20.4571041Z hint:
2026-10-07T12:24:20.4571584Z hint: Disable this message with "git config set advice.defaultBranchName false"
2026-10-07T12:24:20.4582986Z Initialized empty Git repository in /home/runner/work/heatpump_optimizer/heatpump_optimizer/.git/
2026-10-07T12:24:20.4584235Z [command]/usr/bin/git remote add origin https://github.com/tvofi/heatpump_optimizer
2026-10-07T12:24:20.4770450Z ##[endgroup]
2026-10-07T12:24:20.4770736Z ##[group]Disabling automatic garbage collection
2026-10-07T12:24:20.4770999Z [command]/usr/bin/git config --local gc.auto 0
2026-10-07T12:24:20.4961524Z ##[endgroup]
2026-10-07T12:24:20.4961784Z ##[group]Setting up auth
2026-10-07T12:24:20.4967344Z [command]/usr/bin/git config --local --name-only --get-regexp core\.sshCommand
2026-10-07T12:24:20.5000008Z [command]/usr/bin/git submodule foreach --recursive sh -c "git config --local --name-only --get-regexp 'core\.sshCommand' && git config --local --unset-all 'core.sshCommand' || :"
2026-10-07T12:24:20.5521889Z [command]/usr/bin/git config --local --name-only --get-regexp http\.https\:\/\/github\.com\/\.extraheader
2026-10-07T12:24:20.5553317Z [command]/usr/bin/git submodule foreach --recursive sh -c "git config --local --name-only --get-regexp 'http\.https\:\/\/github\.com\/\.extraheader' && git config --local --unset-all 'http.https://github.com/.extraheader' || :"
2026-10-07T12:24:20.5808746Z [command]/usr/bin/git config --local --name-only --get-regexp ^includeIf\.gitdir:
2026-10-07T12:24:20.5809617Z [command]/usr/bin/git submodule foreach --recursive git config --local --show-origin --name-only --get-regexp remote.origin.url
2026-10-07T12:24:20.5971990Z [command]/usr/bin/git config --local http.https://github.com/.extraheader AUTHORIZATION: basic ***
2026-10-07T12:24:20.6157849Z ##[endgroup]
2026-10-07T12:24:20.6158318Z ##[group]Fetching the repository
2026-10-07T12:24:20.6163995Z [command]/usr/bin/git -c protocol.version=2 fetch --prune --no-recurse-submodules origin +refs/heads/*:refs/remotes/origin/* +refs/tags/*:refs/tags/*
2026-10-07T12:24:26.2590973Z From https://github.com/tvofi/heatpump_optimizer
2026-10-07T12:24:26.2591700Z  * [new branch]        bus/approvals           -> origin/bus/approvals
2026-10-07T12:24:26.2592233Z  * [new branch]        cursor/r9-eg-entry-config-9aac -> origin/cursor/r9-eg-entry-config-9aac
2026-10-07T12:24:26.2592784Z  * [new branch]        cursor/r9-sw-1-resume-826f -> origin/cursor/r9-sw-1-resume-826f
2026-10-07T12:24:26.2593308Z  * [new branch]        cursor/r9-sw-2-actuation-6d19 -> origin/cursor/r9-sw-2-actuation-6d19
2026-10-07T12:24:26.2593843Z  * [new branch]        fix/r9-dbg-1            -> origin/fix/r9-dbg-1
2026-10-07T12:24:26.2594304Z  * [new branch]        fix/r9-prepr-selftest   -> origin/fix/r9-prepr-selftest
2026-10-07T12:24:26.2594701Z  * [new branch]        fix/r9-rca-1990         -> origin/fix/r9-rca-1990
2026-10-07T12:24:26.2597655Z  * [new branch]        fix/r9-rca-2004         -> origin/fix/r9-rca-2004
2026-10-07T12:24:26.2597967Z  * [new branch]        fix/r9-rca-stress-recording -> origin/fix/r9-rca-stress-recording
2026-10-07T12:24:26.2606310Z  * [new branch]        fix/r9-ro-8             -> origin/fix/r9-ro-8
2026-10-07T12:24:26.2607157Z  * [new branch]        fix/r9-sw-actuation     -> origin/fix/r9-sw-actuation
2026-10-07T12:24:26.2607656Z  * [new branch]        fix/r9-ux-actions       -> origin/fix/r9-ux-actions
2026-10-07T12:24:26.2608117Z  * [new branch]        handoff-body/r9-dbg-1   -> origin/handoff-body/r9-dbg-1
2026-10-07T12:24:26.2608599Z  * [new branch]        handoff-body/r9-eg-b7-harness -> origin/handoff-body/r9-eg-b7-harness
2026-10-07T12:24:26.2609302Z  * [new branch]        handoff-body/r9-eg-coordinator-seams -> origin/handoff-body/r9-eg-coordinator-seams
2026-10-07T12:24:26.2609961Z  * [new branch]        handoff-body/r9-eg-entry-config -> origin/handoff-body/r9-eg-entry-config
2026-10-07T12:24:26.2610602Z  * [new branch]        handoff-body/r9-eg-solve-inputs -> origin/handoff-body/r9-eg-solve-inputs
2026-10-07T12:24:26.2611232Z  * [new branch]        handoff-body/r9-prepr-selftest -> origin/handoff-body/r9-prepr-selftest
2026-10-07T12:24:26.2611759Z  * [new branch]        handoff-body/r9-rca-1985 -> origin/handoff-body/r9-rca-1985
2026-10-07T12:24:26.2612227Z  * [new branch]        handoff-body/r9-rca-1990 -> origin/handoff-body/r9-rca-1990
2026-10-07T12:24:26.2612721Z  * [new branch]        handoff-body/r9-rca-2004 -> origin/handoff-body/r9-rca-2004
2026-10-07T12:24:26.2613303Z  * [new branch]        handoff-body/r9-rca-stress-recording -> origin/handoff-body/r9-rca-stress-recording
2026-10-07T12:24:26.2613933Z  * [new branch]        handoff-body/r9-record-path -> origin/handoff-body/r9-record-path
2026-10-07T12:24:26.2614425Z  * [new branch]        handoff-body/r9-ro-8    -> origin/handoff-body/r9-ro-8
2026-10-07T12:24:26.2614988Z  * [new branch]        handoff-body/r9-sw-5    -> origin/handoff-body/r9-sw-5
2026-10-07T12:24:26.2615747Z  * [new branch]        handoff-body/r9-sw-actuation -> origin/handoff-body/r9-sw-actuation
2026-10-07T12:24:26.2616293Z  * [new branch]        handoff-body/r9-sw6     -> origin/handoff-body/r9-sw6
2026-10-07T12:24:26.2616959Z  * [new branch]        handoff-body/r9-ux-actions -> origin/handoff-body/r9-ux-actions
2026-10-07T12:24:26.2617453Z  * [new branch]        handoff/audit-r9-alt    -> origin/handoff/audit-r9-alt
2026-10-07T12:24:26.2617970Z  * [new branch]        handoff/audit-r9-evidence -> origin/handoff/audit-r9-evidence
2026-10-07T12:24:26.2618422Z  * [new branch]        handoff/audit-r9-find-B1 -> origin/handoff/audit-r9-find-B1
2026-10-07T12:24:26.2618884Z  * [new branch]        handoff/audit-r9-find-B10 -> origin/handoff/audit-r9-find-B10
2026-10-07T12:24:26.2619360Z  * [new branch]        handoff/audit-r9-find-B2 -> origin/handoff/audit-r9-find-B2
2026-10-07T12:24:26.2619826Z  * [new branch]        handoff/audit-r9-find-B3 -> origin/handoff/audit-r9-find-B3
2026-10-07T12:24:26.2620287Z  * [new branch]        handoff/audit-r9-find-B4 -> origin/handoff/audit-r9-find-B4
2026-10-07T12:24:26.2620769Z  * [new branch]        handoff/audit-r9-find-B5 -> origin/handoff/audit-r9-find-B5
2026-10-07T12:24:26.2621229Z  * [new branch]        handoff/audit-r9-find-B6 -> origin/handoff/audit-r9-find-B6
2026-10-07T12:24:26.2621680Z  * [new branch]        handoff/audit-r9-find-B7 -> origin/handoff/audit-r9-find-B7
2026-10-07T12:24:26.2622184Z  * [new branch]        handoff/audit-r9-find-B8 -> origin/handoff/audit-r9-find-B8
2026-10-07T12:24:26.2622643Z  * [new branch]        handoff/audit-r9-find-B9 -> origin/handoff/audit-r9-find-B9
2026-10-07T12:24:26.2623095Z  * [new branch]        handoff/audit-r9-fixplan -> origin/handoff/audit-r9-fixplan
2026-10-07T12:24:26.2623582Z  * [new branch]        handoff/audit-r9-issues -> origin/handoff/audit-r9-issues
2026-10-07T12:24:26.2624159Z  * [new branch]        handoff/audit-r9-judge  -> origin/handoff/audit-r9-judge
2026-10-07T12:24:26.2624713Z  * [new branch]        handoff/audit-r9-leads  -> origin/handoff/audit-r9-leads
2026-10-07T12:24:26.2625002Z  * [new branch]        handoff/audit-r9-leads-l2 -> origin/handoff/audit-r9-leads-l2
2026-10-07T12:24:26.2625484Z  * [new branch]        handoff/audit-r9-leads-l3 -> origin/handoff/audit-r9-leads-l3
2026-10-07T12:24:26.2625853Z  * [new branch]        handoff/audit-r9-leads-l4 -> origin/handoff/audit-r9-leads-l4
2026-10-07T12:24:26.2626142Z  * [new branch]        handoff/audit-r9-leads-lc -> origin/handoff/audit-r9-leads-lc
2026-10-07T12:24:26.2626428Z  * [new branch]        handoff/audit-r9-plan   -> origin/handoff/audit-r9-plan
2026-10-07T12:24:26.2626709Z  * [new branch]        handoff/audit-r9-register -> origin/handoff/audit-r9-register
2026-10-07T12:24:26.2626995Z  * [new branch]        handoff/audit-r9-runner-1 -> origin/handoff/audit-r9-runner-1
2026-10-07T12:24:26.2627283Z  * [new branch]        handoff/audit-r9-sweep-s1 -> origin/handoff/audit-r9-sweep-s1
2026-10-07T12:24:26.2627582Z  * [new branch]        handoff/audit-r9-sweep-s2 -> origin/handoff/audit-r9-sweep-s2
2026-10-07T12:24:26.2627874Z  * [new branch]        handoff/audit-r9-sweep-s3 -> origin/handoff/audit-r9-sweep-s3
2026-10-07T12:24:26.2628165Z  * [new branch]        handoff/audit-r9-sweep-s4 -> origin/handoff/audit-r9-sweep-s4
2026-10-07T12:24:26.2628614Z  * [new branch]        handoff/audit-r9-sweep-s5 -> origin/handoff/audit-r9-sweep-s5
2026-10-07T12:24:26.2628901Z  * [new branch]        handoff/audit-r9-sweep-s6 -> origin/handoff/audit-r9-sweep-s6
2026-10-07T12:24:26.2629187Z  * [new branch]        handoff/audit-r9-sweep-s7 -> origin/handoff/audit-r9-sweep-s7
2026-10-07T12:24:26.2629502Z  * [new branch]        handoff/audit-r9-verify-g1-v1 -> origin/handoff/audit-r9-verify-g1-v1
2026-10-07T12:24:26.2629830Z  * [new branch]        handoff/audit-r9-verify-g1-v2 -> origin/handoff/audit-r9-verify-g1-v2
2026-10-07T12:24:26.2630159Z  * [new branch]        handoff/audit-r9-verify-g1-v3 -> origin/handoff/audit-r9-verify-g1-v3
2026-10-07T12:24:26.2630482Z  * [new branch]        handoff/audit-r9-verify-g2-v1 -> origin/handoff/audit-r9-verify-g2-v1
2026-10-07T12:24:26.2630802Z  * [new branch]        handoff/audit-r9-verify-g2-v2 -> origin/handoff/audit-r9-verify-g2-v2
2026-10-07T12:24:26.2631224Z  * [new branch]        handoff/audit-r9-verify-g2-v3 -> origin/handoff/audit-r9-verify-g2-v3
2026-10-07T12:24:26.2631563Z  * [new branch]        handoff/audit-r9-verify-g3-v1 -> origin/handoff/audit-r9-verify-g3-v1
2026-10-07T12:24:26.2631936Z  * [new branch]        handoff/audit-r9-verify-g3-v2 -> origin/handoff/audit-r9-verify-g3-v2
2026-10-07T12:24:26.2632253Z  * [new branch]        handoff/audit-r9-verify-g3-v3 -> origin/handoff/audit-r9-verify-g3-v3
2026-10-07T12:24:26.2632571Z  * [new branch]        handoff/audit-r9-verify-g4-v1 -> origin/handoff/audit-r9-verify-g4-v1
2026-10-07T12:24:26.2632891Z  * [new branch]        handoff/audit-r9-verify-g4-v2 -> origin/handoff/audit-r9-verify-g4-v2
2026-10-07T12:24:26.2633209Z  * [new branch]        handoff/audit-r9-verify-g4-v3 -> origin/handoff/audit-r9-verify-g4-v3
2026-10-07T12:24:26.2633498Z  * [new branch]        handoff/r9-dbg-0        -> origin/handoff/r9-dbg-0
2026-10-07T12:24:26.2633750Z  * [new branch]        handoff/r9-dbg-1        -> origin/handoff/r9-dbg-1
2026-10-07T12:24:26.2634003Z  * [new branch]        handoff/r9-dbg-3        -> origin/handoff/r9-dbg-3
2026-10-07T12:24:26.2634255Z  * [new branch]        handoff/r9-diag-1       -> origin/handoff/r9-diag-1
2026-10-07T12:24:26.2634513Z  * [new branch]        handoff/r9-diag-2s      -> origin/handoff/r9-diag-2s
2026-10-07T12:24:26.2634784Z  * [new branch]        handoff/r9-eg-archscore -> origin/handoff/r9-eg-archscore
2026-10-07T12:24:26.2635150Z  * [new branch]        handoff/r9-eg-b0        -> origin/handoff/r9-eg-b0
2026-10-07T12:24:26.2635674Z  * [new branch]        handoff/r9-eg-b7-harness -> origin/handoff/r9-eg-b7-harness
2026-10-07T12:24:26.2636236Z  * [new branch]        handoff/r9-eg-collaborator-interfaces -> origin/handoff/r9-eg-collaborator-interfaces
2026-10-07T12:24:26.2636995Z  * [new branch]        handoff/r9-eg-coordinator-seams -> origin/handoff/r9-eg-coordinator-seams
2026-10-07T12:24:26.2637591Z  * [new branch]        handoff/r9-eg-dhw-closure-dedupe-v2 -> origin/handoff/r9-eg-dhw-closure-dedupe-v2
2026-10-07T12:24:26.2637993Z  * [new branch]        handoff/r9-eg-dhw-planner -> origin/handoff/r9-eg-dhw-planner
2026-10-07T12:24:26.2638293Z  * [new branch]        handoff/r9-eg-entry-config -> origin/handoff/r9-eg-entry-config
2026-10-07T12:24:26.2638584Z  * [new branch]        handoff/r9-eg-one-copy  -> origin/handoff/r9-eg-one-copy
2026-10-07T12:24:26.2638882Z  * [new branch]        handoff/r9-eg-param-objects -> origin/handoff/r9-eg-param-objects
2026-10-07T12:24:26.2639190Z  * [new branch]        handoff/r9-eg-register-fold -> origin/handoff/r9-eg-register-fold
2026-10-07T12:24:26.2639493Z  * [new branch]        handoff/r9-eg-solve-inputs -> origin/handoff/r9-eg-solve-inputs
2026-10-07T12:24:26.2639803Z  * [new branch]        handoff/r9-eg-store-version -> origin/handoff/r9-eg-store-version
2026-10-07T12:24:26.2640137Z  * [new branch]        handoff/r9-eg-surface-identity -> origin/handoff/r9-eg-surface-identity
2026-10-07T12:24:26.2640465Z  * [new branch]        handoff/r9-eg-typed-payload -> origin/handoff/r9-eg-typed-payload
2026-10-07T12:24:26.2640787Z  * [new branch]        handoff/r9-eg-typed-payload-b -> origin/handoff/r9-eg-typed-payload-b
2026-10-07T12:24:26.2641118Z  * [new branch]        handoff/r9-f1-coordinator-10 -> origin/handoff/r9-f1-coordinator-10
2026-10-07T12:24:26.2641425Z  * [new branch]        handoff/r9-f1-coordinator-2 -> origin/handoff/r9-f1-coordinator-2
2026-10-07T12:24:26.2641722Z  * [new branch]        handoff/r9-f1-coordinator-3 -> origin/handoff/r9-f1-coordinator-3
2026-10-07T12:24:26.2642021Z  * [new branch]        handoff/r9-f1-coordinator-4 -> origin/handoff/r9-f1-coordinator-4
2026-10-07T12:24:26.2642314Z  * [new branch]        handoff/r9-f1-coordinator-5 -> origin/handoff/r9-f1-coordinator-5
2026-10-07T12:24:26.2642613Z  * [new branch]        handoff/r9-f1-coordinator-7 -> origin/handoff/r9-f1-coordinator-7
2026-10-07T12:24:26.2642951Z  * [new branch]        handoff/r9-f1-coordinator-7-review -> origin/handoff/r9-f1-coordinator-7-review
2026-10-07T12:24:26.2643378Z  * [new branch]        handoff/r9-f10-12       -> origin/handoff/r9-f10-12
2026-10-07T12:24:26.2643627Z  * [new branch]        handoff/r9-f10-13       -> origin/handoff/r9-f10-13
2026-10-07T12:24:26.2643871Z  * [new branch]        handoff/r9-f10-14       -> origin/handoff/r9-f10-14
2026-10-07T12:24:26.2644111Z  * [new branch]        handoff/r9-f10-15       -> origin/handoff/r9-f10-15
2026-10-07T12:24:26.2644355Z  * [new branch]        handoff/r9-f10-16       -> origin/handoff/r9-f10-16
2026-10-07T12:24:26.2644668Z  * [new branch]        handoff/r9-f10-ci-efficiency -> origin/handoff/r9-f10-ci-efficiency
2026-10-07T12:24:26.2645017Z  * [new branch]        handoff/r9-f10-claims-baseline-rca -> origin/handoff/r9-f10-claims-baseline-rca
2026-10-07T12:24:26.2645653Z  * [new branch]        handoff/r9-f10-closure-runalways -> origin/handoff/r9-f10-closure-runalways
2026-10-07T12:24:26.2645982Z  * [new branch]        handoff/r9-f10-gate-infra-1 -> origin/handoff/r9-f10-gate-infra-1
2026-10-07T12:24:26.2646296Z  * [new branch]        handoff/r9-f10-gate-infra-1d -> origin/handoff/r9-f10-gate-infra-1d
2026-10-07T12:24:26.2646605Z  * [new branch]        handoff/r9-f10-gate-infra-4 -> origin/handoff/r9-f10-gate-infra-4
2026-10-07T12:24:26.2646905Z  * [new branch]        handoff/r9-f10-gate-infra-5 -> origin/handoff/r9-f10-gate-infra-5
2026-10-07T12:24:26.2647199Z  * [new branch]        handoff/r9-f10-gate-infra-6 -> origin/handoff/r9-f10-gate-infra-6
2026-10-07T12:24:26.2647514Z  * [new branch]        handoff/r9-f10-harness-timeout -> origin/handoff/r9-f10-harness-timeout
2026-10-07T12:24:26.2647844Z  * [new branch]        handoff/r9-f10-loop-heartbeat -> origin/handoff/r9-f10-loop-heartbeat
2026-10-07T12:24:26.2648257Z  * [new branch]        handoff/r9-f10-merge-queue -> origin/handoff/r9-f10-merge-queue
2026-10-07T12:24:26.2648559Z  * [new branch]        handoff/r9-f11-governance-1 -> origin/handoff/r9-f11-governance-1
2026-10-07T12:24:26.2648855Z  * [new branch]        handoff/r9-f11-governance-3 -> origin/handoff/r9-f11-governance-3
2026-10-07T12:24:26.2649156Z  * [new branch]        handoff/r9-f11-governance-4 -> origin/handoff/r9-f11-governance-4
2026-10-07T12:24:26.2649487Z  * [new branch]        handoff/r9-f11-governance-4-review -> origin/handoff/r9-f11-governance-4-review
2026-10-07T12:24:26.2649821Z  * [new branch]        handoff/r9-f11-governance-5 -> origin/handoff/r9-f11-governance-5
2026-10-07T12:24:26.2650120Z  * [new branch]        handoff/r9-f11-governance-6 -> origin/handoff/r9-f11-governance-6
2026-10-07T12:24:26.2650515Z  * [new branch]        handoff/r9-f11-governance-7 -> origin/handoff/r9-f11-governance-7
2026-10-07T12:24:26.2650802Z  * [new branch]        handoff/r9-f2-solver-1  -> origin/handoff/r9-f2-solver-1
2026-10-07T12:24:26.2651076Z  * [new branch]        handoff/r9-f2-solver-3  -> origin/handoff/r9-f2-solver-3
2026-10-07T12:24:26.2651342Z  * [new branch]        handoff/r9-f2-solver-4  -> origin/handoff/r9-f2-solver-4
2026-10-07T12:24:26.2651607Z  * [new branch]        handoff/r9-f2-solver-5  -> origin/handoff/r9-f2-solver-5
2026-10-07T12:24:26.2651874Z  * [new branch]        handoff/r9-f3-stores-1  -> origin/handoff/r9-f3-stores-1
2026-10-07T12:24:26.2652136Z  * [new branch]        handoff/r9-f3-stores-3  -> origin/handoff/r9-f3-stores-3
2026-10-07T12:24:26.2652430Z  * [new branch]        handoff/r9-f4-inputs-sysid-1 -> origin/handoff/r9-f4-inputs-sysid-1
2026-10-07T12:24:26.2652748Z  * [new branch]        handoff/r9-f4-inputs-sysid-2 -> origin/handoff/r9-f4-inputs-sysid-2
2026-10-07T12:24:26.2653056Z  * [new branch]        handoff/r9-f5-config-text-1 -> origin/handoff/r9-f5-config-text-1
2026-10-07T12:24:26.2653340Z  * [new branch]        handoff/r9-f6-card-1    -> origin/handoff/r9-f6-card-1
2026-10-07T12:24:26.2653606Z  * [new branch]        handoff/r9-f6-card-2    -> origin/handoff/r9-f6-card-2
2026-10-07T12:24:26.2653863Z  * [new branch]        handoff/r9-f6-card-4    -> origin/handoff/r9-f6-card-4
2026-10-07T12:24:26.2654136Z  * [new branch]        handoff/r9-f7-entities-1 -> origin/handoff/r9-f7-entities-1
2026-10-07T12:24:26.2654515Z  * [new branch]        handoff/r9-f7-entities-2 -> origin/handoff/r9-f7-entities-2
2026-10-07T12:24:26.2654811Z  * [new branch]        handoff/r9-f7-family-splits -> origin/handoff/r9-f7-family-splits
2026-10-07T12:24:26.2655092Z  * [new branch]        handoff/r9-f8-docs-1    -> origin/handoff/r9-f8-docs-1
2026-10-07T12:24:26.2655581Z  * [new branch]        handoff/r9-f8-docs-2    -> origin/handoff/r9-f8-docs-2
2026-10-07T12:24:26.2655837Z  * [new branch]        handoff/r9-f8-docs-3    -> origin/handoff/r9-f8-docs-3
2026-10-07T12:24:26.2656111Z  * [new branch]        handoff/r9-f9-test-pins-2 -> origin/handoff/r9-f9-test-pins-2
2026-10-07T12:24:26.2656406Z  * [new branch]        handoff/r9-f9-test-pins-3 -> origin/handoff/r9-f9-test-pins-3
2026-10-07T12:24:26.2656676Z  * [new branch]        handoff/r9-fr-10        -> origin/handoff/r9-fr-10
2026-10-07T12:24:26.2656952Z  * [new branch]        handoff/r9-friction-study -> origin/handoff/r9-friction-study
2026-10-07T12:24:26.2657289Z  * [new branch]        handoff/r9-nightly-status-k5uati -> origin/handoff/r9-nightly-status-k5uati
2026-10-07T12:24:26.2657619Z  * [new branch]        handoff/r9-prepr-selftest -> origin/handoff/r9-prepr-selftest
2026-10-07T12:24:26.2657893Z  * [new branch]        handoff/r9-proc-1       -> origin/handoff/r9-proc-1
2026-10-07T12:24:26.2658144Z  * [new branch]        handoff/r9-proc-3       -> origin/handoff/r9-proc-3
2026-10-07T12:24:26.2658393Z  * [new branch]        handoff/r9-proc-4       -> origin/handoff/r9-proc-4
2026-10-07T12:24:26.2658638Z  * [new branch]        handoff/r9-proc-5       -> origin/handoff/r9-proc-5
2026-10-07T12:24:26.2658925Z  * [new branch]        handoff/r9-rc-prcontract-fix -> origin/handoff/r9-rc-prcontract-fix
2026-10-07T12:24:26.2659320Z  * [new branch]        handoff/r9-rca-1985     -> origin/handoff/r9-rca-1985
2026-10-07T12:24:26.2659579Z  * [new branch]        handoff/r9-rca-1990     -> origin/handoff/r9-rca-1990
2026-10-07T12:24:26.2659837Z  * [new branch]        handoff/r9-rca-2004     -> origin/handoff/r9-rca-2004
2026-10-07T12:24:26.2660271Z  * [new branch]        handoff/r9-rca-avoidable-interpreter-bound-recomputation -> origin/handoff/r9-rca-avoidable-interpreter-bound-recomputation
2026-10-07T12:24:26.2660733Z  * [new branch]        handoff/r9-rca-cpu-gate-blind -> origin/handoff/r9-rca-cpu-gate-blind
2026-10-07T12:24:26.2661024Z  * [new branch]        handoff/r9-rca-i1       -> origin/handoff/r9-rca-i1
2026-10-07T12:24:26.2661272Z  * [new branch]        handoff/r9-rca-i3       -> origin/handoff/r9-rca-i3
2026-10-07T12:24:26.2661522Z  * [new branch]        handoff/r9-rca-i4       -> origin/handoff/r9-rca-i4
2026-10-07T12:24:26.2661769Z  * [new branch]        handoff/r9-rca-i5       -> origin/handoff/r9-rca-i5
2026-10-07T12:24:26.2662016Z  * [new branch]        handoff/r9-rca-p1       -> origin/handoff/r9-rca-p1
2026-10-07T12:24:26.2662268Z  * [new branch]        handoff/r9-rca-p11      -> origin/handoff/r9-rca-p11
2026-10-07T12:24:26.2662522Z  * [new branch]        handoff/r9-rca-p2       -> origin/handoff/r9-rca-p2
2026-10-07T12:24:26.2662765Z  * [new branch]        handoff/r9-rca-p3       -> origin/handoff/r9-rca-p3
2026-10-07T12:24:26.2663032Z  * [new branch]        handoff/r9-rca-p5       -> origin/handoff/r9-rca-p5
2026-10-07T12:24:26.2663276Z  * [new branch]        handoff/r9-rca-p6       -> origin/handoff/r9-rca-p6
2026-10-07T12:24:26.2663521Z  * [new branch]        handoff/r9-rca-p9       -> origin/handoff/r9-rca-p9
2026-10-07T12:24:26.2663967Z  * [new branch]        handoff/r9-rca-persisted-future-instant-trusted-without-bound -> origin/handoff/r9-rca-persisted-future-instant-trusted-without-bound
2026-10-07T12:24:26.2664463Z  * [new branch]        handoff/r9-rca-stress-recording -> origin/handoff/r9-rca-stress-recording
2026-10-07T12:24:26.2664784Z  * [new branch]        handoff/r9-record-path  -> origin/handoff/r9-record-path
2026-10-07T12:24:26.2665050Z  * [new branch]        handoff/r9-ro-1         -> origin/handoff/r9-ro-1
2026-10-07T12:24:26.2665615Z  * [new branch]        handoff/r9-ro-2         -> origin/handoff/r9-ro-2
2026-10-07T12:24:26.2665860Z  * [new branch]        handoff/r9-ro-3         -> origin/handoff/r9-ro-3
2026-10-07T12:24:26.2666104Z  * [new branch]        handoff/r9-ro-4         -> origin/handoff/r9-ro-4
2026-10-07T12:24:26.2666344Z  * [new branch]        handoff/r9-ro-5         -> origin/handoff/r9-ro-5
2026-10-07T12:24:26.2666580Z  * [new branch]        handoff/r9-ro-6         -> origin/handoff/r9-ro-6
2026-10-07T12:24:26.2666819Z  * [new branch]        handoff/r9-ro-7         -> origin/handoff/r9-ro-7
2026-10-07T12:24:26.2667057Z  * [new branch]        handoff/r9-ro-8         -> origin/handoff/r9-ro-8
2026-10-07T12:24:26.2667301Z  * [new branch]        handoff/r9-sw-5         -> origin/handoff/r9-sw-5
2026-10-07T12:24:26.2667561Z  * [new branch]        handoff/r9-sw-actuation -> origin/handoff/r9-sw-actuation
2026-10-07T12:24:26.2667828Z  * [new branch]        handoff/r9-sw-card      -> origin/handoff/r9-sw-card
2026-10-07T12:24:26.2668093Z  * [new branch]        handoff/r9-sw-gchv      -> origin/handoff/r9-sw-gchv
2026-10-07T12:24:26.2668350Z  * [new branch]        handoff/r9-sw-model     -> origin/handoff/r9-sw-model
2026-10-07T12:24:26.2668605Z  * [new branch]        handoff/r9-sw6          -> origin/handoff/r9-sw6
2026-10-07T12:24:26.2668862Z  * [new branch]        handoff/r9-ux-actions   -> origin/handoff/r9-ux-actions
2026-10-07T12:24:26.2669128Z  * [new branch]        handoff/r9-ux-events    -> origin/handoff/r9-ux-events
2026-10-07T12:24:26.2669390Z  * [new branch]        handoff/r9-ux-health    -> origin/handoff/r9-ux-health
2026-10-07T12:24:26.2669675Z  * [new branch]        handoff/r9-ux-insight-text -> origin/handoff/r9-ux-insight-text
2026-10-07T12:24:26.2670042Z  * [new branch]        handoff/r9-web-3        -> origin/handoff/r9-web-3
2026-10-07T12:24:26.2670290Z  * [new branch]        handoff/r9-web-4        -> origin/handoff/r9-web-4
2026-10-07T12:24:26.2670532Z  * [new branch]        handoff/r9-web-5        -> origin/handoff/r9-web-5
2026-10-07T12:24:26.2670786Z  * [new branch]        handoff/r9-web-page     -> origin/handoff/r9-web-page
2026-10-07T12:24:26.2671038Z  * [new branch]        handoff/rca-1747        -> origin/handoff/rca-1747
2026-10-07T12:24:26.2671315Z  * [new branch]        handoff/repo-reorg-plan -> origin/handoff/repo-reorg-plan
2026-10-07T12:24:26.2671618Z  * [new branch]        handoff/silent-windows-plan -> origin/handoff/silent-windows-plan
2026-10-07T12:24:26.2671891Z  * [new branch]        main                    -> origin/main
2026-10-07T12:24:26.2672118Z  * [new branch]        record/autofix          -> origin/record/autofix
2026-10-07T12:24:26.2672359Z  * [new branch]        review/1987             -> origin/review/1987
2026-10-07T12:24:26.2672599Z  * [new branch]        review/1997             -> origin/review/1997
2026-10-07T12:24:26.2672828Z  * [new branch]        review/2002             -> origin/review/2002
2026-10-07T12:24:26.2673056Z  * [new branch]        review/2006             -> origin/review/2006
2026-10-07T12:24:26.2673287Z  * [new branch]        review/2007             -> origin/review/2007
2026-10-07T12:24:26.2673511Z  * [new branch]        review/2010             -> origin/review/2010
2026-10-07T12:24:26.2673733Z  * [new branch]        review/2011             -> origin/review/2011
2026-10-07T12:24:26.2673965Z  * [new branch]        review/2012             -> origin/review/2012
2026-10-07T12:24:26.2674188Z  * [new branch]        review/2013             -> origin/review/2013
2026-10-07T12:24:26.2674416Z  * [new branch]        review/2014             -> origin/review/2014
2026-10-07T12:24:26.2674643Z  * [new branch]        review/2015             -> origin/review/2015
2026-10-07T12:24:26.2674873Z  * [new branch]        review/2017             -> origin/review/2017
2026-10-07T12:24:26.2675102Z  * [new branch]        verdict/1987            -> origin/verdict/1987
2026-10-07T12:24:26.2675452Z  * [new branch]        verdict/1997            -> origin/verdict/1997
2026-10-07T12:24:26.2675778Z  * [new branch]        verdict/2006            -> origin/verdict/2006
2026-10-07T12:24:26.2676006Z  * [new branch]        verdict/2007            -> origin/verdict/2007
2026-10-07T12:24:26.2676233Z  * [new branch]        verdict/2010            -> origin/verdict/2010
2026-10-07T12:24:26.2676460Z  * [new branch]        verdict/2011            -> origin/verdict/2011
2026-10-07T12:24:26.2676692Z  * [new branch]        verdict/2012            -> origin/verdict/2012
2026-10-07T12:24:26.2676924Z  * [new branch]        verdict/2013            -> origin/verdict/2013
2026-10-07T12:24:26.2677151Z  * [new branch]        verdict/2014            -> origin/verdict/2014
2026-10-07T12:24:26.2677380Z  * [new branch]        verdict/2015            -> origin/verdict/2015
2026-10-07T12:24:26.2677609Z  * [new branch]        verdict/2017            -> origin/verdict/2017
2026-10-07T12:24:26.2677845Z  * [new tag]           audit-round2-evidence   -> audit-round2-evidence
2026-10-07T12:24:26.2678080Z  * [new tag]           v2.3.0-beta.1           -> v2.3.0-beta.1
2026-10-07T12:24:26.2678287Z  * [new tag]           v2.4.0                  -> v2.4.0
2026-10-07T12:24:26.2678491Z  * [new tag]           v2.4.1                  -> v2.4.1
2026-10-07T12:24:26.2678681Z  * [new tag]           v2.5.0                  -> v2.5.0
2026-10-07T12:24:26.2678868Z  * [new tag]           v2.6.0                  -> v2.6.0
2026-10-07T12:24:26.2679052Z  * [new tag]           v2.6.1                  -> v2.6.1
2026-10-07T12:24:26.2679235Z  * [new tag]           v2.7.0                  -> v2.7.0
2026-10-07T12:24:26.2679418Z  * [new tag]           v2.8.0                  -> v2.8.0
2026-10-07T12:24:26.2679600Z  * [new tag]           v3.0.0                  -> v3.0.0
2026-10-07T12:24:26.2679873Z  * [new tag]           v3.1.0                  -> v3.1.0
2026-10-07T12:24:26.2680055Z  * [new tag]           v3.1.1                  -> v3.1.1
2026-10-07T12:24:26.2680237Z  * [new tag]           v3.1.2                  -> v3.1.2
2026-10-07T12:24:26.2680432Z  * [new tag]           v3.14.0                 -> v3.14.0
2026-10-07T12:24:26.2680623Z  * [new tag]           v3.16.0                 -> v3.16.0
2026-10-07T12:24:26.2680809Z  * [new tag]           v3.2.0                  -> v3.2.0
2026-10-07T12:24:26.2680994Z  * [new tag]           v3.3.0                  -> v3.3.0
2026-10-07T12:24:26.2681177Z  * [new tag]           v3.3.1                  -> v3.3.1
2026-10-07T12:24:26.2681360Z  * [new tag]           v3.4.0                  -> v3.4.0
2026-10-07T12:24:26.2681543Z  * [new tag]           v3.4.1                  -> v3.4.1
2026-10-07T12:24:26.2681726Z  * [new tag]           v3.5.0                  -> v3.5.0
2026-10-07T12:24:26.2681910Z  * [new tag]           v3.6.0                  -> v3.6.0
2026-10-07T12:24:26.2682101Z  * [new tag]           v3.6.1                  -> v3.6.1
2026-10-07T12:24:26.2682283Z  * [new tag]           v3.7.0                  -> v3.7.0
2026-10-07T12:24:26.2682470Z  * [new tag]           v3.7.1                  -> v3.7.1
2026-10-07T12:24:26.2682655Z  * [new tag]           v3.8.0                  -> v3.8.0
2026-10-07T12:24:26.2682842Z  * [new tag]           v4.0.0                  -> v4.0.0
2026-10-07T12:24:26.2683027Z  * [new tag]           v4.0.1                  -> v4.0.1
2026-10-07T12:24:26.2683210Z  * [new tag]           v4.0.2                  -> v4.0.2
2026-10-07T12:24:26.2683393Z  * [new tag]           v4.0.3                  -> v4.0.3
2026-10-07T12:24:26.2683578Z  * [new tag]           v4.0.4                  -> v4.0.4
2026-10-07T12:24:26.2683764Z  * [new tag]           v4.0.5                  -> v4.0.5
2026-10-07T12:24:26.2683950Z  * [new tag]           v4.0.6                  -> v4.0.6
2026-10-07T12:24:26.2684134Z  * [new tag]           v4.0.7                  -> v4.0.7
2026-10-07T12:24:26.2684321Z  * [new tag]           v4.1.0                  -> v4.1.0
2026-10-07T12:24:26.2684505Z  * [new tag]           v4.2.0                  -> v4.2.0
2026-10-07T12:24:26.2684689Z  * [new tag]           v4.3.0                  -> v4.3.0
2026-10-07T12:24:26.2684954Z  * [new tag]           v5.0.0                  -> v5.0.0
2026-10-07T12:24:26.2685137Z  * [new tag]           v5.1.0                  -> v5.1.0
2026-10-07T12:24:26.2685448Z  * [new tag]           v5.1.1                  -> v5.1.1
2026-10-07T12:24:26.2685634Z  * [new tag]           v5.1.10                 -> v5.1.10
2026-10-07T12:24:26.2685820Z  * [new tag]           v5.1.2                  -> v5.1.2
2026-10-07T12:24:26.2686002Z  * [new tag]           v5.1.3                  -> v5.1.3
2026-10-07T12:24:26.2686185Z  * [new tag]           v5.1.4                  -> v5.1.4
2026-10-07T12:24:26.2686367Z  * [new tag]           v5.1.5                  -> v5.1.5
2026-10-07T12:24:26.2686548Z  * [new tag]           v5.1.6                  -> v5.1.6
2026-10-07T12:24:26.2686735Z  * [new tag]           v5.1.7                  -> v5.1.7
2026-10-07T12:24:26.2686916Z  * [new tag]           v5.1.9                  -> v5.1.9
2026-10-07T12:24:26.2687100Z  * [new tag]           v5.2.0                  -> v5.2.0
2026-10-07T12:24:26.2687288Z  * [new tag]           v5.3.0                  -> v5.3.0
2026-10-07T12:24:26.2687469Z  * [new tag]           v5.4.0                  -> v5.4.0
2026-10-07T12:24:26.2687651Z  * [new tag]           v5.4.1                  -> v5.4.1
2026-10-07T12:24:26.2687834Z  * [new tag]           v5.5.0                  -> v5.5.0
2026-10-07T12:24:26.2688014Z  * [new tag]           v5.6.0                  -> v5.6.0
2026-10-07T12:24:26.2688195Z  * [new tag]           v5.6.1                  -> v5.6.1
2026-10-07T12:24:26.2688470Z  * [new tag]           v5.6.2                  -> v5.6.2
2026-10-07T12:24:26.2688747Z  * [new tag]           v5.7.0                  -> v5.7.0
2026-10-07T12:24:26.2689153Z  * [new tag]           v5.7.1                  -> v5.7.1
2026-10-07T12:24:26.2689458Z  * [new tag]           v6.0.0                  -> v6.0.0
2026-10-07T12:24:26.2689749Z  * [new tag]           v6.0.1                  -> v6.0.1
2026-10-07T12:24:26.2690029Z  * [new tag]           v6.0.2                  -> v6.0.2
2026-10-07T12:24:26.2690320Z  * [new tag]           v6.0.3                  -> v6.0.3
2026-10-07T12:24:26.2690604Z  * [new tag]           v6.0.4                  -> v6.0.4
2026-10-07T12:24:26.2690895Z  * [new tag]           v6.0.5                  -> v6.0.5
2026-10-07T12:24:26.2691181Z  * [new tag]           v6.0.6                  -> v6.0.6
2026-10-07T12:24:26.2691490Z  * [new tag]           v6.0.7                  -> v6.0.7
2026-10-07T12:24:26.2691817Z  * [new tag]           v6.0.8                  -> v6.0.8
2026-10-07T12:24:26.2692128Z  * [new tag]           v6.0.9                  -> v6.0.9
2026-10-07T12:24:26.2692412Z  * [new tag]           v6.1.0                  -> v6.1.0
2026-10-07T12:24:26.2692704Z  * [new tag]           v6.1.1                  -> v6.1.1
2026-10-07T12:24:26.2692998Z  * [new tag]           v6.1.2                  -> v6.1.2
2026-10-07T12:24:26.2693282Z  * [new tag]           v6.2.0                  -> v6.2.0
2026-10-07T12:24:26.2693589Z  * [new tag]           v6.2.1                  -> v6.2.1
2026-10-07T12:24:26.2693879Z  * [new tag]           v6.2.10                 -> v6.2.10
2026-10-07T12:24:26.2694173Z  * [new tag]           v6.2.11                 -> v6.2.11
2026-10-07T12:24:26.2694455Z  * [new tag]           v6.2.12                 -> v6.2.12
2026-10-07T12:24:26.2694746Z  * [new tag]           v6.2.13                 -> v6.2.13
2026-10-07T12:24:26.2695059Z  * [new tag]           v6.2.14                 -> v6.2.14
2026-10-07T12:24:26.2695490Z  * [new tag]           v6.2.15                 -> v6.2.15
2026-10-07T12:24:26.2695802Z  * [new tag]           v6.2.16                 -> v6.2.16
2026-10-07T12:24:26.2696090Z  * [new tag]           v6.2.17                 -> v6.2.17
2026-10-07T12:24:26.2696412Z  * [new tag]           v6.2.2                  -> v6.2.2
2026-10-07T12:24:26.2696739Z  * [new tag]           v6.2.3                  -> v6.2.3
2026-10-07T12:24:26.2697073Z  * [new tag]           v6.2.4                  -> v6.2.4
2026-10-07T12:24:26.2697389Z  * [new tag]           v6.2.5                  -> v6.2.5
2026-10-07T12:24:26.2697916Z  * [new tag]           v6.2.6                  -> v6.2.6
2026-10-07T12:24:26.2698249Z  * [new tag]           v6.2.7                  -> v6.2.7
2026-10-07T12:24:26.2698556Z  * [new tag]           v6.2.8                  -> v6.2.8
2026-10-07T12:24:26.2698882Z  * [new tag]           v6.2.9                  -> v6.2.9
2026-10-07T12:24:26.2699192Z  * [new tag]           v6.3.0                  -> v6.3.0
2026-10-07T12:24:26.2699503Z  * [new tag]           v6.3.1                  -> v6.3.1
2026-10-07T12:24:26.2699792Z  * [new tag]           v6.3.10                 -> v6.3.10
2026-10-07T12:24:26.2700080Z  * [new tag]           v6.3.11                 -> v6.3.11
2026-10-07T12:24:26.2700392Z  * [new tag]           v6.3.12                 -> v6.3.12
2026-10-07T12:24:26.2700685Z  * [new tag]           v6.3.13                 -> v6.3.13
2026-10-07T12:24:26.2700992Z  * [new tag]           v6.3.14                 -> v6.3.14
2026-10-07T12:24:26.2701286Z  * [new tag]           v6.3.15                 -> v6.3.15
2026-10-07T12:24:26.2701597Z  * [new tag]           v6.3.16                 -> v6.3.16
2026-10-07T12:24:26.2701904Z  * [new tag]           v6.3.17                 -> v6.3.17
2026-10-07T12:24:26.2702301Z  * [new tag]           v6.3.18                 -> v6.3.18
2026-10-07T12:24:26.2702624Z  * [new tag]           v6.3.19                 -> v6.3.19
2026-10-07T12:24:26.2702933Z  * [new tag]           v6.3.2                  -> v6.3.2
2026-10-07T12:24:26.2703254Z  * [new tag]           v6.3.20                 -> v6.3.20
2026-10-07T12:24:26.2703542Z  * [new tag]           v6.3.3                  -> v6.3.3
2026-10-07T12:24:26.2703831Z  * [new tag]           v6.3.4                  -> v6.3.4
2026-10-07T12:24:26.2704220Z  * [new tag]           v6.3.5                  -> v6.3.5
2026-10-07T12:24:26.2704407Z  * [new tag]           v6.3.6                  -> v6.3.6
2026-10-07T12:24:26.2704592Z  * [new tag]           v6.3.7                  -> v6.3.7
2026-10-07T12:24:26.2704777Z  * [new tag]           v6.3.8                  -> v6.3.8
2026-10-07T12:24:26.2704964Z  * [new tag]           v6.3.9                  -> v6.3.9
2026-10-07T12:24:26.2705148Z  * [new tag]           v6.4.0                  -> v6.4.0
2026-10-07T12:24:26.2705504Z  * [new tag]           v6.4.1                  -> v6.4.1
2026-10-07T12:24:26.2705686Z  * [new tag]           v6.4.2                  -> v6.4.2
2026-10-07T12:24:26.2705870Z  * [new tag]           v6.4.3                  -> v6.4.3
2026-10-07T12:24:26.2706058Z  * [new tag]           v6.4.4                  -> v6.4.4
2026-10-07T12:24:26.2706241Z  * [new tag]           v6.5.0                  -> v6.5.0
2026-10-07T12:24:26.2706425Z  * [new tag]           v6.5.1                  -> v6.5.1
2026-10-07T12:24:26.2706613Z  * [new tag]           v6.6.0                  -> v6.6.0
2026-10-07T12:24:26.2706801Z  * [new tag]           v6.6.1                  -> v6.6.1
2026-10-07T12:24:26.2706986Z  * [new tag]           v6.6.10                 -> v6.6.10
2026-10-07T12:24:26.2707177Z  * [new tag]           v6.6.11                 -> v6.6.11
2026-10-07T12:24:26.2707364Z  * [new tag]           v6.6.12                 -> v6.6.12
2026-10-07T12:24:26.2707551Z  * [new tag]           v6.6.2                  -> v6.6.2
2026-10-07T12:24:26.2707738Z  * [new tag]           v6.6.3                  -> v6.6.3
2026-10-07T12:24:26.2707920Z  * [new tag]           v6.6.4                  -> v6.6.4
2026-10-07T12:24:26.2708104Z  * [new tag]           v6.6.5                  -> v6.6.5
2026-10-07T12:24:26.2708288Z  * [new tag]           v6.6.6                  -> v6.6.6
2026-10-07T12:24:26.2708508Z  * [new tag]           v6.6.7                  -> v6.6.7
2026-10-07T12:24:26.2708731Z  * [new tag]           v6.6.8                  -> v6.6.8
2026-10-07T12:24:26.2708980Z  * [new tag]           v6.6.9                  -> v6.6.9
2026-10-07T12:24:26.2709200Z  * [new tag]           v6.7.0                  -> v6.7.0
2026-10-07T12:24:26.2709384Z  * [new tag]           v6.7.1                  -> v6.7.1
2026-10-07T12:24:26.2709675Z  * [new tag]           v6.7.10                 -> v6.7.10
2026-10-07T12:24:26.2709865Z  * [new tag]           v6.7.11                 -> v6.7.11
2026-10-07T12:24:26.2710053Z  * [new tag]           v6.7.12                 -> v6.7.12
2026-10-07T12:24:26.2710239Z  * [new tag]           v6.7.13                 -> v6.7.13
2026-10-07T12:24:26.2710427Z  * [new tag]           v6.7.14                 -> v6.7.14
2026-10-07T12:24:26.2710614Z  * [new tag]           v6.7.15                 -> v6.7.15
2026-10-07T12:24:26.2710799Z  * [new tag]           v6.7.16                 -> v6.7.16
2026-10-07T12:24:26.2710985Z  * [new tag]           v6.7.2                  -> v6.7.2
2026-10-07T12:24:26.2711175Z  * [new tag]           v6.7.3                  -> v6.7.3
2026-10-07T12:24:26.2711360Z  * [new tag]           v6.7.4                  -> v6.7.4
2026-10-07T12:24:26.2711547Z  * [new tag]           v6.7.5                  -> v6.7.5
2026-10-07T12:24:26.2711731Z  * [new tag]           v6.7.6                  -> v6.7.6
2026-10-07T12:24:26.2711917Z  * [new tag]           v6.7.7                  -> v6.7.7
2026-10-07T12:24:26.2712102Z  * [new tag]           v6.7.8                  -> v6.7.8
2026-10-07T12:24:26.2712285Z  * [new tag]           v6.7.9                  -> v6.7.9
2026-10-07T12:24:26.2713212Z [command]/usr/bin/git branch --list --remote origin/main
2026-10-07T12:24:26.2713434Z   origin/main
2026-10-07T12:24:26.2713771Z [command]/usr/bin/git rev-parse refs/remotes/origin/main
2026-10-07T12:24:26.2729939Z 38c03d9419248322079dc3ba2fad9edcc931e961
2026-10-07T12:24:26.2733849Z ##[endgroup]
2026-10-07T12:24:26.2734226Z ##[group]Determining the checkout info
2026-10-07T12:24:26.2735026Z ##[endgroup]
2026-10-07T12:24:26.2738873Z [command]/usr/bin/git sparse-checkout disable
2026-10-07T12:24:26.2797876Z [command]/usr/bin/git config --local --unset-all extensions.worktreeConfig
2026-10-07T12:24:26.2827378Z ##[group]Checking out the ref
2026-10-07T12:24:26.2830107Z [command]/usr/bin/git checkout --progress --force -B main refs/remotes/origin/main
2026-10-07T12:24:26.6527556Z Switched to a new branch 'main'
2026-10-07T12:24:26.6531187Z branch 'main' set up to track 'origin/main'.
2026-10-07T12:24:26.6562300Z ##[endgroup]
2026-10-07T12:24:26.6615929Z [command]/usr/bin/git log -1 --format=%H
2026-10-07T12:24:26.6642451Z 38c03d9419248322079dc3ba2fad9edcc931e961
2026-10-07T12:24:26.6835636Z ##[group]Run actions/setup-python@ece7cb06caefa5fff74198d8649806c4678c61a1
2026-10-07T12:24:26.6835887Z with:
2026-10-07T12:24:26.6836006Z   python-version: 3.13
2026-10-07T12:24:26.6836136Z   check-latest: false
2026-10-07T12:24:26.6837496Z   token: ***
2026-10-07T12:24:26.6837619Z   update-environment: true
2026-10-07T12:24:26.6837773Z   allow-prereleases: false
2026-10-07T12:24:26.6837910Z   freethreaded: false
2026-10-07T12:24:26.6838037Z env:
2026-10-07T12:24:26.6838147Z   DOCS_ONLY_FAST: false
2026-10-07T12:24:26.6838273Z ##[endgroup]
2026-10-07T12:24:26.7739197Z ##[group]Installed versions
2026-10-07T12:24:26.7805686Z Successfully set up CPython (3.13.16)
2026-10-07T12:24:26.7806114Z ##[endgroup]
2026-10-07T12:24:26.8002040Z ##[group]Run actions/setup-node@a0853c24544627f65ddf259abe73b1d18a591444
2026-10-07T12:24:26.8002273Z with:
2026-10-07T12:24:26.8002458Z   node-version: 22
2026-10-07T12:24:26.8002650Z   always-auth: false
2026-10-07T12:24:26.8002811Z   check-latest: false
2026-10-07T12:24:26.8004473Z   token: ***
2026-10-07T12:24:26.8004600Z   package-manager-cache: true
2026-10-07T12:24:26.8004744Z env:
2026-10-07T12:24:26.8004855Z   DOCS_ONLY_FAST: false
2026-10-07T12:24:26.8005029Z   pythonLocation: /opt/hostedtoolcache/Python/3.13.16/x64
2026-10-07T12:24:26.8005479Z   PKG_CONFIG_PATH: /opt/hostedtoolcache/Python/3.13.16/x64/lib/pkgconfig
2026-10-07T12:24:26.8005772Z   Python_ROOT_DIR: /opt/hostedtoolcache/Python/3.13.16/x64
2026-10-07T12:24:26.8005995Z   Python2_ROOT_DIR: /opt/hostedtoolcache/Python/3.13.16/x64
2026-10-07T12:24:26.8006219Z   Python3_ROOT_DIR: /opt/hostedtoolcache/Python/3.13.16/x64
2026-10-07T12:24:26.8006440Z   LD_LIBRARY_PATH: /opt/hostedtoolcache/Python/3.13.16/x64/lib
2026-10-07T12:24:26.8006678Z ##[endgroup]
2026-10-07T12:24:26.9098522Z Found in cache @ /opt/hostedtoolcache/node/22.23.3/x64
2026-10-07T12:24:26.9102592Z (node:2095) [DEP0040] DeprecationWarning: The `punycode` module is deprecated. Please use a userland alternative instead.
2026-10-07T12:24:26.9103281Z (Use `node --trace-deprecation ...` to show where the warning was created)
2026-10-07T12:24:26.9104876Z ##[group]Environment details
2026-10-07T12:24:27.2352820Z node: v22.23.3
2026-10-07T12:24:27.2354418Z npm: 10.9.9
2026-10-07T12:24:27.2354754Z yarn: 1.22.22
2026-10-07T12:24:27.2355801Z ##[endgroup]
2026-10-07T12:24:27.2472860Z ##[group]Run pip install --require-hashes --build-constraint tests/requirements-build.txt -r tests/requirements-ci.txt
2026-10-07T12:24:27.2473406Z [36;1mpip install --require-hashes --build-constraint tests/requirements-build.txt -r tests/requirements-ci.txt[0m
2026-10-07T12:24:27.2747001Z shell: /usr/bin/bash -e {0}
2026-10-07T12:24:27.2747172Z env:
2026-10-07T12:24:27.2747299Z   DOCS_ONLY_FAST: false
2026-10-07T12:24:27.2747478Z   pythonLocation: /opt/hostedtoolcache/Python/3.13.16/x64
2026-10-07T12:24:27.2747735Z   PKG_CONFIG_PATH: /opt/hostedtoolcache/Python/3.13.16/x64/lib/pkgconfig
2026-10-07T12:24:27.2747981Z   Python_ROOT_DIR: /opt/hostedtoolcache/Python/3.13.16/x64
2026-10-07T12:24:27.2748203Z   Python2_ROOT_DIR: /opt/hostedtoolcache/Python/3.13.16/x64
2026-10-07T12:24:27.2748423Z   Python3_ROOT_DIR: /opt/hostedtoolcache/Python/3.13.16/x64
2026-10-07T12:24:27.2748641Z   LD_LIBRARY_PATH: /opt/hostedtoolcache/Python/3.13.16/x64/lib
2026-10-07T12:24:27.2748895Z ##[endgroup]
2026-10-07T12:24:29.8214135Z Collecting aiohappyeyeballs==2.7.1 (from -r tests/requirements-ci.txt (line 27))
2026-10-07T12:24:29.9037581Z   Downloading aiohappyeyeballs-2.7.1-py3-none-any.whl (15 kB)
2026-10-07T12:24:30.2714869Z Collecting aiohttp==3.14.3 (from -r tests/requirements-ci.txt (line 30))
2026-10-07T12:24:30.2853791Z   Downloading aiohttp-3.14.3-cp313-cp313-manylinux2014_x86_64.manylinux_2_17_x86_64.manylinux_2_28_x86_64.whl (1.8 MB)
2026-10-07T12:24:30.3821134Z      ━━━━━━━━━━━━━━━━━━━━━━━━━━━━━━━━━━━━━━━━ 1.8/1.8 MB 25.7 MB/s  0:00:00
2026-10-07T12:24:30.3987600Z Collecting aiosignal==1.4.0 (from -r tests/requirements-ci.txt (line 150))
2026-10-07T12:24:30.4118069Z   Downloading aiosignal-1.4.0-py3-none-any.whl (7.5 kB)
2026-10-07T12:24:30.4377809Z Collecting attrs==26.1.0 (from -r tests/requirements-ci.txt (line 153))
2026-10-07T12:24:30.4508568Z   Downloading attrs-26.1.0-py3-none-any.whl (67 kB)
2026-10-07T12:24:30.4964833Z Collecting frozenlist==1.8.0 (from -r tests/requirements-ci.txt (line 156))
2026-10-07T12:24:30.5098876Z   Downloading frozenlist-1.8.0-cp313-cp313-manylinux1_x86_64.manylinux_2_28_x86_64.manylinux_2_5_x86_64.whl (234 kB)
2026-10-07T12:24:30.5435604Z Collecting idna==3.20 (from -r tests/requirements-ci.txt (line 287))
2026-10-07T12:24:30.5567471Z   Downloading idna-3.20-py3-none-any.whl (69 kB)
2026-10-07T12:24:30.7190249Z Collecting multidict==6.9.1 (from -r tests/requirements-ci.txt (line 290))
2026-10-07T12:24:30.7326431Z   Downloading multidict-6.9.1-cp313-cp313-manylinux2014_x86_64.manylinux_2_17_x86_64.manylinux_2_28_x86_64.whl (336 kB)
2026-10-07T12:24:30.8663817Z Collecting numpy==2.4.6 (from -r tests/requirements-ci.txt (line 462))
2026-10-07T12:24:30.8801211Z   Downloading numpy-2.4.6-cp313-cp313-manylinux_2_27_x86_64.manylinux_2_28_x86_64.whl (16.6 MB)
2026-10-07T12:24:31.0681525Z      ━━━━━━━━━━━━━━━━━━━━━━━━━━━━━━━━━━━━━━━━ 16.6/16.6 MB 88.0 MB/s  0:00:00
2026-10-07T12:24:31.1247532Z Collecting propcache==0.5.4 (from -r tests/requirements-ci.txt (line 535))
2026-10-07T12:24:31.1380911Z   Downloading propcache-0.5.4-cp313-cp313-manylinux2014_x86_64.manylinux_2_17_x86_64.manylinux_2_28_x86_64.whl (234 kB)
2026-10-07T12:24:31.1739139Z Collecting pyyaml==6.0.1 (from -r tests/requirements-ci.txt (line 674))
2026-10-07T12:24:31.1870948Z   Downloading PyYAML-6.0.1.tar.gz (125 kB)
2026-10-07T12:24:31.2579059Z   Installing build dependencies: started
2026-10-07T12:24:32.2698554Z   Installing build dependencies: finished with status 'done'
2026-10-07T12:24:32.2705443Z   Getting requirements to build wheel: started
2026-10-07T12:24:33.4407868Z   Getting requirements to build wheel: finished with status 'done'
2026-10-07T12:24:33.4414757Z   Preparing metadata (pyproject.toml): started
2026-10-07T12:24:33.6083513Z   Preparing metadata (pyproject.toml): finished with status 'done'
2026-10-07T12:24:33.6933482Z Collecting scipy==1.17.1 (from -r tests/requirements-ci.txt (line 726))
2026-10-07T12:24:33.7066366Z   Downloading scipy-1.17.1-cp313-cp313-manylinux_2_27_x86_64.manylinux_2_28_x86_64.whl (35.2 MB)
2026-10-07T12:24:34.0065993Z      ━━━━━━━━━━━━━━━━━━━━━━━━━━━━━━━━━━━━━━━━ 35.2/35.2 MB 117.2 MB/s  0:00:00
2026-10-07T12:24:34.0475083Z Collecting threadpoolctl==3.6.0 (from -r tests/requirements-ci.txt (line 788))
2026-10-07T12:24:34.0605441Z   Downloading threadpoolctl-3.6.0-py3-none-any.whl (18 kB)
2026-10-07T12:24:34.0778287Z Collecting voluptuous==0.16.0 (from -r tests/requirements-ci.txt (line 791))
2026-10-07T12:24:34.0909590Z   Downloading voluptuous-0.16.0-py3-none-any.whl (31 kB)
2026-10-07T12:24:34.2873866Z Collecting yarl==1.25.1 (from -r tests/requirements-ci.txt (line 794))
2026-10-07T12:24:34.3006599Z   Downloading yarl-1.25.1-cp313-cp313-manylinux2014_x86_64.manylinux_2_17_x86_64.manylinux_2_28_x86_64.whl (117 kB)
2026-10-07T12:24:34.3197959Z Building wheels for collected packages: pyyaml
2026-10-07T12:24:34.3203776Z   Building wheel for pyyaml (pyproject.toml): started
2026-10-07T12:24:35.7506314Z   Building wheel for pyyaml (pyproject.toml): finished with status 'done'
2026-10-07T12:24:35.7510868Z   Created wheel for pyyaml: filename=pyyaml-6.0.1-cp313-cp313-linux_x86_64.whl size=45459 sha256=6bd3fc800ddfa8877fb72394449cd5727b1299678571812954dd51f16acdfb33
2026-10-07T12:24:35.7512144Z   Stored in directory: /home/runner/.cache/pip/wheels/9c/9e/34/1e1548811b63a9d001469f21797e8b7d5c216d8eb928e7d6ad
2026-10-07T12:24:35.7525005Z Successfully built pyyaml
2026-10-07T12:24:35.7866036Z Installing collected packages: voluptuous, threadpoolctl, pyyaml, propcache, numpy, multidict, idna, frozenlist, attrs, aiohappyeyeballs, yarl, scipy, aiosignal, aiohttp
2026-10-07T12:24:40.6238929Z 
2026-10-07T12:24:40.6253358Z Successfully installed aiohappyeyeballs-2.7.1 aiohttp-3.14.3 aiosignal-1.4.0 attrs-26.1.0 frozenlist-1.8.0 idna-3.20 multidict-6.9.1 numpy-2.4.6 propcache-0.5.4 pyyaml-6.0.1 scipy-1.17.1 threadpoolctl-3.6.0 voluptuous-0.16.0 yarl-1.25.1
2026-10-07T12:24:40.7518083Z ##[group]Run sudo apt-get update && sudo apt-get install -y strace
2026-10-07T12:24:40.7518365Z [36;1msudo apt-get update && sudo apt-get install -y strace[0m
2026-10-07T12:24:40.7571169Z shell: /usr/bin/bash -e {0}
2026-10-07T12:24:40.7571304Z env:
2026-10-07T12:24:40.7571411Z   DOCS_ONLY_FAST: false
2026-10-07T12:24:40.7571575Z   pythonLocation: /opt/hostedtoolcache/Python/3.13.16/x64
2026-10-07T12:24:40.7571816Z   PKG_CONFIG_PATH: /opt/hostedtoolcache/Python/3.13.16/x64/lib/pkgconfig
2026-10-07T12:24:40.7572044Z   Python_ROOT_DIR: /opt/hostedtoolcache/Python/3.13.16/x64
2026-10-07T12:24:40.7572254Z   Python2_ROOT_DIR: /opt/hostedtoolcache/Python/3.13.16/x64
2026-10-07T12:24:40.7572460Z   Python3_ROOT_DIR: /opt/hostedtoolcache/Python/3.13.16/x64
2026-10-07T12:24:40.7572665Z   LD_LIBRARY_PATH: /opt/hostedtoolcache/Python/3.13.16/x64/lib
2026-10-07T12:24:40.7572840Z ##[endgroup]
2026-10-07T12:24:40.8246972Z Get:1 file:/etc/apt/apt-mirrors.txt Mirrorlist [144 B]
2026-10-07T12:24:40.8686496Z Get:6 https://packages.microsoft.com/ubuntu/24.04/prod noble InRelease [3600 B]
2026-10-07T12:24:40.9260283Z Get:7 https://packages.microsoft.com/ubuntu/24.04/prod noble/main arm64 Packages [463 kB]
2026-10-07T12:24:40.9451611Z Get:8 https://packages.microsoft.com/ubuntu/24.04/prod noble/main amd64 Packages [519 kB]
2026-10-07T12:24:40.9830619Z Hit:2 http://azure.archive.ubuntu.com/ubuntu noble InRelease
2026-10-07T12:24:40.9838433Z Get:3 http://azure.archive.ubuntu.com/ubuntu noble-updates InRelease [126 kB]
2026-10-07T12:24:40.9872202Z Get:4 http://azure.archive.ubuntu.com/ubuntu noble-backports InRelease [126 kB]
2026-10-07T12:24:40.9884531Z Get:5 http://azure.archive.ubuntu.com/ubuntu noble-security InRelease [126 kB]
2026-10-07T12:24:41.0707051Z Get:9 http://azure.archive.ubuntu.com/ubuntu noble-updates/main amd64 Packages [1375 kB]
2026-10-07T12:24:41.0798999Z Get:10 http://azure.archive.ubuntu.com/ubuntu noble-updates/main Translation-en [306 kB]
2026-10-07T12:24:41.0806461Z Get:11 http://azure.archive.ubuntu.com/ubuntu noble-updates/universe amd64 Packages [1702 kB]
2026-10-07T12:24:41.0914255Z Get:12 http://azure.archive.ubuntu.com/ubuntu noble-updates/universe Translation-en [341 kB]
2026-10-07T12:24:41.0921219Z Get:13 http://azure.archive.ubuntu.com/ubuntu noble-updates/restricted amd64 Packages [1730 kB]
2026-10-07T12:24:41.1000032Z Get:14 http://azure.archive.ubuntu.com/ubuntu noble-updates/restricted Translation-en [396 kB]
2026-10-07T12:24:41.1020573Z Get:15 http://azure.archive.ubuntu.com/ubuntu noble-updates/multiverse Translation-en [13.3 kB]
2026-10-07T12:24:41.1596099Z Get:16 http://azure.archive.ubuntu.com/ubuntu noble-security/main amd64 Packages [1073 kB]
2026-10-07T12:24:41.1657412Z Get:17 http://azure.archive.ubuntu.com/ubuntu noble-security/main Translation-en [223 kB]
2026-10-07T12:24:41.1673248Z Get:18 http://azure.archive.ubuntu.com/ubuntu noble-security/universe amd64 Packages [1218 kB]
2026-10-07T12:24:41.2164827Z Get:19 http://azure.archive.ubuntu.com/ubuntu noble-security/universe Translation-en [245 kB]
2026-10-07T12:24:41.2177907Z Get:20 http://azure.archive.ubuntu.com/ubuntu noble-security/multiverse Translation-en [11.6 kB]
2026-10-07T12:24:46.3882852Z Fetched 9997 kB in 1s (11.5 MB/s)
2026-10-07T12:24:46.9328651Z Reading package lists...
2026-10-07T12:24:46.9561143Z Reading package lists...
2026-10-07T12:24:47.1258402Z Building dependency tree...
2026-10-07T12:24:47.1263618Z Reading state information...
2026-10-07T12:24:47.3703257Z strace is already the newest version (6.8-0ubuntu2).
2026-10-07T12:24:47.3703537Z strace set to manually installed.
2026-10-07T12:24:47.3703775Z 0 upgraded, 0 newly installed, 0 to remove and 10 not upgraded.
2026-10-07T12:24:47.3802560Z ##[group]Run REF=$(git rev-parse --verify --quiet 'HEAD^1^{commit}') || REF=HEAD
2026-10-07T12:24:47.3803058Z [36;1mREF=$(git rev-parse --verify --quiet 'HEAD^1^{commit}') || REF=HEAD[0m
2026-10-07T12:24:47.3803484Z [36;1m# --record-only, on both paths: merging here would overwrite the[0m
2026-10-07T12:24:47.3803918Z [36;1m# committed tests/closures.json with what this run just measured, and[0m
2026-10-07T12:24:47.3804330Z [36;1m# the check below would then compare the file against itself.[0m
2026-10-07T12:24:47.3804677Z [36;1mif [ "$SCOPE_CASE" = "scoped" ]; then[0m
2026-10-07T12:24:47.3804994Z [36;1m  printf '%s\n' "$SCOPE_SCRIPTS" > "$RUNNER_TEMP/rederive.txt"[0m
2026-10-07T12:24:47.3805536Z [36;1m  echo "Scoped re-derive; every other closure is left as committed:"[0m
2026-10-07T12:24:47.3805887Z [36;1m  cat "$RUNNER_TEMP/rederive.txt"[0m
2026-10-07T12:24:47.3806078Z [36;1m  while read -r s; do[0m
2026-10-07T12:24:47.3806250Z [36;1m    [ -n "$s" ] || continue[0m
2026-10-07T12:24:47.3806425Z [36;1m    GOLDEN_REF="$REF" ./tests/derive_closures.sh \[0m
2026-10-07T12:24:47.3806654Z [36;1m      --single "$s" --out-dir "$RUNNER_TEMP/closures" --record-only[0m
2026-10-07T12:24:47.3806867Z [36;1m  done < "$RUNNER_TEMP/rederive.txt"[0m
2026-10-07T12:24:47.3807017Z [36;1melse[0m
2026-10-07T12:24:47.3807155Z [36;1m  GOLDEN_REF="$REF" ./tests/derive_closures.sh \[0m
2026-10-07T12:24:47.3807358Z [36;1m    --out-dir "$RUNNER_TEMP/closures" --record-only[0m
2026-10-07T12:24:47.3807532Z [36;1mfi[0m
2026-10-07T12:24:47.3859198Z shell: /usr/bin/bash -e {0}
2026-10-07T12:24:47.3859334Z env:
2026-10-07T12:24:47.3859441Z   DOCS_ONLY_FAST: false
2026-10-07T12:24:47.3859607Z   pythonLocation: /opt/hostedtoolcache/Python/3.13.16/x64
2026-10-07T12:24:47.3859843Z   PKG_CONFIG_PATH: /opt/hostedtoolcache/Python/3.13.16/x64/lib/pkgconfig
2026-10-07T12:24:47.3860079Z   Python_ROOT_DIR: /opt/hostedtoolcache/Python/3.13.16/x64
2026-10-07T12:24:47.3860296Z   Python2_ROOT_DIR: /opt/hostedtoolcache/Python/3.13.16/x64
2026-10-07T12:24:47.3860503Z   Python3_ROOT_DIR: /opt/hostedtoolcache/Python/3.13.16/x64
2026-10-07T12:24:47.3860714Z   LD_LIBRARY_PATH: /opt/hostedtoolcache/Python/3.13.16/x64/lib
2026-10-07T12:24:47.3860890Z   OMP_NUM_THREADS: 1
2026-10-07T12:24:47.3861013Z   OPENBLAS_NUM_THREADS: 1
2026-10-07T12:24:47.3861135Z   MKL_NUM_THREADS: 1
2026-10-07T12:24:47.3861246Z   SCOPE_CASE: 
2026-10-07T12:24:47.3861353Z   SCOPE_SCRIPTS: 
2026-10-07T12:24:47.3861464Z ##[endgroup]
2026-10-07T12:24:47.4080660Z   [12:24:47] record tests/stress.py 
2026-10-07T12:24:47.4082248Z   [12:24:47] record tests/block_duty.py 
2026-10-07T12:24:47.4083266Z   [12:24:47] record tests/features.py 
2026-10-07T12:24:49.8773779Z   [12:24:49] done   tests/block_duty.py (exit 0)
2026-10-07T12:24:49.8788488Z   [12:24:49] record tests/doc_claims.py 
2026-10-07T12:24:56.6451520Z   [12:24:56] done   tests/doc_claims.py (exit 0)
2026-10-07T12:24:56.6463631Z   [12:24:56] record tests/md_tables.mjs 
2026-10-07T12:24:56.8791967Z   [12:24:56] done   tests/md_tables.mjs (exit 0)
2026-10-07T12:24:56.8805668Z   [12:24:56] record tests/wood_advisor.py 
2026-10-07T12:24:58.3407384Z   [12:24:58] done   tests/wood_advisor.py (exit 0)
2026-10-07T12:24:58.3420566Z   [12:24:58] record tests/config_flow_steps.py 
2026-10-07T12:25:17.7664403Z   [12:25:17] done   tests/config_flow_steps.py (exit 0)
2026-10-07T12:25:17.7677350Z   [12:25:17] record tests/structure.py 
2026-10-07T12:25:26.1507410Z   [12:25:26] done   tests/structure.py (exit 0)
2026-10-07T12:25:26.1518583Z   [12:25:26] record tests/arch_score.py --smoke
2026-10-07T12:28:57.6420211Z   [12:28:57] done   tests/arch_score.py (exit 0)
2026-10-07T12:28:57.6434130Z   [12:28:57] record tests/arch_score_head.py 
2026-10-07T12:29:26.1012518Z   [12:29:26] done   tests/arch_score_head.py (exit 0)
2026-10-07T12:29:26.1027827Z   [12:29:26] record tests/typing_ruler.py 
2026-10-07T12:29:26.6992611Z   [12:29:26] done   tests/typing_ruler.py (exit 0)
2026-10-07T12:29:26.7008752Z   [12:29:26] record tests/edge.py 
2026-10-07T12:29:49.9979458Z   [12:29:49] done   tests/edge.py (exit 0)
2026-10-07T12:29:49.9993448Z   [12:29:49] record tests/validate.py 
2026-10-07T12:30:13.1162429Z   [12:30:13] done   tests/validate.py (exit 0)
2026-10-07T12:30:13.1180526Z   [12:30:13] record tests/backtest.py 
2026-10-07T12:31:38.6015816Z   [12:31:38] done   tests/backtest.py (exit 0)
2026-10-07T12:31:38.6027706Z   [12:31:38] record tests/boost_drift_replay.py 
2026-10-07T12:31:44.7694364Z   [12:31:44] done   tests/features.py (exit 0)
2026-10-07T12:31:44.7709337Z   [12:31:44] record tests/entities.py 
2026-10-07T12:33:02.5377589Z   [12:33:02] done   tests/stress.py (exit 0)
2026-10-07T12:35:39.3752823Z   [12:35:39] done   tests/entities.py (exit 0)
2026-10-07T12:41:48.3061181Z   [12:41:48] done   tests/boost_drift_replay.py (exit 0)
2026-10-07T12:41:48.3073099Z   [12:41:48] record tests/ha_contract.py 
2026-10-07T12:41:48.8336125Z   [12:41:48] done   tests/ha_contract.py (exit 0)
2026-10-07T12:41:48.8346875Z   [12:41:48] record tests/manual_plan.py 
2026-10-07T12:41:54.8235426Z   [12:41:54] done   tests/manual_plan.py (exit 0)
2026-10-07T12:41:54.8246497Z   [12:41:54] record tests/open_meteo.py 
2026-10-07T12:41:55.3465645Z   [12:41:55] done   tests/open_meteo.py (exit 0)
2026-10-07T12:41:55.3475462Z   [12:41:55] record tests/solar_alignment.py 
2026-10-07T12:41:56.5369768Z   [12:41:56] done   tests/solar_alignment.py (exit 0)
2026-10-07T12:41:56.5379515Z   [12:41:56] record tests/guard_pins.py 
2026-10-07T12:41:57.6770008Z   [12:41:57] done   tests/guard_pins.py (exit 0)
2026-10-07T12:41:57.6780412Z   [12:41:57] record tests/finite_boundary.py 
2026-10-07T12:42:48.9389177Z   [12:42:48] done   tests/finite_boundary.py (exit 0)
2026-10-07T12:42:48.9398389Z   [12:42:48] record tests/harness_headers.py 
2026-10-07T12:44:58.7205136Z   [12:44:58] done   tests/harness_headers.py (exit 0)
2026-10-07T12:44:58.7214714Z   [12:44:58] record tests/layout.py 
2026-10-07T12:45:07.0852085Z   [12:45:07] done   tests/layout.py (exit 0)
2026-10-07T12:45:07.0862885Z   [12:45:07] record tests/deployment_shape.py 
2026-10-07T12:45:09.7754017Z   [12:45:09] done   tests/deployment_shape.py (exit 0)
2026-10-07T12:45:09.7763664Z   [12:45:09] record tests/optimality.py 
2026-10-07T12:46:48.7025131Z   [12:46:48] done   tests/optimality.py (exit 0)
2026-10-07T12:46:48.7035331Z   [12:46:48] record tests/dst_checks.py 
2026-10-07T12:47:39.9575426Z   [12:47:39] done   tests/dst_checks.py (exit 0)
2026-10-07T12:47:39.9585417Z   [12:47:39] record tests/golden.py --only __no_such_scenario__
2026-10-07T12:47:40.8515155Z   [12:47:40] done   tests/golden.py (exit 0)
2026-10-07T12:47:40.8526238Z   [12:47:40] record tests/env_drift.py --cache-key c494f5f5d42ce1015cac393439fb770681160134 --all
2026-10-07T12:47:41.7839378Z   [12:47:41] done   tests/env_drift.py (exit 0)
2026-10-07T12:47:41.7849705Z   [12:47:41] record tests/plan_view.py 
2026-10-07T12:47:43.1437137Z   [12:47:43] done   tests/plan_view.py (exit 0)
2026-10-07T12:47:43.1447071Z   [12:47:43] record tests/frontend.py 
2026-10-07T12:47:43.4114407Z   [12:47:43] done   tests/frontend.py (exit 0)
2026-10-07T12:47:43.4124191Z   [12:47:43] record tests/card.mjs 
2026-10-07T12:47:55.2728266Z   [12:47:55] done   tests/card.mjs (exit 0)
2026-10-07T12:47:55.2738998Z   [12:47:55] record tests/card_drift.mjs 
2026-10-07T12:47:58.5789070Z   [12:47:58] done   tests/card_drift.mjs (exit 0)
2026-10-07T12:47:58.5789769Z 
2026-10-07T12:47:58.5790376Z recorded into /home/runner/work/_temp/closures; tests/closures.json left untouched (--record-only)
2026-10-07T12:47:58.5825162Z ##[group]Run # --partial drops one check and one only: "a selectable script with
2026-10-07T12:47:58.5825704Z [36;1m# --partial drops one check and one only: "a selectable script with[0m
2026-10-07T12:47:58.5825989Z [36;1m# no recording at all", which a scoped re-derive fails by[0m
2026-10-07T12:47:58.5826257Z [36;1m# construction. The under-approximation comparison -- the thing this[0m
2026-10-07T12:47:58.5826528Z [36;1m# job exists for -- is identical on both paths. The output goes to[0m
2026-10-07T12:47:58.5826785Z [36;1m# check.txt in the uploaded recordings: closures-autofix runs the[0m
2026-10-07T12:47:58.5827047Z [36;1m# base's closure.py, and reddens where this one printed UNDER-SCOPED[0m
2026-10-07T12:47:58.5827262Z [36;1m# and that one did not (#1846).[0m
2026-10-07T12:47:58.5827421Z [36;1mset -o pipefail[0m
2026-10-07T12:47:58.5827569Z [36;1mif [ "$SCOPE_CASE" = "scoped" ]; then[0m
2026-10-07T12:47:58.5827928Z [36;1m  python -u tests/closure.py check --in-dir "$RUNNER_TEMP/closures" --partial 2>&1 | tee "$RUNNER_TEMP/closures/check.txt"[0m
2026-10-07T12:47:58.5828236Z [36;1melse[0m
2026-10-07T12:47:58.5828492Z [36;1m  python -u tests/closure.py check --in-dir "$RUNNER_TEMP/closures" 2>&1 | tee "$RUNNER_TEMP/closures/check.txt"[0m
2026-10-07T12:47:58.5828789Z [36;1mfi[0m
2026-10-07T12:47:58.5884576Z shell: /usr/bin/bash -e {0}
2026-10-07T12:47:58.5884723Z env:
2026-10-07T12:47:58.5884842Z   DOCS_ONLY_FAST: false
2026-10-07T12:47:58.5885017Z   pythonLocation: /opt/hostedtoolcache/Python/3.13.16/x64
2026-10-07T12:47:58.5885372Z   PKG_CONFIG_PATH: /opt/hostedtoolcache/Python/3.13.16/x64/lib/pkgconfig
2026-10-07T12:47:58.5885613Z   Python_ROOT_DIR: /opt/hostedtoolcache/Python/3.13.16/x64
2026-10-07T12:47:58.5885831Z   Python2_ROOT_DIR: /opt/hostedtoolcache/Python/3.13.16/x64
2026-10-07T12:47:58.5886049Z   Python3_ROOT_DIR: /opt/hostedtoolcache/Python/3.13.16/x64
2026-10-07T12:47:58.5886266Z   LD_LIBRARY_PATH: /opt/hostedtoolcache/Python/3.13.16/x64/lib
2026-10-07T12:47:58.5886477Z   PYTHONPATH: tests/hastub
2026-10-07T12:47:58.5886608Z   SCOPE_CASE: 
2026-10-07T12:47:58.5886724Z ##[endgroup]
2026-10-07T12:47:58.6869167Z INERT READS UNDER-APPROXIMATED: a recording opened an INERT file the
2026-10-07T12:47:58.6869544Z   committed `inert_reads` does not list for it; the merge fast path
2026-10-07T12:47:58.6869825Z   would treat a change to it as unread (R9-F10.9d). Re-derive:
2026-10-07T12:47:58.6870064Z   ./tests/derive_closures.sh --single <script>
2026-10-07T12:47:58.6870319Z     tests/harness_headers.py: tools/audit/harnesses/eg_b7_seam_hubs.py
2026-10-07T12:47:58.6953789Z ##[error]Process completed with exit code 1.
2026-10-07T12:47:58.7049067Z Post job cleanup.
2026-10-07T12:47:58.7624630Z [command]/usr/bin/git version
2026-10-07T12:47:58.7658395Z git version 2.55.0
2026-10-07T12:47:58.7682145Z Temporarily overriding HOME='/home/runner/work/_temp/fa18e2ea-aafb-47b0-afe2-094a5229ce31' before making global git config changes
2026-10-07T12:47:58.7683067Z Adding repository directory to the temporary git global config as a safe directory
2026-10-07T12:47:58.7685737Z [command]/usr/bin/git config --global --add safe.directory /home/runner/work/heatpump_optimizer/heatpump_optimizer
2026-10-07T12:47:58.7724329Z [command]/usr/bin/git config --local --name-only --get-regexp core\.sshCommand
2026-10-07T12:47:58.7757339Z [command]/usr/bin/git submodule foreach --recursive sh -c "git config --local --name-only --get-regexp 'core\.sshCommand' && git config --local --unset-all 'core.sshCommand' || :"
2026-10-07T12:47:58.7962934Z [command]/usr/bin/git config --local --name-only --get-regexp http\.https\:\/\/github\.com\/\.extraheader
2026-10-07T12:47:58.7986612Z http.https://github.com/.extraheader
2026-10-07T12:47:58.7996203Z [command]/usr/bin/git config --local --unset-all http.https://github.com/.extraheader
2026-10-07T12:47:58.8026249Z [command]/usr/bin/git submodule foreach --recursive sh -c "git config --local --name-only --get-regexp 'http\.https\:\/\/github\.com\/\.extraheader' && git config --local --unset-all 'http.https://github.com/.extraheader' || :"
2026-10-07T12:47:58.8248284Z [command]/usr/bin/git config --local --name-only --get-regexp ^includeIf\.gitdir:
2026-10-07T12:47:58.8281613Z [command]/usr/bin/git submodule foreach --recursive git config --local --show-origin --name-only --get-regexp remote.origin.url
2026-10-07T12:47:58.8619760Z Cleaning up orphan processes
