2026-10-08T11:15:51.3049355Z Current runner version: '2.337.0'
2026-10-08T11:15:51.3083944Z ##[group]Runner Image Provisioner
2026-10-08T11:15:51.3085291Z Hosted Compute Agent
2026-10-08T11:15:51.3086685Z Version: 20260901.588
2026-10-08T11:15:51.3087778Z Commit: f88ec8081b781fac6c440065ac7ff9e710ce3d0b
2026-10-08T11:15:51.3089031Z Build Date: 2026-09-01T19:56:44Z
2026-10-08T11:15:51.3090229Z Worker ID: {0fd34511-51f5-4c44-98e0-fc69aed8f83d}
2026-10-08T11:15:51.3091447Z Azure Region: eastus
2026-10-08T11:15:51.3092453Z ##[endgroup]
2026-10-08T11:15:51.3094824Z ##[group]Operating System
2026-10-08T11:15:51.3096387Z Ubuntu
2026-10-08T11:15:51.3097383Z 24.04.5
2026-10-08T11:15:51.3098179Z LTS
2026-10-08T11:15:51.3099245Z ##[endgroup]
2026-10-08T11:15:51.3100262Z ##[group]Runner Image
2026-10-08T11:15:51.3101238Z Image: ubuntu-24.04
2026-10-08T11:15:51.3102225Z Version: 20260927.320.1
2026-10-08T11:15:51.3104355Z Included Software: https://github.com/actions/runner-images/blob/ubuntu24/20260927.320/images/ubuntu/Ubuntu2404-Readme.md
2026-10-08T11:15:51.3107463Z Image Release: https://github.com/actions/runner-images/releases/tag/ubuntu24%2F20260927.320
2026-10-08T11:15:51.3109104Z ##[endgroup]
2026-10-08T11:15:51.3111211Z ##[group]GITHUB_TOKEN Permissions
2026-10-08T11:15:51.3114248Z Contents: read
2026-10-08T11:15:51.3115281Z Metadata: read
2026-10-08T11:15:51.3116504Z ##[endgroup]
2026-10-08T11:15:51.3119517Z Secret source: Actions
2026-10-08T11:15:51.3120983Z Cache mode: write
2026-10-08T11:15:51.3122188Z Prepare workflow directory
2026-10-08T11:15:51.3900914Z Prepare all required actions
2026-10-08T11:15:51.3973568Z Getting action download info
2026-10-08T11:15:51.5975803Z Download action repository 'actions/checkout@fbc6f3992d24b796d5a048ff273f7fcc4a7b6c09' (SHA:fbc6f3992d24b796d5a048ff273f7fcc4a7b6c09)
2026-10-08T11:15:51.7151574Z Download action repository 'actions/setup-python@ece7cb06caefa5fff74198d8649806c4678c61a1' (SHA:ece7cb06caefa5fff74198d8649806c4678c61a1)
2026-10-08T11:15:51.8207736Z Download action repository 'actions/setup-node@a0853c24544627f65ddf259abe73b1d18a591444' (SHA:a0853c24544627f65ddf259abe73b1d18a591444)
2026-10-08T11:15:51.9413757Z Download action repository 'actions/upload-artifact@b7c566a772e6b6bfb58ed0dc250532a479d7789f' (SHA:b7c566a772e6b6bfb58ed0dc250532a479d7789f)
2026-10-08T11:15:52.1790769Z Complete job name: closures
2026-10-08T11:15:52.2586309Z ##[group]Run actions/checkout@fbc6f3992d24b796d5a048ff273f7fcc4a7b6c09
2026-10-08T11:15:52.2587600Z with:
2026-10-08T11:15:52.2588064Z   fetch-depth: 0
2026-10-08T11:15:52.2588576Z   repository: tvofi/heatpump_optimizer
2026-10-08T11:15:52.2595882Z   token: ***
2026-10-08T11:15:52.2596827Z   ssh-strict: true
2026-10-08T11:15:52.2597767Z   ssh-user: git
2026-10-08T11:15:52.2598700Z   persist-credentials: true
2026-10-08T11:15:52.2599737Z   clean: true
2026-10-08T11:15:52.2600649Z   sparse-checkout-cone-mode: true
2026-10-08T11:15:52.2601749Z   fetch-tags: false
2026-10-08T11:15:52.2602639Z   show-progress: true
2026-10-08T11:15:52.2603507Z   lfs: false
2026-10-08T11:15:52.2604371Z   submodules: false
2026-10-08T11:15:52.2605363Z   set-safe-directory: true
2026-10-08T11:15:52.2606966Z   allow-unsafe-pr-checkout: false
2026-10-08T11:15:52.2608212Z env:
2026-10-08T11:15:52.2608774Z   DOCS_ONLY_FAST: false
2026-10-08T11:15:52.2609402Z ##[endgroup]
2026-10-08T11:15:52.3746417Z Syncing repository: tvofi/heatpump_optimizer
2026-10-08T11:15:52.3749277Z ##[group]Getting Git version info
2026-10-08T11:15:52.3750743Z Working directory is '/home/runner/work/heatpump_optimizer/heatpump_optimizer'
2026-10-08T11:15:52.3752770Z [command]/usr/bin/git version
2026-10-08T11:15:52.3846453Z git version 2.55.0
2026-10-08T11:15:52.3930478Z ##[endgroup]
2026-10-08T11:15:52.3938741Z Temporarily overriding HOME='/home/runner/work/_temp/c015db21-0024-4f40-a05f-405449b01925' before making global git config changes
2026-10-08T11:15:52.3941596Z Adding repository directory to the temporary git global config as a safe directory
2026-10-08T11:15:52.3944193Z [command]/usr/bin/git config --global --add safe.directory /home/runner/work/heatpump_optimizer/heatpump_optimizer
2026-10-08T11:15:52.3994976Z Deleting the contents of '/home/runner/work/heatpump_optimizer/heatpump_optimizer'
2026-10-08T11:15:52.3999807Z ##[group]Initializing the repository
2026-10-08T11:15:52.4004200Z [command]/usr/bin/git init /home/runner/work/heatpump_optimizer/heatpump_optimizer
2026-10-08T11:15:52.4130885Z hint: Using 'master' as the name for the initial branch. This default branch name
2026-10-08T11:15:52.4135758Z hint: will change to "main" in Git 3.0. To configure the initial branch name
2026-10-08T11:15:52.4137590Z hint: to use in all of your new repositories, which will suppress this warning,
2026-10-08T11:15:52.4139031Z hint: call:
2026-10-08T11:15:52.4139806Z hint:
2026-10-08T11:15:52.4140768Z hint: 	git config --global init.defaultBranch <name>
2026-10-08T11:15:52.4141904Z hint:
2026-10-08T11:15:52.4142935Z hint: Names commonly chosen instead of 'master' are 'main', 'trunk' and
2026-10-08T11:15:52.4144698Z hint: 'development'. The just-created branch can be renamed via this command:
2026-10-08T11:15:52.4146589Z hint:
2026-10-08T11:15:52.4147332Z hint: 	git branch -m <name>
2026-10-08T11:15:52.4148185Z hint:
2026-10-08T11:15:52.4149376Z hint: Disable this message with "git config set advice.defaultBranchName false"
2026-10-08T11:15:52.4151018Z Initialized empty Git repository in /home/runner/work/heatpump_optimizer/heatpump_optimizer/.git/
2026-10-08T11:15:52.4154431Z [command]/usr/bin/git remote add origin https://github.com/tvofi/heatpump_optimizer
2026-10-08T11:15:52.4197899Z ##[endgroup]
2026-10-08T11:15:52.4199273Z ##[group]Disabling automatic garbage collection
2026-10-08T11:15:52.4201509Z [command]/usr/bin/git config --local gc.auto 0
2026-10-08T11:15:52.4235787Z ##[endgroup]
2026-10-08T11:15:52.4237372Z ##[group]Setting up auth
2026-10-08T11:15:52.4243036Z [command]/usr/bin/git config --local --name-only --get-regexp core\.sshCommand
2026-10-08T11:15:52.4309624Z [command]/usr/bin/git submodule foreach --recursive sh -c "git config --local --name-only --get-regexp 'core\.sshCommand' && git config --local --unset-all 'core.sshCommand' || :"
2026-10-08T11:15:52.4698576Z [command]/usr/bin/git config --local --name-only --get-regexp http\.https\:\/\/github\.com\/\.extraheader
2026-10-08T11:15:52.4734791Z [command]/usr/bin/git submodule foreach --recursive sh -c "git config --local --name-only --get-regexp 'http\.https\:\/\/github\.com\/\.extraheader' && git config --local --unset-all 'http.https://github.com/.extraheader' || :"
2026-10-08T11:15:52.4969803Z [command]/usr/bin/git config --local --name-only --get-regexp ^includeIf\.gitdir:
2026-10-08T11:15:52.5010171Z [command]/usr/bin/git submodule foreach --recursive git config --local --show-origin --name-only --get-regexp remote.origin.url
2026-10-08T11:15:52.5251735Z [command]/usr/bin/git config --local http.https://github.com/.extraheader AUTHORIZATION: basic ***
2026-10-08T11:15:52.5296563Z ##[endgroup]
2026-10-08T11:15:52.5297517Z ##[group]Fetching the repository
2026-10-08T11:15:52.5308069Z [command]/usr/bin/git -c protocol.version=2 fetch --prune --no-recurse-submodules origin +refs/heads/*:refs/remotes/origin/* +refs/tags/*:refs/tags/*
2026-10-08T11:15:59.4654618Z From https://github.com/tvofi/heatpump_optimizer
2026-10-08T11:15:59.4658063Z  * [new branch]        bus/approvals           -> origin/bus/approvals
2026-10-08T11:15:59.4659584Z  * [new branch]        cursor/r9-eg-entry-config-9aac -> origin/cursor/r9-eg-entry-config-9aac
2026-10-08T11:15:59.4661029Z  * [new branch]        cursor/r9-sw-1-resume-826f -> origin/cursor/r9-sw-1-resume-826f
2026-10-08T11:15:59.4662545Z  * [new branch]        cursor/r9-sw-2-actuation-6d19 -> origin/cursor/r9-sw-2-actuation-6d19
2026-10-08T11:15:59.4741247Z  * [new branch]        fix/r9-ci-2a-pr         -> origin/fix/r9-ci-2a-pr
2026-10-08T11:15:59.4742053Z  * [new branch]        fix/r9-eg-entry-config  -> origin/fix/r9-eg-entry-config
2026-10-08T11:15:59.4742707Z  * [new branch]        fix/r9-gittmp-pr        -> origin/fix/r9-gittmp-pr
2026-10-08T11:15:59.4743693Z  * [new branch]        fix/r9-nightly-ha-pr    -> origin/fix/r9-nightly-ha-pr
2026-10-08T11:15:59.4744304Z  * [new branch]        fix/r9-ux-actions       -> origin/fix/r9-ux-actions
2026-10-08T11:15:59.4744845Z  * [new branch]        fix/r9-ux9              -> origin/fix/r9-ux9
2026-10-08T11:15:59.4745415Z  * [new branch]        handoff-body/r9-ci-1    -> origin/handoff-body/r9-ci-1
2026-10-08T11:15:59.4746327Z  * [new branch]        handoff-body/r9-ci-2a   -> origin/handoff-body/r9-ci-2a
2026-10-08T11:15:59.4747038Z  * [new branch]        handoff-body/r9-closures-eg-b7 -> origin/handoff-body/r9-closures-eg-b7
2026-10-08T11:15:59.4747781Z  * [new branch]        handoff-body/r9-dbg-1   -> origin/handoff-body/r9-dbg-1
2026-10-08T11:15:59.4748466Z  * [new branch]        handoff-body/r9-dbg-2   -> origin/handoff-body/r9-dbg-2
2026-10-08T11:15:59.4749075Z  * [new branch]        handoff-body/r9-eg-a4   -> origin/handoff-body/r9-eg-a4
2026-10-08T11:15:59.4749720Z  * [new branch]        handoff-body/r9-eg-b7-harness -> origin/handoff-body/r9-eg-b7-harness
2026-10-08T11:15:59.4750596Z  * [new branch]        handoff-body/r9-eg-coordinator-seams -> origin/handoff-body/r9-eg-coordinator-seams
2026-10-08T11:15:59.4751462Z  * [new branch]        handoff-body/r9-eg-entry-config -> origin/handoff-body/r9-eg-entry-config
2026-10-08T11:15:59.4752264Z  * [new branch]        handoff-body/r9-eg-solve-inputs -> origin/handoff-body/r9-eg-solve-inputs
2026-10-08T11:15:59.4753012Z  * [new branch]        handoff-body/r9-fixer-cap -> origin/handoff-body/r9-fixer-cap
2026-10-08T11:15:59.4753684Z  * [new branch]        handoff-body/r9-gittmp  -> origin/handoff-body/r9-gittmp
2026-10-08T11:15:59.4754382Z  * [new branch]        handoff-body/r9-main-closures -> origin/handoff-body/r9-main-closures
2026-10-08T11:15:59.4755148Z  * [new branch]        handoff-body/r9-nightly-bdr -> origin/handoff-body/r9-nightly-bdr
2026-10-08T11:15:59.4756326Z  * [new branch]        handoff-body/r9-nightly-ha -> origin/handoff-body/r9-nightly-ha
2026-10-08T11:15:59.4757862Z  * [new branch]        handoff-body/r9-prepr-selftest -> origin/handoff-body/r9-prepr-selftest
2026-10-08T11:15:59.4759613Z  * [new branch]        handoff-body/r9-rca-1985 -> origin/handoff-body/r9-rca-1985
2026-10-08T11:15:59.4761072Z  * [new branch]        handoff-body/r9-rca-1990 -> origin/handoff-body/r9-rca-1990
2026-10-08T11:15:59.4762467Z  * [new branch]        handoff-body/r9-rca-2004 -> origin/handoff-body/r9-rca-2004
2026-10-08T11:15:59.4764257Z  * [new branch]        handoff-body/r9-rca-bugclasses -> origin/handoff-body/r9-rca-bugclasses
2026-10-08T11:15:59.4766063Z  * [new branch]        handoff-body/r9-rca-stamp-race -> origin/handoff-body/r9-rca-stamp-race
2026-10-08T11:15:59.4767750Z  * [new branch]        handoff-body/r9-rca-stress-recording -> origin/handoff-body/r9-rca-stress-recording
2026-10-08T11:15:59.4769445Z  * [new branch]        handoff-body/r9-record-automerge -> origin/handoff-body/r9-record-automerge
2026-10-08T11:15:59.4770882Z  * [new branch]        handoff-body/r9-record-path -> origin/handoff-body/r9-record-path
2026-10-08T11:15:59.4772487Z  * [new branch]        handoff-body/r9-ro-10   -> origin/handoff-body/r9-ro-10
2026-10-08T11:15:59.4773678Z  * [new branch]        handoff-body/r9-ro-11   -> origin/handoff-body/r9-ro-11
2026-10-08T11:15:59.4774822Z  * [new branch]        handoff-body/r9-ro-12   -> origin/handoff-body/r9-ro-12
2026-10-08T11:15:59.4776208Z  * [new branch]        handoff-body/r9-ro-8    -> origin/handoff-body/r9-ro-8
2026-10-08T11:15:59.4777203Z  * [new branch]        handoff-body/r9-sw-5    -> origin/handoff-body/r9-sw-5
2026-10-08T11:15:59.4777903Z  * [new branch]        handoff-body/r9-sw-actuation -> origin/handoff-body/r9-sw-actuation
2026-10-08T11:15:59.4778712Z  * [new branch]        handoff-body/r9-sw6     -> origin/handoff-body/r9-sw6
2026-10-08T11:15:59.4779388Z  * [new branch]        handoff-body/r9-ux-10   -> origin/handoff-body/r9-ux-10
2026-10-08T11:15:59.4780000Z  * [new branch]        handoff-body/r9-ux-6    -> origin/handoff-body/r9-ux-6
2026-10-08T11:15:59.4780865Z  * [new branch]        handoff-body/r9-ux-7    -> origin/handoff-body/r9-ux-7
2026-10-08T11:15:59.4781529Z  * [new branch]        handoff-body/r9-ux-actions -> origin/handoff-body/r9-ux-actions
2026-10-08T11:15:59.4782191Z  * [new branch]        handoff-body/r9-ux9     -> origin/handoff-body/r9-ux9
2026-10-08T11:15:59.4782799Z  * [new branch]        handoff/audit-r9-alt    -> origin/handoff/audit-r9-alt
2026-10-08T11:15:59.4783465Z  * [new branch]        handoff/audit-r9-evidence -> origin/handoff/audit-r9-evidence
2026-10-08T11:15:59.4784132Z  * [new branch]        handoff/audit-r9-find-B1 -> origin/handoff/audit-r9-find-B1
2026-10-08T11:15:59.4784869Z  * [new branch]        handoff/audit-r9-find-B10 -> origin/handoff/audit-r9-find-B10
2026-10-08T11:15:59.4786026Z  * [new branch]        handoff/audit-r9-find-B2 -> origin/handoff/audit-r9-find-B2
2026-10-08T11:15:59.4786802Z  * [new branch]        handoff/audit-r9-find-B3 -> origin/handoff/audit-r9-find-B3
2026-10-08T11:15:59.4787565Z  * [new branch]        handoff/audit-r9-find-B4 -> origin/handoff/audit-r9-find-B4
2026-10-08T11:15:59.4788309Z  * [new branch]        handoff/audit-r9-find-B5 -> origin/handoff/audit-r9-find-B5
2026-10-08T11:15:59.4789046Z  * [new branch]        handoff/audit-r9-find-B6 -> origin/handoff/audit-r9-find-B6
2026-10-08T11:15:59.4789772Z  * [new branch]        handoff/audit-r9-find-B7 -> origin/handoff/audit-r9-find-B7
2026-10-08T11:15:59.4790497Z  * [new branch]        handoff/audit-r9-find-B8 -> origin/handoff/audit-r9-find-B8
2026-10-08T11:15:59.4791214Z  * [new branch]        handoff/audit-r9-find-B9 -> origin/handoff/audit-r9-find-B9
2026-10-08T11:15:59.4791944Z  * [new branch]        handoff/audit-r9-fixplan -> origin/handoff/audit-r9-fixplan
2026-10-08T11:15:59.4792660Z  * [new branch]        handoff/audit-r9-issues -> origin/handoff/audit-r9-issues
2026-10-08T11:15:59.4793368Z  * [new branch]        handoff/audit-r9-judge  -> origin/handoff/audit-r9-judge
2026-10-08T11:15:59.4794133Z  * [new branch]        handoff/audit-r9-leads  -> origin/handoff/audit-r9-leads
2026-10-08T11:15:59.4794854Z  * [new branch]        handoff/audit-r9-leads-l2 -> origin/handoff/audit-r9-leads-l2
2026-10-08T11:15:59.4796036Z  * [new branch]        handoff/audit-r9-leads-l3 -> origin/handoff/audit-r9-leads-l3
2026-10-08T11:15:59.4796888Z  * [new branch]        handoff/audit-r9-leads-l4 -> origin/handoff/audit-r9-leads-l4
2026-10-08T11:15:59.4797923Z  * [new branch]        handoff/audit-r9-leads-lc -> origin/handoff/audit-r9-leads-lc
2026-10-08T11:15:59.4799152Z  * [new branch]        handoff/audit-r9-plan   -> origin/handoff/audit-r9-plan
2026-10-08T11:15:59.4799915Z  * [new branch]        handoff/audit-r9-register -> origin/handoff/audit-r9-register
2026-10-08T11:15:59.4800667Z  * [new branch]        handoff/audit-r9-runner-1 -> origin/handoff/audit-r9-runner-1
2026-10-08T11:15:59.4801655Z  * [new branch]        handoff/audit-r9-sweep-s1 -> origin/handoff/audit-r9-sweep-s1
2026-10-08T11:15:59.4802530Z  * [new branch]        handoff/audit-r9-sweep-s2 -> origin/handoff/audit-r9-sweep-s2
2026-10-08T11:15:59.4803298Z  * [new branch]        handoff/audit-r9-sweep-s3 -> origin/handoff/audit-r9-sweep-s3
2026-10-08T11:15:59.4804188Z  * [new branch]        handoff/audit-r9-sweep-s4 -> origin/handoff/audit-r9-sweep-s4
2026-10-08T11:15:59.4804963Z  * [new branch]        handoff/audit-r9-sweep-s5 -> origin/handoff/audit-r9-sweep-s5
2026-10-08T11:15:59.4805996Z  * [new branch]        handoff/audit-r9-sweep-s6 -> origin/handoff/audit-r9-sweep-s6
2026-10-08T11:15:59.4806798Z  * [new branch]        handoff/audit-r9-sweep-s7 -> origin/handoff/audit-r9-sweep-s7
2026-10-08T11:15:59.4807637Z  * [new branch]        handoff/audit-r9-verify-g1-v1 -> origin/handoff/audit-r9-verify-g1-v1
2026-10-08T11:15:59.4808511Z  * [new branch]        handoff/audit-r9-verify-g1-v2 -> origin/handoff/audit-r9-verify-g1-v2
2026-10-08T11:15:59.4809447Z  * [new branch]        handoff/audit-r9-verify-g1-v3 -> origin/handoff/audit-r9-verify-g1-v3
2026-10-08T11:15:59.4810771Z  * [new branch]        handoff/audit-r9-verify-g2-v1 -> origin/handoff/audit-r9-verify-g2-v1
2026-10-08T11:15:59.4811898Z  * [new branch]        handoff/audit-r9-verify-g2-v2 -> origin/handoff/audit-r9-verify-g2-v2
2026-10-08T11:15:59.4813555Z  * [new branch]        handoff/audit-r9-verify-g2-v3 -> origin/handoff/audit-r9-verify-g2-v3
2026-10-08T11:15:59.4814952Z  * [new branch]        handoff/audit-r9-verify-g3-v1 -> origin/handoff/audit-r9-verify-g3-v1
2026-10-08T11:15:59.4816725Z  * [new branch]        handoff/audit-r9-verify-g3-v2 -> origin/handoff/audit-r9-verify-g3-v2
2026-10-08T11:15:59.4818104Z  * [new branch]        handoff/audit-r9-verify-g3-v3 -> origin/handoff/audit-r9-verify-g3-v3
2026-10-08T11:15:59.4818929Z  * [new branch]        handoff/audit-r9-verify-g4-v1 -> origin/handoff/audit-r9-verify-g4-v1
2026-10-08T11:15:59.4819767Z  * [new branch]        handoff/audit-r9-verify-g4-v2 -> origin/handoff/audit-r9-verify-g4-v2
2026-10-08T11:15:59.4820584Z  * [new branch]        handoff/audit-r9-verify-g4-v3 -> origin/handoff/audit-r9-verify-g4-v3
2026-10-08T11:15:59.4821313Z  * [new branch]        handoff/r9-ci-1         -> origin/handoff/r9-ci-1
2026-10-08T11:15:59.4821944Z  * [new branch]        handoff/r9-ci-2a        -> origin/handoff/r9-ci-2a
2026-10-08T11:15:59.4822577Z  * [new branch]        handoff/r9-ci-2b        -> origin/handoff/r9-ci-2b
2026-10-08T11:15:59.4823265Z  * [new branch]        handoff/r9-closures-eg-b7 -> origin/handoff/r9-closures-eg-b7
2026-10-08T11:15:59.4823937Z  * [new branch]        handoff/r9-dbg-0        -> origin/handoff/r9-dbg-0
2026-10-08T11:15:59.4824563Z  * [new branch]        handoff/r9-dbg-1        -> origin/handoff/r9-dbg-1
2026-10-08T11:15:59.4825231Z  * [new branch]        handoff/r9-dbg-2        -> origin/handoff/r9-dbg-2
2026-10-08T11:15:59.4826338Z  * [new branch]        handoff/r9-dbg-3        -> origin/handoff/r9-dbg-3
2026-10-08T11:15:59.4826995Z  * [new branch]        handoff/r9-diag-1       -> origin/handoff/r9-diag-1
2026-10-08T11:15:59.4827669Z  * [new branch]        handoff/r9-diag-2s      -> origin/handoff/r9-diag-2s
2026-10-08T11:15:59.4828308Z  * [new branch]        handoff/r9-eg-a4        -> origin/handoff/r9-eg-a4
2026-10-08T11:15:59.4828975Z  * [new branch]        handoff/r9-eg-archscore -> origin/handoff/r9-eg-archscore
2026-10-08T11:15:59.4829812Z  * [new branch]        handoff/r9-eg-b0        -> origin/handoff/r9-eg-b0
2026-10-08T11:15:59.4830503Z  * [new branch]        handoff/r9-eg-b7-harness -> origin/handoff/r9-eg-b7-harness
2026-10-08T11:15:59.4831368Z  * [new branch]        handoff/r9-eg-collaborator-interfaces -> origin/handoff/r9-eg-collaborator-interfaces
2026-10-08T11:15:59.4832283Z  * [new branch]        handoff/r9-eg-coordinator-seams -> origin/handoff/r9-eg-coordinator-seams
2026-10-08T11:15:59.4833190Z  * [new branch]        handoff/r9-eg-dhw-closure-dedupe-v2 -> origin/handoff/r9-eg-dhw-closure-dedupe-v2
2026-10-08T11:15:59.4834012Z  * [new branch]        handoff/r9-eg-dhw-planner -> origin/handoff/r9-eg-dhw-planner
2026-10-08T11:15:59.4834743Z  * [new branch]        handoff/r9-eg-entry-config -> origin/handoff/r9-eg-entry-config
2026-10-08T11:15:59.4835458Z  * [new branch]        handoff/r9-eg-one-copy  -> origin/handoff/r9-eg-one-copy
2026-10-08T11:15:59.4836494Z  * [new branch]        handoff/r9-eg-param-objects -> origin/handoff/r9-eg-param-objects
2026-10-08T11:15:59.4837255Z  * [new branch]        handoff/r9-eg-register-fold -> origin/handoff/r9-eg-register-fold
2026-10-08T11:15:59.4837991Z  * [new branch]        handoff/r9-eg-solve-inputs -> origin/handoff/r9-eg-solve-inputs
2026-10-08T11:15:59.4838728Z  * [new branch]        handoff/r9-eg-store-version -> origin/handoff/r9-eg-store-version
2026-10-08T11:15:59.4839528Z  * [new branch]        handoff/r9-eg-surface-identity -> origin/handoff/r9-eg-surface-identity
2026-10-08T11:15:59.4840309Z  * [new branch]        handoff/r9-eg-typed-payload -> origin/handoff/r9-eg-typed-payload
2026-10-08T11:15:59.4841091Z  * [new branch]        handoff/r9-eg-typed-payload-b -> origin/handoff/r9-eg-typed-payload-b
2026-10-08T11:15:59.4842061Z  * [new branch]        handoff/r9-f1-coordinator-10 -> origin/handoff/r9-f1-coordinator-10
2026-10-08T11:15:59.4842841Z  * [new branch]        handoff/r9-f1-coordinator-2 -> origin/handoff/r9-f1-coordinator-2
2026-10-08T11:15:59.4843586Z  * [new branch]        handoff/r9-f1-coordinator-3 -> origin/handoff/r9-f1-coordinator-3
2026-10-08T11:15:59.4844318Z  * [new branch]        handoff/r9-f1-coordinator-4 -> origin/handoff/r9-f1-coordinator-4
2026-10-08T11:15:59.4845047Z  * [new branch]        handoff/r9-f1-coordinator-5 -> origin/handoff/r9-f1-coordinator-5
2026-10-08T11:15:59.4846017Z  * [new branch]        handoff/r9-f1-coordinator-7 -> origin/handoff/r9-f1-coordinator-7
2026-10-08T11:15:59.4846853Z  * [new branch]        handoff/r9-f1-coordinator-7-review -> origin/handoff/r9-f1-coordinator-7-review
2026-10-08T11:15:59.4847607Z  * [new branch]        handoff/r9-f10-12       -> origin/handoff/r9-f10-12
2026-10-08T11:15:59.4848227Z  * [new branch]        handoff/r9-f10-13       -> origin/handoff/r9-f10-13
2026-10-08T11:15:59.4848845Z  * [new branch]        handoff/r9-f10-14       -> origin/handoff/r9-f10-14
2026-10-08T11:15:59.4849453Z  * [new branch]        handoff/r9-f10-15       -> origin/handoff/r9-f10-15
2026-10-08T11:15:59.4850065Z  * [new branch]        handoff/r9-f10-16       -> origin/handoff/r9-f10-16
2026-10-08T11:15:59.4850765Z  * [new branch]        handoff/r9-f10-ci-efficiency -> origin/handoff/r9-f10-ci-efficiency
2026-10-08T11:15:59.4851598Z  * [new branch]        handoff/r9-f10-claims-baseline-rca -> origin/handoff/r9-f10-claims-baseline-rca
2026-10-08T11:15:59.4852463Z  * [new branch]        handoff/r9-f10-closure-runalways -> origin/handoff/r9-f10-closure-runalways
2026-10-08T11:15:59.4853257Z  * [new branch]        handoff/r9-f10-gate-infra-1 -> origin/handoff/r9-f10-gate-infra-1
2026-10-08T11:15:59.4854002Z  * [new branch]        handoff/r9-f10-gate-infra-1d -> origin/handoff/r9-f10-gate-infra-1d
2026-10-08T11:15:59.4854748Z  * [new branch]        handoff/r9-f10-gate-infra-4 -> origin/handoff/r9-f10-gate-infra-4
2026-10-08T11:15:59.4855849Z  * [new branch]        handoff/r9-f10-gate-infra-5 -> origin/handoff/r9-f10-gate-infra-5
2026-10-08T11:15:59.4856800Z  * [new branch]        handoff/r9-f10-gate-infra-6 -> origin/handoff/r9-f10-gate-infra-6
2026-10-08T11:15:59.4857641Z  * [new branch]        handoff/r9-f10-harness-timeout -> origin/handoff/r9-f10-harness-timeout
2026-10-08T11:15:59.4858449Z  * [new branch]        handoff/r9-f10-loop-heartbeat -> origin/handoff/r9-f10-loop-heartbeat
2026-10-08T11:15:59.4859205Z  * [new branch]        handoff/r9-f10-merge-queue -> origin/handoff/r9-f10-merge-queue
2026-10-08T11:15:59.4860138Z  * [new branch]        handoff/r9-f11-governance-1 -> origin/handoff/r9-f11-governance-1
2026-10-08T11:15:59.4860886Z  * [new branch]        handoff/r9-f11-governance-3 -> origin/handoff/r9-f11-governance-3
2026-10-08T11:15:59.4861604Z  * [new branch]        handoff/r9-f11-governance-4 -> origin/handoff/r9-f11-governance-4
2026-10-08T11:15:59.4862550Z  * [new branch]        handoff/r9-f11-governance-4-review -> origin/handoff/r9-f11-governance-4-review
2026-10-08T11:15:59.4863359Z  * [new branch]        handoff/r9-f11-governance-5 -> origin/handoff/r9-f11-governance-5
2026-10-08T11:15:59.4864089Z  * [new branch]        handoff/r9-f11-governance-6 -> origin/handoff/r9-f11-governance-6
2026-10-08T11:15:59.4864818Z  * [new branch]        handoff/r9-f11-governance-7 -> origin/handoff/r9-f11-governance-7
2026-10-08T11:15:59.4865711Z  * [new branch]        handoff/r9-f2-solver-1  -> origin/handoff/r9-f2-solver-1
2026-10-08T11:15:59.4866538Z  * [new branch]        handoff/r9-f2-solver-3  -> origin/handoff/r9-f2-solver-3
2026-10-08T11:15:59.4867344Z  * [new branch]        handoff/r9-f2-solver-4  -> origin/handoff/r9-f2-solver-4
2026-10-08T11:15:59.4868004Z  * [new branch]        handoff/r9-f2-solver-5  -> origin/handoff/r9-f2-solver-5
2026-10-08T11:15:59.4868652Z  * [new branch]        handoff/r9-f3-stores-1  -> origin/handoff/r9-f3-stores-1
2026-10-08T11:15:59.4869482Z  * [new branch]        handoff/r9-f3-stores-3  -> origin/handoff/r9-f3-stores-3
2026-10-08T11:15:59.4870201Z  * [new branch]        handoff/r9-f4-inputs-sysid-1 -> origin/handoff/r9-f4-inputs-sysid-1
2026-10-08T11:15:59.4871177Z  * [new branch]        handoff/r9-f4-inputs-sysid-2 -> origin/handoff/r9-f4-inputs-sysid-2
2026-10-08T11:15:59.4871957Z  * [new branch]        handoff/r9-f5-config-text-1 -> origin/handoff/r9-f5-config-text-1
2026-10-08T11:15:59.4872652Z  * [new branch]        handoff/r9-f6-card-1    -> origin/handoff/r9-f6-card-1
2026-10-08T11:15:59.4873299Z  * [new branch]        handoff/r9-f6-card-2    -> origin/handoff/r9-f6-card-2
2026-10-08T11:15:59.4873936Z  * [new branch]        handoff/r9-f6-card-4    -> origin/handoff/r9-f6-card-4
2026-10-08T11:15:59.4874600Z  * [new branch]        handoff/r9-f7-entities-1 -> origin/handoff/r9-f7-entities-1
2026-10-08T11:15:59.4875316Z  * [new branch]        handoff/r9-f7-entities-2 -> origin/handoff/r9-f7-entities-2
2026-10-08T11:15:59.4876332Z  * [new branch]        handoff/r9-f7-family-splits -> origin/handoff/r9-f7-family-splits
2026-10-08T11:15:59.4877029Z  * [new branch]        handoff/r9-f8-docs-1    -> origin/handoff/r9-f8-docs-1
2026-10-08T11:15:59.4877677Z  * [new branch]        handoff/r9-f8-docs-2    -> origin/handoff/r9-f8-docs-2
2026-10-08T11:15:59.4878459Z  * [new branch]        handoff/r9-f8-docs-3    -> origin/handoff/r9-f8-docs-3
2026-10-08T11:15:59.4879183Z  * [new branch]        handoff/r9-f9-test-pins-2 -> origin/handoff/r9-f9-test-pins-2
2026-10-08T11:15:59.4879899Z  * [new branch]        handoff/r9-f9-test-pins-3 -> origin/handoff/r9-f9-test-pins-3
2026-10-08T11:15:59.4880583Z  * [new branch]        handoff/r9-fixer-cap    -> origin/handoff/r9-fixer-cap
2026-10-08T11:15:59.4881236Z  * [new branch]        handoff/r9-fr-10        -> origin/handoff/r9-fr-10
2026-10-08T11:15:59.4881943Z  * [new branch]        handoff/r9-friction-study -> origin/handoff/r9-friction-study
2026-10-08T11:15:59.4882649Z  * [new branch]        handoff/r9-gittmp       -> origin/handoff/r9-gittmp
2026-10-08T11:15:59.4883343Z  * [new branch]        handoff/r9-main-closures -> origin/handoff/r9-main-closures
2026-10-08T11:15:59.4884070Z  * [new branch]        handoff/r9-nightly-bdr  -> origin/handoff/r9-nightly-bdr
2026-10-08T11:15:59.4885085Z  * [new branch]        handoff/r9-nightly-ha   -> origin/handoff/r9-nightly-ha
2026-10-08T11:15:59.4886123Z  * [new branch]        handoff/r9-nightly-ha-measure -> origin/handoff/r9-nightly-ha-measure
2026-10-08T11:15:59.4887009Z  * [new branch]        handoff/r9-nightly-status-k5uati -> origin/handoff/r9-nightly-status-k5uati
2026-10-08T11:15:59.4887831Z  * [new branch]        handoff/r9-prepr-selftest -> origin/handoff/r9-prepr-selftest
2026-10-08T11:15:59.4888736Z  * [new branch]        handoff/r9-proc-1       -> origin/handoff/r9-proc-1
2026-10-08T11:15:59.4889858Z  * [new branch]        handoff/r9-proc-3       -> origin/handoff/r9-proc-3
2026-10-08T11:15:59.4890895Z  * [new branch]        handoff/r9-proc-4       -> origin/handoff/r9-proc-4
2026-10-08T11:15:59.4891586Z  * [new branch]        handoff/r9-proc-5       -> origin/handoff/r9-proc-5
2026-10-08T11:15:59.4892339Z  * [new branch]        handoff/r9-rc-prcontract-fix -> origin/handoff/r9-rc-prcontract-fix
2026-10-08T11:15:59.4893105Z  * [new branch]        handoff/r9-rca-1985     -> origin/handoff/r9-rca-1985
2026-10-08T11:15:59.4893787Z  * [new branch]        handoff/r9-rca-1990     -> origin/handoff/r9-rca-1990
2026-10-08T11:15:59.4894461Z  * [new branch]        handoff/r9-rca-2004     -> origin/handoff/r9-rca-2004
2026-10-08T11:15:59.4895786Z  * [new branch]        handoff/r9-rca-avoidable-interpreter-bound-recomputation -> origin/handoff/r9-rca-avoidable-interpreter-bound-recomputation
2026-10-08T11:15:59.4896893Z  * [new branch]        handoff/r9-rca-bugclasses -> origin/handoff/r9-rca-bugclasses
2026-10-08T11:15:59.4897699Z  * [new branch]        handoff/r9-rca-cpu-gate-blind -> origin/handoff/r9-rca-cpu-gate-blind
2026-10-08T11:15:59.4898823Z  * [new branch]        handoff/r9-rca-i1       -> origin/handoff/r9-rca-i1
2026-10-08T11:15:59.4899493Z  * [new branch]        handoff/r9-rca-i3       -> origin/handoff/r9-rca-i3
2026-10-08T11:15:59.4900205Z  * [new branch]        handoff/r9-rca-i4       -> origin/handoff/r9-rca-i4
2026-10-08T11:15:59.4901035Z  * [new branch]        handoff/r9-rca-i5       -> origin/handoff/r9-rca-i5
2026-10-08T11:15:59.4901735Z  * [new branch]        handoff/r9-rca-p1       -> origin/handoff/r9-rca-p1
2026-10-08T11:15:59.4902606Z  * [new branch]        handoff/r9-rca-p11      -> origin/handoff/r9-rca-p11
2026-10-08T11:15:59.4903301Z  * [new branch]        handoff/r9-rca-p2       -> origin/handoff/r9-rca-p2
2026-10-08T11:15:59.4903967Z  * [new branch]        handoff/r9-rca-p3       -> origin/handoff/r9-rca-p3
2026-10-08T11:15:59.4904626Z  * [new branch]        handoff/r9-rca-p5       -> origin/handoff/r9-rca-p5
2026-10-08T11:15:59.4905274Z  * [new branch]        handoff/r9-rca-p6       -> origin/handoff/r9-rca-p6
2026-10-08T11:15:59.4906397Z  * [new branch]        handoff/r9-rca-p9       -> origin/handoff/r9-rca-p9
2026-10-08T11:15:59.4907805Z  * [new branch]        handoff/r9-rca-persisted-future-instant-trusted-without-bound -> origin/handoff/r9-rca-persisted-future-instant-trusted-without-bound
2026-10-08T11:15:59.4908952Z  * [new branch]        handoff/r9-rca-stamp-race -> origin/handoff/r9-rca-stamp-race
2026-10-08T11:15:59.4909779Z  * [new branch]        handoff/r9-rca-stress-recording -> origin/handoff/r9-rca-stress-recording
2026-10-08T11:15:59.4910609Z  * [new branch]        handoff/r9-record-automerge -> origin/handoff/r9-record-automerge
2026-10-08T11:15:59.4911381Z  * [new branch]        handoff/r9-record-path  -> origin/handoff/r9-record-path
2026-10-08T11:15:59.4912064Z  * [new branch]        handoff/r9-ro-1         -> origin/handoff/r9-ro-1
2026-10-08T11:15:59.4912715Z  * [new branch]        handoff/r9-ro-10        -> origin/handoff/r9-ro-10
2026-10-08T11:15:59.4913401Z  * [new branch]        handoff/r9-ro-11        -> origin/handoff/r9-ro-11
2026-10-08T11:15:59.4914211Z  * [new branch]        handoff/r9-ro-12        -> origin/handoff/r9-ro-12
2026-10-08T11:15:59.4914859Z  * [new branch]        handoff/r9-ro-2         -> origin/handoff/r9-ro-2
2026-10-08T11:15:59.4915898Z  * [new branch]        handoff/r9-ro-3         -> origin/handoff/r9-ro-3
2026-10-08T11:15:59.4916629Z  * [new branch]        handoff/r9-ro-4         -> origin/handoff/r9-ro-4
2026-10-08T11:15:59.4917270Z  * [new branch]        handoff/r9-ro-5         -> origin/handoff/r9-ro-5
2026-10-08T11:15:59.4917903Z  * [new branch]        handoff/r9-ro-6         -> origin/handoff/r9-ro-6
2026-10-08T11:15:59.4918538Z  * [new branch]        handoff/r9-ro-7         -> origin/handoff/r9-ro-7
2026-10-08T11:15:59.4919162Z  * [new branch]        handoff/r9-ro-8         -> origin/handoff/r9-ro-8
2026-10-08T11:15:59.4919791Z  * [new branch]        handoff/r9-sw-5         -> origin/handoff/r9-sw-5
2026-10-08T11:15:59.4920470Z  * [new branch]        handoff/r9-sw-actuation -> origin/handoff/r9-sw-actuation
2026-10-08T11:15:59.4921168Z  * [new branch]        handoff/r9-sw-card      -> origin/handoff/r9-sw-card
2026-10-08T11:15:59.4921837Z  * [new branch]        handoff/r9-sw-gchv      -> origin/handoff/r9-sw-gchv
2026-10-08T11:15:59.4922507Z  * [new branch]        handoff/r9-sw-model     -> origin/handoff/r9-sw-model
2026-10-08T11:15:59.4923172Z  * [new branch]        handoff/r9-sw6          -> origin/handoff/r9-sw6
2026-10-08T11:15:59.4923806Z  * [new branch]        handoff/r9-ux-10        -> origin/handoff/r9-ux-10
2026-10-08T11:15:59.4924447Z  * [new branch]        handoff/r9-ux-6         -> origin/handoff/r9-ux-6
2026-10-08T11:15:59.4925076Z  * [new branch]        handoff/r9-ux-7         -> origin/handoff/r9-ux-7
2026-10-08T11:15:59.4926030Z  * [new branch]        handoff/r9-ux-actions   -> origin/handoff/r9-ux-actions
2026-10-08T11:15:59.4926756Z  * [new branch]        handoff/r9-ux-events    -> origin/handoff/r9-ux-events
2026-10-08T11:15:59.4927610Z  * [new branch]        handoff/r9-ux-health    -> origin/handoff/r9-ux-health
2026-10-08T11:15:59.4928345Z  * [new branch]        handoff/r9-ux-insight-text -> origin/handoff/r9-ux-insight-text
2026-10-08T11:15:59.4929054Z  * [new branch]        handoff/r9-ux9          -> origin/handoff/r9-ux9
2026-10-08T11:15:59.4929701Z  * [new branch]        handoff/r9-web-3        -> origin/handoff/r9-web-3
2026-10-08T11:15:59.4930345Z  * [new branch]        handoff/r9-web-4        -> origin/handoff/r9-web-4
2026-10-08T11:15:59.4930981Z  * [new branch]        handoff/r9-web-5        -> origin/handoff/r9-web-5
2026-10-08T11:15:59.4931643Z  * [new branch]        handoff/r9-web-page     -> origin/handoff/r9-web-page
2026-10-08T11:15:59.4932299Z  * [new branch]        handoff/rca-1747        -> origin/handoff/rca-1747
2026-10-08T11:15:59.4932990Z  * [new branch]        handoff/repo-reorg-plan -> origin/handoff/repo-reorg-plan
2026-10-08T11:15:59.4933758Z  * [new branch]        handoff/silent-windows-plan -> origin/handoff/silent-windows-plan
2026-10-08T11:15:59.4934434Z  * [new branch]        main                    -> origin/main
2026-10-08T11:15:59.4935063Z  * [new branch]        proof/r9-ci-1-pr2010    -> origin/proof/r9-ci-1-pr2010
2026-10-08T11:15:59.4936021Z  * [new branch]        proof/r9-ci-1-pr2025    -> origin/proof/r9-ci-1-pr2025
2026-10-08T11:15:59.4936703Z  * [new branch]        proof/r9-ci-1-sw1       -> origin/proof/r9-ci-1-sw1
2026-10-08T11:15:59.4937332Z  * [new branch]        review/1987             -> origin/review/1987
2026-10-08T11:15:59.4937945Z  * [new branch]        review/1997             -> origin/review/1997
2026-10-08T11:15:59.4938538Z  * [new branch]        review/2002             -> origin/review/2002
2026-10-08T11:15:59.4939130Z  * [new branch]        review/2006             -> origin/review/2006
2026-10-08T11:15:59.4939714Z  * [new branch]        review/2007             -> origin/review/2007
2026-10-08T11:15:59.4940299Z  * [new branch]        review/2010             -> origin/review/2010
2026-10-08T11:15:59.4940892Z  * [new branch]        review/2011             -> origin/review/2011
2026-10-08T11:15:59.4941476Z  * [new branch]        review/2012             -> origin/review/2012
2026-10-08T11:15:59.4942065Z  * [new branch]        review/2013             -> origin/review/2013
2026-10-08T11:15:59.4942838Z  * [new branch]        review/2014             -> origin/review/2014
2026-10-08T11:15:59.4943444Z  * [new branch]        review/2015             -> origin/review/2015
2026-10-08T11:15:59.4944039Z  * [new branch]        review/2017             -> origin/review/2017
2026-10-08T11:15:59.4944629Z  * [new branch]        review/2018             -> origin/review/2018
2026-10-08T11:15:59.4945224Z  * [new branch]        review/2021             -> origin/review/2021
2026-10-08T11:15:59.4946220Z  * [new branch]        review/2022             -> origin/review/2022
2026-10-08T11:15:59.4946844Z  * [new branch]        review/2024             -> origin/review/2024
2026-10-08T11:15:59.4947436Z  * [new branch]        review/2025             -> origin/review/2025
2026-10-08T11:15:59.4948041Z  * [new branch]        review/2026             -> origin/review/2026
2026-10-08T11:15:59.4948631Z  * [new branch]        review/2027             -> origin/review/2027
2026-10-08T11:15:59.4949221Z  * [new branch]        review/2029             -> origin/review/2029
2026-10-08T11:15:59.4949804Z  * [new branch]        review/2030             -> origin/review/2030
2026-10-08T11:15:59.4950395Z  * [new branch]        review/2040             -> origin/review/2040
2026-10-08T11:15:59.4950998Z  * [new branch]        review/2041             -> origin/review/2041
2026-10-08T11:15:59.4951591Z  * [new branch]        review/2042             -> origin/review/2042
2026-10-08T11:15:59.4952184Z  * [new branch]        review/2044             -> origin/review/2044
2026-10-08T11:15:59.4952774Z  * [new branch]        review/2049             -> origin/review/2049
2026-10-08T11:15:59.4953384Z  * [new branch]        review/2051             -> origin/review/2051
2026-10-08T11:15:59.4954144Z  * [new branch]        review/2053             -> origin/review/2053
2026-10-08T11:15:59.4954736Z  * [new branch]        review/2054             -> origin/review/2054
2026-10-08T11:15:59.4955330Z  * [new branch]        review/2055             -> origin/review/2055
2026-10-08T11:15:59.4956223Z  * [new branch]        review/2056             -> origin/review/2056
2026-10-08T11:15:59.4956833Z  * [new branch]        verdict/1987            -> origin/verdict/1987
2026-10-08T11:15:59.4957470Z  * [new branch]        verdict/1997            -> origin/verdict/1997
2026-10-08T11:15:59.4958089Z  * [new branch]        verdict/2002            -> origin/verdict/2002
2026-10-08T11:15:59.4958703Z  * [new branch]        verdict/2006            -> origin/verdict/2006
2026-10-08T11:15:59.4959308Z  * [new branch]        verdict/2007            -> origin/verdict/2007
2026-10-08T11:15:59.4959907Z  * [new branch]        verdict/2010            -> origin/verdict/2010
2026-10-08T11:15:59.4960513Z  * [new branch]        verdict/2011            -> origin/verdict/2011
2026-10-08T11:15:59.4961119Z  * [new branch]        verdict/2012            -> origin/verdict/2012
2026-10-08T11:15:59.4961717Z  * [new branch]        verdict/2013            -> origin/verdict/2013
2026-10-08T11:15:59.4962321Z  * [new branch]        verdict/2014            -> origin/verdict/2014
2026-10-08T11:15:59.4962935Z  * [new branch]        verdict/2015            -> origin/verdict/2015
2026-10-08T11:15:59.4963556Z  * [new branch]        verdict/2017            -> origin/verdict/2017
2026-10-08T11:15:59.4964155Z  * [new branch]        verdict/2018            -> origin/verdict/2018
2026-10-08T11:15:59.4964750Z  * [new branch]        verdict/2021            -> origin/verdict/2021
2026-10-08T11:15:59.4965355Z  * [new branch]        verdict/2022            -> origin/verdict/2022
2026-10-08T11:15:59.4966103Z  * [new branch]        verdict/2024            -> origin/verdict/2024
2026-10-08T11:15:59.4966710Z  * [new branch]        verdict/2025            -> origin/verdict/2025
2026-10-08T11:15:59.4967319Z  * [new branch]        verdict/2026            -> origin/verdict/2026
2026-10-08T11:15:59.4967925Z  * [new branch]        verdict/2027            -> origin/verdict/2027
2026-10-08T11:15:59.4968687Z  * [new branch]        verdict/2029            -> origin/verdict/2029
2026-10-08T11:15:59.4969305Z  * [new branch]        verdict/2030            -> origin/verdict/2030
2026-10-08T11:15:59.4970015Z  * [new branch]        verdict/2040            -> origin/verdict/2040
2026-10-08T11:15:59.4970632Z  * [new branch]        verdict/2041            -> origin/verdict/2041
2026-10-08T11:15:59.4971249Z  * [new branch]        verdict/2042            -> origin/verdict/2042
2026-10-08T11:15:59.4971860Z  * [new branch]        verdict/2044            -> origin/verdict/2044
2026-10-08T11:15:59.4972469Z  * [new branch]        verdict/2049            -> origin/verdict/2049
2026-10-08T11:15:59.4973077Z  * [new branch]        verdict/2051            -> origin/verdict/2051
2026-10-08T11:15:59.4973692Z  * [new branch]        verdict/2053            -> origin/verdict/2053
2026-10-08T11:15:59.4974293Z  * [new branch]        verdict/2054            -> origin/verdict/2054
2026-10-08T11:15:59.4974907Z  * [new branch]        verdict/2055            -> origin/verdict/2055
2026-10-08T11:15:59.4975643Z  * [new branch]        verdict/2056            -> origin/verdict/2056
2026-10-08T11:15:59.4976331Z  * [new tag]           audit-round2-evidence   -> audit-round2-evidence
2026-10-08T11:15:59.4976923Z  * [new tag]           v2.3.0-beta.1           -> v2.3.0-beta.1
2026-10-08T11:15:59.4977454Z  * [new tag]           v2.4.0                  -> v2.4.0
2026-10-08T11:15:59.4977959Z  * [new tag]           v2.4.1                  -> v2.4.1
2026-10-08T11:15:59.4978464Z  * [new tag]           v2.5.0                  -> v2.5.0
2026-10-08T11:15:59.4978969Z  * [new tag]           v2.6.0                  -> v2.6.0
2026-10-08T11:15:59.4979465Z  * [new tag]           v2.6.1                  -> v2.6.1
2026-10-08T11:15:59.4980103Z  * [new tag]           v2.7.0                  -> v2.7.0
2026-10-08T11:15:59.4980599Z  * [new tag]           v2.8.0                  -> v2.8.0
2026-10-08T11:15:59.4981094Z  * [new tag]           v3.0.0                  -> v3.0.0
2026-10-08T11:15:59.4981597Z  * [new tag]           v3.1.0                  -> v3.1.0
2026-10-08T11:15:59.4982102Z  * [new tag]           v3.1.1                  -> v3.1.1
2026-10-08T11:15:59.4982599Z  * [new tag]           v3.1.2                  -> v3.1.2
2026-10-08T11:15:59.4983106Z  * [new tag]           v3.14.0                 -> v3.14.0
2026-10-08T11:15:59.4983611Z  * [new tag]           v3.16.0                 -> v3.16.0
2026-10-08T11:15:59.4984108Z  * [new tag]           v3.2.0                  -> v3.2.0
2026-10-08T11:15:59.4984604Z  * [new tag]           v3.3.0                  -> v3.3.0
2026-10-08T11:15:59.4985102Z  * [new tag]           v3.3.1                  -> v3.3.1
2026-10-08T11:15:59.4985907Z  * [new tag]           v3.4.0                  -> v3.4.0
2026-10-08T11:15:59.4986546Z  * [new tag]           v3.4.1                  -> v3.4.1
2026-10-08T11:15:59.4987050Z  * [new tag]           v3.5.0                  -> v3.5.0
2026-10-08T11:15:59.4987549Z  * [new tag]           v3.6.0                  -> v3.6.0
2026-10-08T11:15:59.4988062Z  * [new tag]           v3.6.1                  -> v3.6.1
2026-10-08T11:15:59.4988565Z  * [new tag]           v3.7.0                  -> v3.7.0
2026-10-08T11:15:59.4989061Z  * [new tag]           v3.7.1                  -> v3.7.1
2026-10-08T11:15:59.4989554Z  * [new tag]           v3.8.0                  -> v3.8.0
2026-10-08T11:15:59.4990046Z  * [new tag]           v4.0.0                  -> v4.0.0
2026-10-08T11:15:59.4990550Z  * [new tag]           v4.0.1                  -> v4.0.1
2026-10-08T11:15:59.4991056Z  * [new tag]           v4.0.2                  -> v4.0.2
2026-10-08T11:15:59.4991549Z  * [new tag]           v4.0.3                  -> v4.0.3
2026-10-08T11:15:59.4992051Z  * [new tag]           v4.0.4                  -> v4.0.4
2026-10-08T11:15:59.4992550Z  * [new tag]           v4.0.5                  -> v4.0.5
2026-10-08T11:15:59.4993050Z  * [new tag]           v4.0.6                  -> v4.0.6
2026-10-08T11:15:59.4993536Z  * [new tag]           v4.0.7                  -> v4.0.7
2026-10-08T11:15:59.4994188Z  * [new tag]           v4.1.0                  -> v4.1.0
2026-10-08T11:15:59.4994707Z  * [new tag]           v4.2.0                  -> v4.2.0
2026-10-08T11:15:59.4995201Z  * [new tag]           v4.3.0                  -> v4.3.0
2026-10-08T11:15:59.4995848Z  * [new tag]           v5.0.0                  -> v5.0.0
2026-10-08T11:15:59.4996345Z  * [new tag]           v5.1.0                  -> v5.1.0
2026-10-08T11:15:59.4996830Z  * [new tag]           v5.1.1                  -> v5.1.1
2026-10-08T11:15:59.4997327Z  * [new tag]           v5.1.10                 -> v5.1.10
2026-10-08T11:15:59.4997824Z  * [new tag]           v5.1.2                  -> v5.1.2
2026-10-08T11:15:59.4998307Z  * [new tag]           v5.1.3                  -> v5.1.3
2026-10-08T11:15:59.4998800Z  * [new tag]           v5.1.4                  -> v5.1.4
2026-10-08T11:15:59.4999292Z  * [new tag]           v5.1.5                  -> v5.1.5
2026-10-08T11:15:59.4999773Z  * [new tag]           v5.1.6                  -> v5.1.6
2026-10-08T11:15:59.5000263Z  * [new tag]           v5.1.7                  -> v5.1.7
2026-10-08T11:15:59.5000737Z  * [new tag]           v5.1.9                  -> v5.1.9
2026-10-08T11:15:59.5001223Z  * [new tag]           v5.2.0                  -> v5.2.0
2026-10-08T11:15:59.5001695Z  * [new tag]           v5.3.0                  -> v5.3.0
2026-10-08T11:15:59.5002176Z  * [new tag]           v5.4.0                  -> v5.4.0
2026-10-08T11:15:59.5002652Z  * [new tag]           v5.4.1                  -> v5.4.1
2026-10-08T11:15:59.5003127Z  * [new tag]           v5.5.0                  -> v5.5.0
2026-10-08T11:15:59.5003614Z  * [new tag]           v5.6.0                  -> v5.6.0
2026-10-08T11:15:59.5004093Z  * [new tag]           v5.6.1                  -> v5.6.1
2026-10-08T11:15:59.5004768Z  * [new tag]           v5.6.2                  -> v5.6.2
2026-10-08T11:15:59.5005262Z  * [new tag]           v5.7.0                  -> v5.7.0
2026-10-08T11:15:59.5005890Z  * [new tag]           v5.7.1                  -> v5.7.1
2026-10-08T11:15:59.5006382Z  * [new tag]           v6.0.0                  -> v6.0.0
2026-10-08T11:15:59.5006864Z  * [new tag]           v6.0.1                  -> v6.0.1
2026-10-08T11:15:59.5007342Z  * [new tag]           v6.0.2                  -> v6.0.2
2026-10-08T11:15:59.5007818Z  * [new tag]           v6.0.3                  -> v6.0.3
2026-10-08T11:15:59.5008303Z  * [new tag]           v6.0.4                  -> v6.0.4
2026-10-08T11:15:59.5008786Z  * [new tag]           v6.0.5                  -> v6.0.5
2026-10-08T11:15:59.5009265Z  * [new tag]           v6.0.6                  -> v6.0.6
2026-10-08T11:15:59.5009744Z  * [new tag]           v6.0.7                  -> v6.0.7
2026-10-08T11:15:59.5010223Z  * [new tag]           v6.0.8                  -> v6.0.8
2026-10-08T11:15:59.5010709Z  * [new tag]           v6.0.9                  -> v6.0.9
2026-10-08T11:15:59.5011195Z  * [new tag]           v6.1.0                  -> v6.1.0
2026-10-08T11:15:59.5011676Z  * [new tag]           v6.1.1                  -> v6.1.1
2026-10-08T11:15:59.5012169Z  * [new tag]           v6.1.2                  -> v6.1.2
2026-10-08T11:15:59.5012661Z  * [new tag]           v6.2.0                  -> v6.2.0
2026-10-08T11:15:59.5013145Z  * [new tag]           v6.2.1                  -> v6.2.1
2026-10-08T11:15:59.5013639Z  * [new tag]           v6.2.10                 -> v6.2.10
2026-10-08T11:15:59.5014127Z  * [new tag]           v6.2.11                 -> v6.2.11
2026-10-08T11:15:59.5014614Z  * [new tag]           v6.2.12                 -> v6.2.12
2026-10-08T11:15:59.5015104Z  * [new tag]           v6.2.13                 -> v6.2.13
2026-10-08T11:15:59.5015895Z  * [new tag]           v6.2.14                 -> v6.2.14
2026-10-08T11:15:59.5016404Z  * [new tag]           v6.2.15                 -> v6.2.15
2026-10-08T11:15:59.5016897Z  * [new tag]           v6.2.16                 -> v6.2.16
2026-10-08T11:15:59.5017387Z  * [new tag]           v6.2.17                 -> v6.2.17
2026-10-08T11:15:59.5017875Z  * [new tag]           v6.2.2                  -> v6.2.2
2026-10-08T11:15:59.5018495Z  * [new tag]           v6.2.3                  -> v6.2.3
2026-10-08T11:15:59.5018988Z  * [new tag]           v6.2.4                  -> v6.2.4
2026-10-08T11:15:59.5019474Z  * [new tag]           v6.2.5                  -> v6.2.5
2026-10-08T11:15:59.5019952Z  * [new tag]           v6.2.6                  -> v6.2.6
2026-10-08T11:15:59.5020433Z  * [new tag]           v6.2.7                  -> v6.2.7
2026-10-08T11:15:59.5020914Z  * [new tag]           v6.2.8                  -> v6.2.8
2026-10-08T11:15:59.5021420Z  * [new tag]           v6.2.9                  -> v6.2.9
2026-10-08T11:15:59.5021909Z  * [new tag]           v6.3.0                  -> v6.3.0
2026-10-08T11:15:59.5022399Z  * [new tag]           v6.3.1                  -> v6.3.1
2026-10-08T11:15:59.5022898Z  * [new tag]           v6.3.10                 -> v6.3.10
2026-10-08T11:15:59.5023390Z  * [new tag]           v6.3.11                 -> v6.3.11
2026-10-08T11:15:59.5023891Z  * [new tag]           v6.3.12                 -> v6.3.12
2026-10-08T11:15:59.5024381Z  * [new tag]           v6.3.13                 -> v6.3.13
2026-10-08T11:15:59.5024868Z  * [new tag]           v6.3.14                 -> v6.3.14
2026-10-08T11:15:59.5025356Z  * [new tag]           v6.3.15                 -> v6.3.15
2026-10-08T11:15:59.5026278Z  * [new tag]           v6.3.16                 -> v6.3.16
2026-10-08T11:15:59.5026782Z  * [new tag]           v6.3.17                 -> v6.3.17
2026-10-08T11:15:59.5027275Z  * [new tag]           v6.3.18                 -> v6.3.18
2026-10-08T11:15:59.5027771Z  * [new tag]           v6.3.19                 -> v6.3.19
2026-10-08T11:15:59.5028260Z  * [new tag]           v6.3.2                  -> v6.3.2
2026-10-08T11:15:59.5028920Z  * [new tag]           v6.3.20                 -> v6.3.20
2026-10-08T11:15:59.5029412Z  * [new tag]           v6.3.3                  -> v6.3.3
2026-10-08T11:15:59.5029898Z  * [new tag]           v6.3.4                  -> v6.3.4
2026-10-08T11:15:59.5030401Z  * [new tag]           v6.3.5                  -> v6.3.5
2026-10-08T11:15:59.5030885Z  * [new tag]           v6.3.6                  -> v6.3.6
2026-10-08T11:15:59.5031374Z  * [new tag]           v6.3.7                  -> v6.3.7
2026-10-08T11:15:59.5031853Z  * [new tag]           v6.3.8                  -> v6.3.8
2026-10-08T11:15:59.5032333Z  * [new tag]           v6.3.9                  -> v6.3.9
2026-10-08T11:15:59.5032814Z  * [new tag]           v6.4.0                  -> v6.4.0
2026-10-08T11:15:59.5033296Z  * [new tag]           v6.4.1                  -> v6.4.1
2026-10-08T11:15:59.5033781Z  * [new tag]           v6.4.2                  -> v6.4.2
2026-10-08T11:15:59.5034260Z  * [new tag]           v6.4.3                  -> v6.4.3
2026-10-08T11:15:59.5034757Z  * [new tag]           v6.4.4                  -> v6.4.4
2026-10-08T11:15:59.5035243Z  * [new tag]           v6.5.0                  -> v6.5.0
2026-10-08T11:15:59.5036014Z  * [new tag]           v6.5.1                  -> v6.5.1
2026-10-08T11:15:59.5036524Z  * [new tag]           v6.6.0                  -> v6.6.0
2026-10-08T11:15:59.5037004Z  * [new tag]           v6.6.1                  -> v6.6.1
2026-10-08T11:15:59.5037495Z  * [new tag]           v6.6.10                 -> v6.6.10
2026-10-08T11:15:59.5037981Z  * [new tag]           v6.6.11                 -> v6.6.11
2026-10-08T11:15:59.5038472Z  * [new tag]           v6.6.12                 -> v6.6.12
2026-10-08T11:15:59.5038957Z  * [new tag]           v6.6.2                  -> v6.6.2
2026-10-08T11:15:59.5039452Z  * [new tag]           v6.6.3                  -> v6.6.3
2026-10-08T11:15:59.5039939Z  * [new tag]           v6.6.4                  -> v6.6.4
2026-10-08T11:15:59.5040425Z  * [new tag]           v6.6.5                  -> v6.6.5
2026-10-08T11:15:59.5040921Z  * [new tag]           v6.6.6                  -> v6.6.6
2026-10-08T11:15:59.5041407Z  * [new tag]           v6.6.7                  -> v6.6.7
2026-10-08T11:15:59.5041893Z  * [new tag]           v6.6.8                  -> v6.6.8
2026-10-08T11:15:59.5042526Z  * [new tag]           v6.6.9                  -> v6.6.9
2026-10-08T11:15:59.5043025Z  * [new tag]           v6.7.0                  -> v6.7.0
2026-10-08T11:15:59.5043514Z  * [new tag]           v6.7.1                  -> v6.7.1
2026-10-08T11:15:59.5044021Z  * [new tag]           v6.7.10                 -> v6.7.10
2026-10-08T11:15:59.5044519Z  * [new tag]           v6.7.11                 -> v6.7.11
2026-10-08T11:15:59.5045013Z  * [new tag]           v6.7.12                 -> v6.7.12
2026-10-08T11:15:59.5045505Z  * [new tag]           v6.7.13                 -> v6.7.13
2026-10-08T11:15:59.5046220Z  * [new tag]           v6.7.14                 -> v6.7.14
2026-10-08T11:15:59.5046723Z  * [new tag]           v6.7.15                 -> v6.7.15
2026-10-08T11:15:59.5047251Z  * [new tag]           v6.7.16                 -> v6.7.16
2026-10-08T11:15:59.5047743Z  * [new tag]           v6.7.2                  -> v6.7.2
2026-10-08T11:15:59.5048232Z  * [new tag]           v6.7.3                  -> v6.7.3
2026-10-08T11:15:59.5048732Z  * [new tag]           v6.7.4                  -> v6.7.4
2026-10-08T11:15:59.5049219Z  * [new tag]           v6.7.5                  -> v6.7.5
2026-10-08T11:15:59.5049705Z  * [new tag]           v6.7.6                  -> v6.7.6
2026-10-08T11:15:59.5050186Z  * [new tag]           v6.7.7                  -> v6.7.7
2026-10-08T11:15:59.5050674Z  * [new tag]           v6.7.8                  -> v6.7.8
2026-10-08T11:15:59.5051187Z  * [new tag]           v6.7.9                  -> v6.7.9
2026-10-08T11:15:59.5052778Z [command]/usr/bin/git branch --list --remote origin/handoff/r9-nightly-ha
2026-10-08T11:15:59.5053387Z   origin/handoff/r9-nightly-ha
2026-10-08T11:15:59.5054494Z [command]/usr/bin/git rev-parse refs/remotes/origin/handoff/r9-nightly-ha
2026-10-08T11:15:59.5055226Z 7e74470795173adfb52c2824bf489938272dbb28
2026-10-08T11:15:59.5056456Z ##[endgroup]
2026-10-08T11:15:59.5057021Z ##[group]Determining the checkout info
2026-10-08T11:15:59.5057657Z ##[endgroup]
2026-10-08T11:15:59.5058056Z [command]/usr/bin/git sparse-checkout disable
2026-10-08T11:15:59.5059139Z [command]/usr/bin/git config --local --unset-all extensions.worktreeConfig
2026-10-08T11:15:59.5060315Z ##[group]Checking out the ref
2026-10-08T11:15:59.5061089Z [command]/usr/bin/git checkout --progress --force -B handoff/r9-nightly-ha refs/remotes/origin/handoff/r9-nightly-ha
2026-10-08T11:15:59.9866304Z Switched to a new branch 'handoff/r9-nightly-ha'
2026-10-08T11:15:59.9871518Z branch 'handoff/r9-nightly-ha' set up to track 'origin/handoff/r9-nightly-ha'.
2026-10-08T11:15:59.9902039Z ##[endgroup]
2026-10-08T11:15:59.9967517Z [command]/usr/bin/git log -1 --format=%H
2026-10-08T11:15:59.9986518Z 7e74470795173adfb52c2824bf489938272dbb28
2026-10-08T11:16:00.0234276Z ##[group]Run actions/setup-python@ece7cb06caefa5fff74198d8649806c4678c61a1
2026-10-08T11:16:00.0234787Z with:
2026-10-08T11:16:00.0234988Z   python-version: 3.13
2026-10-08T11:16:00.0235216Z   check-latest: false
2026-10-08T11:16:00.0238063Z   token: ***
2026-10-08T11:16:00.0238287Z   update-environment: true
2026-10-08T11:16:00.0238532Z   allow-prereleases: false
2026-10-08T11:16:00.0238767Z   freethreaded: false
2026-10-08T11:16:00.0238981Z env:
2026-10-08T11:16:00.0239160Z   DOCS_ONLY_FAST: false
2026-10-08T11:16:00.0239368Z ##[endgroup]
2026-10-08T11:16:00.1573231Z ##[group]Installed versions
2026-10-08T11:16:00.1656122Z Successfully set up CPython (3.13.15)
2026-10-08T11:16:00.1657048Z ##[endgroup]
2026-10-08T11:16:00.1872061Z ##[group]Run actions/setup-node@a0853c24544627f65ddf259abe73b1d18a591444
2026-10-08T11:16:00.1872715Z with:
2026-10-08T11:16:00.1873026Z   node-version: 22
2026-10-08T11:16:00.1873371Z   always-auth: false
2026-10-08T11:16:00.1873732Z   check-latest: false
2026-10-08T11:16:00.1878704Z   token: ***
2026-10-08T11:16:00.1879050Z   package-manager-cache: true
2026-10-08T11:16:00.1879445Z env:
2026-10-08T11:16:00.1879746Z   DOCS_ONLY_FAST: false
2026-10-08T11:16:00.1880210Z   pythonLocation: /opt/hostedtoolcache/Python/3.13.15/x64
2026-10-08T11:16:00.1880944Z   PKG_CONFIG_PATH: /opt/hostedtoolcache/Python/3.13.15/x64/lib/pkgconfig
2026-10-08T11:16:00.1881672Z   Python_ROOT_DIR: /opt/hostedtoolcache/Python/3.13.15/x64
2026-10-08T11:16:00.1882322Z   Python2_ROOT_DIR: /opt/hostedtoolcache/Python/3.13.15/x64
2026-10-08T11:16:00.1882966Z   Python3_ROOT_DIR: /opt/hostedtoolcache/Python/3.13.15/x64
2026-10-08T11:16:00.1883642Z   LD_LIBRARY_PATH: /opt/hostedtoolcache/Python/3.13.15/x64/lib
2026-10-08T11:16:00.1884221Z ##[endgroup]
2026-10-08T11:16:00.3701050Z Found in cache @ /opt/hostedtoolcache/node/22.23.3/x64
2026-10-08T11:16:00.3705144Z (node:2345) [DEP0040] DeprecationWarning: The `punycode` module is deprecated. Please use a userland alternative instead.
2026-10-08T11:16:00.3706501Z (Use `node --trace-deprecation ...` to show where the warning was created)
2026-10-08T11:16:00.3708378Z ##[group]Environment details
2026-10-08T11:16:04.5058849Z node: v22.23.3
2026-10-08T11:16:04.5059183Z npm: 10.9.9
2026-10-08T11:16:04.5059421Z yarn: 1.22.22
2026-10-08T11:16:04.5077313Z ##[endgroup]
2026-10-08T11:16:04.5193858Z ##[group]Run pip install --require-hashes --build-constraint tests/requirements-build.txt -r tests/requirements-ci.txt
2026-10-08T11:16:04.5194795Z [36;1mpip install --require-hashes --build-constraint tests/requirements-build.txt -r tests/requirements-ci.txt[0m
2026-10-08T11:16:04.5578463Z shell: /usr/bin/bash -e {0}
2026-10-08T11:16:04.5578775Z env:
2026-10-08T11:16:04.5579010Z   DOCS_ONLY_FAST: false
2026-10-08T11:16:04.5579372Z   pythonLocation: /opt/hostedtoolcache/Python/3.13.15/x64
2026-10-08T11:16:04.5579912Z   PKG_CONFIG_PATH: /opt/hostedtoolcache/Python/3.13.15/x64/lib/pkgconfig
2026-10-08T11:16:04.5580451Z   Python_ROOT_DIR: /opt/hostedtoolcache/Python/3.13.15/x64
2026-10-08T11:16:04.5581125Z   Python2_ROOT_DIR: /opt/hostedtoolcache/Python/3.13.15/x64
2026-10-08T11:16:04.5581597Z   Python3_ROOT_DIR: /opt/hostedtoolcache/Python/3.13.15/x64
2026-10-08T11:16:04.5582073Z   LD_LIBRARY_PATH: /opt/hostedtoolcache/Python/3.13.15/x64/lib
2026-10-08T11:16:04.5582512Z ##[endgroup]
2026-10-08T11:16:07.2787707Z Collecting aiohappyeyeballs==2.7.1 (from -r tests/requirements-ci.txt (line 27))
2026-10-08T11:16:07.3265448Z   Downloading aiohappyeyeballs-2.7.1-py3-none-any.whl (15 kB)
2026-10-08T11:16:07.8127858Z Collecting aiohttp==3.14.3 (from -r tests/requirements-ci.txt (line 30))
2026-10-08T11:16:07.8163970Z   Downloading aiohttp-3.14.3-cp313-cp313-manylinux2014_x86_64.manylinux_2_17_x86_64.manylinux_2_28_x86_64.whl (1.8 MB)
2026-10-08T11:16:07.8549365Z      ━━━━━━━━━━━━━━━━━━━━━━━━━━━━━━━━━━━━━━━━ 1.8/1.8 MB 129.2 MB/s  0:00:00
2026-10-08T11:16:07.8669485Z Collecting aiosignal==1.4.0 (from -r tests/requirements-ci.txt (line 150))
2026-10-08T11:16:07.8701255Z   Downloading aiosignal-1.4.0-py3-none-any.whl (7.5 kB)
2026-10-08T11:16:07.8836674Z Collecting attrs==26.1.0 (from -r tests/requirements-ci.txt (line 153))
2026-10-08T11:16:07.8866186Z   Downloading attrs-26.1.0-py3-none-any.whl (67 kB)
2026-10-08T11:16:07.9461493Z Collecting frozenlist==1.8.0 (from -r tests/requirements-ci.txt (line 156))
2026-10-08T11:16:07.9494259Z   Downloading frozenlist-1.8.0-cp313-cp313-manylinux1_x86_64.manylinux_2_28_x86_64.manylinux_2_5_x86_64.whl (234 kB)
2026-10-08T11:16:07.9632941Z Collecting idna==3.20 (from -r tests/requirements-ci.txt (line 287))
2026-10-08T11:16:07.9663935Z   Downloading idna-3.20-py3-none-any.whl (69 kB)
2026-10-08T11:16:08.1912939Z Collecting multidict==6.9.1 (from -r tests/requirements-ci.txt (line 290))
2026-10-08T11:16:08.1950322Z   Downloading multidict-6.9.1-cp313-cp313-manylinux2014_x86_64.manylinux_2_17_x86_64.manylinux_2_28_x86_64.whl (336 kB)
2026-10-08T11:16:08.3740255Z Collecting numpy==2.4.6 (from -r tests/requirements-ci.txt (line 462))
2026-10-08T11:16:08.3781798Z   Downloading numpy-2.4.6-cp313-cp313-manylinux_2_27_x86_64.manylinux_2_28_x86_64.whl (16.6 MB)
2026-10-08T11:16:08.4562673Z      ━━━━━━━━━━━━━━━━━━━━━━━━━━━━━━━━━━━━━━━━ 16.6/16.6 MB 217.3 MB/s  0:00:00
2026-10-08T11:16:08.5373607Z Collecting propcache==0.5.4 (from -r tests/requirements-ci.txt (line 535))
2026-10-08T11:16:08.5407965Z   Downloading propcache-0.5.4-cp313-cp313-manylinux2014_x86_64.manylinux_2_17_x86_64.manylinux_2_28_x86_64.whl (234 kB)
2026-10-08T11:16:08.5756109Z Collecting pyyaml==6.0.1 (from -r tests/requirements-ci.txt (line 674))
2026-10-08T11:16:08.5789017Z   Downloading PyYAML-6.0.1.tar.gz (125 kB)
2026-10-08T11:16:08.7213133Z   Installing build dependencies: started
2026-10-08T11:16:10.2944278Z   Installing build dependencies: finished with status 'done'
2026-10-08T11:16:10.2950523Z   Getting requirements to build wheel: started
2026-10-08T11:16:11.9571824Z   Getting requirements to build wheel: finished with status 'done'
2026-10-08T11:16:11.9581208Z   Preparing metadata (pyproject.toml): started
2026-10-08T11:16:12.1935005Z   Preparing metadata (pyproject.toml): finished with status 'done'
2026-10-08T11:16:12.3097258Z Collecting scipy==1.17.1 (from -r tests/requirements-ci.txt (line 726))
2026-10-08T11:16:12.3133956Z   Downloading scipy-1.17.1-cp313-cp313-manylinux_2_27_x86_64.manylinux_2_28_x86_64.whl (35.2 MB)
2026-10-08T11:16:12.4769318Z      ━━━━━━━━━━━━━━━━━━━━━━━━━━━━━━━━━━━━━━━━ 35.2/35.2 MB 217.4 MB/s  0:00:00
2026-10-08T11:16:12.5276519Z Collecting threadpoolctl==3.6.0 (from -r tests/requirements-ci.txt (line 788))
2026-10-08T11:16:12.5305884Z   Downloading threadpoolctl-3.6.0-py3-none-any.whl (18 kB)
2026-10-08T11:16:12.5422871Z Collecting voluptuous==0.16.0 (from -r tests/requirements-ci.txt (line 791))
2026-10-08T11:16:12.5455064Z   Downloading voluptuous-0.16.0-py3-none-any.whl (31 kB)
2026-10-08T11:16:12.7951557Z Collecting yarl==1.25.1 (from -r tests/requirements-ci.txt (line 794))
2026-10-08T11:16:12.7985436Z   Downloading yarl-1.25.1-cp313-cp313-manylinux2014_x86_64.manylinux_2_17_x86_64.manylinux_2_28_x86_64.whl (117 kB)
2026-10-08T11:16:12.8201263Z Building wheels for collected packages: pyyaml
2026-10-08T11:16:12.8209380Z   Building wheel for pyyaml (pyproject.toml): started
2026-10-08T11:16:14.9486911Z   Building wheel for pyyaml (pyproject.toml): finished with status 'done'
2026-10-08T11:16:14.9492984Z   Created wheel for pyyaml: filename=pyyaml-6.0.1-cp313-cp313-linux_x86_64.whl size=45459 sha256=b387889e85134faf9b8ed5439bd35f1efbb45a55d85ad8bd00ad91aa63aa8994
2026-10-08T11:16:14.9494735Z   Stored in directory: /home/runner/.cache/pip/wheels/9c/9e/34/1e1548811b63a9d001469f21797e8b7d5c216d8eb928e7d6ad
2026-10-08T11:16:14.9514473Z Successfully built pyyaml
2026-10-08T11:16:15.0098896Z Installing collected packages: voluptuous, threadpoolctl, pyyaml, propcache, numpy, multidict, idna, frozenlist, attrs, aiohappyeyeballs, yarl, scipy, aiosignal, aiohttp
2026-10-08T11:16:21.4726548Z 
2026-10-08T11:16:21.4750002Z Successfully installed aiohappyeyeballs-2.7.1 aiohttp-3.14.3 aiosignal-1.4.0 attrs-26.1.0 frozenlist-1.8.0 idna-3.20 multidict-6.9.1 numpy-2.4.6 propcache-0.5.4 pyyaml-6.0.1 scipy-1.17.1 threadpoolctl-3.6.0 voluptuous-0.16.0 yarl-1.25.1
2026-10-08T11:16:21.5974887Z ##[group]Run sudo apt-get update && sudo apt-get install -y strace
2026-10-08T11:16:21.5975390Z [36;1msudo apt-get update && sudo apt-get install -y strace[0m
2026-10-08T11:16:21.6040313Z shell: /usr/bin/bash -e {0}
2026-10-08T11:16:21.6040571Z env:
2026-10-08T11:16:21.6040771Z   DOCS_ONLY_FAST: false
2026-10-08T11:16:21.6041085Z   pythonLocation: /opt/hostedtoolcache/Python/3.13.15/x64
2026-10-08T11:16:21.6041554Z   PKG_CONFIG_PATH: /opt/hostedtoolcache/Python/3.13.15/x64/lib/pkgconfig
2026-10-08T11:16:21.6042007Z   Python_ROOT_DIR: /opt/hostedtoolcache/Python/3.13.15/x64
2026-10-08T11:16:21.6042413Z   Python2_ROOT_DIR: /opt/hostedtoolcache/Python/3.13.15/x64
2026-10-08T11:16:21.6042823Z   Python3_ROOT_DIR: /opt/hostedtoolcache/Python/3.13.15/x64
2026-10-08T11:16:21.6043229Z   LD_LIBRARY_PATH: /opt/hostedtoolcache/Python/3.13.15/x64/lib
2026-10-08T11:16:21.6043588Z ##[endgroup]
2026-10-08T11:16:21.7320276Z Get:1 file:/etc/apt/apt-mirrors.txt Mirrorlist [144 B]
2026-10-08T11:16:21.8184842Z Get:6 https://packages.microsoft.com/ubuntu/24.04/prod noble InRelease [3600 B]
2026-10-08T11:16:21.8410890Z Hit:2 http://azure.archive.ubuntu.com/ubuntu noble InRelease
2026-10-08T11:16:21.8421585Z Get:3 http://azure.archive.ubuntu.com/ubuntu noble-updates InRelease [126 kB]
2026-10-08T11:16:21.8494808Z Get:4 http://azure.archive.ubuntu.com/ubuntu noble-backports InRelease [126 kB]
2026-10-08T11:16:21.8546804Z Get:5 http://azure.archive.ubuntu.com/ubuntu noble-security InRelease [126 kB]
2026-10-08T11:16:21.9392219Z Get:7 https://packages.microsoft.com/ubuntu/24.04/prod noble/main arm64 Packages [475 kB]
2026-10-08T11:16:22.0419339Z Get:8 http://azure.archive.ubuntu.com/ubuntu noble-updates/main amd64 Packages [1375 kB]
2026-10-08T11:16:22.0601471Z Get:9 http://azure.archive.ubuntu.com/ubuntu noble-updates/main Translation-en [306 kB]
2026-10-08T11:16:22.0626500Z Get:10 http://azure.archive.ubuntu.com/ubuntu noble-updates/main amd64 Components [181 kB]
2026-10-08T11:16:22.0648298Z Get:11 http://azure.archive.ubuntu.com/ubuntu noble-updates/universe amd64 Packages [1702 kB]
2026-10-08T11:16:22.0742355Z Get:12 http://azure.archive.ubuntu.com/ubuntu noble-updates/universe Translation-en [341 kB]
2026-10-08T11:16:22.0790163Z Get:13 http://azure.archive.ubuntu.com/ubuntu noble-updates/universe amd64 Components [388 kB]
2026-10-08T11:16:22.0807389Z Get:14 http://azure.archive.ubuntu.com/ubuntu noble-updates/restricted amd64 Packages [1761 kB]
2026-10-08T11:16:22.0852006Z Get:19 https://packages.microsoft.com/ubuntu/24.04/prod noble/main all Packages [640 B]
2026-10-08T11:16:22.0911537Z Get:15 http://azure.archive.ubuntu.com/ubuntu noble-updates/restricted Translation-en [401 kB]
2026-10-08T11:16:22.0934922Z Get:16 http://azure.archive.ubuntu.com/ubuntu noble-updates/multiverse amd64 Packages [55.0 kB]
2026-10-08T11:16:22.0989118Z Get:17 http://azure.archive.ubuntu.com/ubuntu noble-updates/multiverse Translation-en [14.3 kB]
2026-10-08T11:16:22.1383851Z Get:18 http://azure.archive.ubuntu.com/ubuntu noble-updates/multiverse amd64 Components [940 B]
2026-10-08T11:16:22.1400666Z Get:20 http://azure.archive.ubuntu.com/ubuntu noble-backports/main amd64 Components [5764 B]
2026-10-08T11:16:22.1412532Z Get:21 http://azure.archive.ubuntu.com/ubuntu noble-backports/universe amd64 Components [12.6 kB]
2026-10-08T11:16:22.1506550Z Get:22 http://azure.archive.ubuntu.com/ubuntu noble-security/main amd64 Packages [1074 kB]
2026-10-08T11:16:22.1566950Z Get:23 http://azure.archive.ubuntu.com/ubuntu noble-security/main Translation-en [223 kB]
2026-10-08T11:16:22.1587653Z Get:24 http://azure.archive.ubuntu.com/ubuntu noble-security/main amd64 Components [46.3 kB]
2026-10-08T11:16:22.1602937Z Get:25 http://azure.archive.ubuntu.com/ubuntu noble-security/universe amd64 Packages [1218 kB]
2026-10-08T11:16:22.1669140Z Get:26 http://azure.archive.ubuntu.com/ubuntu noble-security/universe Translation-en [245 kB]
2026-10-08T11:16:22.1691014Z Get:27 http://azure.archive.ubuntu.com/ubuntu noble-security/universe amd64 Components [76.3 kB]
2026-10-08T11:16:22.1707366Z Get:28 http://azure.archive.ubuntu.com/ubuntu noble-security/restricted amd64 Packages [1566 kB]
2026-10-08T11:16:22.1793722Z Get:29 http://azure.archive.ubuntu.com/ubuntu noble-security/restricted Translation-en [361 kB]
2026-10-08T11:16:22.1819938Z Get:30 http://azure.archive.ubuntu.com/ubuntu noble-security/multiverse Translation-en [11.6 kB]
2026-10-08T11:16:22.3337709Z Get:31 https://packages.microsoft.com/ubuntu/24.04/prod noble/main armhf Packages [12.3 kB]
2026-10-08T11:16:22.3572809Z Get:32 https://packages.microsoft.com/ubuntu/24.04/prod noble/main amd64 Packages [530 kB]
2026-10-08T11:16:28.5842872Z Fetched 12.8 MB in 2s (8459 kB/s)
2026-10-08T11:16:29.4133223Z Reading package lists...
2026-10-08T11:16:29.4439432Z Reading package lists...
2026-10-08T11:16:29.6167296Z Building dependency tree...
2026-10-08T11:16:29.6174844Z Reading state information...
2026-10-08T11:16:29.7836330Z strace is already the newest version (6.8-0ubuntu2).
2026-10-08T11:16:29.7837075Z strace set to manually installed.
2026-10-08T11:16:29.7837800Z 0 upgraded, 0 newly installed, 0 to remove and 36 not upgraded.
2026-10-08T11:16:29.7897953Z ##[group]Run REF=$(git rev-parse --verify --quiet 'HEAD^1^{commit}') || REF=HEAD
2026-10-08T11:16:29.7898527Z [36;1mREF=$(git rev-parse --verify --quiet 'HEAD^1^{commit}') || REF=HEAD[0m
2026-10-08T11:16:29.7899023Z [36;1m# --record-only, on both paths: merging here would overwrite the[0m
2026-10-08T11:16:29.7899524Z [36;1m# committed tests/closures.json with what this run just measured, and[0m
2026-10-08T11:16:29.7900008Z [36;1m# the check below would then compare the file against itself.[0m
2026-10-08T11:16:29.7900401Z [36;1mif [ "$SCOPE_CASE" = "scoped" ]; then[0m
2026-10-08T11:16:29.7900772Z [36;1m  printf '%s\n' "$SCOPE_SCRIPTS" > "$RUNNER_TEMP/rederive.txt"[0m
2026-10-08T11:16:29.7901257Z [36;1m  echo "Scoped re-derive; every other closure is left as committed:"[0m
2026-10-08T11:16:29.7901704Z [36;1m  cat "$RUNNER_TEMP/rederive.txt"[0m
2026-10-08T11:16:29.7901994Z [36;1m  while read -r s; do[0m
2026-10-08T11:16:29.7902268Z [36;1m    [ -n "$s" ] || continue[0m
2026-10-08T11:16:29.7902579Z [36;1m    GOLDEN_REF="$REF" ./tests/derive_closures.sh \[0m
2026-10-08T11:16:29.7902982Z [36;1m      --single "$s" --out-dir "$RUNNER_TEMP/closures" --record-only[0m
2026-10-08T11:16:29.7903365Z [36;1m  done < "$RUNNER_TEMP/rederive.txt"[0m
2026-10-08T11:16:29.7903633Z [36;1melse[0m
2026-10-08T11:16:29.7903875Z [36;1m  GOLDEN_REF="$REF" ./tests/derive_closures.sh \[0m
2026-10-08T11:16:29.7904233Z [36;1m    --out-dir "$RUNNER_TEMP/closures" --record-only[0m
2026-10-08T11:16:29.7904539Z [36;1mfi[0m
2026-10-08T11:16:29.7967184Z shell: /usr/bin/bash -e {0}
2026-10-08T11:16:29.7967441Z env:
2026-10-08T11:16:29.7967635Z   DOCS_ONLY_FAST: false
2026-10-08T11:16:29.7968112Z   pythonLocation: /opt/hostedtoolcache/Python/3.13.15/x64
2026-10-08T11:16:29.7968552Z   PKG_CONFIG_PATH: /opt/hostedtoolcache/Python/3.13.15/x64/lib/pkgconfig
2026-10-08T11:16:29.7968985Z   Python_ROOT_DIR: /opt/hostedtoolcache/Python/3.13.15/x64
2026-10-08T11:16:29.7969384Z   Python2_ROOT_DIR: /opt/hostedtoolcache/Python/3.13.15/x64
2026-10-08T11:16:29.7969789Z   Python3_ROOT_DIR: /opt/hostedtoolcache/Python/3.13.15/x64
2026-10-08T11:16:29.7970177Z   LD_LIBRARY_PATH: /opt/hostedtoolcache/Python/3.13.15/x64/lib
2026-10-08T11:16:29.7970507Z   OMP_NUM_THREADS: 1
2026-10-08T11:16:29.7970733Z   OPENBLAS_NUM_THREADS: 1
2026-10-08T11:16:29.7970953Z   MKL_NUM_THREADS: 1
2026-10-08T11:16:29.7971153Z   SCOPE_CASE: 
2026-10-08T11:16:29.7971351Z   SCOPE_SCRIPTS: 
2026-10-08T11:16:29.7971555Z ##[endgroup]
2026-10-08T11:16:29.8136838Z   [11:16:29] record tests/stress.py 
2026-10-08T11:16:29.8140034Z   [11:16:29] record tests/features.py 
2026-10-08T11:16:29.8145888Z   [11:16:29] record tests/block_duty.py 
2026-10-08T11:16:33.9124738Z   [11:16:33] done   tests/block_duty.py (exit 0)
2026-10-08T11:16:33.9146548Z   [11:16:33] record tests/doc_claims.py 
2026-10-08T11:16:44.8634995Z   [11:16:44] done   tests/doc_claims.py (exit 0)
2026-10-08T11:16:44.8649699Z   [11:16:44] record tests/md_tables.mjs 
2026-10-08T11:16:45.2086054Z   [11:16:45] done   tests/md_tables.mjs (exit 0)
2026-10-08T11:16:45.2104457Z   [11:16:45] record tests/wood_advisor.py 
2026-10-08T11:16:47.6570068Z   [11:16:47] done   tests/wood_advisor.py (exit 0)
2026-10-08T11:16:47.6587628Z   [11:16:47] record tests/config_flow_steps.py 
2026-10-08T11:17:21.2458681Z   [11:17:21] done   tests/config_flow_steps.py (exit 0)
2026-10-08T11:17:21.2474729Z   [11:17:21] record tests/structure.py 
2026-10-08T11:17:40.5835839Z   [11:17:40] done   tests/structure.py (exit 0)
2026-10-08T11:17:40.5850941Z   [11:17:40] record tests/arch_score.py --smoke
2026-10-08T11:23:15.7019789Z   [11:23:15] done   tests/arch_score.py (exit 0)
2026-10-08T11:23:15.7042334Z   [11:23:15] record tests/arch_score_head.py 
2026-10-08T11:24:00.4857609Z   [11:24:00] done   tests/arch_score_head.py (exit 0)
2026-10-08T11:24:00.4886607Z   [11:24:00] record tests/typing_ruler.py 
2026-10-08T11:24:01.4476159Z   [11:24:01] done   tests/typing_ruler.py (exit 0)
2026-10-08T11:24:01.4493182Z   [11:24:01] record tests/edge.py 
2026-10-08T11:24:52.6859564Z   [11:24:52] done   tests/edge.py (exit 0)
2026-10-08T11:24:52.6881463Z   [11:24:52] record tests/validate.py 
2026-10-08T11:25:43.8267353Z   [11:25:43] done   tests/validate.py (exit 0)
2026-10-08T11:25:43.8284210Z   [11:25:43] record tests/backtest.py 
2026-10-08T11:28:37.8547402Z   [11:28:37] done   tests/backtest.py (exit 0)
2026-10-08T11:28:37.8561765Z   [11:28:37] record tests/boost_drift_replay.py 
2026-10-08T11:31:21.0562740Z   [11:31:21] done   tests/features.py (exit 0)
2026-10-08T11:31:21.0581371Z   [11:31:21] record tests/entities.py 
2026-10-08T11:31:54.2478896Z   [11:31:54] done   tests/stress.py (exit 0)
2026-10-08T11:37:29.9630581Z   [11:37:29] done   tests/entities.py (exit 0)
2026-10-08T11:58:13.4464169Z   [11:58:13] done   tests/boost_drift_replay.py (exit 0)
2026-10-08T11:58:13.4467374Z   [11:58:13] record tests/ha_contract.py 
2026-10-08T11:58:14.1676637Z   [11:58:14] done   tests/ha_contract.py (exit 0)
2026-10-08T11:58:14.1688922Z   [11:58:14] record tests/manual_plan.py 
2026-10-08T11:58:23.8642291Z   [11:58:23] done   tests/manual_plan.py (exit 0)
2026-10-08T11:58:23.8654742Z   [11:58:23] record tests/open_meteo.py 
2026-10-08T11:58:24.5699911Z   [11:58:24] done   tests/open_meteo.py (exit 0)
2026-10-08T11:58:24.5712994Z   [11:58:24] record tests/solar_alignment.py 
2026-10-08T11:58:26.3616242Z   [11:58:26] done   tests/solar_alignment.py (exit 0)
2026-10-08T11:58:26.3628594Z   [11:58:26] record tests/guard_pins.py 
2026-10-08T11:58:28.1393922Z   [11:58:28] done   tests/guard_pins.py (exit 0)
2026-10-08T11:58:28.1406950Z   [11:58:28] record tests/debug_collect.py 
2026-10-08T11:58:30.2277638Z   [11:58:30] done   tests/debug_collect.py (exit 0)
2026-10-08T11:58:30.2290153Z   [11:58:30] record tests/finite_boundary.py 
2026-10-08T11:59:59.9566519Z   [11:59:59] done   tests/finite_boundary.py (exit 0)
2026-10-08T11:59:59.9579915Z   [11:59:59] record tests/harness_headers.py 
2026-10-08T12:03:50.1890090Z   [12:03:50] done   tests/harness_headers.py (exit 0)
2026-10-08T12:03:50.1902801Z   [12:03:50] record tests/layout.py 
2026-10-08T12:04:07.3520074Z   [12:04:07] done   tests/layout.py (exit 0)
2026-10-08T12:04:07.3532337Z   [12:04:07] record tests/deployment_shape.py 
2026-10-08T12:04:11.3635251Z   [12:04:11] done   tests/deployment_shape.py (exit 0)
2026-10-08T12:04:11.3647765Z   [12:04:11] record tests/optimality.py 
2026-10-08T12:07:16.1656232Z   [12:07:16] done   tests/optimality.py (exit 0)
2026-10-08T12:07:16.1669002Z   [12:07:16] record tests/dst_checks.py 
2026-10-08T12:08:49.2072032Z   [12:08:49] done   tests/dst_checks.py (exit 0)
2026-10-08T12:08:49.2085112Z   [12:08:49] record tests/golden.py --only __no_such_scenario__
2026-10-08T12:08:50.6657867Z   [12:08:50] done   tests/golden.py (exit 0)
2026-10-08T12:08:50.6670681Z   [12:08:50] record tests/env_drift.py --cache-key 1a7eebad28fde79f5b93d51f7fa575fc5ce8b11a --all
2026-10-08T12:08:52.0280838Z   [12:08:52] done   tests/env_drift.py (exit 0)
2026-10-08T12:08:52.0292566Z   [12:08:52] record tests/plan_view.py 
2026-10-08T12:08:54.0897896Z   [12:08:54] done   tests/plan_view.py (exit 0)
2026-10-08T12:08:54.0910193Z   [12:08:54] record tests/frontend.py 
2026-10-08T12:08:54.4476753Z   [12:08:54] done   tests/frontend.py (exit 0)
2026-10-08T12:08:54.4489301Z   [12:08:54] record tests/card.mjs 
2026-10-08T12:09:13.8860974Z   [12:09:13] done   tests/card.mjs (exit 0)
2026-10-08T12:09:13.8873660Z   [12:09:13] record tests/card_drift.mjs 
2026-10-08T12:09:19.2130407Z   [12:09:19] done   tests/card_drift.mjs (exit 0)
2026-10-08T12:09:19.2131541Z 
2026-10-08T12:09:19.2132678Z recorded into /home/runner/work/_temp/closures; tests/closures.json left untouched (--record-only)
2026-10-08T12:09:19.2175089Z ##[group]Run # --partial drops one check and one only: "a selectable script with
2026-10-08T12:09:19.2176007Z [36;1m# --partial drops one check and one only: "a selectable script with[0m
2026-10-08T12:09:19.2176487Z [36;1m# no recording at all", which a scoped re-derive fails by[0m
2026-10-08T12:09:19.2176969Z [36;1m# construction. The under-approximation comparison -- the thing this[0m
2026-10-08T12:09:19.2177460Z [36;1m# job exists for -- is identical on both paths. The output goes to[0m
2026-10-08T12:09:19.2177923Z [36;1m# check.txt in the uploaded recordings: closures-autofix runs the[0m
2026-10-08T12:09:19.2178395Z [36;1m# base's closure.py, and reddens where this one printed UNDER-SCOPED[0m
2026-10-08T12:09:19.2178790Z [36;1m# and that one did not (#1846).[0m
2026-10-08T12:09:19.2179066Z [36;1mset -o pipefail[0m
2026-10-08T12:09:19.2179343Z [36;1mif [ "$SCOPE_CASE" = "scoped" ]; then[0m
2026-10-08T12:09:19.2179972Z [36;1m  python -u tests/closure.py check --in-dir "$RUNNER_TEMP/closures" --partial 2>&1 | tee "$RUNNER_TEMP/closures/check.txt"[0m
2026-10-08T12:09:19.2180536Z [36;1melse[0m
2026-10-08T12:09:19.2180978Z [36;1m  python -u tests/closure.py check --in-dir "$RUNNER_TEMP/closures" 2>&1 | tee "$RUNNER_TEMP/closures/check.txt"[0m
2026-10-08T12:09:19.2181487Z [36;1mfi[0m
2026-10-08T12:09:19.2244323Z shell: /usr/bin/bash -e {0}
2026-10-08T12:09:19.2244573Z env:
2026-10-08T12:09:19.2244767Z   DOCS_ONLY_FAST: false
2026-10-08T12:09:19.2245091Z   pythonLocation: /opt/hostedtoolcache/Python/3.13.15/x64
2026-10-08T12:09:19.2245752Z   PKG_CONFIG_PATH: /opt/hostedtoolcache/Python/3.13.15/x64/lib/pkgconfig
2026-10-08T12:09:19.2246256Z   Python_ROOT_DIR: /opt/hostedtoolcache/Python/3.13.15/x64
2026-10-08T12:09:19.2246634Z   Python2_ROOT_DIR: /opt/hostedtoolcache/Python/3.13.15/x64
2026-10-08T12:09:19.2247018Z   Python3_ROOT_DIR: /opt/hostedtoolcache/Python/3.13.15/x64
2026-10-08T12:09:19.2247409Z   LD_LIBRARY_PATH: /opt/hostedtoolcache/Python/3.13.15/x64/lib
2026-10-08T12:09:19.2247954Z   PYTHONPATH: tests/hastub
2026-10-08T12:09:19.2248215Z   SCOPE_CASE: 
2026-10-08T12:09:19.2248406Z ##[endgroup]
2026-10-08T12:09:19.3875309Z INERT READS UNDER-APPROXIMATED: a recording opened an INERT file the
2026-10-08T12:09:19.3876460Z   committed `inert_reads` does not list for it; the merge fast path
2026-10-08T12:09:19.3877293Z   would treat a change to it as unread (R9-F10.9d). Re-derive:
2026-10-08T12:09:19.3877989Z   ./tests/derive_closures.sh --single <script>
2026-10-08T12:09:19.3878793Z     tests/harness_headers.py: dev/audit/harnesses/git_auto_maintenance_race.sh
2026-10-08T12:09:19.3973454Z ##[error]Process completed with exit code 1.
2026-10-08T12:09:19.4233955Z Post job cleanup.
2026-10-08T12:09:19.5123561Z [command]/usr/bin/git version
2026-10-08T12:09:19.5176762Z git version 2.55.0
2026-10-08T12:09:19.5231976Z Temporarily overriding HOME='/home/runner/work/_temp/2baa0e00-6072-474a-9b1f-298317f46fd2' before making global git config changes
2026-10-08T12:09:19.5233903Z Adding repository directory to the temporary git global config as a safe directory
2026-10-08T12:09:19.5239048Z [command]/usr/bin/git config --global --add safe.directory /home/runner/work/heatpump_optimizer/heatpump_optimizer
2026-10-08T12:09:19.5283323Z [command]/usr/bin/git config --local --name-only --get-regexp core\.sshCommand
2026-10-08T12:09:19.5325041Z [command]/usr/bin/git submodule foreach --recursive sh -c "git config --local --name-only --get-regexp 'core\.sshCommand' && git config --local --unset-all 'core.sshCommand' || :"
2026-10-08T12:09:19.5624456Z [command]/usr/bin/git config --local --name-only --get-regexp http\.https\:\/\/github\.com\/\.extraheader
2026-10-08T12:09:19.5656539Z http.https://github.com/.extraheader
2026-10-08T12:09:19.5670360Z [command]/usr/bin/git config --local --unset-all http.https://github.com/.extraheader
2026-10-08T12:09:19.5714001Z [command]/usr/bin/git submodule foreach --recursive sh -c "git config --local --name-only --get-regexp 'http\.https\:\/\/github\.com\/\.extraheader' && git config --local --unset-all 'http.https://github.com/.extraheader' || :"
2026-10-08T12:09:19.6018534Z [command]/usr/bin/git config --local --name-only --get-regexp ^includeIf\.gitdir:
2026-10-08T12:09:19.6057242Z [command]/usr/bin/git submodule foreach --recursive git config --local --show-origin --name-only --get-regexp remote.origin.url
2026-10-08T12:09:19.6461643Z Cleaning up orphan processes
