2026-10-08T11:17:07.9068184Z Current runner version: '2.337.0'
2026-10-08T11:17:07.9095161Z ##[group]Runner Image Provisioner
2026-10-08T11:17:07.9096175Z Hosted Compute Agent
2026-10-08T11:17:07.9096783Z Version: 20260901.588
2026-10-08T11:17:07.9097542Z Commit: f88ec8081b781fac6c440065ac7ff9e710ce3d0b
2026-10-08T11:17:07.9098321Z Build Date: 2026-09-01T19:56:44Z
2026-10-08T11:17:07.9099039Z Worker ID: {063540b9-a446-428a-9b9c-c2661943980b}
2026-10-08T11:17:07.9100262Z Azure Region: southcentralus
2026-10-08T11:17:07.9101008Z ##[endgroup]
2026-10-08T11:17:07.9102636Z ##[group]Operating System
2026-10-08T11:17:07.9103406Z Ubuntu
2026-10-08T11:17:07.9104010Z 24.04.5
2026-10-08T11:17:07.9104574Z LTS
2026-10-08T11:17:07.9105097Z ##[endgroup]
2026-10-08T11:17:07.9105708Z ##[group]Runner Image
2026-10-08T11:17:07.9106396Z Image: ubuntu-24.04
2026-10-08T11:17:07.9107010Z Version: 20260927.320.1
2026-10-08T11:17:07.9108320Z Included Software: https://github.com/actions/runner-images/blob/ubuntu24/20260927.320/images/ubuntu/Ubuntu2404-Readme.md
2026-10-08T11:17:07.9110278Z Image Release: https://github.com/actions/runner-images/releases/tag/ubuntu24%2F20260927.320
2026-10-08T11:17:07.9111423Z ##[endgroup]
2026-10-08T11:17:07.9112679Z ##[group]GITHUB_TOKEN Permissions
2026-10-08T11:17:07.9115000Z Contents: read
2026-10-08T11:17:07.9115636Z Metadata: read
2026-10-08T11:17:07.9116624Z ##[endgroup]
2026-10-08T11:17:07.9120137Z Secret source: Actions
2026-10-08T11:17:07.9121337Z Cache mode: write
2026-10-08T11:17:07.9122593Z Prepare workflow directory
2026-10-08T11:17:07.9466543Z Prepare all required actions
2026-10-08T11:17:07.9516221Z Getting action download info
2026-10-08T11:17:08.2408238Z Download action repository 'actions/checkout@fbc6f3992d24b796d5a048ff273f7fcc4a7b6c09' (SHA:fbc6f3992d24b796d5a048ff273f7fcc4a7b6c09)
2026-10-08T11:17:08.3646815Z Download action repository 'actions/setup-python@ece7cb06caefa5fff74198d8649806c4678c61a1' (SHA:ece7cb06caefa5fff74198d8649806c4678c61a1)
2026-10-08T11:17:08.5483336Z Download action repository 'actions/upload-artifact@b7c566a772e6b6bfb58ed0dc250532a479d7789f' (SHA:b7c566a772e6b6bfb58ed0dc250532a479d7789f)
2026-10-08T11:17:08.8015837Z Complete job name: mutation-nightly
2026-10-08T11:17:08.8885929Z ##[group]Run actions/checkout@fbc6f3992d24b796d5a048ff273f7fcc4a7b6c09
2026-10-08T11:17:08.8887072Z with:
2026-10-08T11:17:08.8887525Z   fetch-depth: 0
2026-10-08T11:17:08.8888049Z   repository: tvofi/heatpump_optimizer
2026-10-08T11:17:08.8892080Z   token: ***
2026-10-08T11:17:08.8892552Z   ssh-strict: true
2026-10-08T11:17:08.8893007Z   ssh-user: git
2026-10-08T11:17:08.8893468Z   persist-credentials: true
2026-10-08T11:17:08.8893971Z   clean: true
2026-10-08T11:17:08.8894431Z   sparse-checkout-cone-mode: true
2026-10-08T11:17:08.8894974Z   fetch-tags: false
2026-10-08T11:17:08.8895441Z   show-progress: true
2026-10-08T11:17:08.8895916Z   lfs: false
2026-10-08T11:17:08.8896365Z   submodules: false
2026-10-08T11:17:08.8896841Z   set-safe-directory: true
2026-10-08T11:17:08.8897370Z   allow-unsafe-pr-checkout: false
2026-10-08T11:17:08.8898224Z ##[endgroup]
2026-10-08T11:17:09.0030342Z Syncing repository: tvofi/heatpump_optimizer
2026-10-08T11:17:09.0033474Z ##[group]Getting Git version info
2026-10-08T11:17:09.0034796Z Working directory is '/home/runner/work/heatpump_optimizer/heatpump_optimizer'
2026-10-08T11:17:09.0036036Z [command]/usr/bin/git version
2026-10-08T11:17:09.0167175Z git version 2.55.0
2026-10-08T11:17:09.0195876Z ##[endgroup]
2026-10-08T11:17:09.0212219Z Temporarily overriding HOME='/home/runner/work/_temp/34165ff1-64e0-4d4d-a4f4-8b3bde90b4c3' before making global git config changes
2026-10-08T11:17:09.0214693Z Adding repository directory to the temporary git global config as a safe directory
2026-10-08T11:17:09.0218741Z [command]/usr/bin/git config --global --add safe.directory /home/runner/work/heatpump_optimizer/heatpump_optimizer
2026-10-08T11:17:09.0282252Z Deleting the contents of '/home/runner/work/heatpump_optimizer/heatpump_optimizer'
2026-10-08T11:17:09.0292557Z ##[group]Initializing the repository
2026-10-08T11:17:09.0301822Z [command]/usr/bin/git init /home/runner/work/heatpump_optimizer/heatpump_optimizer
2026-10-08T11:17:09.0434208Z hint: Using 'master' as the name for the initial branch. This default branch name
2026-10-08T11:17:09.0436210Z hint: will change to "main" in Git 3.0. To configure the initial branch name
2026-10-08T11:17:09.0437917Z hint: to use in all of your new repositories, which will suppress this warning,
2026-10-08T11:17:09.0439272Z hint: call:
2026-10-08T11:17:09.0440327Z hint:
2026-10-08T11:17:09.0441323Z hint: 	git config --global init.defaultBranch <name>
2026-10-08T11:17:09.0442466Z hint:
2026-10-08T11:17:09.0443590Z hint: Names commonly chosen instead of 'master' are 'main', 'trunk' and
2026-10-08T11:17:09.0445385Z hint: 'development'. The just-created branch can be renamed via this command:
2026-10-08T11:17:09.0446752Z hint:
2026-10-08T11:17:09.0447547Z hint: 	git branch -m <name>
2026-10-08T11:17:09.0448413Z hint:
2026-10-08T11:17:09.0449943Z hint: Disable this message with "git config set advice.defaultBranchName false"
2026-10-08T11:17:09.0452285Z Initialized empty Git repository in /home/runner/work/heatpump_optimizer/heatpump_optimizer/.git/
2026-10-08T11:17:09.0464270Z [command]/usr/bin/git remote add origin https://github.com/tvofi/heatpump_optimizer
2026-10-08T11:17:09.0516541Z ##[endgroup]
2026-10-08T11:17:09.0518523Z ##[group]Disabling automatic garbage collection
2026-10-08T11:17:09.0521249Z [command]/usr/bin/git config --local gc.auto 0
2026-10-08T11:17:09.0561625Z ##[endgroup]
2026-10-08T11:17:09.0563061Z ##[group]Setting up auth
2026-10-08T11:17:09.0570065Z [command]/usr/bin/git config --local --name-only --get-regexp core\.sshCommand
2026-10-08T11:17:09.0623777Z [command]/usr/bin/git submodule foreach --recursive sh -c "git config --local --name-only --get-regexp 'core\.sshCommand' && git config --local --unset-all 'core.sshCommand' || :"
2026-10-08T11:17:09.1061179Z [command]/usr/bin/git config --local --name-only --get-regexp http\.https\:\/\/github\.com\/\.extraheader
2026-10-08T11:17:09.1100076Z [command]/usr/bin/git submodule foreach --recursive sh -c "git config --local --name-only --get-regexp 'http\.https\:\/\/github\.com\/\.extraheader' && git config --local --unset-all 'http.https://github.com/.extraheader' || :"
2026-10-08T11:17:09.1341080Z [command]/usr/bin/git config --local --name-only --get-regexp ^includeIf\.gitdir:
2026-10-08T11:17:09.1382292Z [command]/usr/bin/git submodule foreach --recursive git config --local --show-origin --name-only --get-regexp remote.origin.url
2026-10-08T11:17:09.1633501Z [command]/usr/bin/git config --local http.https://github.com/.extraheader AUTHORIZATION: basic ***
2026-10-08T11:17:09.1684810Z ##[endgroup]
2026-10-08T11:17:09.1685779Z ##[group]Fetching the repository
2026-10-08T11:17:09.1701893Z [command]/usr/bin/git -c protocol.version=2 fetch --prune --no-recurse-submodules origin +refs/heads/*:refs/remotes/origin/* +refs/tags/*:refs/tags/*
2026-10-08T11:17:16.7162877Z From https://github.com/tvofi/heatpump_optimizer
2026-10-08T11:17:16.7165517Z  * [new branch]        bus/approvals           -> origin/bus/approvals
2026-10-08T11:17:16.7168572Z  * [new branch]        cursor/r9-eg-entry-config-9aac -> origin/cursor/r9-eg-entry-config-9aac
2026-10-08T11:17:16.7171448Z  * [new branch]        cursor/r9-sw-1-resume-826f -> origin/cursor/r9-sw-1-resume-826f
2026-10-08T11:17:16.7174164Z  * [new branch]        cursor/r9-sw-2-actuation-6d19 -> origin/cursor/r9-sw-2-actuation-6d19
2026-10-08T11:17:16.7176151Z  * [new branch]        fix/r9-ci-2a-pr         -> origin/fix/r9-ci-2a-pr
2026-10-08T11:17:16.7177706Z  * [new branch]        fix/r9-eg-entry-config  -> origin/fix/r9-eg-entry-config
2026-10-08T11:17:16.7179341Z  * [new branch]        fix/r9-gittmp-pr        -> origin/fix/r9-gittmp-pr
2026-10-08T11:17:16.7181542Z  * [new branch]        fix/r9-nightly-ha-pr    -> origin/fix/r9-nightly-ha-pr
2026-10-08T11:17:16.7183221Z  * [new branch]        fix/r9-ux-actions       -> origin/fix/r9-ux-actions
2026-10-08T11:17:16.7184778Z  * [new branch]        fix/r9-ux9              -> origin/fix/r9-ux9
2026-10-08T11:17:16.7186833Z  * [new branch]        handoff-body/r9-ci-1    -> origin/handoff-body/r9-ci-1
2026-10-08T11:17:16.7188827Z  * [new branch]        handoff-body/r9-ci-2a   -> origin/handoff-body/r9-ci-2a
2026-10-08T11:17:16.7191836Z  * [new branch]        handoff-body/r9-closures-eg-b7 -> origin/handoff-body/r9-closures-eg-b7
2026-10-08T11:17:16.7194071Z  * [new branch]        handoff-body/r9-dbg-1   -> origin/handoff-body/r9-dbg-1
2026-10-08T11:17:16.7196037Z  * [new branch]        handoff-body/r9-dbg-2   -> origin/handoff-body/r9-dbg-2
2026-10-08T11:17:16.7197926Z  * [new branch]        handoff-body/r9-eg-a4   -> origin/handoff-body/r9-eg-a4
2026-10-08T11:17:16.7200636Z  * [new branch]        handoff-body/r9-eg-b7-harness -> origin/handoff-body/r9-eg-b7-harness
2026-10-08T11:17:16.7203470Z  * [new branch]        handoff-body/r9-eg-coordinator-seams -> origin/handoff-body/r9-eg-coordinator-seams
2026-10-08T11:17:16.7206490Z  * [new branch]        handoff-body/r9-eg-entry-config -> origin/handoff-body/r9-eg-entry-config
2026-10-08T11:17:16.7209344Z  * [new branch]        handoff-body/r9-eg-solve-inputs -> origin/handoff-body/r9-eg-solve-inputs
2026-10-08T11:17:16.7212279Z  * [new branch]        handoff-body/r9-fixer-cap -> origin/handoff-body/r9-fixer-cap
2026-10-08T11:17:16.7214726Z  * [new branch]        handoff-body/r9-gittmp  -> origin/handoff-body/r9-gittmp
2026-10-08T11:17:16.7217307Z  * [new branch]        handoff-body/r9-main-closures -> origin/handoff-body/r9-main-closures
2026-10-08T11:17:16.7220288Z  * [new branch]        handoff-body/r9-nightly-bdr -> origin/handoff-body/r9-nightly-bdr
2026-10-08T11:17:16.7223318Z  * [new branch]        handoff-body/r9-nightly-ha -> origin/handoff-body/r9-nightly-ha
2026-10-08T11:17:16.7226122Z  * [new branch]        handoff-body/r9-prepr-selftest -> origin/handoff-body/r9-prepr-selftest
2026-10-08T11:17:16.7228829Z  * [new branch]        handoff-body/r9-rca-1985 -> origin/handoff-body/r9-rca-1985
2026-10-08T11:17:16.7231548Z  * [new branch]        handoff-body/r9-rca-1990 -> origin/handoff-body/r9-rca-1990
2026-10-08T11:17:16.7234346Z  * [new branch]        handoff-body/r9-rca-2004 -> origin/handoff-body/r9-rca-2004
2026-10-08T11:17:16.7237212Z  * [new branch]        handoff-body/r9-rca-bugclasses -> origin/handoff-body/r9-rca-bugclasses
2026-10-08T11:17:16.7240314Z  * [new branch]        handoff-body/r9-rca-stamp-race -> origin/handoff-body/r9-rca-stamp-race
2026-10-08T11:17:16.7243388Z  * [new branch]        handoff-body/r9-rca-stress-recording -> origin/handoff-body/r9-rca-stress-recording
2026-10-08T11:17:16.7246502Z  * [new branch]        handoff-body/r9-record-automerge -> origin/handoff-body/r9-record-automerge
2026-10-08T11:17:16.7249278Z  * [new branch]        handoff-body/r9-record-path -> origin/handoff-body/r9-record-path
2026-10-08T11:17:16.7252014Z  * [new branch]        handoff-body/r9-ro-10   -> origin/handoff-body/r9-ro-10
2026-10-08T11:17:16.7254298Z  * [new branch]        handoff-body/r9-ro-11   -> origin/handoff-body/r9-ro-11
2026-10-08T11:17:16.7256583Z  * [new branch]        handoff-body/r9-ro-12   -> origin/handoff-body/r9-ro-12
2026-10-08T11:17:16.7258843Z  * [new branch]        handoff-body/r9-ro-8    -> origin/handoff-body/r9-ro-8
2026-10-08T11:17:16.7261252Z  * [new branch]        handoff-body/r9-sw-5    -> origin/handoff-body/r9-sw-5
2026-10-08T11:17:16.7263755Z  * [new branch]        handoff-body/r9-sw-actuation -> origin/handoff-body/r9-sw-actuation
2026-10-08T11:17:16.7266650Z  * [new branch]        handoff-body/r9-sw6     -> origin/handoff-body/r9-sw6
2026-10-08T11:17:16.7269436Z  * [new branch]        handoff-body/r9-ux-10   -> origin/handoff-body/r9-ux-10
2026-10-08T11:17:16.7272840Z  * [new branch]        handoff-body/r9-ux-6    -> origin/handoff-body/r9-ux-6
2026-10-08T11:17:16.7275259Z  * [new branch]        handoff-body/r9-ux-7    -> origin/handoff-body/r9-ux-7
2026-10-08T11:17:16.7278298Z  * [new branch]        handoff-body/r9-ux-actions -> origin/handoff-body/r9-ux-actions
2026-10-08T11:17:16.7281621Z  * [new branch]        handoff-body/r9-ux9     -> origin/handoff-body/r9-ux9
2026-10-08T11:17:16.7283855Z  * [new branch]        handoff/audit-r9-alt    -> origin/handoff/audit-r9-alt
2026-10-08T11:17:16.7286288Z  * [new branch]        handoff/audit-r9-evidence -> origin/handoff/audit-r9-evidence
2026-10-08T11:17:16.7288790Z  * [new branch]        handoff/audit-r9-find-B1 -> origin/handoff/audit-r9-find-B1
2026-10-08T11:17:16.7291533Z  * [new branch]        handoff/audit-r9-find-B10 -> origin/handoff/audit-r9-find-B10
2026-10-08T11:17:16.7293970Z  * [new branch]        handoff/audit-r9-find-B2 -> origin/handoff/audit-r9-find-B2
2026-10-08T11:17:16.7296392Z  * [new branch]        handoff/audit-r9-find-B3 -> origin/handoff/audit-r9-find-B3
2026-10-08T11:17:16.7298794Z  * [new branch]        handoff/audit-r9-find-B4 -> origin/handoff/audit-r9-find-B4
2026-10-08T11:17:16.7301331Z  * [new branch]        handoff/audit-r9-find-B5 -> origin/handoff/audit-r9-find-B5
2026-10-08T11:17:16.7303745Z  * [new branch]        handoff/audit-r9-find-B6 -> origin/handoff/audit-r9-find-B6
2026-10-08T11:17:16.7306142Z  * [new branch]        handoff/audit-r9-find-B7 -> origin/handoff/audit-r9-find-B7
2026-10-08T11:17:16.7309119Z  * [new branch]        handoff/audit-r9-find-B8 -> origin/handoff/audit-r9-find-B8
2026-10-08T11:17:16.7312030Z  * [new branch]        handoff/audit-r9-find-B9 -> origin/handoff/audit-r9-find-B9
2026-10-08T11:17:16.7314868Z  * [new branch]        handoff/audit-r9-fixplan -> origin/handoff/audit-r9-fixplan
2026-10-08T11:17:16.7317477Z  * [new branch]        handoff/audit-r9-issues -> origin/handoff/audit-r9-issues
2026-10-08T11:17:16.7320212Z  * [new branch]        handoff/audit-r9-judge  -> origin/handoff/audit-r9-judge
2026-10-08T11:17:16.7323539Z  * [new branch]        handoff/audit-r9-leads  -> origin/handoff/audit-r9-leads
2026-10-08T11:17:16.7326972Z  * [new branch]        handoff/audit-r9-leads-l2 -> origin/handoff/audit-r9-leads-l2
2026-10-08T11:17:16.7330174Z  * [new branch]        handoff/audit-r9-leads-l3 -> origin/handoff/audit-r9-leads-l3
2026-10-08T11:17:16.7333041Z  * [new branch]        handoff/audit-r9-leads-l4 -> origin/handoff/audit-r9-leads-l4
2026-10-08T11:17:16.7335700Z  * [new branch]        handoff/audit-r9-leads-lc -> origin/handoff/audit-r9-leads-lc
2026-10-08T11:17:16.7338205Z  * [new branch]        handoff/audit-r9-plan   -> origin/handoff/audit-r9-plan
2026-10-08T11:17:16.7340859Z  * [new branch]        handoff/audit-r9-register -> origin/handoff/audit-r9-register
2026-10-08T11:17:16.7343349Z  * [new branch]        handoff/audit-r9-runner-1 -> origin/handoff/audit-r9-runner-1
2026-10-08T11:17:16.7345800Z  * [new branch]        handoff/audit-r9-sweep-s1 -> origin/handoff/audit-r9-sweep-s1
2026-10-08T11:17:16.7348227Z  * [new branch]        handoff/audit-r9-sweep-s2 -> origin/handoff/audit-r9-sweep-s2
2026-10-08T11:17:16.7350893Z  * [new branch]        handoff/audit-r9-sweep-s3 -> origin/handoff/audit-r9-sweep-s3
2026-10-08T11:17:16.7353313Z  * [new branch]        handoff/audit-r9-sweep-s4 -> origin/handoff/audit-r9-sweep-s4
2026-10-08T11:17:16.7355732Z  * [new branch]        handoff/audit-r9-sweep-s5 -> origin/handoff/audit-r9-sweep-s5
2026-10-08T11:17:16.7358145Z  * [new branch]        handoff/audit-r9-sweep-s6 -> origin/handoff/audit-r9-sweep-s6
2026-10-08T11:17:16.7360818Z  * [new branch]        handoff/audit-r9-sweep-s7 -> origin/handoff/audit-r9-sweep-s7
2026-10-08T11:17:16.7363362Z  * [new branch]        handoff/audit-r9-verify-g1-v1 -> origin/handoff/audit-r9-verify-g1-v1
2026-10-08T11:17:16.7366150Z  * [new branch]        handoff/audit-r9-verify-g1-v2 -> origin/handoff/audit-r9-verify-g1-v2
2026-10-08T11:17:16.7368950Z  * [new branch]        handoff/audit-r9-verify-g1-v3 -> origin/handoff/audit-r9-verify-g1-v3
2026-10-08T11:17:16.7372266Z  * [new branch]        handoff/audit-r9-verify-g2-v1 -> origin/handoff/audit-r9-verify-g2-v1
2026-10-08T11:17:16.7375130Z  * [new branch]        handoff/audit-r9-verify-g2-v2 -> origin/handoff/audit-r9-verify-g2-v2
2026-10-08T11:17:16.7378354Z  * [new branch]        handoff/audit-r9-verify-g2-v3 -> origin/handoff/audit-r9-verify-g2-v3
2026-10-08T11:17:16.7382030Z  * [new branch]        handoff/audit-r9-verify-g3-v1 -> origin/handoff/audit-r9-verify-g3-v1
2026-10-08T11:17:16.7384794Z  * [new branch]        handoff/audit-r9-verify-g3-v2 -> origin/handoff/audit-r9-verify-g3-v2
2026-10-08T11:17:16.7387981Z  * [new branch]        handoff/audit-r9-verify-g3-v3 -> origin/handoff/audit-r9-verify-g3-v3
2026-10-08T11:17:16.7390997Z  * [new branch]        handoff/audit-r9-verify-g4-v1 -> origin/handoff/audit-r9-verify-g4-v1
2026-10-08T11:17:16.7393728Z  * [new branch]        handoff/audit-r9-verify-g4-v2 -> origin/handoff/audit-r9-verify-g4-v2
2026-10-08T11:17:16.7396557Z  * [new branch]        handoff/audit-r9-verify-g4-v3 -> origin/handoff/audit-r9-verify-g4-v3
2026-10-08T11:17:16.7398868Z  * [new branch]        handoff/r9-ci-1         -> origin/handoff/r9-ci-1
2026-10-08T11:17:16.7401155Z  * [new branch]        handoff/r9-ci-2a        -> origin/handoff/r9-ci-2a
2026-10-08T11:17:16.7403208Z  * [new branch]        handoff/r9-ci-2b        -> origin/handoff/r9-ci-2b
2026-10-08T11:17:16.7405808Z  * [new branch]        handoff/r9-closures-eg-b7 -> origin/handoff/r9-closures-eg-b7
2026-10-08T11:17:16.7408892Z  * [new branch]        handoff/r9-dbg-0        -> origin/handoff/r9-dbg-0
2026-10-08T11:17:16.7411241Z  * [new branch]        handoff/r9-dbg-1        -> origin/handoff/r9-dbg-1
2026-10-08T11:17:16.7413272Z  * [new branch]        handoff/r9-dbg-2        -> origin/handoff/r9-dbg-2
2026-10-08T11:17:16.7415314Z  * [new branch]        handoff/r9-dbg-3        -> origin/handoff/r9-dbg-3
2026-10-08T11:17:16.7417744Z  * [new branch]        handoff/r9-diag-1       -> origin/handoff/r9-diag-1
2026-10-08T11:17:16.7420180Z  * [new branch]        handoff/r9-diag-2s      -> origin/handoff/r9-diag-2s
2026-10-08T11:17:16.7422476Z  * [new branch]        handoff/r9-eg-a4        -> origin/handoff/r9-eg-a4
2026-10-08T11:17:16.7424603Z  * [new branch]        handoff/r9-eg-archscore -> origin/handoff/r9-eg-archscore
2026-10-08T11:17:16.7427611Z  * [new branch]        handoff/r9-eg-b0        -> origin/handoff/r9-eg-b0
2026-10-08T11:17:16.7430029Z  * [new branch]        handoff/r9-eg-b7-harness -> origin/handoff/r9-eg-b7-harness
2026-10-08T11:17:16.7432812Z  * [new branch]        handoff/r9-eg-collaborator-interfaces -> origin/handoff/r9-eg-collaborator-interfaces
2026-10-08T11:17:16.7436006Z  * [new branch]        handoff/r9-eg-coordinator-seams -> origin/handoff/r9-eg-coordinator-seams
2026-10-08T11:17:16.7438904Z  * [new branch]        handoff/r9-eg-dhw-closure-dedupe-v2 -> origin/handoff/r9-eg-dhw-closure-dedupe-v2
2026-10-08T11:17:16.7441727Z  * [new branch]        handoff/r9-eg-dhw-planner -> origin/handoff/r9-eg-dhw-planner
2026-10-08T11:17:16.7444084Z  * [new branch]        handoff/r9-eg-entry-config -> origin/handoff/r9-eg-entry-config
2026-10-08T11:17:16.7446351Z  * [new branch]        handoff/r9-eg-one-copy  -> origin/handoff/r9-eg-one-copy
2026-10-08T11:17:16.7448691Z  * [new branch]        handoff/r9-eg-param-objects -> origin/handoff/r9-eg-param-objects
2026-10-08T11:17:16.7451380Z  * [new branch]        handoff/r9-eg-register-fold -> origin/handoff/r9-eg-register-fold
2026-10-08T11:17:16.7453797Z  * [new branch]        handoff/r9-eg-solve-inputs -> origin/handoff/r9-eg-solve-inputs
2026-10-08T11:17:16.7456180Z  * [new branch]        handoff/r9-eg-store-version -> origin/handoff/r9-eg-store-version
2026-10-08T11:17:16.7458862Z  * [new branch]        handoff/r9-eg-surface-identity -> origin/handoff/r9-eg-surface-identity
2026-10-08T11:17:16.7461558Z  * [new branch]        handoff/r9-eg-typed-payload -> origin/handoff/r9-eg-typed-payload
2026-10-08T11:17:16.7464249Z  * [new branch]        handoff/r9-eg-typed-payload-b -> origin/handoff/r9-eg-typed-payload-b
2026-10-08T11:17:16.7466802Z  * [new branch]        handoff/r9-f1-coordinator-10 -> origin/handoff/r9-f1-coordinator-10
2026-10-08T11:17:16.7469256Z  * [new branch]        handoff/r9-f1-coordinator-2 -> origin/handoff/r9-f1-coordinator-2
2026-10-08T11:17:16.7472115Z  * [new branch]        handoff/r9-f1-coordinator-3 -> origin/handoff/r9-f1-coordinator-3
2026-10-08T11:17:16.7474503Z  * [new branch]        handoff/r9-f1-coordinator-4 -> origin/handoff/r9-f1-coordinator-4
2026-10-08T11:17:16.7476881Z  * [new branch]        handoff/r9-f1-coordinator-5 -> origin/handoff/r9-f1-coordinator-5
2026-10-08T11:17:16.7479245Z  * [new branch]        handoff/r9-f1-coordinator-7 -> origin/handoff/r9-f1-coordinator-7
2026-10-08T11:17:16.7482015Z  * [new branch]        handoff/r9-f1-coordinator-7-review -> origin/handoff/r9-f1-coordinator-7-review
2026-10-08T11:17:16.7484405Z  * [new branch]        handoff/r9-f10-12       -> origin/handoff/r9-f10-12
2026-10-08T11:17:16.7486335Z  * [new branch]        handoff/r9-f10-13       -> origin/handoff/r9-f10-13
2026-10-08T11:17:16.7488268Z  * [new branch]        handoff/r9-f10-14       -> origin/handoff/r9-f10-14
2026-10-08T11:17:16.7490460Z  * [new branch]        handoff/r9-f10-15       -> origin/handoff/r9-f10-15
2026-10-08T11:17:16.7492414Z  * [new branch]        handoff/r9-f10-16       -> origin/handoff/r9-f10-16
2026-10-08T11:17:16.7494598Z  * [new branch]        handoff/r9-f10-ci-efficiency -> origin/handoff/r9-f10-ci-efficiency
2026-10-08T11:17:16.7497242Z  * [new branch]        handoff/r9-f10-claims-baseline-rca -> origin/handoff/r9-f10-claims-baseline-rca
2026-10-08T11:17:16.7500182Z  * [new branch]        handoff/r9-f10-closure-runalways -> origin/handoff/r9-f10-closure-runalways
2026-10-08T11:17:16.7502717Z  * [new branch]        handoff/r9-f10-gate-infra-1 -> origin/handoff/r9-f10-gate-infra-1
2026-10-08T11:17:16.7505226Z  * [new branch]        handoff/r9-f10-gate-infra-1d -> origin/handoff/r9-f10-gate-infra-1d
2026-10-08T11:17:16.7507635Z  * [new branch]        handoff/r9-f10-gate-infra-4 -> origin/handoff/r9-f10-gate-infra-4
2026-10-08T11:17:16.7510077Z  * [new branch]        handoff/r9-f10-gate-infra-5 -> origin/handoff/r9-f10-gate-infra-5
2026-10-08T11:17:16.7512431Z  * [new branch]        handoff/r9-f10-gate-infra-6 -> origin/handoff/r9-f10-gate-infra-6
2026-10-08T11:17:16.7515053Z  * [new branch]        handoff/r9-f10-harness-timeout -> origin/handoff/r9-f10-harness-timeout
2026-10-08T11:17:16.7582634Z  * [new branch]        handoff/r9-f10-loop-heartbeat -> origin/handoff/r9-f10-loop-heartbeat
2026-10-08T11:17:16.7585146Z  * [new branch]        handoff/r9-f10-merge-queue -> origin/handoff/r9-f10-merge-queue
2026-10-08T11:17:16.7587534Z  * [new branch]        handoff/r9-f11-governance-1 -> origin/handoff/r9-f11-governance-1
2026-10-08T11:17:16.7590295Z  * [new branch]        handoff/r9-f11-governance-3 -> origin/handoff/r9-f11-governance-3
2026-10-08T11:17:16.7592914Z  * [new branch]        handoff/r9-f11-governance-4 -> origin/handoff/r9-f11-governance-4
2026-10-08T11:17:16.7595527Z  * [new branch]        handoff/r9-f11-governance-4-review -> origin/handoff/r9-f11-governance-4-review
2026-10-08T11:17:16.7598142Z  * [new branch]        handoff/r9-f11-governance-5 -> origin/handoff/r9-f11-governance-5
2026-10-08T11:17:16.7600707Z  * [new branch]        handoff/r9-f11-governance-6 -> origin/handoff/r9-f11-governance-6
2026-10-08T11:17:16.7603059Z  * [new branch]        handoff/r9-f11-governance-7 -> origin/handoff/r9-f11-governance-7
2026-10-08T11:17:16.7605262Z  * [new branch]        handoff/r9-f2-solver-1  -> origin/handoff/r9-f2-solver-1
2026-10-08T11:17:16.7607302Z  * [new branch]        handoff/r9-f2-solver-3  -> origin/handoff/r9-f2-solver-3
2026-10-08T11:17:16.7609365Z  * [new branch]        handoff/r9-f2-solver-4  -> origin/handoff/r9-f2-solver-4
2026-10-08T11:17:16.7611695Z  * [new branch]        handoff/r9-f2-solver-5  -> origin/handoff/r9-f2-solver-5
2026-10-08T11:17:16.7613759Z  * [new branch]        handoff/r9-f3-stores-1  -> origin/handoff/r9-f3-stores-1
2026-10-08T11:17:16.7615820Z  * [new branch]        handoff/r9-f3-stores-3  -> origin/handoff/r9-f3-stores-3
2026-10-08T11:17:16.7618037Z  * [new branch]        handoff/r9-f4-inputs-sysid-1 -> origin/handoff/r9-f4-inputs-sysid-1
2026-10-08T11:17:16.7620854Z  * [new branch]        handoff/r9-f4-inputs-sysid-2 -> origin/handoff/r9-f4-inputs-sysid-2
2026-10-08T11:17:16.7623210Z  * [new branch]        handoff/r9-f5-config-text-1 -> origin/handoff/r9-f5-config-text-1
2026-10-08T11:17:16.7625339Z  * [new branch]        handoff/r9-f6-card-1    -> origin/handoff/r9-f6-card-1
2026-10-08T11:17:16.7627325Z  * [new branch]        handoff/r9-f6-card-2    -> origin/handoff/r9-f6-card-2
2026-10-08T11:17:16.7629306Z  * [new branch]        handoff/r9-f6-card-4    -> origin/handoff/r9-f6-card-4
2026-10-08T11:17:16.7631508Z  * [new branch]        handoff/r9-f7-entities-1 -> origin/handoff/r9-f7-entities-1
2026-10-08T11:17:16.7633653Z  * [new branch]        handoff/r9-f7-entities-2 -> origin/handoff/r9-f7-entities-2
2026-10-08T11:17:16.7635865Z  * [new branch]        handoff/r9-f7-family-splits -> origin/handoff/r9-f7-family-splits
2026-10-08T11:17:16.7638018Z  * [new branch]        handoff/r9-f8-docs-1    -> origin/handoff/r9-f8-docs-1
2026-10-08T11:17:16.7640160Z  * [new branch]        handoff/r9-f8-docs-2    -> origin/handoff/r9-f8-docs-2
2026-10-08T11:17:16.7642137Z  * [new branch]        handoff/r9-f8-docs-3    -> origin/handoff/r9-f8-docs-3
2026-10-08T11:17:16.7644230Z  * [new branch]        handoff/r9-f9-test-pins-2 -> origin/handoff/r9-f9-test-pins-2
2026-10-08T11:17:16.7646443Z  * [new branch]        handoff/r9-f9-test-pins-3 -> origin/handoff/r9-f9-test-pins-3
2026-10-08T11:17:16.7648526Z  * [new branch]        handoff/r9-fixer-cap    -> origin/handoff/r9-fixer-cap
2026-10-08T11:17:16.7651080Z  * [new branch]        handoff/r9-fr-10        -> origin/handoff/r9-fr-10
2026-10-08T11:17:16.7653218Z  * [new branch]        handoff/r9-friction-study -> origin/handoff/r9-friction-study
2026-10-08T11:17:16.7655341Z  * [new branch]        handoff/r9-gittmp       -> origin/handoff/r9-gittmp
2026-10-08T11:17:16.7657424Z  * [new branch]        handoff/r9-main-closures -> origin/handoff/r9-main-closures
2026-10-08T11:17:16.7659829Z  * [new branch]        handoff/r9-nightly-bdr  -> origin/handoff/r9-nightly-bdr
2026-10-08T11:17:16.7662102Z  * [new branch]        handoff/r9-nightly-ha   -> origin/handoff/r9-nightly-ha
2026-10-08T11:17:16.7664409Z  * [new branch]        handoff/r9-nightly-ha-measure -> origin/handoff/r9-nightly-ha-measure
2026-10-08T11:17:16.7667020Z  * [new branch]        handoff/r9-nightly-status-k5uati -> origin/handoff/r9-nightly-status-k5uati
2026-10-08T11:17:16.7669501Z  * [new branch]        handoff/r9-prepr-selftest -> origin/handoff/r9-prepr-selftest
2026-10-08T11:17:16.7671791Z  * [new branch]        handoff/r9-proc-1       -> origin/handoff/r9-proc-1
2026-10-08T11:17:16.7673701Z  * [new branch]        handoff/r9-proc-3       -> origin/handoff/r9-proc-3
2026-10-08T11:17:16.7675608Z  * [new branch]        handoff/r9-proc-4       -> origin/handoff/r9-proc-4
2026-10-08T11:17:16.7677502Z  * [new branch]        handoff/r9-proc-5       -> origin/handoff/r9-proc-5
2026-10-08T11:17:16.7679784Z  * [new branch]        handoff/r9-rc-prcontract-fix -> origin/handoff/r9-rc-prcontract-fix
2026-10-08T11:17:16.7681991Z  * [new branch]        handoff/r9-rca-1985     -> origin/handoff/r9-rca-1985
2026-10-08T11:17:16.7683939Z  * [new branch]        handoff/r9-rca-1990     -> origin/handoff/r9-rca-1990
2026-10-08T11:17:16.7685888Z  * [new branch]        handoff/r9-rca-2004     -> origin/handoff/r9-rca-2004
2026-10-08T11:17:16.7689149Z  * [new branch]        handoff/r9-rca-avoidable-interpreter-bound-recomputation -> origin/handoff/r9-rca-avoidable-interpreter-bound-recomputation
2026-10-08T11:17:16.7692644Z  * [new branch]        handoff/r9-rca-bugclasses -> origin/handoff/r9-rca-bugclasses
2026-10-08T11:17:16.7694982Z  * [new branch]        handoff/r9-rca-cpu-gate-blind -> origin/handoff/r9-rca-cpu-gate-blind
2026-10-08T11:17:16.7697168Z  * [new branch]        handoff/r9-rca-i1       -> origin/handoff/r9-rca-i1
2026-10-08T11:17:16.7699079Z  * [new branch]        handoff/r9-rca-i3       -> origin/handoff/r9-rca-i3
2026-10-08T11:17:16.7701328Z  * [new branch]        handoff/r9-rca-i4       -> origin/handoff/r9-rca-i4
2026-10-08T11:17:16.7703221Z  * [new branch]        handoff/r9-rca-i5       -> origin/handoff/r9-rca-i5
2026-10-08T11:17:16.7705156Z  * [new branch]        handoff/r9-rca-p1       -> origin/handoff/r9-rca-p1
2026-10-08T11:17:16.7707089Z  * [new branch]        handoff/r9-rca-p11      -> origin/handoff/r9-rca-p11
2026-10-08T11:17:16.7709082Z  * [new branch]        handoff/r9-rca-p2       -> origin/handoff/r9-rca-p2
2026-10-08T11:17:16.7711125Z  * [new branch]        handoff/r9-rca-p3       -> origin/handoff/r9-rca-p3
2026-10-08T11:17:16.7713048Z  * [new branch]        handoff/r9-rca-p5       -> origin/handoff/r9-rca-p5
2026-10-08T11:17:16.7714958Z  * [new branch]        handoff/r9-rca-p6       -> origin/handoff/r9-rca-p6
2026-10-08T11:17:16.7716844Z  * [new branch]        handoff/r9-rca-p9       -> origin/handoff/r9-rca-p9
2026-10-08T11:17:16.7720346Z  * [new branch]        handoff/r9-rca-persisted-future-instant-trusted-without-bound -> origin/handoff/r9-rca-persisted-future-instant-trusted-without-bound
2026-10-08T11:17:16.7723763Z  * [new branch]        handoff/r9-rca-stamp-race -> origin/handoff/r9-rca-stamp-race
2026-10-08T11:17:16.7726140Z  * [new branch]        handoff/r9-rca-stress-recording -> origin/handoff/r9-rca-stress-recording
2026-10-08T11:17:16.7728555Z  * [new branch]        handoff/r9-record-automerge -> origin/handoff/r9-record-automerge
2026-10-08T11:17:16.7730955Z  * [new branch]        handoff/r9-record-path  -> origin/handoff/r9-record-path
2026-10-08T11:17:16.7732899Z  * [new branch]        handoff/r9-ro-1         -> origin/handoff/r9-ro-1
2026-10-08T11:17:16.7734717Z  * [new branch]        handoff/r9-ro-10        -> origin/handoff/r9-ro-10
2026-10-08T11:17:16.7736566Z  * [new branch]        handoff/r9-ro-11        -> origin/handoff/r9-ro-11
2026-10-08T11:17:16.7738397Z  * [new branch]        handoff/r9-ro-12        -> origin/handoff/r9-ro-12
2026-10-08T11:17:16.7740473Z  * [new branch]        handoff/r9-ro-2         -> origin/handoff/r9-ro-2
2026-10-08T11:17:16.7742314Z  * [new branch]        handoff/r9-ro-3         -> origin/handoff/r9-ro-3
2026-10-08T11:17:16.7744263Z  * [new branch]        handoff/r9-ro-4         -> origin/handoff/r9-ro-4
2026-10-08T11:17:16.7746099Z  * [new branch]        handoff/r9-ro-5         -> origin/handoff/r9-ro-5
2026-10-08T11:17:16.7747934Z  * [new branch]        handoff/r9-ro-6         -> origin/handoff/r9-ro-6
2026-10-08T11:17:16.7749906Z  * [new branch]        handoff/r9-ro-7         -> origin/handoff/r9-ro-7
2026-10-08T11:17:16.7751737Z  * [new branch]        handoff/r9-ro-8         -> origin/handoff/r9-ro-8
2026-10-08T11:17:16.7753552Z  * [new branch]        handoff/r9-sw-5         -> origin/handoff/r9-sw-5
2026-10-08T11:17:16.7755483Z  * [new branch]        handoff/r9-sw-actuation -> origin/handoff/r9-sw-actuation
2026-10-08T11:17:16.7757441Z  * [new branch]        handoff/r9-sw-card      -> origin/handoff/r9-sw-card
2026-10-08T11:17:16.7759314Z  * [new branch]        handoff/r9-sw-gchv      -> origin/handoff/r9-sw-gchv
2026-10-08T11:17:16.7761357Z  * [new branch]        handoff/r9-sw-model     -> origin/handoff/r9-sw-model
2026-10-08T11:17:16.7763225Z  * [new branch]        handoff/r9-sw6          -> origin/handoff/r9-sw6
2026-10-08T11:17:16.7765033Z  * [new branch]        handoff/r9-ux-10        -> origin/handoff/r9-ux-10
2026-10-08T11:17:16.7766855Z  * [new branch]        handoff/r9-ux-6         -> origin/handoff/r9-ux-6
2026-10-08T11:17:16.7768653Z  * [new branch]        handoff/r9-ux-7         -> origin/handoff/r9-ux-7
2026-10-08T11:17:16.7770735Z  * [new branch]        handoff/r9-ux-actions   -> origin/handoff/r9-ux-actions
2026-10-08T11:17:16.7772745Z  * [new branch]        handoff/r9-ux-events    -> origin/handoff/r9-ux-events
2026-10-08T11:17:16.7774698Z  * [new branch]        handoff/r9-ux-health    -> origin/handoff/r9-ux-health
2026-10-08T11:17:16.7776784Z  * [new branch]        handoff/r9-ux-insight-text -> origin/handoff/r9-ux-insight-text
2026-10-08T11:17:16.7778795Z  * [new branch]        handoff/r9-ux9          -> origin/handoff/r9-ux9
2026-10-08T11:17:16.7780939Z  * [new branch]        handoff/r9-web-3        -> origin/handoff/r9-web-3
2026-10-08T11:17:16.7782781Z  * [new branch]        handoff/r9-web-4        -> origin/handoff/r9-web-4
2026-10-08T11:17:16.7784614Z  * [new branch]        handoff/r9-web-5        -> origin/handoff/r9-web-5
2026-10-08T11:17:16.7786507Z  * [new branch]        handoff/r9-web-page     -> origin/handoff/r9-web-page
2026-10-08T11:17:16.7788410Z  * [new branch]        handoff/rca-1747        -> origin/handoff/rca-1747
2026-10-08T11:17:16.7790509Z  * [new branch]        handoff/repo-reorg-plan -> origin/handoff/repo-reorg-plan
2026-10-08T11:17:16.7792707Z  * [new branch]        handoff/silent-windows-plan -> origin/handoff/silent-windows-plan
2026-10-08T11:17:16.7794641Z  * [new branch]        main                    -> origin/main
2026-10-08T11:17:16.7796373Z  * [new branch]        proof/r9-ci-1-pr2010    -> origin/proof/r9-ci-1-pr2010
2026-10-08T11:17:16.7798343Z  * [new branch]        proof/r9-ci-1-pr2025    -> origin/proof/r9-ci-1-pr2025
2026-10-08T11:17:16.7800370Z  * [new branch]        proof/r9-ci-1-sw1       -> origin/proof/r9-ci-1-sw1
2026-10-08T11:17:16.7802143Z  * [new branch]        review/1987             -> origin/review/1987
2026-10-08T11:17:16.7803851Z  * [new branch]        review/1997             -> origin/review/1997
2026-10-08T11:17:16.7805557Z  * [new branch]        review/2002             -> origin/review/2002
2026-10-08T11:17:16.7807257Z  * [new branch]        review/2006             -> origin/review/2006
2026-10-08T11:17:16.7808970Z  * [new branch]        review/2007             -> origin/review/2007
2026-10-08T11:17:16.7810899Z  * [new branch]        review/2010             -> origin/review/2010
2026-10-08T11:17:16.7812619Z  * [new branch]        review/2011             -> origin/review/2011
2026-10-08T11:17:16.7814344Z  * [new branch]        review/2012             -> origin/review/2012
2026-10-08T11:17:16.7816051Z  * [new branch]        review/2013             -> origin/review/2013
2026-10-08T11:17:16.7817765Z  * [new branch]        review/2014             -> origin/review/2014
2026-10-08T11:17:16.7819809Z  * [new branch]        review/2015             -> origin/review/2015
2026-10-08T11:17:16.7821588Z  * [new branch]        review/2017             -> origin/review/2017
2026-10-08T11:17:16.7823304Z  * [new branch]        review/2018             -> origin/review/2018
2026-10-08T11:17:16.7825014Z  * [new branch]        review/2021             -> origin/review/2021
2026-10-08T11:17:16.7826715Z  * [new branch]        review/2022             -> origin/review/2022
2026-10-08T11:17:16.7828423Z  * [new branch]        review/2024             -> origin/review/2024
2026-10-08T11:17:16.7830263Z  * [new branch]        review/2025             -> origin/review/2025
2026-10-08T11:17:16.7831976Z  * [new branch]        review/2026             -> origin/review/2026
2026-10-08T11:17:16.7833680Z  * [new branch]        review/2027             -> origin/review/2027
2026-10-08T11:17:16.7835399Z  * [new branch]        review/2029             -> origin/review/2029
2026-10-08T11:17:16.7837112Z  * [new branch]        review/2030             -> origin/review/2030
2026-10-08T11:17:16.7838816Z  * [new branch]        review/2040             -> origin/review/2040
2026-10-08T11:17:16.7840791Z  * [new branch]        review/2041             -> origin/review/2041
2026-10-08T11:17:16.7842495Z  * [new branch]        review/2042             -> origin/review/2042
2026-10-08T11:17:16.7844715Z  * [new branch]        review/2044             -> origin/review/2044
2026-10-08T11:17:16.7846431Z  * [new branch]        review/2049             -> origin/review/2049
2026-10-08T11:17:16.7848131Z  * [new branch]        review/2051             -> origin/review/2051
2026-10-08T11:17:16.7850159Z  * [new branch]        review/2053             -> origin/review/2053
2026-10-08T11:17:16.7851929Z  * [new branch]        review/2054             -> origin/review/2054
2026-10-08T11:17:16.7853704Z  * [new branch]        review/2055             -> origin/review/2055
2026-10-08T11:17:16.7855627Z  * [new branch]        review/2056             -> origin/review/2056
2026-10-08T11:17:16.7857377Z  * [new branch]        verdict/1987            -> origin/verdict/1987
2026-10-08T11:17:16.7859103Z  * [new branch]        verdict/1997            -> origin/verdict/1997
2026-10-08T11:17:16.7860956Z  * [new branch]        verdict/2002            -> origin/verdict/2002
2026-10-08T11:17:16.7862683Z  * [new branch]        verdict/2006            -> origin/verdict/2006
2026-10-08T11:17:16.7864412Z  * [new branch]        verdict/2007            -> origin/verdict/2007
2026-10-08T11:17:16.7866136Z  * [new branch]        verdict/2010            -> origin/verdict/2010
2026-10-08T11:17:16.7867855Z  * [new branch]        verdict/2011            -> origin/verdict/2011
2026-10-08T11:17:16.7869569Z  * [new branch]        verdict/2012            -> origin/verdict/2012
2026-10-08T11:17:16.7871488Z  * [new branch]        verdict/2013            -> origin/verdict/2013
2026-10-08T11:17:16.7873272Z  * [new branch]        verdict/2014            -> origin/verdict/2014
2026-10-08T11:17:16.7875029Z  * [new branch]        verdict/2015            -> origin/verdict/2015
2026-10-08T11:17:16.7876755Z  * [new branch]        verdict/2017            -> origin/verdict/2017
2026-10-08T11:17:16.7878473Z  * [new branch]        verdict/2018            -> origin/verdict/2018
2026-10-08T11:17:16.7880292Z  * [new branch]        verdict/2021            -> origin/verdict/2021
2026-10-08T11:17:16.7882012Z  * [new branch]        verdict/2022            -> origin/verdict/2022
2026-10-08T11:17:16.7883736Z  * [new branch]        verdict/2024            -> origin/verdict/2024
2026-10-08T11:17:16.7885452Z  * [new branch]        verdict/2025            -> origin/verdict/2025
2026-10-08T11:17:16.7887180Z  * [new branch]        verdict/2026            -> origin/verdict/2026
2026-10-08T11:17:16.7888879Z  * [new branch]        verdict/2027            -> origin/verdict/2027
2026-10-08T11:17:16.7890854Z  * [new branch]        verdict/2029            -> origin/verdict/2029
2026-10-08T11:17:16.7892775Z  * [new branch]        verdict/2030            -> origin/verdict/2030
2026-10-08T11:17:16.7894520Z  * [new branch]        verdict/2040            -> origin/verdict/2040
2026-10-08T11:17:16.7896239Z  * [new branch]        verdict/2041            -> origin/verdict/2041
2026-10-08T11:17:16.7897961Z  * [new branch]        verdict/2042            -> origin/verdict/2042
2026-10-08T11:17:16.7899839Z  * [new branch]        verdict/2044            -> origin/verdict/2044
2026-10-08T11:17:16.7901572Z  * [new branch]        verdict/2049            -> origin/verdict/2049
2026-10-08T11:17:16.7903295Z  * [new branch]        verdict/2051            -> origin/verdict/2051
2026-10-08T11:17:16.7904996Z  * [new branch]        verdict/2053            -> origin/verdict/2053
2026-10-08T11:17:16.7906705Z  * [new branch]        verdict/2054            -> origin/verdict/2054
2026-10-08T11:17:16.7908392Z  * [new branch]        verdict/2055            -> origin/verdict/2055
2026-10-08T11:17:16.7910212Z  * [new branch]        verdict/2056            -> origin/verdict/2056
2026-10-08T11:17:16.7911954Z  * [new tag]           audit-round2-evidence   -> audit-round2-evidence
2026-10-08T11:17:16.7913574Z  * [new tag]           v2.3.0-beta.1           -> v2.3.0-beta.1
2026-10-08T11:17:16.7915028Z  * [new tag]           v2.4.0                  -> v2.4.0
2026-10-08T11:17:16.7916413Z  * [new tag]           v2.4.1                  -> v2.4.1
2026-10-08T11:17:16.7917793Z  * [new tag]           v2.5.0                  -> v2.5.0
2026-10-08T11:17:16.7919165Z  * [new tag]           v2.6.0                  -> v2.6.0
2026-10-08T11:17:16.7920653Z  * [new tag]           v2.6.1                  -> v2.6.1
2026-10-08T11:17:16.7922009Z  * [new tag]           v2.7.0                  -> v2.7.0
2026-10-08T11:17:16.7923379Z  * [new tag]           v2.8.0                  -> v2.8.0
2026-10-08T11:17:16.7924741Z  * [new tag]           v3.0.0                  -> v3.0.0
2026-10-08T11:17:16.7926272Z  * [new tag]           v3.1.0                  -> v3.1.0
2026-10-08T11:17:16.7927642Z  * [new tag]           v3.1.1                  -> v3.1.1
2026-10-08T11:17:16.7929013Z  * [new tag]           v3.1.2                  -> v3.1.2
2026-10-08T11:17:16.7930679Z  * [new tag]           v3.14.0                 -> v3.14.0
2026-10-08T11:17:16.7932081Z  * [new tag]           v3.16.0                 -> v3.16.0
2026-10-08T11:17:16.7933451Z  * [new tag]           v3.2.0                  -> v3.2.0
2026-10-08T11:17:16.7934823Z  * [new tag]           v3.3.0                  -> v3.3.0
2026-10-08T11:17:16.7936207Z  * [new tag]           v3.3.1                  -> v3.3.1
2026-10-08T11:17:16.7937585Z  * [new tag]           v3.4.0                  -> v3.4.0
2026-10-08T11:17:16.7938952Z  * [new tag]           v3.4.1                  -> v3.4.1
2026-10-08T11:17:16.7940446Z  * [new tag]           v3.5.0                  -> v3.5.0
2026-10-08T11:17:16.7941818Z  * [new tag]           v3.6.0                  -> v3.6.0
2026-10-08T11:17:16.7943200Z  * [new tag]           v3.6.1                  -> v3.6.1
2026-10-08T11:17:16.7944568Z  * [new tag]           v3.7.0                  -> v3.7.0
2026-10-08T11:17:16.7945952Z  * [new tag]           v3.7.1                  -> v3.7.1
2026-10-08T11:17:16.7947327Z  * [new tag]           v3.8.0                  -> v3.8.0
2026-10-08T11:17:16.7948691Z  * [new tag]           v4.0.0                  -> v4.0.0
2026-10-08T11:17:16.7950174Z  * [new tag]           v4.0.1                  -> v4.0.1
2026-10-08T11:17:16.7951544Z  * [new tag]           v4.0.2                  -> v4.0.2
2026-10-08T11:17:16.7952920Z  * [new tag]           v4.0.3                  -> v4.0.3
2026-10-08T11:17:16.7954300Z  * [new tag]           v4.0.4                  -> v4.0.4
2026-10-08T11:17:16.7955678Z  * [new tag]           v4.0.5                  -> v4.0.5
2026-10-08T11:17:16.7957057Z  * [new tag]           v4.0.6                  -> v4.0.6
2026-10-08T11:17:16.7958416Z  * [new tag]           v4.0.7                  -> v4.0.7
2026-10-08T11:17:16.7959902Z  * [new tag]           v4.1.0                  -> v4.1.0
2026-10-08T11:17:16.7961429Z  * [new tag]           v4.2.0                  -> v4.2.0
2026-10-08T11:17:16.7962811Z  * [new tag]           v4.3.0                  -> v4.3.0
2026-10-08T11:17:16.7964186Z  * [new tag]           v5.0.0                  -> v5.0.0
2026-10-08T11:17:16.7965560Z  * [new tag]           v5.1.0                  -> v5.1.0
2026-10-08T11:17:16.7966926Z  * [new tag]           v5.1.1                  -> v5.1.1
2026-10-08T11:17:16.7968300Z  * [new tag]           v5.1.10                 -> v5.1.10
2026-10-08T11:17:16.7969982Z  * [new tag]           v5.1.2                  -> v5.1.2
2026-10-08T11:17:16.7971404Z  * [new tag]           v5.1.3                  -> v5.1.3
2026-10-08T11:17:16.7972763Z  * [new tag]           v5.1.4                  -> v5.1.4
2026-10-08T11:17:16.7974117Z  * [new tag]           v5.1.5                  -> v5.1.5
2026-10-08T11:17:16.7975459Z  * [new tag]           v5.1.6                  -> v5.1.6
2026-10-08T11:17:16.7976821Z  * [new tag]           v5.1.7                  -> v5.1.7
2026-10-08T11:17:16.7978184Z  * [new tag]           v5.1.9                  -> v5.1.9
2026-10-08T11:17:16.7979534Z  * [new tag]           v5.2.0                  -> v5.2.0
2026-10-08T11:17:16.7981025Z  * [new tag]           v5.3.0                  -> v5.3.0
2026-10-08T11:17:16.7982373Z  * [new tag]           v5.4.0                  -> v5.4.0
2026-10-08T11:17:16.7983729Z  * [new tag]           v5.4.1                  -> v5.4.1
2026-10-08T11:17:16.7985077Z  * [new tag]           v5.5.0                  -> v5.5.0
2026-10-08T11:17:16.7986436Z  * [new tag]           v5.6.0                  -> v5.6.0
2026-10-08T11:17:16.7987806Z  * [new tag]           v5.6.1                  -> v5.6.1
2026-10-08T11:17:16.7989158Z  * [new tag]           v5.6.2                  -> v5.6.2
2026-10-08T11:17:16.7990630Z  * [new tag]           v5.7.0                  -> v5.7.0
2026-10-08T11:17:16.7991973Z  * [new tag]           v5.7.1                  -> v5.7.1
2026-10-08T11:17:16.7993511Z  * [new tag]           v6.0.0                  -> v6.0.0
2026-10-08T11:17:16.7994871Z  * [new tag]           v6.0.1                  -> v6.0.1
2026-10-08T11:17:16.7996223Z  * [new tag]           v6.0.2                  -> v6.0.2
2026-10-08T11:17:16.7997588Z  * [new tag]           v6.0.3                  -> v6.0.3
2026-10-08T11:17:16.7998939Z  * [new tag]           v6.0.4                  -> v6.0.4
2026-10-08T11:17:16.8000408Z  * [new tag]           v6.0.5                  -> v6.0.5
2026-10-08T11:17:16.8001764Z  * [new tag]           v6.0.6                  -> v6.0.6
2026-10-08T11:17:16.8003137Z  * [new tag]           v6.0.7                  -> v6.0.7
2026-10-08T11:17:16.8004488Z  * [new tag]           v6.0.8                  -> v6.0.8
2026-10-08T11:17:16.8005847Z  * [new tag]           v6.0.9                  -> v6.0.9
2026-10-08T11:17:16.8007193Z  * [new tag]           v6.1.0                  -> v6.1.0
2026-10-08T11:17:16.8008541Z  * [new tag]           v6.1.1                  -> v6.1.1
2026-10-08T11:17:16.8010171Z  * [new tag]           v6.1.2                  -> v6.1.2
2026-10-08T11:17:16.8011562Z  * [new tag]           v6.2.0                  -> v6.2.0
2026-10-08T11:17:16.8012918Z  * [new tag]           v6.2.1                  -> v6.2.1
2026-10-08T11:17:16.8014281Z  * [new tag]           v6.2.10                 -> v6.2.10
2026-10-08T11:17:16.8015636Z  * [new tag]           v6.2.11                 -> v6.2.11
2026-10-08T11:17:16.8017015Z  * [new tag]           v6.2.12                 -> v6.2.12
2026-10-08T11:17:16.8018384Z  * [new tag]           v6.2.13                 -> v6.2.13
2026-10-08T11:17:16.8019894Z  * [new tag]           v6.2.14                 -> v6.2.14
2026-10-08T11:17:16.8021262Z  * [new tag]           v6.2.15                 -> v6.2.15
2026-10-08T11:17:16.8022624Z  * [new tag]           v6.2.16                 -> v6.2.16
2026-10-08T11:17:16.8023995Z  * [new tag]           v6.2.17                 -> v6.2.17
2026-10-08T11:17:16.8025378Z  * [new tag]           v6.2.2                  -> v6.2.2
2026-10-08T11:17:16.8026721Z  * [new tag]           v6.2.3                  -> v6.2.3
2026-10-08T11:17:16.8028347Z  * [new tag]           v6.2.4                  -> v6.2.4
2026-10-08T11:17:16.8029855Z  * [new tag]           v6.2.5                  -> v6.2.5
2026-10-08T11:17:16.8031219Z  * [new tag]           v6.2.6                  -> v6.2.6
2026-10-08T11:17:16.8032585Z  * [new tag]           v6.2.7                  -> v6.2.7
2026-10-08T11:17:16.8033927Z  * [new tag]           v6.2.8                  -> v6.2.8
2026-10-08T11:17:16.8035288Z  * [new tag]           v6.2.9                  -> v6.2.9
2026-10-08T11:17:16.8036651Z  * [new tag]           v6.3.0                  -> v6.3.0
2026-10-08T11:17:16.8038010Z  * [new tag]           v6.3.1                  -> v6.3.1
2026-10-08T11:17:16.8039358Z  * [new tag]           v6.3.10                 -> v6.3.10
2026-10-08T11:17:16.8040847Z  * [new tag]           v6.3.11                 -> v6.3.11
2026-10-08T11:17:16.8042219Z  * [new tag]           v6.3.12                 -> v6.3.12
2026-10-08T11:17:16.8043583Z  * [new tag]           v6.3.13                 -> v6.3.13
2026-10-08T11:17:16.8044933Z  * [new tag]           v6.3.14                 -> v6.3.14
2026-10-08T11:17:16.8046283Z  * [new tag]           v6.3.15                 -> v6.3.15
2026-10-08T11:17:16.8047645Z  * [new tag]           v6.3.16                 -> v6.3.16
2026-10-08T11:17:16.8048994Z  * [new tag]           v6.3.17                 -> v6.3.17
2026-10-08T11:17:16.8050667Z  * [new tag]           v6.3.18                 -> v6.3.18
2026-10-08T11:17:16.8052027Z  * [new tag]           v6.3.19                 -> v6.3.19
2026-10-08T11:17:16.8053400Z  * [new tag]           v6.3.2                  -> v6.3.2
2026-10-08T11:17:16.8054736Z  * [new tag]           v6.3.20                 -> v6.3.20
2026-10-08T11:17:16.8056095Z  * [new tag]           v6.3.3                  -> v6.3.3
2026-10-08T11:17:16.8057432Z  * [new tag]           v6.3.4                  -> v6.3.4
2026-10-08T11:17:16.8058951Z  * [new tag]           v6.3.5                  -> v6.3.5
2026-10-08T11:17:16.8060486Z  * [new tag]           v6.3.6                  -> v6.3.6
2026-10-08T11:17:16.8061869Z  * [new tag]           v6.3.7                  -> v6.3.7
2026-10-08T11:17:16.8063226Z  * [new tag]           v6.3.8                  -> v6.3.8
2026-10-08T11:17:16.8064585Z  * [new tag]           v6.3.9                  -> v6.3.9
2026-10-08T11:17:16.8065933Z  * [new tag]           v6.4.0                  -> v6.4.0
2026-10-08T11:17:16.8067272Z  * [new tag]           v6.4.1                  -> v6.4.1
2026-10-08T11:17:16.8068611Z  * [new tag]           v6.4.2                  -> v6.4.2
2026-10-08T11:17:16.8070088Z  * [new tag]           v6.4.3                  -> v6.4.3
2026-10-08T11:17:16.8071467Z  * [new tag]           v6.4.4                  -> v6.4.4
2026-10-08T11:17:16.8072814Z  * [new tag]           v6.5.0                  -> v6.5.0
2026-10-08T11:17:16.8074155Z  * [new tag]           v6.5.1                  -> v6.5.1
2026-10-08T11:17:16.8075504Z  * [new tag]           v6.6.0                  -> v6.6.0
2026-10-08T11:17:16.8076848Z  * [new tag]           v6.6.1                  -> v6.6.1
2026-10-08T11:17:16.8078184Z  * [new tag]           v6.6.10                 -> v6.6.10
2026-10-08T11:17:16.8079529Z  * [new tag]           v6.6.11                 -> v6.6.11
2026-10-08T11:17:16.8081030Z  * [new tag]           v6.6.12                 -> v6.6.12
2026-10-08T11:17:16.8082384Z  * [new tag]           v6.6.2                  -> v6.6.2
2026-10-08T11:17:16.8083729Z  * [new tag]           v6.6.3                  -> v6.6.3
2026-10-08T11:17:16.8085074Z  * [new tag]           v6.6.4                  -> v6.6.4
2026-10-08T11:17:16.8086428Z  * [new tag]           v6.6.5                  -> v6.6.5
2026-10-08T11:17:16.8087779Z  * [new tag]           v6.6.6                  -> v6.6.6
2026-10-08T11:17:16.8089126Z  * [new tag]           v6.6.7                  -> v6.6.7
2026-10-08T11:17:16.8090782Z  * [new tag]           v6.6.8                  -> v6.6.8
2026-10-08T11:17:16.8092130Z  * [new tag]           v6.6.9                  -> v6.6.9
2026-10-08T11:17:16.8093632Z  * [new tag]           v6.7.0                  -> v6.7.0
2026-10-08T11:17:16.8095004Z  * [new tag]           v6.7.1                  -> v6.7.1
2026-10-08T11:17:16.8096356Z  * [new tag]           v6.7.10                 -> v6.7.10
2026-10-08T11:17:16.8097719Z  * [new tag]           v6.7.11                 -> v6.7.11
2026-10-08T11:17:16.8099082Z  * [new tag]           v6.7.12                 -> v6.7.12
2026-10-08T11:17:16.8100653Z  * [new tag]           v6.7.13                 -> v6.7.13
2026-10-08T11:17:16.8102022Z  * [new tag]           v6.7.14                 -> v6.7.14
2026-10-08T11:17:16.8103372Z  * [new tag]           v6.7.15                 -> v6.7.15
2026-10-08T11:17:16.8104726Z  * [new tag]           v6.7.16                 -> v6.7.16
2026-10-08T11:17:16.8106078Z  * [new tag]           v6.7.2                  -> v6.7.2
2026-10-08T11:17:16.8107431Z  * [new tag]           v6.7.3                  -> v6.7.3
2026-10-08T11:17:16.8108789Z  * [new tag]           v6.7.4                  -> v6.7.4
2026-10-08T11:17:16.8110268Z  * [new tag]           v6.7.5                  -> v6.7.5
2026-10-08T11:17:16.8111625Z  * [new tag]           v6.7.6                  -> v6.7.6
2026-10-08T11:17:16.8112970Z  * [new tag]           v6.7.7                  -> v6.7.7
2026-10-08T11:17:16.8114326Z  * [new tag]           v6.7.8                  -> v6.7.8
2026-10-08T11:17:16.8115680Z  * [new tag]           v6.7.9                  -> v6.7.9
2026-10-08T11:17:16.8119420Z [command]/usr/bin/git branch --list --remote origin/handoff/r9-nightly-ha
2026-10-08T11:17:16.8121330Z   origin/handoff/r9-nightly-ha
2026-10-08T11:17:16.8124251Z [command]/usr/bin/git rev-parse refs/remotes/origin/handoff/r9-nightly-ha
2026-10-08T11:17:16.8125833Z 7e74470795173adfb52c2824bf489938272dbb28
2026-10-08T11:17:16.8129171Z ##[endgroup]
2026-10-08T11:17:16.8131188Z ##[group]Determining the checkout info
2026-10-08T11:17:16.8133507Z ##[endgroup]
2026-10-08T11:17:16.8134451Z [command]/usr/bin/git sparse-checkout disable
2026-10-08T11:17:16.8137519Z [command]/usr/bin/git config --local --unset-all extensions.worktreeConfig
2026-10-08T11:17:16.8141535Z ##[group]Checking out the ref
2026-10-08T11:17:16.8143570Z [command]/usr/bin/git checkout --progress --force -B handoff/r9-nightly-ha refs/remotes/origin/handoff/r9-nightly-ha
2026-10-08T11:17:17.2430343Z Switched to a new branch 'handoff/r9-nightly-ha'
2026-10-08T11:17:17.2436020Z branch 'handoff/r9-nightly-ha' set up to track 'origin/handoff/r9-nightly-ha'.
2026-10-08T11:17:17.2470570Z ##[endgroup]
2026-10-08T11:17:17.2530785Z [command]/usr/bin/git log -1 --format=%H
2026-10-08T11:17:17.2557312Z 7e74470795173adfb52c2824bf489938272dbb28
2026-10-08T11:17:17.2836662Z ##[group]Run actions/setup-python@ece7cb06caefa5fff74198d8649806c4678c61a1
2026-10-08T11:17:17.2837091Z with:
2026-10-08T11:17:17.2837296Z   python-version: 3.13
2026-10-08T11:17:17.2837527Z   check-latest: false
2026-10-08T11:17:17.2840432Z   token: ***
2026-10-08T11:17:17.2840668Z   update-environment: true
2026-10-08T11:17:17.2840922Z   allow-prereleases: false
2026-10-08T11:17:17.2841179Z   freethreaded: false
2026-10-08T11:17:17.2841404Z ##[endgroup]
2026-10-08T11:17:17.4200157Z ##[group]Installed versions
2026-10-08T11:17:17.4297562Z Successfully set up CPython (3.13.15)
2026-10-08T11:17:17.4298379Z ##[endgroup]
2026-10-08T11:17:17.4462095Z ##[group]Run pip install --require-hashes --build-constraint tests/requirements-build.txt -r tests/requirements-ci.txt
2026-10-08T11:17:17.4463099Z [36;1mpip install --require-hashes --build-constraint tests/requirements-build.txt -r tests/requirements-ci.txt[0m
2026-10-08T11:17:17.4806338Z shell: /usr/bin/bash -e {0}
2026-10-08T11:17:17.4806651Z env:
2026-10-08T11:17:17.4806967Z   pythonLocation: /opt/hostedtoolcache/Python/3.13.15/x64
2026-10-08T11:17:17.4807476Z   PKG_CONFIG_PATH: /opt/hostedtoolcache/Python/3.13.15/x64/lib/pkgconfig
2026-10-08T11:17:17.4807964Z   Python_ROOT_DIR: /opt/hostedtoolcache/Python/3.13.15/x64
2026-10-08T11:17:17.4808411Z   Python2_ROOT_DIR: /opt/hostedtoolcache/Python/3.13.15/x64
2026-10-08T11:17:17.4808841Z   Python3_ROOT_DIR: /opt/hostedtoolcache/Python/3.13.15/x64
2026-10-08T11:17:17.4809263Z   LD_LIBRARY_PATH: /opt/hostedtoolcache/Python/3.13.15/x64/lib
2026-10-08T11:17:17.4809811Z ##[endgroup]
2026-10-08T11:17:19.8957594Z Collecting aiohappyeyeballs==2.7.1 (from -r tests/requirements-ci.txt (line 27))
2026-10-08T11:17:19.9661152Z   Downloading aiohappyeyeballs-2.7.1-py3-none-any.whl (15 kB)
2026-10-08T11:17:20.5477589Z Collecting aiohttp==3.14.3 (from -r tests/requirements-ci.txt (line 30))
2026-10-08T11:17:20.5594547Z   Downloading aiohttp-3.14.3-cp313-cp313-manylinux2014_x86_64.manylinux_2_17_x86_64.manylinux_2_28_x86_64.whl (1.8 MB)
2026-10-08T11:17:20.6718142Z      ━━━━━━━━━━━━━━━━━━━━━━━━━━━━━━━━━━━━━━━━ 1.8/1.8 MB 19.6 MB/s  0:00:00
2026-10-08T11:17:20.6924439Z Collecting aiosignal==1.4.0 (from -r tests/requirements-ci.txt (line 150))
2026-10-08T11:17:20.7032926Z   Downloading aiosignal-1.4.0-py3-none-any.whl (7.5 kB)
2026-10-08T11:17:20.7237815Z Collecting attrs==26.1.0 (from -r tests/requirements-ci.txt (line 153))
2026-10-08T11:17:20.7345813Z   Downloading attrs-26.1.0-py3-none-any.whl (67 kB)
2026-10-08T11:17:20.8101616Z Collecting frozenlist==1.8.0 (from -r tests/requirements-ci.txt (line 156))
2026-10-08T11:17:20.8217122Z   Downloading frozenlist-1.8.0-cp313-cp313-manylinux1_x86_64.manylinux_2_28_x86_64.manylinux_2_5_x86_64.whl (234 kB)
2026-10-08T11:17:20.8517231Z Collecting idna==3.20 (from -r tests/requirements-ci.txt (line 287))
2026-10-08T11:17:20.8626741Z   Downloading idna-3.20-py3-none-any.whl (69 kB)
2026-10-08T11:17:21.1381449Z Collecting multidict==6.9.1 (from -r tests/requirements-ci.txt (line 290))
2026-10-08T11:17:21.1493748Z   Downloading multidict-6.9.1-cp313-cp313-manylinux2014_x86_64.manylinux_2_17_x86_64.manylinux_2_28_x86_64.whl (336 kB)
2026-10-08T11:17:21.3741462Z Collecting numpy==2.4.6 (from -r tests/requirements-ci.txt (line 462))
2026-10-08T11:17:21.3856651Z   Downloading numpy-2.4.6-cp313-cp313-manylinux_2_27_x86_64.manylinux_2_28_x86_64.whl (16.6 MB)
2026-10-08T11:17:21.6724466Z      ━━━━━━━━━━━━━━━━━━━━━━━━━━━━━━━━━━━━━━━━ 16.6/16.6 MB 59.1 MB/s  0:00:00
2026-10-08T11:17:21.7656326Z Collecting propcache==0.5.4 (from -r tests/requirements-ci.txt (line 535))
2026-10-08T11:17:21.7770314Z   Downloading propcache-0.5.4-cp313-cp313-manylinux2014_x86_64.manylinux_2_17_x86_64.manylinux_2_28_x86_64.whl (234 kB)
2026-10-08T11:17:21.8241451Z Collecting pyyaml==6.0.1 (from -r tests/requirements-ci.txt (line 674))
2026-10-08T11:17:21.8357944Z   Downloading PyYAML-6.0.1.tar.gz (125 kB)
2026-10-08T11:17:21.9835272Z   Installing build dependencies: started
2026-10-08T11:17:23.4375095Z   Installing build dependencies: finished with status 'done'
2026-10-08T11:17:23.4382096Z   Getting requirements to build wheel: started
2026-10-08T11:17:25.1591933Z   Getting requirements to build wheel: finished with status 'done'
2026-10-08T11:17:25.1603145Z   Preparing metadata (pyproject.toml): started
2026-10-08T11:17:25.4063374Z   Preparing metadata (pyproject.toml): finished with status 'done'
2026-10-08T11:17:25.5446567Z Collecting scipy==1.17.1 (from -r tests/requirements-ci.txt (line 726))
2026-10-08T11:17:25.5559911Z   Downloading scipy-1.17.1-cp313-cp313-manylinux_2_27_x86_64.manylinux_2_28_x86_64.whl (35.2 MB)
2026-10-08T11:17:25.7735109Z      ━━━━━━━━━━━━━━━━━━━━━━━━━━━━━━━━━━━━━━━━ 35.2/35.2 MB 162.9 MB/s  0:00:00
2026-10-08T11:17:25.8325142Z Collecting threadpoolctl==3.6.0 (from -r tests/requirements-ci.txt (line 788))
2026-10-08T11:17:25.8432581Z   Downloading threadpoolctl-3.6.0-py3-none-any.whl (18 kB)
2026-10-08T11:17:25.8648490Z Collecting voluptuous==0.16.0 (from -r tests/requirements-ci.txt (line 791))
2026-10-08T11:17:25.8755187Z   Downloading voluptuous-0.16.0-py3-none-any.whl (31 kB)
2026-10-08T11:17:26.1602479Z Collecting yarl==1.25.1 (from -r tests/requirements-ci.txt (line 794))
2026-10-08T11:17:26.1717708Z   Downloading yarl-1.25.1-cp313-cp313-manylinux2014_x86_64.manylinux_2_17_x86_64.manylinux_2_28_x86_64.whl (117 kB)
2026-10-08T11:17:26.1950277Z Building wheels for collected packages: pyyaml
2026-10-08T11:17:26.1958379Z   Building wheel for pyyaml (pyproject.toml): started
2026-10-08T11:17:27.3895312Z   Building wheel for pyyaml (pyproject.toml): finished with status 'done'
2026-10-08T11:17:27.3901735Z   Created wheel for pyyaml: filename=pyyaml-6.0.1-cp313-cp313-linux_x86_64.whl size=45459 sha256=c7fb4932320e3a499b0c63cffa670ac0c4bcd752e9e0026201d2ae1e632af066
2026-10-08T11:17:27.3903704Z   Stored in directory: /home/runner/.cache/pip/wheels/9c/9e/34/1e1548811b63a9d001469f21797e8b7d5c216d8eb928e7d6ad
2026-10-08T11:17:27.3923152Z Successfully built pyyaml
2026-10-08T11:17:27.4609943Z Installing collected packages: voluptuous, threadpoolctl, pyyaml, propcache, numpy, multidict, idna, frozenlist, attrs, aiohappyeyeballs, yarl, scipy, aiosignal, aiohttp
2026-10-08T11:17:34.3288788Z 
2026-10-08T11:17:34.3312506Z Successfully installed aiohappyeyeballs-2.7.1 aiohttp-3.14.3 aiosignal-1.4.0 attrs-26.1.0 frozenlist-1.8.0 idna-3.20 multidict-6.9.1 numpy-2.4.6 propcache-0.5.4 pyyaml-6.0.1 scipy-1.17.1 threadpoolctl-3.6.0 voluptuous-0.16.0 yarl-1.25.1
2026-10-08T11:17:34.4807614Z ##[group]Run set -o pipefail
2026-10-08T11:17:34.4807965Z [36;1mset -o pipefail[0m
2026-10-08T11:17:34.4808251Z [36;1mpython3 tests/mutation_table.py \[0m
2026-10-08T11:17:34.4808644Z [36;1m  --scope full --max 40 --jobs 3 --budget-minutes 270 \[0m
2026-10-08T11:17:34.4809032Z [36;1m  --seed "$(date -u +%Y%m%d)" \[0m
2026-10-08T11:17:34.4809393Z [36;1m  | tee "$RUNNER_TEMP/mutation-table-full.txt"[0m
2026-10-08T11:17:34.4874584Z shell: /usr/bin/bash --noprofile --norc -e -o pipefail {0}
2026-10-08T11:17:34.4874930Z env:
2026-10-08T11:17:34.4875205Z   pythonLocation: /opt/hostedtoolcache/Python/3.13.15/x64
2026-10-08T11:17:34.4875668Z   PKG_CONFIG_PATH: /opt/hostedtoolcache/Python/3.13.15/x64/lib/pkgconfig
2026-10-08T11:17:34.4876100Z   Python_ROOT_DIR: /opt/hostedtoolcache/Python/3.13.15/x64
2026-10-08T11:17:34.4876657Z   Python2_ROOT_DIR: /opt/hostedtoolcache/Python/3.13.15/x64
2026-10-08T11:17:34.4877064Z   Python3_ROOT_DIR: /opt/hostedtoolcache/Python/3.13.15/x64
2026-10-08T11:17:34.4877510Z   LD_LIBRARY_PATH: /opt/hostedtoolcache/Python/3.13.15/x64/lib
2026-10-08T11:17:34.4877840Z ##[endgroup]
2026-10-08T11:17:36.5025015Z   4670 unpinned site(s) of 5855 candidate sites, 4670 at the ratchet base HEAD^1; the ledger agrees with the deterministic inventory
2026-10-08T11:17:36.5042182Z MUTATION TABLE -- scope full: every production module
2026-10-08T11:17:38.1630965Z   5 drawn site(s) hold a survivor_triage mark: tests/entities.py, which would call them killed for the mark's sake, is not one of their drivers
2026-10-08T11:17:38.1635735Z   40 mutant(s) over 72 file(s); drivers in play: tests/arch_score_head.py, tests/backtest.py, tests/block_duty.py, tests/boost_drift_replay.py, tests/config_flow_steps.py, tests/debug_collect.py, tests/deployment_shape.py, tests/doc_claims.py, tests/edge.py, tests/entities.py, tests/env_drift.py, tests/features.py, tests/finite_boundary.py, tests/frontend.py, tests/guard_pins.py, tests/harness_headers.py, tests/manual_plan.py, tests/open_meteo.py, tests/optimality.py, tests/plan_view.py, tests/solar_alignment.py, tests/stress.py, tests/structure.py, tests/typing_ruler.py, tests/validate.py, tests/wood_advisor.py
2026-10-08T11:17:38.1640371Z   ref-driven drivers compare against 'HEAD^1' (run.sh's GOLDEN_REF resolution)
2026-10-08T11:17:40.7102690Z   null control: custom_components/heatpump_optimizer/__init__.py:43 NULL_COMMENT, a comment-only edit every driver in play must let survive
2026-10-08T11:18:35.2387839Z   baseline tests/arch_score_head.py: rc=0 failed=0 52s
2026-10-08T11:21:21.5008022Z   baseline tests/backtest.py: rc=0 failed=0 103s
2026-10-08T11:23:26.4270002Z   baseline tests/block_duty.py: rc=0 failed=0 1s
2026-10-08T11:25:52.5757951Z   baseline tests/env_drift.py: rc=0 failed=0 489s
2026-10-08T11:27:53.7838337Z   baseline tests/config_flow_steps.py: rc=0 failed=0 34s
2026-10-08T11:28:14.2291458Z   baseline tests/debug_collect.py: rc=0 failed=0 1s
2026-10-08T11:28:19.1700413Z   baseline tests/deployment_shape.py: rc=0 failed=0 3s
2026-10-08T11:28:30.6144842Z   baseline tests/doc_claims.py: rc=0 failed=0 8s
2026-10-08T11:29:28.7350942Z   baseline tests/edge.py: rc=0 failed=0 52s
2026-10-08T11:32:37.2072650Z   baseline tests/entities.py: rc=0 failed=0 142s
2026-10-08T11:46:05.9317931Z   baseline tests/features.py: rc=0 failed=0 665s
2026-10-08T12:00:18.0013842Z   baseline tests/finite_boundary.py: rc=0 failed=0 90s
2026-10-08T12:01:29.7037543Z   baseline tests/frontend.py: rc=0 failed=0 0s
2026-10-08T12:01:30.5744930Z   baseline tests/guard_pins.py: rc=0 failed=0 1s
2026-10-08T12:01:45.9573168Z   baseline tests/manual_plan.py: rc=0 failed=0 14s
2026-10-08T12:02:01.5927668Z   baseline tests/open_meteo.py: rc=0 failed=0 0s
2026-10-08T12:03:26.7298405Z   baseline tests/boost_drift_replay.py: rc=0 failed=0 2399s
2026-10-08T12:05:54.5656441Z   baseline tests/plan_view.py: rc=0 failed=0 1s
2026-10-08T12:05:56.4017900Z   baseline tests/solar_alignment.py: rc=0 failed=0 1s
2026-10-08T12:06:08.3774874Z   baseline tests/structure.py: rc=0 failed=0 11s
2026-10-08T12:06:19.5807947Z   baseline tests/typing_ruler.py: rc=0 failed=0 0s
2026-10-08T12:06:47.0199122Z   baseline tests/optimality.py: rc=0 failed=0 285s
2026-10-08T12:06:58.5630155Z   baseline tests/validate.py: rc=0 failed=0 39s
2026-10-08T12:06:59.3983441Z   baseline tests/wood_advisor.py: rc=0 failed=0 1s
2026-10-08T12:14:55.1998440Z   baseline tests/stress.py: rc=0 failed=0 427s
2026-10-08T12:25:31.6136276Z   baseline tests/harness_headers.py: rc=0 failed=0 210s
2026-10-08T12:28:59.4059172Z 
2026-10-08T12:28:59.4061215Z MUTATION TABLE REFUSED -- the null control custom_components/heatpump_optimizer/__init__.py:43 NULL_COMMENT was timed out under tests/boost_drift_replay.py. A comment-only edit changes no behaviour, so a driver that notices it is judging the diff rather than the code, and none of this run's kills can be told apart from that.
2026-10-08T12:29:00.5918238Z ##[error]Process completed with exit code 1.
2026-10-08T12:29:00.5972436Z ##[group]Run f="$RUNNER_TEMP/mutation-table-full.txt"
2026-10-08T12:29:00.5972901Z [36;1mf="$RUNNER_TEMP/mutation-table-full.txt"[0m
2026-10-08T12:29:00.5973220Z [36;1mtest -s "$f" || exit 0[0m
2026-10-08T12:29:00.5973471Z [36;1m{[0m
2026-10-08T12:29:00.5973739Z [36;1m  echo "### mutation-nightly: pin re-verification"[0m
2026-10-08T12:29:00.5974068Z [36;1m  echo '```'[0m
2026-10-08T12:29:00.5974535Z [36;1m  grep -E 'PIN NOT REPRODUCED|pin not re-verified|PIN RE-VERIFICATION' "$f" || echo "no pinned site drawn"[0m
2026-10-08T12:29:00.5975040Z [36;1m  echo '```'[0m
2026-10-08T12:29:00.5975266Z [36;1m} >> "$GITHUB_STEP_SUMMARY"[0m
2026-10-08T12:29:00.5975620Z [36;1mgrep -E 'PIN NOT REPRODUCED' "$f" | while IFS= read -r line; do[0m
2026-10-08T12:29:00.5976047Z [36;1m  echo "::warning title=pin not reproduced::${line}"[0m
2026-10-08T12:29:00.5976388Z [36;1mdone || true[0m
2026-10-08T12:29:00.6040004Z shell: /usr/bin/bash --noprofile --norc -e -o pipefail {0}
2026-10-08T12:29:00.6040389Z env:
2026-10-08T12:29:00.6040656Z   pythonLocation: /opt/hostedtoolcache/Python/3.13.15/x64
2026-10-08T12:29:00.6041105Z   PKG_CONFIG_PATH: /opt/hostedtoolcache/Python/3.13.15/x64/lib/pkgconfig
2026-10-08T12:29:00.6041535Z   Python_ROOT_DIR: /opt/hostedtoolcache/Python/3.13.15/x64
2026-10-08T12:29:00.6041925Z   Python2_ROOT_DIR: /opt/hostedtoolcache/Python/3.13.15/x64
2026-10-08T12:29:00.6042314Z   Python3_ROOT_DIR: /opt/hostedtoolcache/Python/3.13.15/x64
2026-10-08T12:29:00.6042708Z   LD_LIBRARY_PATH: /opt/hostedtoolcache/Python/3.13.15/x64/lib
2026-10-08T12:29:00.6043034Z ##[endgroup]
2026-10-08T12:29:00.6247570Z ##[group]Run actions/upload-artifact@b7c566a772e6b6bfb58ed0dc250532a479d7789f
2026-10-08T12:29:00.6248003Z with:
2026-10-08T12:29:00.6248205Z   name: mutation-table-full
2026-10-08T12:29:00.6248508Z   path: /home/runner/work/_temp/mutation-table-full.txt
2026-10-08T12:29:00.6248849Z   if-no-files-found: ignore
2026-10-08T12:29:00.6249089Z   compression-level: 6
2026-10-08T12:29:00.6249311Z   overwrite: false
2026-10-08T12:29:00.6249525Z   include-hidden-files: false
2026-10-08T12:29:00.6250081Z env:
2026-10-08T12:29:00.6250338Z   pythonLocation: /opt/hostedtoolcache/Python/3.13.15/x64
2026-10-08T12:29:00.6250773Z   PKG_CONFIG_PATH: /opt/hostedtoolcache/Python/3.13.15/x64/lib/pkgconfig
2026-10-08T12:29:00.6251194Z   Python_ROOT_DIR: /opt/hostedtoolcache/Python/3.13.15/x64
2026-10-08T12:29:00.6251569Z   Python2_ROOT_DIR: /opt/hostedtoolcache/Python/3.13.15/x64
2026-10-08T12:29:00.6251947Z   Python3_ROOT_DIR: /opt/hostedtoolcache/Python/3.13.15/x64
2026-10-08T12:29:00.6252362Z   LD_LIBRARY_PATH: /opt/hostedtoolcache/Python/3.13.15/x64/lib
2026-10-08T12:29:00.6252686Z ##[endgroup]
2026-10-08T12:29:00.7841532Z With the provided path, there will be 1 file uploaded
2026-10-08T12:29:00.7848237Z Artifact name is valid!
2026-10-08T12:29:00.7849055Z Root directory input is valid!
2026-10-08T12:29:01.1618238Z Beginning upload of artifact content to blob storage
2026-10-08T12:29:01.3415157Z Uploaded bytes 1103
2026-10-08T12:29:01.3861373Z Finished uploading artifact content to blob storage!
2026-10-08T12:29:01.3862641Z SHA256 digest of uploaded artifact zip is 25f612facd873dd405a3ed540229efbac351be9fc1c56801fe5cf9ef8d9befce
2026-10-08T12:29:01.3865477Z Finalizing artifact upload
2026-10-08T12:29:01.7007051Z Artifact mutation-table-full.zip successfully finalized. Artifact ID 11550595466
2026-10-08T12:29:01.7008228Z Artifact mutation-table-full has been successfully uploaded! Final size is 1103 bytes. Artifact ID is 11550595466
2026-10-08T12:29:01.7014621Z Artifact download URL: https://github.com/tvofi/heatpump_optimizer/actions/runs/37768894718/artifacts/11550595466
2026-10-08T12:29:01.7233617Z Post job cleanup.
2026-10-08T12:29:01.8107179Z [command]/usr/bin/git version
2026-10-08T12:29:01.8153146Z git version 2.55.0
2026-10-08T12:29:01.8193212Z Temporarily overriding HOME='/home/runner/work/_temp/aa0b5dbf-f226-4b6a-b7f0-a727ace6aebe' before making global git config changes
2026-10-08T12:29:01.8194951Z Adding repository directory to the temporary git global config as a safe directory
2026-10-08T12:29:01.8200272Z [command]/usr/bin/git config --global --add safe.directory /home/runner/work/heatpump_optimizer/heatpump_optimizer
2026-10-08T12:29:01.8251771Z [command]/usr/bin/git config --local --name-only --get-regexp core\.sshCommand
2026-10-08T12:29:01.8293686Z [command]/usr/bin/git submodule foreach --recursive sh -c "git config --local --name-only --get-regexp 'core\.sshCommand' && git config --local --unset-all 'core.sshCommand' || :"
2026-10-08T12:29:01.8601200Z [command]/usr/bin/git config --local --name-only --get-regexp http\.https\:\/\/github\.com\/\.extraheader
2026-10-08T12:29:01.8627455Z http.https://github.com/.extraheader
2026-10-08T12:29:01.8640173Z [command]/usr/bin/git config --local --unset-all http.https://github.com/.extraheader
2026-10-08T12:29:01.8677964Z [command]/usr/bin/git submodule foreach --recursive sh -c "git config --local --name-only --get-regexp 'http\.https\:\/\/github\.com\/\.extraheader' && git config --local --unset-all 'http.https://github.com/.extraheader' || :"
2026-10-08T12:29:01.8963901Z [command]/usr/bin/git config --local --name-only --get-regexp ^includeIf\.gitdir:
2026-10-08T12:29:01.9005996Z [command]/usr/bin/git submodule foreach --recursive git config --local --show-origin --name-only --get-regexp remote.origin.url
2026-10-08T12:29:01.9445999Z Cleaning up orphan processes
