2026-10-08T09:58:51.1405077Z Current runner version: '2.337.0'
2026-10-08T09:58:51.1429883Z ##[group]Runner Image Provisioner
2026-10-08T09:58:51.1430802Z Hosted Compute Agent
2026-10-08T09:58:51.1431475Z Version: 20260901.588
2026-10-08T09:58:51.1432126Z Commit: f88ec8081b781fac6c440065ac7ff9e710ce3d0b
2026-10-08T09:58:51.1432884Z Build Date: 2026-09-01T19:56:44Z
2026-10-08T09:58:51.1433971Z Worker ID: {a9622389-704f-450f-88c6-9b52e2943ccf}
2026-10-08T09:58:51.1434960Z Azure Region: centralus
2026-10-08T09:58:51.1435611Z ##[endgroup]
2026-10-08T09:58:51.1437227Z ##[group]Operating System
2026-10-08T09:58:51.1437853Z Ubuntu
2026-10-08T09:58:51.1438504Z 24.04.5
2026-10-08T09:58:51.1439017Z LTS
2026-10-08T09:58:51.1439572Z ##[endgroup]
2026-10-08T09:58:51.1440154Z ##[group]Runner Image
2026-10-08T09:58:51.1440739Z Image: ubuntu-24.04
2026-10-08T09:58:51.1441381Z Version: 20260927.320.1
2026-10-08T09:58:51.1442613Z Included Software: https://github.com/actions/runner-images/blob/ubuntu24/20260927.320/images/ubuntu/Ubuntu2404-Readme.md
2026-10-08T09:58:51.1444766Z Image Release: https://github.com/actions/runner-images/releases/tag/ubuntu24%2F20260927.320
2026-10-08T09:58:51.1445733Z ##[endgroup]
2026-10-08T09:58:51.1446956Z ##[group]GITHUB_TOKEN Permissions
2026-10-08T09:58:51.1449656Z Contents: read
2026-10-08T09:58:51.1450312Z Metadata: read
2026-10-08T09:58:51.1450855Z ##[endgroup]
2026-10-08T09:58:51.1453334Z Secret source: Actions
2026-10-08T09:58:51.1454581Z Cache mode: write
2026-10-08T09:58:51.1455730Z Prepare workflow directory
2026-10-08T09:58:51.1801529Z Prepare all required actions
2026-10-08T09:58:51.1850752Z Getting action download info
2026-10-08T09:58:51.4628738Z Download action repository 'actions/checkout@fbc6f3992d24b796d5a048ff273f7fcc4a7b6c09' (SHA:fbc6f3992d24b796d5a048ff273f7fcc4a7b6c09)
2026-10-08T09:58:51.5510797Z Download action repository 'actions/setup-python@ece7cb06caefa5fff74198d8649806c4678c61a1' (SHA:ece7cb06caefa5fff74198d8649806c4678c61a1)
2026-10-08T09:58:51.7681762Z Complete job name: nightly-ha (stable)
2026-10-08T09:58:51.8468931Z ##[group]Run actions/checkout@fbc6f3992d24b796d5a048ff273f7fcc4a7b6c09
2026-10-08T09:58:51.8470002Z with:
2026-10-08T09:58:51.8470463Z   repository: tvofi/heatpump_optimizer
2026-10-08T09:58:51.8474507Z   token: ***
2026-10-08T09:58:51.8474946Z   ssh-strict: true
2026-10-08T09:58:51.8475376Z   ssh-user: git
2026-10-08T09:58:51.8475815Z   persist-credentials: true
2026-10-08T09:58:51.8476298Z   clean: true
2026-10-08T09:58:51.8476734Z   sparse-checkout-cone-mode: true
2026-10-08T09:58:51.8477260Z   fetch-depth: 1
2026-10-08T09:58:51.8477694Z   fetch-tags: false
2026-10-08T09:58:51.8478130Z   show-progress: true
2026-10-08T09:58:51.8478583Z   lfs: false
2026-10-08T09:58:51.8478993Z   submodules: false
2026-10-08T09:58:51.8479437Z   set-safe-directory: true
2026-10-08T09:58:51.8479951Z   allow-unsafe-pr-checkout: false
2026-10-08T09:58:51.8480723Z ##[endgroup]
2026-10-08T09:58:51.9502397Z Syncing repository: tvofi/heatpump_optimizer
2026-10-08T09:58:51.9504957Z ##[group]Getting Git version info
2026-10-08T09:58:51.9506043Z Working directory is '/home/runner/work/heatpump_optimizer/heatpump_optimizer'
2026-10-08T09:58:51.9507214Z [command]/usr/bin/git version
2026-10-08T09:58:51.9556613Z git version 2.55.0
2026-10-08T09:58:51.9580198Z ##[endgroup]
2026-10-08T09:58:51.9596221Z Temporarily overriding HOME='/home/runner/work/_temp/f13576f9-8a0f-4754-971e-5f48e8e81a34' before making global git config changes
2026-10-08T09:58:51.9598611Z Adding repository directory to the temporary git global config as a safe directory
2026-10-08T09:58:51.9601526Z [command]/usr/bin/git config --global --add safe.directory /home/runner/work/heatpump_optimizer/heatpump_optimizer
2026-10-08T09:58:51.9652839Z Deleting the contents of '/home/runner/work/heatpump_optimizer/heatpump_optimizer'
2026-10-08T09:58:51.9658068Z ##[group]Initializing the repository
2026-10-08T09:58:51.9664998Z [command]/usr/bin/git init /home/runner/work/heatpump_optimizer/heatpump_optimizer
2026-10-08T09:58:51.9762909Z hint: Using 'master' as the name for the initial branch. This default branch name
2026-10-08T09:58:51.9765329Z hint: will change to "main" in Git 3.0. To configure the initial branch name
2026-10-08T09:58:51.9766962Z hint: to use in all of your new repositories, which will suppress this warning,
2026-10-08T09:58:51.9768286Z hint: call:
2026-10-08T09:58:51.9768972Z hint:
2026-10-08T09:58:51.9769573Z hint: 	git config --global init.defaultBranch <name>
2026-10-08T09:58:51.9770251Z hint:
2026-10-08T09:58:51.9770854Z hint: Names commonly chosen instead of 'master' are 'main', 'trunk' and
2026-10-08T09:58:51.9771969Z hint: 'development'. The just-created branch can be renamed via this command:
2026-10-08T09:58:51.9772718Z hint:
2026-10-08T09:58:51.9773139Z hint: 	git branch -m <name>
2026-10-08T09:58:51.9774045Z hint:
2026-10-08T09:58:51.9774701Z hint: Disable this message with "git config set advice.defaultBranchName false"
2026-10-08T09:58:51.9775855Z Initialized empty Git repository in /home/runner/work/heatpump_optimizer/heatpump_optimizer/.git/
2026-10-08T09:58:51.9778859Z [command]/usr/bin/git remote add origin https://github.com/tvofi/heatpump_optimizer
2026-10-08T09:58:51.9830044Z ##[endgroup]
2026-10-08T09:58:51.9830890Z ##[group]Disabling automatic garbage collection
2026-10-08T09:58:51.9833799Z [command]/usr/bin/git config --local gc.auto 0
2026-10-08T09:58:51.9866042Z ##[endgroup]
2026-10-08T09:58:51.9866805Z ##[group]Setting up auth
2026-10-08T09:58:51.9874383Z [command]/usr/bin/git config --local --name-only --get-regexp core\.sshCommand
2026-10-08T09:58:51.9907430Z [command]/usr/bin/git submodule foreach --recursive sh -c "git config --local --name-only --get-regexp 'core\.sshCommand' && git config --local --unset-all 'core.sshCommand' || :"
2026-10-08T09:58:52.0269499Z [command]/usr/bin/git config --local --name-only --get-regexp http\.https\:\/\/github\.com\/\.extraheader
2026-10-08T09:58:52.0310990Z [command]/usr/bin/git submodule foreach --recursive sh -c "git config --local --name-only --get-regexp 'http\.https\:\/\/github\.com\/\.extraheader' && git config --local --unset-all 'http.https://github.com/.extraheader' || :"
2026-10-08T09:58:52.0558670Z [command]/usr/bin/git config --local --name-only --get-regexp ^includeIf\.gitdir:
2026-10-08T09:58:52.0595101Z [command]/usr/bin/git submodule foreach --recursive git config --local --show-origin --name-only --get-regexp remote.origin.url
2026-10-08T09:58:52.0825702Z [command]/usr/bin/git config --local http.https://github.com/.extraheader AUTHORIZATION: basic ***
2026-10-08T09:58:52.0868859Z ##[endgroup]
2026-10-08T09:58:52.0869911Z ##[group]Fetching the repository
2026-10-08T09:58:52.0880376Z [command]/usr/bin/git -c protocol.version=2 fetch --no-tags --prune --no-recurse-submodules --depth=1 origin +1a7eebad28fde79f5b93d51f7fa575fc5ce8b11a:refs/remotes/origin/handoff/r9-nightly-ha
2026-10-08T09:58:53.8360508Z From https://github.com/tvofi/heatpump_optimizer
2026-10-08T09:58:53.8363255Z  * [new ref]         1a7eebad28fde79f5b93d51f7fa575fc5ce8b11a -> origin/handoff/r9-nightly-ha
2026-10-08T09:58:53.8369301Z ##[endgroup]
2026-10-08T09:58:53.8371475Z ##[group]Determining the checkout info
2026-10-08T09:58:53.8374207Z ##[endgroup]
2026-10-08T09:58:53.8375855Z [command]/usr/bin/git sparse-checkout disable
2026-10-08T09:58:53.8430737Z [command]/usr/bin/git config --local --unset-all extensions.worktreeConfig
2026-10-08T09:58:53.8466627Z ##[group]Checking out the ref
2026-10-08T09:58:53.8472171Z [command]/usr/bin/git checkout --progress --force -B handoff/r9-nightly-ha refs/remotes/origin/handoff/r9-nightly-ha
2026-10-08T09:58:54.3120322Z Switched to a new branch 'handoff/r9-nightly-ha'
2026-10-08T09:58:54.3125950Z branch 'handoff/r9-nightly-ha' set up to track 'origin/handoff/r9-nightly-ha'.
2026-10-08T09:58:54.3144330Z ##[endgroup]
2026-10-08T09:58:54.3189175Z [command]/usr/bin/git log -1 --format=%H
2026-10-08T09:58:54.3215805Z 1a7eebad28fde79f5b93d51f7fa575fc5ce8b11a
2026-10-08T09:58:54.3494325Z ##[group]Run actions/setup-python@ece7cb06caefa5fff74198d8649806c4678c61a1
2026-10-08T09:58:54.3495049Z with:
2026-10-08T09:58:54.3495298Z   python-version: 3.13
2026-10-08T09:58:54.3495577Z   check-latest: false
2026-10-08T09:58:54.3498167Z   token: ***
2026-10-08T09:58:54.3498433Z   update-environment: true
2026-10-08T09:58:54.3498733Z   allow-prereleases: false
2026-10-08T09:58:54.3499013Z   freethreaded: false
2026-10-08T09:58:54.3499268Z ##[endgroup]
2026-10-08T09:58:54.4772349Z ##[group]Installed versions
2026-10-08T09:58:54.4878940Z Successfully set up CPython (3.13.15)
2026-10-08T09:58:54.4879940Z ##[endgroup]
2026-10-08T09:58:54.5041811Z ##[group]Run pip install --require-hashes --build-constraint tests/requirements-build.txt -r tests/requirements-ci.txt -r tests/requirements-nightly-ha.txt
2026-10-08T09:58:54.5043161Z [36;1mpip install --require-hashes --build-constraint tests/requirements-build.txt -r tests/requirements-ci.txt -r tests/requirements-nightly-ha.txt[0m
2026-10-08T09:58:54.5780978Z shell: /usr/bin/bash -e {0}
2026-10-08T09:58:54.5781379Z env:
2026-10-08T09:58:54.5781770Z   pythonLocation: /opt/hostedtoolcache/Python/3.13.15/x64
2026-10-08T09:58:54.5782280Z   PKG_CONFIG_PATH: /opt/hostedtoolcache/Python/3.13.15/x64/lib/pkgconfig
2026-10-08T09:58:54.5782772Z   Python_ROOT_DIR: /opt/hostedtoolcache/Python/3.13.15/x64
2026-10-08T09:58:54.5783212Z   Python2_ROOT_DIR: /opt/hostedtoolcache/Python/3.13.15/x64
2026-10-08T09:58:54.5783993Z   Python3_ROOT_DIR: /opt/hostedtoolcache/Python/3.13.15/x64
2026-10-08T09:58:54.5784473Z   LD_LIBRARY_PATH: /opt/hostedtoolcache/Python/3.13.15/x64/lib
2026-10-08T09:58:54.5784905Z ##[endgroup]
2026-10-08T09:58:57.6678971Z Collecting aiohappyeyeballs==2.7.1 (from -r tests/requirements-ci.txt (line 27))
2026-10-08T09:58:57.7365248Z   Downloading aiohappyeyeballs-2.7.1-py3-none-any.whl (15 kB)
2026-10-08T09:58:58.2911095Z Collecting aiohttp==3.14.3 (from -r tests/requirements-ci.txt (line 30))
2026-10-08T09:58:58.3019233Z   Downloading aiohttp-3.14.3-cp313-cp313-manylinux2014_x86_64.manylinux_2_17_x86_64.manylinux_2_28_x86_64.whl (1.8 MB)
2026-10-08T09:58:58.4607536Z      ━━━━━━━━━━━━━━━━━━━━━━━━━━━━━━━━━━━━━━━━ 1.8/1.8 MB 12.7 MB/s  0:00:00
2026-10-08T09:58:58.4798804Z Collecting aiosignal==1.4.0 (from -r tests/requirements-ci.txt (line 150))
2026-10-08T09:58:58.4902328Z   Downloading aiosignal-1.4.0-py3-none-any.whl (7.5 kB)
2026-10-08T09:58:58.5103242Z Collecting attrs==26.1.0 (from -r tests/requirements-ci.txt (line 153))
2026-10-08T09:58:58.5203988Z   Downloading attrs-26.1.0-py3-none-any.whl (67 kB)
2026-10-08T09:58:58.5927982Z Collecting frozenlist==1.8.0 (from -r tests/requirements-ci.txt (line 156))
2026-10-08T09:58:58.6032551Z   Downloading frozenlist-1.8.0-cp313-cp313-manylinux1_x86_64.manylinux_2_28_x86_64.manylinux_2_5_x86_64.whl (234 kB)
2026-10-08T09:58:58.6346789Z Collecting idna==3.20 (from -r tests/requirements-ci.txt (line 287))
2026-10-08T09:58:58.6459202Z   Downloading idna-3.20-py3-none-any.whl (69 kB)
2026-10-08T09:58:58.9091065Z Collecting multidict==6.9.1 (from -r tests/requirements-ci.txt (line 290))
2026-10-08T09:58:58.9197708Z   Downloading multidict-6.9.1-cp313-cp313-manylinux2014_x86_64.manylinux_2_17_x86_64.manylinux_2_28_x86_64.whl (336 kB)
2026-10-08T09:58:59.1400562Z Collecting numpy==2.4.6 (from -r tests/requirements-ci.txt (line 462))
2026-10-08T09:58:59.1506745Z   Downloading numpy-2.4.6-cp313-cp313-manylinux_2_27_x86_64.manylinux_2_28_x86_64.whl (16.6 MB)
2026-10-08T09:58:59.4782499Z      ━━━━━━━━━━━━━━━━━━━━━━━━━━━━━━━━━━━━━━━━ 16.6/16.6 MB 52.1 MB/s  0:00:00
2026-10-08T09:58:59.5680594Z Collecting propcache==0.5.4 (from -r tests/requirements-ci.txt (line 535))
2026-10-08T09:58:59.5788850Z   Downloading propcache-0.5.4-cp313-cp313-manylinux2014_x86_64.manylinux_2_17_x86_64.manylinux_2_28_x86_64.whl (234 kB)
2026-10-08T09:58:59.6219044Z Collecting pyyaml==6.0.1 (from -r tests/requirements-ci.txt (line 674))
2026-10-08T09:58:59.6323281Z   Downloading PyYAML-6.0.1.tar.gz (125 kB)
2026-10-08T09:58:59.7747014Z   Installing build dependencies: started
2026-10-08T09:59:01.6221398Z   Installing build dependencies: finished with status 'done'
2026-10-08T09:59:01.6227869Z   Getting requirements to build wheel: started
2026-10-08T09:59:03.7832376Z   Getting requirements to build wheel: finished with status 'done'
2026-10-08T09:59:03.7842087Z   Preparing metadata (pyproject.toml): started
2026-10-08T09:59:04.0200168Z   Preparing metadata (pyproject.toml): finished with status 'done'
2026-10-08T09:59:04.1516887Z Collecting scipy==1.17.1 (from -r tests/requirements-ci.txt (line 726))
2026-10-08T09:59:04.1628489Z   Downloading scipy-1.17.1-cp313-cp313-manylinux_2_27_x86_64.manylinux_2_28_x86_64.whl (35.2 MB)
2026-10-08T09:59:04.3829486Z      ━━━━━━━━━━━━━━━━━━━━━━━━━━━━━━━━━━━━━━━━ 35.2/35.2 MB 160.7 MB/s  0:00:00
2026-10-08T09:59:04.4402311Z Collecting threadpoolctl==3.6.0 (from -r tests/requirements-ci.txt (line 788))
2026-10-08T09:59:04.4519841Z   Downloading threadpoolctl-3.6.0-py3-none-any.whl (18 kB)
2026-10-08T09:59:04.4718490Z Collecting voluptuous==0.16.0 (from -r tests/requirements-ci.txt (line 791))
2026-10-08T09:59:04.4821989Z   Downloading voluptuous-0.16.0-py3-none-any.whl (31 kB)
2026-10-08T09:59:04.7512856Z Collecting yarl==1.25.1 (from -r tests/requirements-ci.txt (line 794))
2026-10-08T09:59:04.7620774Z   Downloading yarl-1.25.1-cp313-cp313-manylinux2014_x86_64.manylinux_2_17_x86_64.manylinux_2_28_x86_64.whl (117 kB)
2026-10-08T09:59:04.7952577Z Collecting py-spy==0.4.2 (from -r tests/requirements-nightly-ha.txt (line 7))
2026-10-08T09:59:04.8063069Z   Downloading py_spy-0.4.2-py2.py3-none-manylinux_2_5_x86_64.manylinux1_x86_64.whl (2.9 MB)
2026-10-08T09:59:04.8219568Z      ━━━━━━━━━━━━━━━━━━━━━━━━━━━━━━━━━━━━━━━━ 2.9/2.9 MB 207.3 MB/s  0:00:00
2026-10-08T09:59:04.8385084Z Building wheels for collected packages: pyyaml
2026-10-08T09:59:04.8393061Z   Building wheel for pyyaml (pyproject.toml): started
2026-10-08T09:59:06.8184200Z   Building wheel for pyyaml (pyproject.toml): finished with status 'done'
2026-10-08T09:59:06.8190903Z   Created wheel for pyyaml: filename=pyyaml-6.0.1-cp313-cp313-linux_x86_64.whl size=45459 sha256=eae5173a7e43a0d1fe0fa61ff4e99f74d1208815fb8615876dc3e39387df511b
2026-10-08T09:59:06.8192594Z   Stored in directory: /home/runner/.cache/pip/wheels/9c/9e/34/1e1548811b63a9d001469f21797e8b7d5c216d8eb928e7d6ad
2026-10-08T09:59:06.8212580Z Successfully built pyyaml
2026-10-08T09:59:06.8807578Z Installing collected packages: py-spy, voluptuous, threadpoolctl, pyyaml, propcache, numpy, multidict, idna, frozenlist, attrs, aiohappyeyeballs, yarl, scipy, aiosignal, aiohttp
2026-10-08T09:59:13.4361570Z 
2026-10-08T09:59:13.4384618Z Successfully installed aiohappyeyeballs-2.7.1 aiohttp-3.14.3 aiosignal-1.4.0 attrs-26.1.0 frozenlist-1.8.0 idna-3.20 multidict-6.9.1 numpy-2.4.6 propcache-0.5.4 py-spy-0.4.2 pyyaml-6.0.1 scipy-1.17.1 threadpoolctl-3.6.0 voluptuous-0.16.0 yarl-1.25.1
2026-10-08T09:59:13.5647593Z ##[group]Run docker pull "homeassistant/home-assistant:stable"
2026-10-08T09:59:13.5648086Z [36;1mdocker pull "homeassistant/home-assistant:stable"[0m
2026-10-08T09:59:13.5714055Z shell: /usr/bin/bash -e {0}
2026-10-08T09:59:13.5714323Z env:
2026-10-08T09:59:13.5714591Z   pythonLocation: /opt/hostedtoolcache/Python/3.13.15/x64
2026-10-08T09:59:13.5715045Z   PKG_CONFIG_PATH: /opt/hostedtoolcache/Python/3.13.15/x64/lib/pkgconfig
2026-10-08T09:59:13.5715475Z   Python_ROOT_DIR: /opt/hostedtoolcache/Python/3.13.15/x64
2026-10-08T09:59:13.5715886Z   Python2_ROOT_DIR: /opt/hostedtoolcache/Python/3.13.15/x64
2026-10-08T09:59:13.5716268Z   Python3_ROOT_DIR: /opt/hostedtoolcache/Python/3.13.15/x64
2026-10-08T09:59:13.5716648Z   LD_LIBRARY_PATH: /opt/hostedtoolcache/Python/3.13.15/x64/lib
2026-10-08T09:59:13.5716977Z ##[endgroup]
2026-10-08T09:59:14.2287246Z stable: Pulling from homeassistant/home-assistant
2026-10-08T09:59:14.3900598Z c5cfc437e4cd: Pulling fs layer
2026-10-08T09:59:14.3901541Z a0599c81070e: Pulling fs layer
2026-10-08T09:59:14.3908069Z 37f806cc4461: Pulling fs layer
2026-10-08T09:59:14.3908512Z 9077abe198c0: Pulling fs layer
2026-10-08T09:59:14.3908938Z bb63c4cacedb: Pulling fs layer
2026-10-08T09:59:14.3909665Z 2c1ce468d9f3: Pulling fs layer
2026-10-08T09:59:14.3910073Z 7787303eb4c2: Pulling fs layer
2026-10-08T09:59:14.3910490Z b5c7d9056a22: Pulling fs layer
2026-10-08T09:59:14.3910742Z 338f09b2964b: Pulling fs layer
2026-10-08T09:59:14.3910982Z d2a5bb1a42cc: Pulling fs layer
2026-10-08T09:59:14.3911218Z f2f052bcb674: Pulling fs layer
2026-10-08T09:59:14.3911453Z ada65c4cb763: Pulling fs layer
2026-10-08T09:59:14.3911677Z a32396551a70: Pulling fs layer
2026-10-08T09:59:14.3911904Z 89811b755046: Pulling fs layer
2026-10-08T09:59:14.3912124Z 2c47ece656fa: Pulling fs layer
2026-10-08T09:59:14.3912348Z 28e3d11d7c8b: Pulling fs layer
2026-10-08T09:59:14.3912569Z 73564860a377: Pulling fs layer
2026-10-08T09:59:14.3912790Z c5233d3fa4a3: Pulling fs layer
2026-10-08T09:59:14.3913022Z 031ab61ddbcd: Pulling fs layer
2026-10-08T09:59:14.3913372Z dce9484604a6: Pulling fs layer
2026-10-08T09:59:14.3913864Z ba817d8ba525: Pulling fs layer
2026-10-08T09:59:14.3914360Z 9077abe198c0: Waiting
2026-10-08T09:59:14.3914577Z bb63c4cacedb: Waiting
2026-10-08T09:59:14.3914793Z 2c1ce468d9f3: Waiting
2026-10-08T09:59:14.3914986Z 7787303eb4c2: Waiting
2026-10-08T09:59:14.3915178Z b5c7d9056a22: Waiting
2026-10-08T09:59:14.3915513Z 338f09b2964b: Waiting
2026-10-08T09:59:14.3915721Z d2a5bb1a42cc: Waiting
2026-10-08T09:59:14.3915914Z dce9484604a6: Waiting
2026-10-08T09:59:14.3916106Z f2f052bcb674: Waiting
2026-10-08T09:59:14.3916294Z 73564860a377: Waiting
2026-10-08T09:59:14.3916481Z ada65c4cb763: Waiting
2026-10-08T09:59:14.3916672Z c5233d3fa4a3: Waiting
2026-10-08T09:59:14.3916863Z 031ab61ddbcd: Waiting
2026-10-08T09:59:14.3917059Z 2c47ece656fa: Waiting
2026-10-08T09:59:14.3917249Z a32396551a70: Waiting
2026-10-08T09:59:14.3917436Z 89811b755046: Waiting
2026-10-08T09:59:14.3917625Z 28e3d11d7c8b: Waiting
2026-10-08T09:59:14.3917821Z ba817d8ba525: Waiting
2026-10-08T09:59:14.5909341Z c5cfc437e4cd: Verifying Checksum
2026-10-08T09:59:14.5910571Z c5cfc437e4cd: Download complete
2026-10-08T09:59:14.6643210Z a0599c81070e: Download complete
2026-10-08T09:59:14.7177882Z 37f806cc4461: Verifying Checksum
2026-10-08T09:59:14.7178409Z 37f806cc4461: Download complete
2026-10-08T09:59:14.7230849Z c5cfc437e4cd: Pull complete
2026-10-08T09:59:14.8301363Z 2c1ce468d9f3: Download complete
2026-10-08T09:59:14.8884195Z bb63c4cacedb: Download complete
2026-10-08T09:59:14.9810700Z 7787303eb4c2: Verifying Checksum
2026-10-08T09:59:14.9811906Z 7787303eb4c2: Download complete
2026-10-08T09:59:14.9902700Z 9077abe198c0: Verifying Checksum
2026-10-08T09:59:14.9903772Z 9077abe198c0: Download complete
2026-10-08T09:59:15.0562010Z b5c7d9056a22: Verifying Checksum
2026-10-08T09:59:15.0562549Z b5c7d9056a22: Download complete
2026-10-08T09:59:15.1012965Z 338f09b2964b: Verifying Checksum
2026-10-08T09:59:15.1014436Z 338f09b2964b: Download complete
2026-10-08T09:59:15.2120155Z d2a5bb1a42cc: Verifying Checksum
2026-10-08T09:59:15.2120686Z d2a5bb1a42cc: Download complete
2026-10-08T09:59:15.2160819Z ada65c4cb763: Verifying Checksum
2026-10-08T09:59:15.2161449Z ada65c4cb763: Download complete
2026-10-08T09:59:15.2292974Z f2f052bcb674: Verifying Checksum
2026-10-08T09:59:15.2294622Z f2f052bcb674: Download complete
2026-10-08T09:59:15.3363168Z a32396551a70: Verifying Checksum
2026-10-08T09:59:15.3363966Z a32396551a70: Download complete
2026-10-08T09:59:15.3438883Z 2c47ece656fa: Download complete
2026-10-08T09:59:15.4503875Z 89811b755046: Verifying Checksum
2026-10-08T09:59:15.4504840Z 89811b755046: Download complete
2026-10-08T09:59:15.4969131Z 73564860a377: Verifying Checksum
2026-10-08T09:59:15.4969688Z 73564860a377: Download complete
2026-10-08T09:59:15.8061707Z 031ab61ddbcd: Download complete
2026-10-08T09:59:15.8251464Z 28e3d11d7c8b: Verifying Checksum
2026-10-08T09:59:15.8252237Z 28e3d11d7c8b: Download complete
2026-10-08T09:59:15.9488255Z ba817d8ba525: Download complete
2026-10-08T09:59:16.0923395Z dce9484604a6: Verifying Checksum
2026-10-08T09:59:16.0924492Z dce9484604a6: Download complete
2026-10-08T09:59:16.7449167Z a0599c81070e: Pull complete
2026-10-08T09:59:16.9450154Z c5233d3fa4a3: Verifying Checksum
2026-10-08T09:59:16.9451276Z c5233d3fa4a3: Download complete
2026-10-08T09:59:18.9411029Z 37f806cc4461: Pull complete
2026-10-08T09:59:19.8810114Z 9077abe198c0: Pull complete
2026-10-08T09:59:19.9931041Z bb63c4cacedb: Pull complete
2026-10-08T09:59:20.0010051Z 2c1ce468d9f3: Pull complete
2026-10-08T09:59:20.0154216Z 7787303eb4c2: Pull complete
2026-10-08T09:59:20.0517444Z b5c7d9056a22: Pull complete
2026-10-08T09:59:20.0605516Z 338f09b2964b: Pull complete
2026-10-08T09:59:20.1086695Z d2a5bb1a42cc: Pull complete
2026-10-08T09:59:20.1207661Z f2f052bcb674: Pull complete
2026-10-08T09:59:20.1275215Z ada65c4cb763: Pull complete
2026-10-08T09:59:20.1419749Z a32396551a70: Pull complete
2026-10-08T09:59:20.2130248Z 89811b755046: Pull complete
2026-10-08T09:59:20.2211633Z 2c47ece656fa: Pull complete
2026-10-08T09:59:23.4389535Z 28e3d11d7c8b: Pull complete
2026-10-08T09:59:23.4479797Z 73564860a377: Pull complete
2026-10-08T09:59:48.9812063Z c5233d3fa4a3: Pull complete
2026-10-08T10:00:02.8400125Z 031ab61ddbcd: Pull complete
2026-10-08T10:00:06.6431021Z dce9484604a6: Pull complete
2026-10-08T10:00:06.6509666Z ba817d8ba525: Pull complete
2026-10-08T10:00:06.6543667Z Digest: sha256:1b64d38f38d922bf9d59336451fd6453e1d614f934456af4ee3d2a51061be3a4
2026-10-08T10:00:06.6554831Z Status: Downloaded newer image for homeassistant/home-assistant:stable
2026-10-08T10:00:06.6563988Z docker.io/homeassistant/home-assistant:stable
2026-10-08T10:00:06.6616528Z ##[group]Run python tests/nightly_ha.py \
2026-10-08T10:00:06.6616901Z [36;1mpython tests/nightly_ha.py \[0m
2026-10-08T10:00:06.6617236Z [36;1m  --image "homeassistant/home-assistant:stable"[0m
2026-10-08T10:00:06.6681180Z shell: /usr/bin/bash -e {0}
2026-10-08T10:00:06.6681430Z env:
2026-10-08T10:00:06.6681696Z   pythonLocation: /opt/hostedtoolcache/Python/3.13.15/x64
2026-10-08T10:00:06.6682147Z   PKG_CONFIG_PATH: /opt/hostedtoolcache/Python/3.13.15/x64/lib/pkgconfig
2026-10-08T10:00:06.6682581Z   Python_ROOT_DIR: /opt/hostedtoolcache/Python/3.13.15/x64
2026-10-08T10:00:06.6682984Z   Python2_ROOT_DIR: /opt/hostedtoolcache/Python/3.13.15/x64
2026-10-08T10:00:06.6683583Z   Python3_ROOT_DIR: /opt/hostedtoolcache/Python/3.13.15/x64
2026-10-08T10:00:06.6683987Z   LD_LIBRARY_PATH: /opt/hostedtoolcache/Python/3.13.15/x64/lib
2026-10-08T10:00:06.6684308Z ##[endgroup]
2026-10-08T10:00:08.9112297Z $ docker run --rm --add-host api.tibber.com:127.0.0.1 -e TZ=Europe/Stockholm -v /tmp/nightly-ha-ndkbdc7g/config:/config -v /tmp/nightly-ha-ndkbdc7g/opt:/opt/hpo:ro --entrypoint python3 homeassistant/home-assistant:stable /opt/hpo/nightly_ha.py --inside --plan-budget 240.0
2026-10-08T10:01:04.0634335Z $ docker run --rm --add-host api.tibber.com:127.0.0.1 -e TZ=Europe/Stockholm -v /tmp/nightly-ha-a3e-i64gpt00/config:/config -v /tmp/nightly-ha-a3e-i64gpt00/opt:/opt/hpo:ro --entrypoint python3 homeassistant/home-assistant:stable /opt/hpo/nightly_ha.py --inside --plan-budget 240.0 --a3e-only
2026-10-08T10:01:21.7974926Z $ docker run --rm --add-host api.tibber.com:127.0.0.1 -e TZ=Europe/Stockholm -v /tmp/nightly-ha-hb-xxbzwkf0/config:/config -v /tmp/nightly-ha-hb-xxbzwkf0/opt:/opt/hpo:ro --cap-add SYS_PTRACE --entrypoint python3 homeassistant/home-assistant:stable /opt/hpo/nightly_ha.py --inside --plan-budget 240.0 --heartbeat-only
2026-10-08T10:01:52.6022223Z   ok   run:driver_reported  [1 result markers in the container's output]
2026-10-08T10:01:52.6024470Z --- inside the container ---
2026-10-08T10:01:52.6025368Z   ok   shape:package_at_config_path  [/config/custom_components/heatpump_optimizer is not an integration]
2026-10-08T10:01:52.6026524Z   ok   shape:no_tests_sibling  [a tests/ sibling puts _worker_env on the branch no install takes]
2026-10-08T10:01:52.6027672Z   ok   shape:inherited_pythonpath_cannot_mask  [inherited PYTHONPATH already resolves custom_components: []]
2026-10-08T10:01:52.6028555Z   ok   contract:real_provider  [exit 0; rty
2026-10-08T10:01:52.6029187Z   ok   helpers.entity.Entity: every platform entity base resolves entity_category
2026-10-08T10:01:52.6029983Z   ok   walker refuses a NumberSelector built outside _number
2026-10-08T10:01:52.6031005Z   ok   walker accepts _number and _widen_to_fit
2026-10-08T10:01:52.6031534Z   ok   walker refuses _number that omits mode
2026-10-08T10:01:52.6032045Z   ok   walker refuses description={advanced: True}
2026-10-08T10:01:52.6032741Z   ok   contract:stub_provider  [exit 0; nator.REQUEST_REFRESH_DEFAULT_COOLDOWN
2026-10-08T10:01:52.6033819Z   ok   walker refuses a NumberSelector built outside _number
2026-10-08T10:01:52.6034422Z   ok   walker accepts _number and _widen_to_fit
2026-10-08T10:01:52.6034943Z   ok   walker refuses _number that omits mode
2026-10-08T10:01:52.6035447Z   ok   walker refuses description={advanced: True}
2026-10-08T10:01:52.6035994Z   ok   the two reports are one stub run and one real run
2026-10-08T10:01:52.6036980Z   ok   every member of components.binary_sensor.BinarySensorDeviceClass exists upstream with the same value
2026-10-08T10:01:52.6038006Z   ok   every member of components.climate.ClimateEntityFeature exists upstream with the same value
2026-10-08T10:01:52.6038709Z   ok   every member of components.climate.HVACAction exists upstream with the same value
2026-10-08T10:01:52.6039272Z   ok   every member of components.climate.HVACMode exists upstream with the same value
2026-10-08T10:01:52.6039744Z   ok   components.diagnostics.REDACTED equals upstream's
2026-10-08T10:01:52.6040488Z   ok   every entry of components.sensor.DEVICE_CLASS_STATE_CLASSES matches upstream's
2026-10-08T10:01:52.6041143Z   ok   every member of components.sensor.NON_NUMERIC_DEVICE_CLASSES exists upstream with the same value
2026-10-08T10:01:52.6041790Z   ok   every member of components.sensor.SensorDeviceClass exists upstream with the same value
2026-10-08T10:01:52.6042400Z   ok   every member of components.sensor.SensorStateClass exists upstream with the same value
2026-10-08T10:01:52.6043002Z   ok   every member of config_entries.ConfigEntryState exists upstream with the same value
2026-10-08T10:01:52.6043786Z   ok   config_entries.SOURCE_RECONFIGURE equals upstream's
2026-10-08T10:01:52.6044212Z   ok   every member of const.Platform exists upstream with the same value
2026-10-08T10:01:52.6044658Z   ok   every member of const.units exists upstream with the same value
2026-10-08T10:01:52.6045142Z   ok   every member of core.SupportsResponse exists upstream with the same value
2026-10-08T10:01:52.6045709Z   ok   every member of helpers.device_registry.DeviceEntryType exists upstream with the same value
2026-10-08T10:01:52.6046299Z   ok   every member of helpers.entity.EntityCategory exists upstream with the same value
2026-10-08T10:01:52.6046884Z   ok   every member of helpers.issue_registry.IssueSeverity exists upstream with the same value
2026-10-08T10:01:52.6047490Z   ok   every member of helpers.selector.NumberSelectorMode exists upstream with the same value
2026-10-08T10:01:52.6048092Z   ok   every member of helpers.selector.SelectSelectorMode exists upstream with the same value
2026-10-08T10:01:52.6048691Z   ok   every member of helpers.selector.TextSelectorType exists upstream with the same value
2026-10-08T10:01:52.6049223Z   ok   helpers.storage: how a stored document decodes equals upstream's
2026-10-08T10:01:52.6050068Z   ok   contract:probes_agree  [exit 0; ity component. nightly_ha.py reaches it through the real package to resolve an entity object; no lane here needs one.
2026-10-08T10:01:52.6050774Z   ok   ha:home_assistant_is_real  [bootstrap returned None]
2026-10-08T10:01:52.6051212Z   ok   ha:core_running  [core state is RUNNING]
2026-10-08T10:01:52.6051690Z   ok   entry:loaded  [entry state is ConfigEntryState.LOADED (reason: None)]
2026-10-08T10:01:52.6052120Z   ok   a6:loaded  [entry loaded after corrupt stores]
2026-10-08T10:01:52.6052522Z   ok   a6:list  [corrupt payload dropped]
2026-10-08T10:01:52.6052811Z   ok   a6:string  [corrupt payload dropped]
2026-10-08T10:01:52.6053095Z   ok   a6:number  [corrupt payload dropped]
2026-10-08T10:01:52.6053614Z   ok   a12:migrates  [after=7 expected=7]
2026-10-08T10:01:52.6054119Z   ok   a13:currency  [coordinator='EUR' instance='EUR']
2026-10-08T10:01:52.6054692Z   ok   entities:registered  [51 enabled entities across ['binary_sensor', 'button', 'climate', 'datetime', 'sensor', 'switch']]
2026-10-08T10:01:52.6055425Z   ok   entities:coordinator_healthy  [last_update_success is False: every entity is unavailable at once]
2026-10-08T10:01:52.6056069Z   ..   79 registered, 28 disabled by default, 9 unavailable, 9 of those self-gated
2026-10-08T10:01:52.6056622Z   ok   entities:none_unavailable_by_coordinator  [0 unavailable without gating themselves: []]
2026-10-08T10:01:52.6057194Z   ok   a3:roster  [79 registered, 79 in the committed collect() roster; missing=[]; extra=[]]
2026-10-08T10:01:52.6057726Z   ok   a3:orjson  [0 failed HA json_bytes]
2026-10-08T10:01:52.6057995Z   ok   a3:finite  [0 non-finite]
2026-10-08T10:01:52.6058392Z   ok   a3:device_class_state_class  [0 forbidden pair(s)]
2026-10-08T10:01:52.6058744Z   ok   a10:no_credential  [no demanded token in payload]
2026-10-08T10:01:52.6059202Z   ok   a10:no_precise_location  [0 coordinate(s) beyond 2 dp]
2026-10-08T10:01:52.6059663Z   ok   a16:debug_inline  [the download 8076990B against the 8388608B cap; 63707 row(s) inline]
2026-10-08T10:01:52.6060297Z   ok   a16:debug_capped  [bundle 9376008B against the 8388608B cap; the download 12930B]
2026-10-08T10:01:52.6061031Z   ok   plan:optimization_result  [no solve completed; solve_failures=0]
2026-10-08T10:01:52.6061725Z   ok   plan:last_optimization_published  [the payload's last_optimization is the repair notice's em-dash]
2026-10-08T10:01:52.6063773Z   ok   plan:current_action_published  [current_action={'power': 0.0, 'setpoint': 19.0, 'mode': 'off', 'price': 0.75, 'power_normalized': 0.0, 'heat_pump_on': False, 'displace_value': -3.3, 'space_reason': 'idle', 'dhw_reason': None, 'upper_setpoint': 19.0, 'lower_setpoint': 19.0, 'solar_gain_kw': 0.0, 'baseline_kw': 1.8625137374007164, 'solar_reduction_factor': np.float64(1.0), 'wind_anticipation_factor': 1.0, 'pre_heat_urgency': 0.0}]
2026-10-08T10:01:52.6065514Z   ok   plan:setpoints_non_empty  [96 setpoints in the plan]
2026-10-08T10:01:52.6066118Z   ok   plan:no_solve_repair  [solve-route repairs raised: []; everything raised: ['lower_floor_modelled']]
2026-10-08T10:01:52.6066643Z   ok   a4:failed  [last_update_success=False]
2026-10-08T10:01:52.6067097Z   ok   a4:unavailable  [51 unavailable]
2026-10-08T10:01:52.6067381Z   ok   a4:buttons  [5 button(s) unavailable]
2026-10-08T10:01:52.6067756Z   ok   a4:no_stale  [42 pre-break value(s) gone]
2026-10-08T10:01:52.6068125Z   ok   a4:recovered  [recovered 42 after last_update_success=True]
2026-10-08T10:01:52.6068529Z   ok   a5:pages_ok  [25 step(s) save-or-menu]
2026-10-08T10:01:52.6068861Z   ok   a5:byte_unchanged  [4666B identical]
2026-10-08T10:01:52.6069160Z   ok   a5:service_examples  [8 example(s) accepted]
2026-10-08T10:01:52.6069566Z   ok   a5:service_bounds  [90 bound(s) accepted]
2026-10-08T10:01:52.6069883Z   ok   a9:reload_loaded  [5 of 5 reload(s) loaded (need 5)]
2026-10-08T10:01:52.6070300Z   ok   a9:roster_unchanged  [79 id(s) unchanged]
2026-10-08T10:01:52.6070672Z   ok   a9:no_growth  [ceiling tasks=1 listeners=87 stop=55; max t/l/s=1/87/55]
2026-10-08T10:01:52.6071139Z   ok   a11:invalid  [service raised]
2026-10-08T10:01:52.6071403Z   ok   a11:no_entry  [service raised]
2026-10-08T10:01:52.6071748Z   ok   a11:run_failed  [service raised]
2026-10-08T10:01:52.6072552Z   ok   a8:already_configured  [duplicate setup aborted as 'already_configured']
2026-10-08T10:01:52.6073769Z   ok   a8:register_once  [13 registered after two entries; catalog 13; extra=[]; missing=[]]
2026-10-08T10:01:52.6074775Z   ok   a8:deregister  [13 registered after unload; catalog 13; extra=[]; missing=[]]
2026-10-08T10:01:52.6075406Z   ok   a3:no_constructor_defaults  [0 constructor default(s) published as available]
2026-10-08T10:01:52.6075859Z   ..   hb:positive_control| stall >= 257 ms; loop thread:
2026-10-08T10:01:52.6076382Z   ..   hb:positive_control|   File "/opt/hpo/nightly_ha.py", line 3497, in <module>
2026-10-08T10:01:52.6077196Z   ..   hb:positive_control|   File "/opt/hpo/nightly_ha.py", line 3493, in main
2026-10-08T10:01:52.6077704Z   ..   hb:positive_control|   File "/opt/hpo/nightly_ha.py", line 2903, in _run_inside
2026-10-08T10:01:52.6078380Z   ..   hb:positive_control|   File "/usr/local/lib/python3.14/asyncio/runners.py", line 205, in run
2026-10-08T10:01:52.6079105Z   ..   hb:positive_control|   File "/usr/local/lib/python3.14/asyncio/runners.py", line 128, in run
2026-10-08T10:01:52.6079868Z   ..   hb:positive_control|   File "/usr/local/lib/python3.14/asyncio/base_events.py", line 706, in run_until_complete
2026-10-08T10:01:52.6080665Z   ..   hb:positive_control|   File "/usr/local/lib/python3.14/asyncio/base_events.py", line 677, in run_forever
2026-10-08T10:01:52.6081429Z   ..   hb:positive_control|   File "/usr/local/lib/python3.14/asyncio/base_events.py", line 2056, in _run_once
2026-10-08T10:01:52.6082142Z   ..   hb:positive_control|   File "/usr/local/lib/python3.14/asyncio/events.py", line 94, in _run
2026-10-08T10:01:52.6082779Z   ..   hb:positive_control|   File "/opt/hpo/nightly_ha.py", line 1862, in _hb_spin
2026-10-08T10:01:52.6083182Z   ..   hb:positive_control| py-spy rc=0:
2026-10-08T10:01:52.6084106Z   ..   hb:positive_control| Process 1: python3 /opt/hpo/nightly_ha.py --inside --plan-budget 240.0 --heartbeat-only
2026-10-08T10:01:52.6084946Z   ..   hb:positive_control| Python v3.14.6 (/usr/local/bin/python3.14)
2026-10-08T10:01:52.6085412Z   ..   hb:positive_control| 
2026-10-08T10:01:52.6085673Z   ..   hb:positive_control| Thread 1 (active+gil)
2026-10-08T10:01:52.6086106Z   ..   hb:positive_control|     _hb_spin (nightly_ha.py:1862)
2026-10-08T10:01:52.6086472Z   ..   hb:positive_control|     _run (asyncio/events.py:94)
2026-10-08T10:01:52.6086949Z   ..   hb:positive_control|     _run_once (asyncio/base_events.py:2056)
2026-10-08T10:01:52.6087375Z   ..   hb:positive_control|     run_forever (asyncio/base_events.py:677)
2026-10-08T10:01:52.6087924Z   ..   hb:positive_control|     run_until_complete (asyncio/base_events.py:706)
2026-10-08T10:01:52.6088460Z   ..   hb:positive_control|     run (asyncio/runners.py:128)
2026-10-08T10:01:52.6088812Z   ..   hb:positive_control|     run (asyncio/runners.py:205)
2026-10-08T10:01:52.6571721Z   ..   hb:positive_control|     _run_inside (nightly_ha.py:2903)
2026-10-08T10:01:52.6572408Z   ..   hb:positive_control|     main (nightly_ha.py:3493)
2026-10-08T10:01:52.6572980Z   ..   hb:positive_control|     <module> (nightly_ha.py:3497)
2026-10-08T10:01:52.6573764Z   ..   hb:positive_control| Thread 7 (idle)
2026-10-08T10:01:52.6574273Z   ..   hb:positive_control|     select (selectors.py:398)
2026-10-08T10:01:52.6574868Z   ..   hb:positive_control|     serve_forever (socketserver.py:235)
2026-10-08T10:01:52.6575454Z   ..   hb:positive_control|     run (threading.py:1024)
2026-10-08T10:01:52.6576023Z   ..   hb:positive_control|     _bootstrap_inner (threading.py:1082)
2026-10-08T10:01:52.6576631Z   ..   hb:positive_control|     _bootstrap (threading.py:1044)
2026-10-08T10:01:52.6577165Z   ..   hb:positive_control| Thread 8 (idle)
2026-10-08T10:01:52.6577718Z   ..   hb:positive_control|     _worker (concurrent/futures/thread.py:116)
2026-10-08T10:01:52.6578339Z   ..   hb:positive_control|     run (threading.py:1024)
2026-10-08T10:01:52.6578920Z   ..   hb:positive_control|     _bootstrap_inner (threading.py:1082)
2026-10-08T10:01:52.6579535Z   ..   hb:positive_control|     _bootstrap (threading.py:1044)
2026-10-08T10:01:52.6580066Z   ..   hb:positive_control| Thread 9 (idle)
2026-10-08T10:01:52.6580577Z   ..   hb:positive_control|     dequeue (logging/handlers.py:1559)
2026-10-08T10:01:52.6581190Z   ..   hb:positive_control|     _monitor (logging/handlers.py:1613)
2026-10-08T10:01:52.6581757Z   ..   hb:positive_control|     run (threading.py:1024)
2026-10-08T10:01:52.6582334Z   ..   hb:positive_control|     _bootstrap_inner (threading.py:1082)
2026-10-08T10:01:52.6582923Z   ..   hb:positive_control|     _bootstrap (threading.py:1044)
2026-10-08T10:01:52.6583910Z   ..   hb:positive_control| Thread 11 (idle)
2026-10-08T10:01:52.6584463Z   ..   hb:positive_control|     _worker (concurrent/futures/thread.py:116)
2026-10-08T10:01:52.6585069Z   ..   hb:positive_control|     run (threading.py:1024)
2026-10-08T10:01:52.6585642Z   ..   hb:positive_control|     _bootstrap_inner (threading.py:1082)
2026-10-08T10:01:52.6586258Z   ..   hb:positive_control|     _bootstrap (threading.py:1044)
2026-10-08T10:01:52.6586768Z   ..   hb:positive_control| Thread 12 (idle)
2026-10-08T10:01:52.6587310Z   ..   hb:positive_control|     _worker (concurrent/futures/thread.py:116)
2026-10-08T10:01:52.6587907Z   ..   hb:positive_control|     run (threading.py:1024)
2026-10-08T10:01:52.6588486Z   ..   hb:positive_control|     _bootstrap_inner (threading.py:1082)
2026-10-08T10:01:52.6589106Z   ..   hb:positive_control|     _bootstrap (threading.py:1044)
2026-10-08T10:01:52.6589628Z   ..   hb:positive_control| Thread 13 (idle)
2026-10-08T10:01:52.6590190Z   ..   hb:positive_control|     _worker (concurrent/futures/thread.py:116)
2026-10-08T10:01:52.6590784Z   ..   hb:positive_control|     run (threading.py:1024)
2026-10-08T10:01:52.6591333Z   ..   hb:positive_control|     _bootstrap_inner (threading.py:1082)
2026-10-08T10:01:52.6591927Z   ..   hb:positive_control|     _bootstrap (threading.py:1044)
2026-10-08T10:01:52.6592430Z   ..   hb:positive_control| Thread 14 (idle)
2026-10-08T10:01:52.6593323Z   ..   hb:positive_control|     _worker (concurrent/futures/thread.py:116)
2026-10-08T10:01:52.6594194Z   ..   hb:positive_control|     run (threading.py:1024)
2026-10-08T10:01:52.6594743Z   ..   hb:positive_control|     _bootstrap_inner (threading.py:1082)
2026-10-08T10:01:52.6595323Z   ..   hb:positive_control|     _bootstrap (threading.py:1044)
2026-10-08T10:01:52.6595814Z   ..   hb:positive_control| Thread 16 (idle)
2026-10-08T10:01:52.6596338Z   ..   hb:positive_control|     _worker (concurrent/futures/thread.py:116)
2026-10-08T10:01:52.6596938Z   ..   hb:positive_control|     run (threading.py:1024)
2026-10-08T10:01:52.6597492Z   ..   hb:positive_control|     _bootstrap_inner (threading.py:1082)
2026-10-08T10:01:52.6598065Z   ..   hb:positive_control|     _bootstrap (threading.py:1044)
2026-10-08T10:01:52.6598559Z   ..   hb:positive_control| Thread 17 (idle)
2026-10-08T10:01:52.6599115Z   ..   hb:positive_control|     _worker (concurrent/futures/thread.py:116)
2026-10-08T10:01:52.6599709Z   ..   hb:positive_control|     run (threading.py:1024)
2026-10-08T10:01:52.6600258Z   ..   hb:positive_control|     _bootstrap_inner (threading.py:1082)
2026-10-08T10:01:52.6600836Z   ..   hb:positive_control|     _bootstrap (threading.py:1044)
2026-10-08T10:01:52.6601332Z   ..   hb:positive_control| Thread 18 (idle)
2026-10-08T10:01:52.6601868Z   ..   hb:positive_control|     _worker (concurrent/futures/thread.py:116)
2026-10-08T10:01:52.6602472Z   ..   hb:positive_control|     run (threading.py:1024)
2026-10-08T10:01:52.6603054Z   ..   hb:positive_control|     _bootstrap_inner (threading.py:1082)
2026-10-08T10:01:52.6603884Z   ..   hb:positive_control|     _bootstrap (threading.py:1044)
2026-10-08T10:01:52.6604360Z   ..   hb:positive_control| Thread 19 (idle)
2026-10-08T10:01:52.6604908Z   ..   hb:positive_control|     _worker (concurrent/futures/thread.py:116)
2026-10-08T10:01:52.6605846Z   ok   hb:positive_control  [a 600 ms spin read as 600.2 ms; dump names the spin: True; py-spy rc=0 names it: True]
2026-10-08T10:01:52.6606865Z   ok   hb:untouched_exit  [max gap 1.8 ms over 2786 tick(s), bound 1000 ms; 0 dump(s); reloaded=False (want False)]
2026-10-08T10:01:52.6607860Z   ok   hb:changed_save  [max gap 16.4 ms over 5196 tick(s), bound 1000 ms; 0 dump(s); reloaded=True (want True)]
2026-10-08T10:01:52.6608817Z   ok   hb:menu_saves  [max gap 18.3 ms over 4676 tick(s), bound 1000 ms; 0 dump(s); reloaded=True (want True)]
2026-10-08T10:01:52.6609539Z   ok   run:exit_status  [the container exited 0]
2026-10-08T10:01:52.6609995Z   ok   log:no_module_not_found  [0 line(s)]
2026-10-08T10:01:52.6610610Z   ok   log:no_worker_exit  [0 line(s)]
2026-10-08T10:01:52.6611174Z   ok   log:no_integration_traceback  [0 traceback(s) naming heatpump_optimizer]
2026-10-08T10:01:52.6611964Z   ok   log:blocking_report_parsed  [0 report(s) blame this package, 0 unparsed]
2026-10-08T10:01:52.6612638Z   ok   log:no_new_blocking_call  [0 offender(s) seen; new: []]
2026-10-08T10:01:52.6613275Z   ok   log:blocking_pin_not_stale  [0 pinned; fixed but still pinned: []]
2026-10-08T10:01:52.6614888Z   ok   log:blocking_positive_control  [1 report(s) inside the probe window: [('import_module', 'custom_components/heatpump_optimizer/__init__.py', 'return importlib.import_module(f".{module}", __package__)')]]
2026-10-08T10:01:52.6616259Z   ok   run:all_checks_ran  [64 of 64 ran; missing: []; undeclared: []]
2026-10-08T10:01:52.6616646Z 
2026-10-08T10:01:52.6616782Z ALL 64 checks PASSED
2026-10-08T10:01:52.7414213Z Post job cleanup.
2026-10-08T10:01:52.8844209Z Post job cleanup.
2026-10-08T10:01:52.9733909Z [command]/usr/bin/git version
2026-10-08T10:01:52.9778562Z git version 2.55.0
2026-10-08T10:01:52.9820274Z Temporarily overriding HOME='/home/runner/work/_temp/f539a27c-566d-4868-8d5d-8660780a69cf' before making global git config changes
2026-10-08T10:01:52.9821856Z Adding repository directory to the temporary git global config as a safe directory
2026-10-08T10:01:52.9827692Z [command]/usr/bin/git config --global --add safe.directory /home/runner/work/heatpump_optimizer/heatpump_optimizer
2026-10-08T10:01:52.9867443Z [command]/usr/bin/git config --local --name-only --get-regexp core\.sshCommand
2026-10-08T10:01:52.9930821Z [command]/usr/bin/git submodule foreach --recursive sh -c "git config --local --name-only --get-regexp 'core\.sshCommand' && git config --local --unset-all 'core.sshCommand' || :"
2026-10-08T10:01:53.0189688Z [command]/usr/bin/git config --local --name-only --get-regexp http\.https\:\/\/github\.com\/\.extraheader
2026-10-08T10:01:53.0225151Z http.https://github.com/.extraheader
2026-10-08T10:01:53.0238171Z [command]/usr/bin/git config --local --unset-all http.https://github.com/.extraheader
2026-10-08T10:01:53.0277118Z [command]/usr/bin/git submodule foreach --recursive sh -c "git config --local --name-only --get-regexp 'http\.https\:\/\/github\.com\/\.extraheader' && git config --local --unset-all 'http.https://github.com/.extraheader' || :"
2026-10-08T10:01:53.0543638Z [command]/usr/bin/git config --local --name-only --get-regexp ^includeIf\.gitdir:
2026-10-08T10:01:53.0587220Z [command]/usr/bin/git submodule foreach --recursive git config --local --show-origin --name-only --get-regexp remote.origin.url
2026-10-08T10:01:53.1006463Z Cleaning up orphan processes
