/Users/timmalmstrom/hpo-seats/review-2054/base/tests/doc_claims.py:127: DeprecationWarning: 'maxsplit' is passed as positional argument
  return [re.split(r"[<>=!~\[]", r, 1)[0].strip() for r in manifest["requirements"]]

=== doc claims vs code facts (#1413) ===

-- generated-figure freshness (#1389)
  ok   make_model_figures produces 3 model SVGs
  ok   dhw-demand-windows.svg matches the regenerated bytes
  ok   dhw-store-decay.svg matches the regenerated bytes
  ok   marginal-cop.svg matches the regenerated bytes

-- product page pinned to the reader documents (R9-WEB-1)
  ok   docs/index.html exists with claims, features and docs rows (anchor)
  ok   every data-src claim is in its section of the reader documents
  ok   no claim is elided with an ellipsis: each text node is quoted whole
  ok   no digit sits outside a claim
  ok   the page's features are the README 'What it does' leads, both ways
  ok   the page's docs cards are the README Documentation table, both ways
  ok   every README link to the product page is the published Pages URL, never a repo-relative path
  ok   every image resolves, names its path under docs/ and has alt text
  ok   every repository link resolves to a file and a heading
  ok   the page requests nothing from a third party (script, stylesheet, icon, preload, iframe, image)
  ok   every link to a sub-page names a page the docs build produces, and each docs card links its page
  ok   the page states no version
       (claims 47, fragments 105, numbers 3, copy 14, features 9, docs 9, images 11, links 1, subpages 14)
  ok   an ellipsis planted in a claim is refused (null control)
  ok   each of README, configuration.md and setup.md carries exactly one setup-flow diagram (anchor)
  ok   the three setup-flow diagrams are identical

-- documentation sub-pages build (R9-WEB-3)
  ok   the build exists and built at least one page (anchor)
  ok   the build exits 0 with no FAIL line
  ok   every README Documentation row is a built page
  ok   no built page requests anything from a third party
  ok   mermaid is one exact version in package.json, and the lockfile resolves that version
  ok   the mermaid pin fires on a range and on a lockfile that disagrees (null controls)
       (pages 9, pageLinks 51, anchors 39, githubLinks 9, images 21, badges 4, external 21, mermaid 9)

-- third-party and sub-page rules fire on a planted tag (R9-WEB-3 null controls)
  ok   the product page and a built page are the unplanted baseline (anchor)
  ok   the product page is clean before planting
  ok   product page: a third-party icon is refused
  ok   built page: a third-party icon is refused
  ok   product page: a third-party preload font is refused
  ok   built page: a third-party preload font is refused
  ok   product page: a third-party iframe is refused
  ok   built page: a third-party iframe is refused
  ok   product page: a link to a page the build does not produce is refused
  ok   built page: a third-party script is refused
  ok   built page: a third-party image is refused
  ok   product page: a docs card for a built document linked to GitHub is refused
  ok   the stylesheet a built page links: a Google Fonts @import is refused
  ok   the stylesheet a built page links: an uppercase URL() font is refused
  ok   the stylesheet a built page links: an image-set() string candidate is refused
  ok   the stylesheet a built page links: a third-party @font-face src is refused
  ok   a linked stylesheet that is not in the tree is refused
  ok   the real docs/site/docs.css is clean (baseline for the stylesheet scan)
  ok   a third-party srcset candidate is refused
  ok   a same-origin icon is not refused (the rule is not over-broad)

-- docs build arm fires on a planted tree (R9-WEB-3 null controls)
  ok   a minimal tree builds: its README and its one row, exit 0, no FAIL line (baseline)
  ok   a dead anchor makes the build red
  ok   a build that dies without a FAIL line is red, naming its exit
  ok   two anchor-free documents with one page name are red, naming the collision (not only through a dead anchor)
  ok   a tree with no tracked-file list is red
  ok   a missing build script is red with no page built
  ok   a second run over one root reuses the first result

-- ECL110 topic shipped defaults (#1391)
  ok   all three ECL110 topic options ship an empty-string default
  ok   README still documents the ECL110 path (anchor)
  ok   no reader doc claims the ECL110 topics ship non-empty

-- entity object-id prefix (#1393)
  ok   the object-id prefix is the hard-coded literal, not entry.title
  ok   the reader corpus still documents entity ids (anchor)
  ok   no reader doc claims the entity prefix follows the entry name

-- README requirements vs manifest.json (#1537)
  ok   manifest.json still pins requirements (anchor)
  ok   README still has a Requirements section (anchor)
  ok   every manifest requirement is named in README's Requirements section

-- Quick start step numbering is distinct and diagram-agreed (#1535)
  ok   the Quick start section still has 5+ numbered prose headings and 5+ numbered diagram nodes (anchor)
  ok   every label numbered in both the diagram and the prose agrees on its number
  ok   every Quick start prose heading number is used exactly once (the property #1535 round 1's own fix broke: two headings both read '3 ·' at that PR's head)
  ok   the duplicate-number check fires on round 1's own regression (null control)
  ok   and does not fire on the corrected shape (null control, other arm)

-- Initial setup: the finish_setup menu and the token requirement (#1645 D5-s1-01)
  ok   configuration.md still has '## Initial setup' (anchor)
  ok   the first screen accepts a price entity with no Tibber token (anchor)
  ok   async_step_finish_setup still shows a menu with these three options (anchor)
  ok   every finish_setup menu option is named in the 'Initial setup' section (D5-s1-01: the section drew the pre-v6.6.5 wizard, which had no such menu)
  ok   the section does not claim the Tibber token is unconditionally required, now that a price-entity source clears the first screen without one (D5-s1-01)
  ok   the check fires on the pre-v6.6.5 shape it was written for (null control)

-- simulate_plan's documented field list matches its schema (#1645 D6-s2-05)
  ok   the simulate_plan schema still has fields to document (anchor)
  ok   configuration.md still documents simulate_plan's field list (anchor)
  ok   configuration.md's simulate_plan field list names every schema field, including the wood fields the schema grew without the prose following (D6-s2-05)
  ok   the missing-field check fires when a field is undocumented (null control)

-- Two-zone field labels and options-page placement (#1645 D5-s1-05, D6-s1-02)
  ok   the four labels this check pins are still non-empty strings (anchor)
  ok   configuration.md still has '### Two-zone model' (anchor)
  ok   configuration.md's Two-zone model table names the inter-zone transfer field by its actual options-form label, not a paraphrase (D5-s1-05)
  ok   ...and the radiator-power-fraction field likewise (D5-s1-05)
  ok   configuration.md's mixing-valve note cites the floor-return probe by its actual options-form label (D5-s1-05)
  ok   how-it-works.md's weather section cites the solar-source field by its actual options-form label (D5-s1-05)
  ok   the two-zone split and the orientation factor are in fact one options page (anchor)
  ok   README.md still has 'Both paths land on the same model' (anchor)
  ok   README's page-placement paragraph names the two-zone split's real options page (D6-s1-02)
  ok   ...and does not claim the two-zone split lives on Thermal model (expert), which holds only the single-zone fields (D6-s1-02)
  ok   the placement checks fire on the baseline (wrong) claim (null control)

-- Heat Pump Action state list matches the sensor (#1645 D6-s1-01)
  ok   HEAT_PUMP_ACTION_STATES still has 'unknown' as its no-data fallback and at least eight real states (anchor)
  ok   README's Heat Pump Action row names every state HEAT_PUMP_ACTION_STATES lists except the no-data fallback 'unknown' (D6-s1-01: idle and system_identification were omitted)
  ok   the row check fires on the pre-fix row (null control)

-- Disabled-by-default census covers a no-hot-water install too (#1645 D6-s1-03)
  ok   a Finish-setup-now install (no hot water) still constructs entities to census (anchor)
  ok   the six hot-water-gated translation keys this check names are still real entities (anchor)
  ok   every one of the six is disabled by default on a no-hot-water install (the property D6-s1-03 measured; a translation-key rename would fail the anchor above instead of silently passing here)
  ok   README documents all six as disabled by default, in one sentence naming each (D6-s1-03)
  ok   the prose check fires when the six are undocumented (null control)

-- how-it-works.md's multi-start count matches the optimizer (#1645 D6-s2-04)

=== Stress and economics ===
  ok   the space solve was exercised at least once (anchor)
  ok   how-it-works.md no longer claims a fixed count of two starting points now that the optimizer scores more (D6-s2-04: measured 4)
  ok   ...and the number it does state matches what the optimizer runs (anchor + D6-s2-04)
  ok   every starting-point count the corpus states is the count the optimizer runs (I5, measured 4)
  ok   the corpus count fires on a stale count (null control)
  ok   the claim check fires on the pre-fix sentence (null control)

-- quality_scale census self-test (#1545, #1546)
  ok   the typing census finds every bare ConfigEntry shape, and only those
  ok   the typing census passes the alias and look-alike names (null control)
  ok   the exception census counts every site, refuses each untranslated one, and reads each key
  ok   the exception census passes a translated module (null control)

-- quality_scale.yaml censuses (#1545, #1546)
  ok   strict-typing states qs_entry_param_bare (anchor)
  ok   qs_entry_param_bare in quality_scale.yaml equals the annotation census
  ok   quality_scale.yaml marks exception-translations done (anchor)
  ok   the census finds exception sites (anchor)
  ok   every exception site carries translation_domain and translation_key
  ok   strings.json has an exceptions entry for every raised key
  ok   translations/en.json has an exceptions entry for every raised key
  ok   translations/sv.json has an exceptions entry for every raised key

-- quality_scale.yaml's py.typed count vs the package (RCA-BULK-3, #1545)
  ok   strict-typing states qs_py_typed_files (anchor)
  ok   every qs_py_typed_files the checklist states is the number of py.typed files the package ships
  ok   the count fires on a package that ships no marker (null control)

-- quick-setup storage promises vs what the answers build (D5-s1-02)
  ok   the all-yes quick setup builds neither a store nor the two-tank model
  ok   with a throttling valve configured both properties turn on (control)
  ok   the five-questions section is still there (anchor)
  ok   the section still says what the tank answers switch on (anchor)
  ok   every storage promise names its mixing-valve precondition
  ok   the pre-fix promise rows fire the precondition guard (null control)

-- the card-version banner vs what a stamp writes (D5-s1-03)
  ok   the bundled card carries a version (anchor)
  ok   every simulated stamp rewrites the card version (share == 1.0)
  ok   the banner section still shows an example version (anchor)
  ok   the doc no longer says the banner lags the integration version
  ok   re-inserting the pre-fix banner claim fires the scan (null control)

-- the curve-bias learner against a weekly bound (D6-s2-03)
  ok   one cycle folds a full residual into the bias
  ok   a settled fold tracks a changed residual by more than 0.5 K per cycle
  ok   no reader doc bounds the curve-bias learner by a weekly amount
  ok   the corpus still documents the heat-curve correction (anchor)
  ok   re-adding the weekly bound fires the scan (null control)

-- README's currency fallback claim vs resolve_currency (D6-s1-81)
  ok   a configured instance currency is returned as-is
  ok   with nothing readable the code falls back to SEK
  ok   README no longer claims SEK for an unconfigured instance
  ok   README still documents the instance currency (anchor)
  ok   restoring the base's wrapped claim fires the scan (null control)

-- service paragraphs vs the registered schemas (I5)
  ok   the registry and the Services paragraphs are both there (anchor)
  ok   every service paragraph that lists or counts fields matches its schema
  ok   removing a listed field from a paragraph fires the comparison (null control)

-- entity prose vs the constructed entity set (I5)
  ok   the census constructs entities (anchor)
  ok   the corpus states an entity count (anchor)
  ok   every '<N> entities' in the corpus equals the constructed total
  ok   README states per-platform totals (anchor)
  ok   every README '### <platform> (N total)' equals that platform's count
  ok   README lists an enum entity's states (anchor)
  ok   every README row that lists an enum entity's states lists all of them
  ok   README keeps its 'Disabled by default:' list (anchor)
  ok   every entity a no-hot-water install disables is documented as disabled

-- backticked private names in the card resolve (I5)
  ok   the card's comments cite private names (anchor)
  ok   every backticked private name in the card names something that exists

-- translated text writes units as the selectors do (I5)
  ok   the catalogs carry text (anchor)
  ok   no translated string writes '<n> C' or 'm2' for °C / m²

-- option fields the docs name are fields the forms show (I5)
  ok   the options flow keeps its init and advanced menus (anchor)
  ok   the docs tabulate options-page fields (anchor)
  ok   every options field the docs name is a label the forms render

-- a field the docs place on an options page is on that page (I5, D6-s1-02)
  ok   the options forms have titled pages and labelled fields (anchor)
  ok   the corpus places options fields on pages (anchor)
  ok   every field the corpus places on an options page is rendered there
  ok   the census fires on a field placed on a page that does not render it (null control)

ALL 160 checks PASSED
