RESULT duty_floor_kw=0.800
RESULT on_threshold_kw=0.500
  min1 idle         0.02kW:0 0.05kW:0 0.1kW:0
RESULT min1_idle_folded=0/9
  min1 standby      0.2kW:0 0.3kW:0 0.5kW:0
RESULT min1_standby_folded=0/9
  min1 duty_cycled  0.525kW:0 0.715kW:0
RESULT min1_duty_cycled_folded=0/6
  min1 running      1kW:3 1.2kW:3 1.9kW:3 2.2kW:3 2.55kW:3
RESULT min1_running_folded=15/15
  min3 idle         0.02kW:0 0.05kW:0 0.1kW:0
RESULT min3_idle_folded=0/9
  min3 standby      0.2kW:0 0.3kW:0 0.5kW:0
RESULT min3_standby_folded=0/9
  min3 duty_cycled  0.525kW:0 0.715kW:0
RESULT min3_duty_cycled_folded=0/6
  min3 running      1kW:0 1.2kW:0 1.9kW:0 2.2kW:0 2.55kW:3
RESULT min3_running_folded=3/15
RESULT liveness_folded=3/3
  sweep: floor k x p_min (p_min 1.0) -> admitted standby+duty / running
  k=0.5 floor=0.50  low admitted 3/5  running admitted 5/5  min-power margin +0.50 kW
  k=0.6 floor=0.60  low admitted 1/5  running admitted 5/5  min-power margin +0.40 kW
  k=0.7 floor=0.70  low admitted 1/5  running admitted 5/5  min-power margin +0.30 kW
  k=0.8 floor=0.80  low admitted 0/5  running admitted 5/5  min-power margin +0.20 kW
  k=0.9 floor=0.90  low admitted 0/5  running admitted 5/5  min-power margin +0.10 kW
  k=1.0 floor=1.00  low admitted 0/5  running admitted 5/5  min-power margin +0.00 kW
