Compressor efficiency has drifted 11% below its own baseline (~0 SEK/month at current usage)
Compressor efficiency has drifted 12% below its own baseline (~0 SEK/month at current usage)
Compressor efficiency has drifted 18% below its own baseline (~0 SEK/month at current usage)
RESULT duty_floor_kw=4.200
RESULT on_threshold_kw=0.500
RESULT min1_idle_folded=0/9
RESULT min1_standby_folded=0/9
RESULT min1_duty_cycled_folded=0/6
RESULT min1_running_folded=0/15
RESULT min3_idle_folded=0/9
RESULT min3_standby_folded=0/9
RESULT min3_duty_cycled_folded=0/6
RESULT min3_running_folded=0/15
RESULT selfmod_independent=0/96_scale=1.000
RESULT selfmod_independent_4kw=62/96_scale=0.636
RESULT selfmod_matched=0/96_scale=1.000
RESULT true_0.6=0/288_scale=1.000
RESULT true_0.7=0/288_scale=1.000
RESULT true_0.8=0/288_scale=1.000
RESULT true_1.3=0/288_scale=1.000
RESULT true_0.7_4kw=285/288_scale=0.704
RESULT fixed3_duty50=5/5_scale=1.000
RESULT fixed3_duty70=5/5_scale=1.000
RESULT fixed3_duty85=5/5_scale=1.000
RESULT liveness_folded=3/3
RESULT selfset_hourly=0/96_scale=1.000
RESULT selfset_three_hour=0/96_scale=1.000
RESULT selfset_flat=0/96_scale=1.000
RESULT p4_follow_noise10=96/96_scale=1.028
RESULT p4_follow_noise20=95/96_scale=1.118
RESULT p4_eff0.8_noise5=96/96_scale=0.563
RESULT p4_eff0.8_noise10=96/96_scale=0.563
RESULT p4_follow_lag1tick=50/96_scale=0.998
RESULT true_0.7_reload150=0/288_scale=1.000
