2026-10-08T09:37:05.3483033Z Current runner version: '2.337.0'
2026-10-08T09:37:05.3503931Z ##[group]Runner Image Provisioner
2026-10-08T09:37:05.3504662Z Hosted Compute Agent
2026-10-08T09:37:05.3505222Z Version: 20260901.588
2026-10-08T09:37:05.3505813Z Commit: f88ec8081b781fac6c440065ac7ff9e710ce3d0b
2026-10-08T09:37:05.3506410Z Build Date: 2026-09-01T19:56:44Z
2026-10-08T09:37:05.3507045Z Worker ID: {ba388781-3e80-4b30-ae2c-222373c58acc}
2026-10-08T09:37:05.3507654Z Azure Region: westus
2026-10-08T09:37:05.3508401Z ##[endgroup]
2026-10-08T09:37:05.3509627Z ##[group]Operating System
2026-10-08T09:37:05.3510135Z Ubuntu
2026-10-08T09:37:05.3510552Z 24.04.5
2026-10-08T09:37:05.3511047Z LTS
2026-10-08T09:37:05.3511499Z ##[endgroup]
2026-10-08T09:37:05.3511987Z ##[group]Runner Image
2026-10-08T09:37:05.3512498Z Image: ubuntu-24.04
2026-10-08T09:37:05.3512980Z Version: 20260927.320.1
2026-10-08T09:37:05.3514068Z Included Software: https://github.com/actions/runner-images/blob/ubuntu24/20260927.320/images/ubuntu/Ubuntu2404-Readme.md
2026-10-08T09:37:05.3515413Z Image Release: https://github.com/actions/runner-images/releases/tag/ubuntu24%2F20260927.320
2026-10-08T09:37:05.3516274Z ##[endgroup]
2026-10-08T09:37:05.3517260Z ##[group]GITHUB_TOKEN Permissions
2026-10-08T09:37:05.3519099Z Actions: read
2026-10-08T09:37:05.3519575Z Contents: read
2026-10-08T09:37:05.3520160Z Metadata: read
2026-10-08T09:37:05.3520612Z ##[endgroup]
2026-10-08T09:37:05.3522722Z Secret source: Actions
2026-10-08T09:37:05.3523547Z Cache mode: write
2026-10-08T09:37:05.3524226Z Prepare workflow directory
2026-10-08T09:37:05.3784791Z Prepare all required actions
2026-10-08T09:37:05.3823437Z Getting action download info
2026-10-08T09:37:05.7315212Z Download action repository 'actions/checkout@fbc6f3992d24b796d5a048ff273f7fcc4a7b6c09' (SHA:fbc6f3992d24b796d5a048ff273f7fcc4a7b6c09)
2026-10-08T09:37:05.8182314Z Download action repository 'actions/setup-python@ece7cb06caefa5fff74198d8649806c4678c61a1' (SHA:ece7cb06caefa5fff74198d8649806c4678c61a1)
2026-10-08T09:37:06.0118900Z Complete job name: nightly-status
2026-10-08T09:37:06.0766643Z ##[group]Run actions/checkout@fbc6f3992d24b796d5a048ff273f7fcc4a7b6c09
2026-10-08T09:37:06.0767429Z with:
2026-10-08T09:37:06.0767788Z   repository: tvofi/heatpump_optimizer
2026-10-08T09:37:06.0772909Z   token: ***
2026-10-08T09:37:06.0773452Z   ssh-strict: true
2026-10-08T09:37:06.0773984Z   ssh-user: git
2026-10-08T09:37:06.0774542Z   persist-credentials: true
2026-10-08T09:37:06.0775142Z   clean: true
2026-10-08T09:37:06.0775677Z   sparse-checkout-cone-mode: true
2026-10-08T09:37:06.0776337Z   fetch-depth: 1
2026-10-08T09:37:06.0776876Z   fetch-tags: false
2026-10-08T09:37:06.0777422Z   show-progress: true
2026-10-08T09:37:06.0778131Z   lfs: false
2026-10-08T09:37:06.0778639Z   submodules: false
2026-10-08T09:37:06.0779197Z   set-safe-directory: true
2026-10-08T09:37:06.0779827Z   allow-unsafe-pr-checkout: false
2026-10-08T09:37:06.0780845Z ##[endgroup]
2026-10-08T09:37:06.1610794Z Syncing repository: tvofi/heatpump_optimizer
2026-10-08T09:37:06.1612301Z ##[group]Getting Git version info
2026-10-08T09:37:06.1612942Z Working directory is '/home/runner/work/heatpump_optimizer/heatpump_optimizer'
2026-10-08T09:37:06.1613833Z [command]/usr/bin/git version
2026-10-08T09:37:06.1766619Z git version 2.55.0
2026-10-08T09:37:06.1783220Z ##[endgroup]
2026-10-08T09:37:06.1794259Z Temporarily overriding HOME='/home/runner/work/_temp/a74b542b-9e63-4ca0-bd75-8ff70bfe43be' before making global git config changes
2026-10-08T09:37:06.1796118Z Adding repository directory to the temporary git global config as a safe directory
2026-10-08T09:37:06.1799195Z [command]/usr/bin/git config --global --add safe.directory /home/runner/work/heatpump_optimizer/heatpump_optimizer
2026-10-08T09:37:06.1942276Z Deleting the contents of '/home/runner/work/heatpump_optimizer/heatpump_optimizer'
2026-10-08T09:37:06.1945610Z ##[group]Initializing the repository
2026-10-08T09:37:06.1949078Z [command]/usr/bin/git init /home/runner/work/heatpump_optimizer/heatpump_optimizer
2026-10-08T09:37:06.2063840Z hint: Using 'master' as the name for the initial branch. This default branch name
2026-10-08T09:37:06.2065208Z hint: will change to "main" in Git 3.0. To configure the initial branch name
2026-10-08T09:37:06.2066443Z hint: to use in all of your new repositories, which will suppress this warning,
2026-10-08T09:37:06.2067401Z hint: call:
2026-10-08T09:37:06.2068081Z hint:
2026-10-08T09:37:06.2068754Z hint: 	git config --global init.defaultBranch <name>
2026-10-08T09:37:06.2069567Z hint:
2026-10-08T09:37:06.2070341Z hint: Names commonly chosen instead of 'master' are 'main', 'trunk' and
2026-10-08T09:37:06.2071559Z hint: 'development'. The just-created branch can be renamed via this command:
2026-10-08T09:37:06.2072528Z hint:
2026-10-08T09:37:06.2073087Z hint: 	git branch -m <name>
2026-10-08T09:37:06.2073718Z hint:
2026-10-08T09:37:06.2074547Z hint: Disable this message with "git config set advice.defaultBranchName false"
2026-10-08T09:37:06.2079123Z Initialized empty Git repository in /home/runner/work/heatpump_optimizer/heatpump_optimizer/.git/
2026-10-08T09:37:06.2102005Z [command]/usr/bin/git remote add origin https://github.com/tvofi/heatpump_optimizer
2026-10-08T09:37:06.2259482Z ##[endgroup]
2026-10-08T09:37:06.2260675Z ##[group]Disabling automatic garbage collection
2026-10-08T09:37:06.2262867Z [command]/usr/bin/git config --local gc.auto 0
2026-10-08T09:37:06.2455730Z ##[endgroup]
2026-10-08T09:37:06.2456322Z ##[group]Setting up auth
2026-10-08T09:37:06.2461594Z [command]/usr/bin/git config --local --name-only --get-regexp core\.sshCommand
2026-10-08T09:37:06.2491882Z [command]/usr/bin/git submodule foreach --recursive sh -c "git config --local --name-only --get-regexp 'core\.sshCommand' && git config --local --unset-all 'core.sshCommand' || :"
2026-10-08T09:37:06.3011983Z [command]/usr/bin/git config --local --name-only --get-regexp http\.https\:\/\/github\.com\/\.extraheader
2026-10-08T09:37:06.3041616Z [command]/usr/bin/git submodule foreach --recursive sh -c "git config --local --name-only --get-regexp 'http\.https\:\/\/github\.com\/\.extraheader' && git config --local --unset-all 'http.https://github.com/.extraheader' || :"
2026-10-08T09:37:06.3232719Z [command]/usr/bin/git config --local --name-only --get-regexp ^includeIf\.gitdir:
2026-10-08T09:37:06.3265743Z [command]/usr/bin/git submodule foreach --recursive git config --local --show-origin --name-only --get-regexp remote.origin.url
2026-10-08T09:37:06.3459895Z [command]/usr/bin/git config --local http.https://github.com/.extraheader AUTHORIZATION: basic ***
2026-10-08T09:37:06.3569591Z ##[endgroup]
2026-10-08T09:37:06.3570763Z ##[group]Fetching the repository
2026-10-08T09:37:06.3579309Z [command]/usr/bin/git -c protocol.version=2 fetch --no-tags --prune --no-recurse-submodules --depth=1 origin +cd301d30ef8fd6f7f5fca952604b2f807c75567d:refs/remotes/pull/2055/merge
2026-10-08T09:37:08.6246019Z From https://github.com/tvofi/heatpump_optimizer
2026-10-08T09:37:08.6247540Z  * [new ref]         cd301d30ef8fd6f7f5fca952604b2f807c75567d -> pull/2055/merge
2026-10-08T09:37:08.6250881Z ##[endgroup]
2026-10-08T09:37:08.6251894Z ##[group]Determining the checkout info
2026-10-08T09:37:08.6253060Z ##[endgroup]
2026-10-08T09:37:08.6255083Z [command]/usr/bin/git sparse-checkout disable
2026-10-08T09:37:08.7163568Z [command]/usr/bin/git config --local --unset-all extensions.worktreeConfig
2026-10-08T09:37:08.7208585Z ##[group]Checking out the ref
2026-10-08T09:37:08.7211151Z [command]/usr/bin/git checkout --progress --force refs/remotes/pull/2055/merge
2026-10-08T09:37:09.2034996Z Note: switching to 'refs/remotes/pull/2055/merge'.
2026-10-08T09:37:09.2035439Z 
2026-10-08T09:37:09.2035739Z You are in 'detached HEAD' state. You can look around, make experimental
2026-10-08T09:37:09.2036396Z changes and commit them, and you can discard any commits you make in this
2026-10-08T09:37:09.2037035Z state without impacting any branches by switching back to a branch.
2026-10-08T09:37:09.2037405Z 
2026-10-08T09:37:09.2037704Z If you want to create a new branch to retain commits you create, you may
2026-10-08T09:37:09.2039577Z do so (now or later) by using -c with the switch command. Example:
2026-10-08T09:37:09.2039917Z 
2026-10-08T09:37:09.2040072Z   git switch -c <new-branch-name>
2026-10-08T09:37:09.2040351Z 
2026-10-08T09:37:09.2040520Z Or undo this operation with:
2026-10-08T09:37:09.2040748Z 
2026-10-08T09:37:09.2040886Z   git switch -
2026-10-08T09:37:09.2041097Z 
2026-10-08T09:37:09.2041471Z Turn off this advice by setting config variable advice.detachedHead to false
2026-10-08T09:37:09.2042480Z 
2026-10-08T09:37:09.2051481Z HEAD is now at cd301d3 Merge 28c1f2bee9d208a78c984a4d3ae050b0a6e9db0e into 816547efe270a08e18e3b92f52185fe8c1fee2ef
2026-10-08T09:37:09.2059631Z ##[endgroup]
2026-10-08T09:37:09.2099710Z [command]/usr/bin/git log -1 --format=%H
2026-10-08T09:37:09.2123613Z cd301d30ef8fd6f7f5fca952604b2f807c75567d
2026-10-08T09:37:09.2387618Z ##[group]Run actions/setup-python@ece7cb06caefa5fff74198d8649806c4678c61a1
2026-10-08T09:37:09.2388122Z with:
2026-10-08T09:37:09.2388373Z   python-version: 3.13
2026-10-08T09:37:09.2388612Z   check-latest: false
2026-10-08T09:37:09.2390876Z   token: ***
2026-10-08T09:37:09.2391100Z   update-environment: true
2026-10-08T09:37:09.2391353Z   allow-prereleases: false
2026-10-08T09:37:09.2391607Z   freethreaded: false
2026-10-08T09:37:09.2391839Z ##[endgroup]
2026-10-08T09:37:09.3453607Z ##[group]Installed versions
2026-10-08T09:37:09.3516426Z Successfully set up CPython (3.13.15)
2026-10-08T09:37:09.3517141Z ##[endgroup]
2026-10-08T09:37:09.3772215Z ##[group]Run set -euo pipefail
2026-10-08T09:37:09.3772649Z set -euo pipefail
2026-10-08T09:37:09.3773082Z git cat-file -e "$PINNED^{commit}" 2>/dev/null || git fetch -q --no-tags --depth=1 origin "$PINNED"
2026-10-08T09:37:09.3773520Z git checkout "$PINNED" -- \
2026-10-08T09:37:09.3773777Z   'tests/nightly_status.py'
2026-10-08T09:37:09.3774194Z test "$(git hash-object tests/nightly_status.py)" = "$(git rev-parse "$PINNED:tests/nightly_status.py")"
2026-10-08T09:37:09.3774664Z python -I -S tests/nightly_status.py
2026-10-08T09:37:09.4218414Z shell: /usr/bin/bash -e {0}
2026-10-08T09:37:09.4218708Z env:
2026-10-08T09:37:09.4218982Z   pythonLocation: /opt/hostedtoolcache/Python/3.13.15/x64
2026-10-08T09:37:09.4219397Z   PKG_CONFIG_PATH: /opt/hostedtoolcache/Python/3.13.15/x64/lib/pkgconfig
2026-10-08T09:37:09.4219792Z   Python_ROOT_DIR: /opt/hostedtoolcache/Python/3.13.15/x64
2026-10-08T09:37:09.4220188Z   Python2_ROOT_DIR: /opt/hostedtoolcache/Python/3.13.15/x64
2026-10-08T09:37:09.4220523Z   Python3_ROOT_DIR: /opt/hostedtoolcache/Python/3.13.15/x64
2026-10-08T09:37:09.4220854Z   LD_LIBRARY_PATH: /opt/hostedtoolcache/Python/3.13.15/x64/lib
2026-10-08T09:37:09.4223326Z   GITHUB_TOKEN: ***
2026-10-08T09:37:09.4223580Z   PINNED: 816547efe270a08e18e3b92f52185fe8c1fee2ef
2026-10-08T09:37:09.4223852Z ##[endgroup]
2026-10-08T09:37:13.7326965Z NIGHTLY FAILED: mutation-ledger, mutation-nightly, record-autofix failed 1 night ago.
2026-10-08T09:37:13.7327793Z   scheduled run 37595831734, 2026-10-07T08:44:51+00:00, head be0cb82, run conclusion 'failure'
2026-10-08T09:37:13.7328607Z   https://github.com/tvofi/heatpump_optimizer/actions/runs/37595831734
2026-10-08T09:37:13.7329365Z   (run 37753990323 is still in flight; this verdict is the last CONCLUDED one, which is what 'the last nightly' means here)
2026-10-08T09:37:13.7329993Z   failing jobs:
2026-10-08T09:37:13.7330542Z     mutation-ledger  failure  https://github.com/tvofi/heatpump_optimizer/actions/runs/37595831734/job/112708109541
2026-10-08T09:37:13.7331443Z     mutation-nightly  failure  https://github.com/tvofi/heatpump_optimizer/actions/runs/37595831734/job/112708109605
2026-10-08T09:37:13.7332347Z     record-autofix  failure  https://github.com/tvofi/heatpump_optimizer/actions/runs/37595831734/job/112708108856
2026-10-08T09:37:13.7332868Z 
2026-10-08T09:37:13.7333884Z This check is NOT one of the required contexts on `main-protect`; a red here does not block a merge. The nightly lanes can fail for reasons outside this repository (a registry outage, a Home Assistant release), which is why they are unrequired and why this must stay unrequired too.
2026-10-08T09:37:13.7335465Z 
2026-10-08T09:37:13.7335849Z A red here is owed a fix and a PROOF, not an explanation. Fix the lane, then verify it on the default branch:
2026-10-08T09:37:13.7336426Z     gh workflow run tests.yml --ref main
2026-10-08T09:37:13.7337301Z and name that run id under `## Red checks` in your pull-request body. A concluded dispatch on the default branch is read as the nightly here, so the check goes green on the fix rather than on the next cron.
2026-10-08T09:37:13.7338807Z If the cause is outside this repository, that is a legitimate answer and it is recorded the same way: name the cause and who owns it, in the body. What is refused is a red nobody answered.
2026-10-08T09:37:13.7423455Z ##[error]Process completed with exit code 1.
2026-10-08T09:37:13.7558413Z Post job cleanup.
2026-10-08T09:37:13.8258733Z [command]/usr/bin/git version
2026-10-08T09:37:13.8294640Z git version 2.55.0
2026-10-08T09:37:13.8324155Z Temporarily overriding HOME='/home/runner/work/_temp/b7b43b9e-f8fb-4816-8a74-38ca000e7659' before making global git config changes
2026-10-08T09:37:13.8325209Z Adding repository directory to the temporary git global config as a safe directory
2026-10-08T09:37:13.8328663Z [command]/usr/bin/git config --global --add safe.directory /home/runner/work/heatpump_optimizer/heatpump_optimizer
2026-10-08T09:37:13.8359316Z [command]/usr/bin/git config --local --name-only --get-regexp core\.sshCommand
2026-10-08T09:37:13.8389114Z [command]/usr/bin/git submodule foreach --recursive sh -c "git config --local --name-only --get-regexp 'core\.sshCommand' && git config --local --unset-all 'core.sshCommand' || :"
2026-10-08T09:37:13.8608432Z [command]/usr/bin/git config --local --name-only --get-regexp http\.https\:\/\/github\.com\/\.extraheader
2026-10-08T09:37:13.8633300Z http.https://github.com/.extraheader
2026-10-08T09:37:13.8642440Z [command]/usr/bin/git config --local --unset-all http.https://github.com/.extraheader
2026-10-08T09:37:13.8671889Z [command]/usr/bin/git submodule foreach --recursive sh -c "git config --local --name-only --get-regexp 'http\.https\:\/\/github\.com\/\.extraheader' && git config --local --unset-all 'http.https://github.com/.extraheader' || :"
2026-10-08T09:37:13.8890140Z [command]/usr/bin/git config --local --name-only --get-regexp ^includeIf\.gitdir:
2026-10-08T09:37:13.8924349Z [command]/usr/bin/git submodule foreach --recursive git config --local --show-origin --name-only --get-regexp remote.origin.url
2026-10-08T09:37:13.9259940Z Cleaning up orphan processes
