2026-10-08T09:59:01.8916437Z Current runner version: '2.337.0'
2026-10-08T09:59:01.8941816Z ##[group]Runner Image Provisioner
2026-10-08T09:59:01.8942692Z Hosted Compute Agent
2026-10-08T09:59:01.8943495Z Version: 20260901.588
2026-10-08T09:59:01.8944246Z Commit: f88ec8081b781fac6c440065ac7ff9e710ce3d0b
2026-10-08T09:59:01.8945038Z Build Date: 2026-09-01T19:56:44Z
2026-10-08T09:59:01.8945755Z Worker ID: {aa526c79-a5d3-417e-b118-e2690e0cb0ca}
2026-10-08T09:59:01.8946488Z Azure Region: westcentralus
2026-10-08T09:59:01.8947094Z ##[endgroup]
2026-10-08T09:59:01.8948842Z ##[group]Operating System
2026-10-08T09:59:01.8949493Z Ubuntu
2026-10-08T09:59:01.8949998Z 24.04.5
2026-10-08T09:59:01.8950568Z LTS
2026-10-08T09:59:01.8951076Z ##[endgroup]
2026-10-08T09:59:01.8951687Z ##[group]Runner Image
2026-10-08T09:59:01.8952338Z Image: ubuntu-24.04
2026-10-08T09:59:01.8952887Z Version: 20260927.320.1
2026-10-08T09:59:01.8954431Z Included Software: https://github.com/actions/runner-images/blob/ubuntu24/20260927.320/images/ubuntu/Ubuntu2404-Readme.md
2026-10-08T09:59:01.8956053Z Image Release: https://github.com/actions/runner-images/releases/tag/ubuntu24%2F20260927.320
2026-10-08T09:59:01.8957032Z ##[endgroup]
2026-10-08T09:59:01.8958116Z ##[group]GITHUB_TOKEN Permissions
2026-10-08T09:59:01.8960027Z Contents: read
2026-10-08T09:59:01.8960594Z Metadata: read
2026-10-08T09:59:01.8961694Z ##[endgroup]
2026-10-08T09:59:01.8964109Z Secret source: Actions
2026-10-08T09:59:01.8965152Z Cache mode: write
2026-10-08T09:59:01.8965892Z Prepare workflow directory
2026-10-08T09:59:01.9325529Z Prepare all required actions
2026-10-08T09:59:01.9372712Z Getting action download info
2026-10-08T09:59:02.2377533Z Download action repository 'actions/checkout@fbc6f3992d24b796d5a048ff273f7fcc4a7b6c09' (SHA:fbc6f3992d24b796d5a048ff273f7fcc4a7b6c09)
2026-10-08T09:59:02.3579183Z Download action repository 'actions/setup-python@ece7cb06caefa5fff74198d8649806c4678c61a1' (SHA:ece7cb06caefa5fff74198d8649806c4678c61a1)
2026-10-08T09:59:02.4734999Z Download action repository 'actions/upload-artifact@b7c566a772e6b6bfb58ed0dc250532a479d7789f' (SHA:b7c566a772e6b6bfb58ed0dc250532a479d7789f)
2026-10-08T09:59:02.7201956Z Complete job name: mutation-nightly
2026-10-08T09:59:02.7988500Z ##[group]Run actions/checkout@fbc6f3992d24b796d5a048ff273f7fcc4a7b6c09
2026-10-08T09:59:02.7989612Z with:
2026-10-08T09:59:02.7990032Z   fetch-depth: 0
2026-10-08T09:59:02.7990515Z   repository: tvofi/heatpump_optimizer
2026-10-08T09:59:02.7994828Z   token: ***
2026-10-08T09:59:02.7995269Z   ssh-strict: true
2026-10-08T09:59:02.7995702Z   ssh-user: git
2026-10-08T09:59:02.7996159Z   persist-credentials: true
2026-10-08T09:59:02.7996650Z   clean: true
2026-10-08T09:59:02.7997090Z   sparse-checkout-cone-mode: true
2026-10-08T09:59:02.7997615Z   fetch-tags: false
2026-10-08T09:59:02.7998061Z   show-progress: true
2026-10-08T09:59:02.7998515Z   lfs: false
2026-10-08T09:59:02.7998929Z   submodules: false
2026-10-08T09:59:02.7999369Z   set-safe-directory: true
2026-10-08T09:59:02.7999883Z   allow-unsafe-pr-checkout: false
2026-10-08T09:59:02.8000694Z ##[endgroup]
2026-10-08T09:59:02.9052362Z Syncing repository: tvofi/heatpump_optimizer
2026-10-08T09:59:02.9055508Z ##[group]Getting Git version info
2026-10-08T09:59:02.9056884Z Working directory is '/home/runner/work/heatpump_optimizer/heatpump_optimizer'
2026-10-08T09:59:02.9058745Z [command]/usr/bin/git version
2026-10-08T09:59:02.9167621Z git version 2.55.0
2026-10-08T09:59:02.9199599Z ##[endgroup]
2026-10-08T09:59:02.9219966Z Temporarily overriding HOME='/home/runner/work/_temp/07c55082-3897-41e9-8613-e07831018d50' before making global git config changes
2026-10-08T09:59:02.9222635Z Adding repository directory to the temporary git global config as a safe directory
2026-10-08T09:59:02.9227535Z [command]/usr/bin/git config --global --add safe.directory /home/runner/work/heatpump_optimizer/heatpump_optimizer
2026-10-08T09:59:02.9289773Z Deleting the contents of '/home/runner/work/heatpump_optimizer/heatpump_optimizer'
2026-10-08T09:59:02.9297134Z ##[group]Initializing the repository
2026-10-08T09:59:02.9303913Z [command]/usr/bin/git init /home/runner/work/heatpump_optimizer/heatpump_optimizer
2026-10-08T09:59:02.9414357Z hint: Using 'master' as the name for the initial branch. This default branch name
2026-10-08T09:59:02.9416319Z hint: will change to "main" in Git 3.0. To configure the initial branch name
2026-10-08T09:59:02.9422717Z hint: to use in all of your new repositories, which will suppress this warning,
2026-10-08T09:59:02.9424466Z hint: call:
2026-10-08T09:59:02.9425258Z hint:
2026-10-08T09:59:02.9426238Z hint: 	git config --global init.defaultBranch <name>
2026-10-08T09:59:02.9427376Z hint:
2026-10-08T09:59:02.9428540Z hint: Names commonly chosen instead of 'master' are 'main', 'trunk' and
2026-10-08T09:59:02.9430248Z hint: 'development'. The just-created branch can be renamed via this command:
2026-10-08T09:59:02.9431621Z hint:
2026-10-08T09:59:02.9432416Z hint: 	git branch -m <name>
2026-10-08T09:59:02.9433647Z hint:
2026-10-08T09:59:02.9434850Z hint: Disable this message with "git config set advice.defaultBranchName false"
2026-10-08T09:59:02.9437006Z Initialized empty Git repository in /home/runner/work/heatpump_optimizer/heatpump_optimizer/.git/
2026-10-08T09:59:02.9441007Z [command]/usr/bin/git remote add origin https://github.com/tvofi/heatpump_optimizer
2026-10-08T09:59:02.9503826Z ##[endgroup]
2026-10-08T09:59:02.9505720Z ##[group]Disabling automatic garbage collection
2026-10-08T09:59:02.9507892Z [command]/usr/bin/git config --local gc.auto 0
2026-10-08T09:59:02.9552107Z ##[endgroup]
2026-10-08T09:59:02.9554293Z ##[group]Setting up auth
2026-10-08T09:59:02.9558979Z [command]/usr/bin/git config --local --name-only --get-regexp core\.sshCommand
2026-10-08T09:59:02.9604005Z [command]/usr/bin/git submodule foreach --recursive sh -c "git config --local --name-only --get-regexp 'core\.sshCommand' && git config --local --unset-all 'core.sshCommand' || :"
2026-10-08T09:59:03.0076088Z [command]/usr/bin/git config --local --name-only --get-regexp http\.https\:\/\/github\.com\/\.extraheader
2026-10-08T09:59:03.0122471Z [command]/usr/bin/git submodule foreach --recursive sh -c "git config --local --name-only --get-regexp 'http\.https\:\/\/github\.com\/\.extraheader' && git config --local --unset-all 'http.https://github.com/.extraheader' || :"
2026-10-08T09:59:03.0360711Z [command]/usr/bin/git config --local --name-only --get-regexp ^includeIf\.gitdir:
2026-10-08T09:59:03.0399350Z [command]/usr/bin/git submodule foreach --recursive git config --local --show-origin --name-only --get-regexp remote.origin.url
2026-10-08T09:59:03.0628727Z [command]/usr/bin/git config --local http.https://github.com/.extraheader AUTHORIZATION: basic ***
2026-10-08T09:59:03.0673797Z ##[endgroup]
2026-10-08T09:59:03.0675173Z ##[group]Fetching the repository
2026-10-08T09:59:03.0684389Z [command]/usr/bin/git -c protocol.version=2 fetch --prune --no-recurse-submodules origin +refs/heads/*:refs/remotes/origin/* +refs/tags/*:refs/tags/*
2026-10-08T09:59:10.6215670Z From https://github.com/tvofi/heatpump_optimizer
2026-10-08T09:59:10.6217666Z  * [new branch]        bus/approvals           -> origin/bus/approvals
2026-10-08T09:59:10.6219844Z  * [new branch]        cursor/r9-eg-entry-config-9aac -> origin/cursor/r9-eg-entry-config-9aac
2026-10-08T09:59:10.6222142Z  * [new branch]        cursor/r9-sw-1-resume-826f -> origin/cursor/r9-sw-1-resume-826f
2026-10-08T09:59:10.6224698Z  * [new branch]        cursor/r9-sw-2-actuation-6d19 -> origin/cursor/r9-sw-2-actuation-6d19
2026-10-08T09:59:10.6226609Z  * [new branch]        fix/r9-ci-2a-pr         -> origin/fix/r9-ci-2a-pr
2026-10-08T09:59:10.6228366Z  * [new branch]        fix/r9-eg-entry-config  -> origin/fix/r9-eg-entry-config
2026-10-08T09:59:10.6230162Z  * [new branch]        fix/r9-gittmp-pr        -> origin/fix/r9-gittmp-pr
2026-10-08T09:59:10.6232029Z  * [new branch]        fix/r9-main-closures-pr -> origin/fix/r9-main-closures-pr
2026-10-08T09:59:10.6234006Z  * [new branch]        fix/r9-ux-actions       -> origin/fix/r9-ux-actions
2026-10-08T09:59:10.6236288Z  * [new branch]        fix/r9-ux9              -> origin/fix/r9-ux9
2026-10-08T09:59:10.6237924Z  * [new branch]        handoff-body/r9-ci-1    -> origin/handoff-body/r9-ci-1
2026-10-08T09:59:10.6239609Z  * [new branch]        handoff-body/r9-ci-2a   -> origin/handoff-body/r9-ci-2a
2026-10-08T09:59:10.6241449Z  * [new branch]        handoff-body/r9-closures-eg-b7 -> origin/handoff-body/r9-closures-eg-b7
2026-10-08T09:59:10.6243960Z  * [new branch]        handoff-body/r9-dbg-1   -> origin/handoff-body/r9-dbg-1
2026-10-08T09:59:10.6245799Z  * [new branch]        handoff-body/r9-dbg-2   -> origin/handoff-body/r9-dbg-2
2026-10-08T09:59:10.6247516Z  * [new branch]        handoff-body/r9-eg-a4   -> origin/handoff-body/r9-eg-a4
2026-10-08T09:59:10.6249404Z  * [new branch]        handoff-body/r9-eg-b7-harness -> origin/handoff-body/r9-eg-b7-harness
2026-10-08T09:59:10.6251547Z  * [new branch]        handoff-body/r9-eg-coordinator-seams -> origin/handoff-body/r9-eg-coordinator-seams
2026-10-08T09:59:10.6254185Z  * [new branch]        handoff-body/r9-eg-entry-config -> origin/handoff-body/r9-eg-entry-config
2026-10-08T09:59:10.6256296Z  * [new branch]        handoff-body/r9-eg-solve-inputs -> origin/handoff-body/r9-eg-solve-inputs
2026-10-08T09:59:10.6258234Z  * [new branch]        handoff-body/r9-fixer-cap -> origin/handoff-body/r9-fixer-cap
2026-10-08T09:59:10.6260008Z  * [new branch]        handoff-body/r9-gittmp  -> origin/handoff-body/r9-gittmp
2026-10-08T09:59:10.6261823Z  * [new branch]        handoff-body/r9-main-closures -> origin/handoff-body/r9-main-closures
2026-10-08T09:59:10.6264058Z  * [new branch]        handoff-body/r9-nightly-bdr -> origin/handoff-body/r9-nightly-bdr
2026-10-08T09:59:10.6266108Z  * [new branch]        handoff-body/r9-prepr-selftest -> origin/handoff-body/r9-prepr-selftest
2026-10-08T09:59:10.6267997Z  * [new branch]        handoff-body/r9-rca-1985 -> origin/handoff-body/r9-rca-1985
2026-10-08T09:59:10.6269759Z  * [new branch]        handoff-body/r9-rca-1990 -> origin/handoff-body/r9-rca-1990
2026-10-08T09:59:10.6271569Z  * [new branch]        handoff-body/r9-rca-2004 -> origin/handoff-body/r9-rca-2004
2026-10-08T09:59:10.6274156Z  * [new branch]        handoff-body/r9-rca-bugclasses -> origin/handoff-body/r9-rca-bugclasses
2026-10-08T09:59:10.6276359Z  * [new branch]        handoff-body/r9-rca-stamp-race -> origin/handoff-body/r9-rca-stamp-race
2026-10-08T09:59:10.6278511Z  * [new branch]        handoff-body/r9-rca-stress-recording -> origin/handoff-body/r9-rca-stress-recording
2026-10-08T09:59:10.6280850Z  * [new branch]        handoff-body/r9-record-automerge -> origin/handoff-body/r9-record-automerge
2026-10-08T09:59:10.6283420Z  * [new branch]        handoff-body/r9-record-path -> origin/handoff-body/r9-record-path
2026-10-08T09:59:10.6285774Z  * [new branch]        handoff-body/r9-ro-10   -> origin/handoff-body/r9-ro-10
2026-10-08T09:59:10.6287526Z  * [new branch]        handoff-body/r9-ro-11   -> origin/handoff-body/r9-ro-11
2026-10-08T09:59:10.6289205Z  * [new branch]        handoff-body/r9-ro-12   -> origin/handoff-body/r9-ro-12
2026-10-08T09:59:10.6290852Z  * [new branch]        handoff-body/r9-ro-8    -> origin/handoff-body/r9-ro-8
2026-10-08T09:59:10.6292529Z  * [new branch]        handoff-body/r9-sw-5    -> origin/handoff-body/r9-sw-5
2026-10-08T09:59:10.6294627Z  * [new branch]        handoff-body/r9-sw-actuation -> origin/handoff-body/r9-sw-actuation
2026-10-08T09:59:10.6296452Z  * [new branch]        handoff-body/r9-sw6     -> origin/handoff-body/r9-sw6
2026-10-08T09:59:10.6298085Z  * [new branch]        handoff-body/r9-ux-10   -> origin/handoff-body/r9-ux-10
2026-10-08T09:59:10.6299808Z  * [new branch]        handoff-body/r9-ux-6    -> origin/handoff-body/r9-ux-6
2026-10-08T09:59:10.6301548Z  * [new branch]        handoff-body/r9-ux-7    -> origin/handoff-body/r9-ux-7
2026-10-08T09:59:10.6303605Z  * [new branch]        handoff-body/r9-ux-actions -> origin/handoff-body/r9-ux-actions
2026-10-08T09:59:10.6305392Z  * [new branch]        handoff-body/r9-ux9     -> origin/handoff-body/r9-ux9
2026-10-08T09:59:10.6307435Z  * [new branch]        handoff/audit-r9-alt    -> origin/handoff/audit-r9-alt
2026-10-08T09:59:10.6309251Z  * [new branch]        handoff/audit-r9-evidence -> origin/handoff/audit-r9-evidence
2026-10-08T09:59:10.6311075Z  * [new branch]        handoff/audit-r9-find-B1 -> origin/handoff/audit-r9-find-B1
2026-10-08T09:59:10.6312945Z  * [new branch]        handoff/audit-r9-find-B10 -> origin/handoff/audit-r9-find-B10
2026-10-08T09:59:10.6316096Z  * [new branch]        handoff/audit-r9-find-B2 -> origin/handoff/audit-r9-find-B2
2026-10-08T09:59:10.6317199Z  * [new branch]        handoff/audit-r9-find-B3 -> origin/handoff/audit-r9-find-B3
2026-10-08T09:59:10.6318210Z  * [new branch]        handoff/audit-r9-find-B4 -> origin/handoff/audit-r9-find-B4
2026-10-08T09:59:10.6319852Z  * [new branch]        handoff/audit-r9-find-B5 -> origin/handoff/audit-r9-find-B5
2026-10-08T09:59:10.6321142Z  * [new branch]        handoff/audit-r9-find-B6 -> origin/handoff/audit-r9-find-B6
2026-10-08T09:59:10.6322180Z  * [new branch]        handoff/audit-r9-find-B7 -> origin/handoff/audit-r9-find-B7
2026-10-08T09:59:10.6323513Z  * [new branch]        handoff/audit-r9-find-B8 -> origin/handoff/audit-r9-find-B8
2026-10-08T09:59:10.6324528Z  * [new branch]        handoff/audit-r9-find-B9 -> origin/handoff/audit-r9-find-B9
2026-10-08T09:59:10.6326416Z  * [new branch]        handoff/audit-r9-fixplan -> origin/handoff/audit-r9-fixplan
2026-10-08T09:59:10.6328166Z  * [new branch]        handoff/audit-r9-issues -> origin/handoff/audit-r9-issues
2026-10-08T09:59:10.6330023Z  * [new branch]        handoff/audit-r9-judge  -> origin/handoff/audit-r9-judge
2026-10-08T09:59:10.6331502Z  * [new branch]        handoff/audit-r9-leads  -> origin/handoff/audit-r9-leads
2026-10-08T09:59:10.6333462Z  * [new branch]        handoff/audit-r9-leads-l2 -> origin/handoff/audit-r9-leads-l2
2026-10-08T09:59:10.6335539Z  * [new branch]        handoff/audit-r9-leads-l3 -> origin/handoff/audit-r9-leads-l3
2026-10-08T09:59:10.6337409Z  * [new branch]        handoff/audit-r9-leads-l4 -> origin/handoff/audit-r9-leads-l4
2026-10-08T09:59:10.6338801Z  * [new branch]        handoff/audit-r9-leads-lc -> origin/handoff/audit-r9-leads-lc
2026-10-08T09:59:10.6340552Z  * [new branch]        handoff/audit-r9-plan   -> origin/handoff/audit-r9-plan
2026-10-08T09:59:10.6341805Z  * [new branch]        handoff/audit-r9-register -> origin/handoff/audit-r9-register
2026-10-08T09:59:10.6342817Z  * [new branch]        handoff/audit-r9-runner-1 -> origin/handoff/audit-r9-runner-1
2026-10-08T09:59:10.6344111Z  * [new branch]        handoff/audit-r9-sweep-s1 -> origin/handoff/audit-r9-sweep-s1
2026-10-08T09:59:10.6345102Z  * [new branch]        handoff/audit-r9-sweep-s2 -> origin/handoff/audit-r9-sweep-s2
2026-10-08T09:59:10.6346076Z  * [new branch]        handoff/audit-r9-sweep-s3 -> origin/handoff/audit-r9-sweep-s3
2026-10-08T09:59:10.6347035Z  * [new branch]        handoff/audit-r9-sweep-s4 -> origin/handoff/audit-r9-sweep-s4
2026-10-08T09:59:10.6347994Z  * [new branch]        handoff/audit-r9-sweep-s5 -> origin/handoff/audit-r9-sweep-s5
2026-10-08T09:59:10.6348981Z  * [new branch]        handoff/audit-r9-sweep-s6 -> origin/handoff/audit-r9-sweep-s6
2026-10-08T09:59:10.6349955Z  * [new branch]        handoff/audit-r9-sweep-s7 -> origin/handoff/audit-r9-sweep-s7
2026-10-08T09:59:10.6350995Z  * [new branch]        handoff/audit-r9-verify-g1-v1 -> origin/handoff/audit-r9-verify-g1-v1
2026-10-08T09:59:10.6352110Z  * [new branch]        handoff/audit-r9-verify-g1-v2 -> origin/handoff/audit-r9-verify-g1-v2
2026-10-08T09:59:10.6353396Z  * [new branch]        handoff/audit-r9-verify-g1-v3 -> origin/handoff/audit-r9-verify-g1-v3
2026-10-08T09:59:10.6354494Z  * [new branch]        handoff/audit-r9-verify-g2-v1 -> origin/handoff/audit-r9-verify-g2-v1
2026-10-08T09:59:10.6355545Z  * [new branch]        handoff/audit-r9-verify-g2-v2 -> origin/handoff/audit-r9-verify-g2-v2
2026-10-08T09:59:10.6356589Z  * [new branch]        handoff/audit-r9-verify-g2-v3 -> origin/handoff/audit-r9-verify-g2-v3
2026-10-08T09:59:10.6357905Z  * [new branch]        handoff/audit-r9-verify-g3-v1 -> origin/handoff/audit-r9-verify-g3-v1
2026-10-08T09:59:10.6358958Z  * [new branch]        handoff/audit-r9-verify-g3-v2 -> origin/handoff/audit-r9-verify-g3-v2
2026-10-08T09:59:10.6360028Z  * [new branch]        handoff/audit-r9-verify-g3-v3 -> origin/handoff/audit-r9-verify-g3-v3
2026-10-08T09:59:10.6361070Z  * [new branch]        handoff/audit-r9-verify-g4-v1 -> origin/handoff/audit-r9-verify-g4-v1
2026-10-08T09:59:10.6362548Z  * [new branch]        handoff/audit-r9-verify-g4-v2 -> origin/handoff/audit-r9-verify-g4-v2
2026-10-08T09:59:10.6364659Z  * [new branch]        handoff/audit-r9-verify-g4-v3 -> origin/handoff/audit-r9-verify-g4-v3
2026-10-08T09:59:10.6366340Z  * [new branch]        handoff/r9-ci-1         -> origin/handoff/r9-ci-1
2026-10-08T09:59:10.6367744Z  * [new branch]        handoff/r9-ci-2a        -> origin/handoff/r9-ci-2a
2026-10-08T09:59:10.6369339Z  * [new branch]        handoff/r9-closures-eg-b7 -> origin/handoff/r9-closures-eg-b7
2026-10-08T09:59:10.6370600Z  * [new branch]        handoff/r9-dbg-0        -> origin/handoff/r9-dbg-0
2026-10-08T09:59:10.6371492Z  * [new branch]        handoff/r9-dbg-1        -> origin/handoff/r9-dbg-1
2026-10-08T09:59:10.6372383Z  * [new branch]        handoff/r9-dbg-2        -> origin/handoff/r9-dbg-2
2026-10-08T09:59:10.6373578Z  * [new branch]        handoff/r9-dbg-3        -> origin/handoff/r9-dbg-3
2026-10-08T09:59:10.6374932Z  * [new branch]        handoff/r9-diag-1       -> origin/handoff/r9-diag-1
2026-10-08T09:59:10.6375793Z  * [new branch]        handoff/r9-diag-2s      -> origin/handoff/r9-diag-2s
2026-10-08T09:59:10.6376646Z  * [new branch]        handoff/r9-eg-a4        -> origin/handoff/r9-eg-a4
2026-10-08T09:59:10.6377515Z  * [new branch]        handoff/r9-eg-archscore -> origin/handoff/r9-eg-archscore
2026-10-08T09:59:10.6378403Z  * [new branch]        handoff/r9-eg-b0        -> origin/handoff/r9-eg-b0
2026-10-08T09:59:10.6379279Z  * [new branch]        handoff/r9-eg-b7-harness -> origin/handoff/r9-eg-b7-harness
2026-10-08T09:59:10.6380595Z  * [new branch]        handoff/r9-eg-collaborator-interfaces -> origin/handoff/r9-eg-collaborator-interfaces
2026-10-08T09:59:10.6382672Z  * [new branch]        handoff/r9-eg-coordinator-seams -> origin/handoff/r9-eg-coordinator-seams
2026-10-08T09:59:10.6385386Z  * [new branch]        handoff/r9-eg-dhw-closure-dedupe-v2 -> origin/handoff/r9-eg-dhw-closure-dedupe-v2
2026-10-08T09:59:10.6387525Z  * [new branch]        handoff/r9-eg-dhw-planner -> origin/handoff/r9-eg-dhw-planner
2026-10-08T09:59:10.6389350Z  * [new branch]        handoff/r9-eg-entry-config -> origin/handoff/r9-eg-entry-config
2026-10-08T09:59:10.6390437Z  * [new branch]        handoff/r9-eg-one-copy  -> origin/handoff/r9-eg-one-copy
2026-10-08T09:59:10.6392122Z  * [new branch]        handoff/r9-eg-param-objects -> origin/handoff/r9-eg-param-objects
2026-10-08T09:59:10.6393974Z  * [new branch]        handoff/r9-eg-register-fold -> origin/handoff/r9-eg-register-fold
2026-10-08T09:59:10.6395047Z  * [new branch]        handoff/r9-eg-solve-inputs -> origin/handoff/r9-eg-solve-inputs
2026-10-08T09:59:10.6396987Z  * [new branch]        handoff/r9-eg-store-version -> origin/handoff/r9-eg-store-version
2026-10-08T09:59:10.6398989Z  * [new branch]        handoff/r9-eg-surface-identity -> origin/handoff/r9-eg-surface-identity
2026-10-08T09:59:10.6400420Z  * [new branch]        handoff/r9-eg-typed-payload -> origin/handoff/r9-eg-typed-payload
2026-10-08T09:59:10.6401971Z  * [new branch]        handoff/r9-eg-typed-payload-b -> origin/handoff/r9-eg-typed-payload-b
2026-10-08T09:59:10.6403437Z  * [new branch]        handoff/r9-f1-coordinator-10 -> origin/handoff/r9-f1-coordinator-10
2026-10-08T09:59:10.6404511Z  * [new branch]        handoff/r9-f1-coordinator-2 -> origin/handoff/r9-f1-coordinator-2
2026-10-08T09:59:10.6405525Z  * [new branch]        handoff/r9-f1-coordinator-3 -> origin/handoff/r9-f1-coordinator-3
2026-10-08T09:59:10.6407033Z  * [new branch]        handoff/r9-f1-coordinator-4 -> origin/handoff/r9-f1-coordinator-4
2026-10-08T09:59:10.6409293Z  * [new branch]        handoff/r9-f1-coordinator-5 -> origin/handoff/r9-f1-coordinator-5
2026-10-08T09:59:10.6411129Z  * [new branch]        handoff/r9-f1-coordinator-7 -> origin/handoff/r9-f1-coordinator-7
2026-10-08T09:59:10.6412510Z  * [new branch]        handoff/r9-f1-coordinator-7-review -> origin/handoff/r9-f1-coordinator-7-review
2026-10-08T09:59:10.6414104Z  * [new branch]        handoff/r9-f10-12       -> origin/handoff/r9-f10-12
2026-10-08T09:59:10.6414970Z  * [new branch]        handoff/r9-f10-13       -> origin/handoff/r9-f10-13
2026-10-08T09:59:10.6415969Z  * [new branch]        handoff/r9-f10-14       -> origin/handoff/r9-f10-14
2026-10-08T09:59:10.6416817Z  * [new branch]        handoff/r9-f10-15       -> origin/handoff/r9-f10-15
2026-10-08T09:59:10.6417629Z  * [new branch]        handoff/r9-f10-16       -> origin/handoff/r9-f10-16
2026-10-08T09:59:10.6418557Z  * [new branch]        handoff/r9-f10-ci-efficiency -> origin/handoff/r9-f10-ci-efficiency
2026-10-08T09:59:10.6419712Z  * [new branch]        handoff/r9-f10-claims-baseline-rca -> origin/handoff/r9-f10-claims-baseline-rca
2026-10-08T09:59:10.6420987Z  * [new branch]        handoff/r9-f10-closure-runalways -> origin/handoff/r9-f10-closure-runalways
2026-10-08T09:59:10.6422047Z  * [new branch]        handoff/r9-f10-gate-infra-1 -> origin/handoff/r9-f10-gate-infra-1
2026-10-08T09:59:10.6423468Z  * [new branch]        handoff/r9-f10-gate-infra-1d -> origin/handoff/r9-f10-gate-infra-1d
2026-10-08T09:59:10.6424557Z  * [new branch]        handoff/r9-f10-gate-infra-4 -> origin/handoff/r9-f10-gate-infra-4
2026-10-08T09:59:10.6425921Z  * [new branch]        handoff/r9-f10-gate-infra-5 -> origin/handoff/r9-f10-gate-infra-5
2026-10-08T09:59:10.6426918Z  * [new branch]        handoff/r9-f10-gate-infra-6 -> origin/handoff/r9-f10-gate-infra-6
2026-10-08T09:59:10.6427954Z  * [new branch]        handoff/r9-f10-harness-timeout -> origin/handoff/r9-f10-harness-timeout
2026-10-08T09:59:10.6429264Z  * [new branch]        handoff/r9-f10-loop-heartbeat -> origin/handoff/r9-f10-loop-heartbeat
2026-10-08T09:59:10.6430585Z  * [new branch]        handoff/r9-f10-merge-queue -> origin/handoff/r9-f10-merge-queue
2026-10-08T09:59:10.6502231Z  * [new branch]        handoff/r9-f11-governance-1 -> origin/handoff/r9-f11-governance-1
2026-10-08T09:59:10.6504637Z  * [new branch]        handoff/r9-f11-governance-3 -> origin/handoff/r9-f11-governance-3
2026-10-08T09:59:10.6506340Z  * [new branch]        handoff/r9-f11-governance-4 -> origin/handoff/r9-f11-governance-4
2026-10-08T09:59:10.6508469Z  * [new branch]        handoff/r9-f11-governance-4-review -> origin/handoff/r9-f11-governance-4-review
2026-10-08T09:59:10.6510432Z  * [new branch]        handoff/r9-f11-governance-5 -> origin/handoff/r9-f11-governance-5
2026-10-08T09:59:10.6512479Z  * [new branch]        handoff/r9-f11-governance-6 -> origin/handoff/r9-f11-governance-6
2026-10-08T09:59:10.6514794Z  * [new branch]        handoff/r9-f11-governance-7 -> origin/handoff/r9-f11-governance-7
2026-10-08T09:59:10.6516554Z  * [new branch]        handoff/r9-f2-solver-1  -> origin/handoff/r9-f2-solver-1
2026-10-08T09:59:10.6518162Z  * [new branch]        handoff/r9-f2-solver-3  -> origin/handoff/r9-f2-solver-3
2026-10-08T09:59:10.6519828Z  * [new branch]        handoff/r9-f2-solver-4  -> origin/handoff/r9-f2-solver-4
2026-10-08T09:59:10.6521202Z  * [new branch]        handoff/r9-f2-solver-5  -> origin/handoff/r9-f2-solver-5
2026-10-08T09:59:10.6522143Z  * [new branch]        handoff/r9-f3-stores-1  -> origin/handoff/r9-f3-stores-1
2026-10-08T09:59:10.6523382Z  * [new branch]        handoff/r9-f3-stores-3  -> origin/handoff/r9-f3-stores-3
2026-10-08T09:59:10.6524471Z  * [new branch]        handoff/r9-f4-inputs-sysid-1 -> origin/handoff/r9-f4-inputs-sysid-1
2026-10-08T09:59:10.6525518Z  * [new branch]        handoff/r9-f4-inputs-sysid-2 -> origin/handoff/r9-f4-inputs-sysid-2
2026-10-08T09:59:10.6526555Z  * [new branch]        handoff/r9-f5-config-text-1 -> origin/handoff/r9-f5-config-text-1
2026-10-08T09:59:10.6527774Z  * [new branch]        handoff/r9-f6-card-1    -> origin/handoff/r9-f6-card-1
2026-10-08T09:59:10.6528652Z  * [new branch]        handoff/r9-f6-card-2    -> origin/handoff/r9-f6-card-2
2026-10-08T09:59:10.6529520Z  * [new branch]        handoff/r9-f6-card-4    -> origin/handoff/r9-f6-card-4
2026-10-08T09:59:10.6530448Z  * [new branch]        handoff/r9-f7-entities-1 -> origin/handoff/r9-f7-entities-1
2026-10-08T09:59:10.6531393Z  * [new branch]        handoff/r9-f7-entities-2 -> origin/handoff/r9-f7-entities-2
2026-10-08T09:59:10.6532378Z  * [new branch]        handoff/r9-f7-family-splits -> origin/handoff/r9-f7-family-splits
2026-10-08T09:59:10.6533615Z  * [new branch]        handoff/r9-f8-docs-1    -> origin/handoff/r9-f8-docs-1
2026-10-08T09:59:10.6534500Z  * [new branch]        handoff/r9-f8-docs-2    -> origin/handoff/r9-f8-docs-2
2026-10-08T09:59:10.6535406Z  * [new branch]        handoff/r9-f8-docs-3    -> origin/handoff/r9-f8-docs-3
2026-10-08T09:59:10.6536324Z  * [new branch]        handoff/r9-f9-test-pins-2 -> origin/handoff/r9-f9-test-pins-2
2026-10-08T09:59:10.6537281Z  * [new branch]        handoff/r9-f9-test-pins-3 -> origin/handoff/r9-f9-test-pins-3
2026-10-08T09:59:10.6538199Z  * [new branch]        handoff/r9-fixer-cap    -> origin/handoff/r9-fixer-cap
2026-10-08T09:59:10.6539051Z  * [new branch]        handoff/r9-fr-10        -> origin/handoff/r9-fr-10
2026-10-08T09:59:10.6539940Z  * [new branch]        handoff/r9-friction-study -> origin/handoff/r9-friction-study
2026-10-08T09:59:10.6540849Z  * [new branch]        handoff/r9-gittmp       -> origin/handoff/r9-gittmp
2026-10-08T09:59:10.6541739Z  * [new branch]        handoff/r9-main-closures -> origin/handoff/r9-main-closures
2026-10-08T09:59:10.6542658Z  * [new branch]        handoff/r9-nightly-bdr  -> origin/handoff/r9-nightly-bdr
2026-10-08T09:59:10.6543975Z  * [new branch]        handoff/r9-nightly-ha   -> origin/handoff/r9-nightly-ha
2026-10-08T09:59:10.6545008Z  * [new branch]        handoff/r9-nightly-status-k5uati -> origin/handoff/r9-nightly-status-k5uati
2026-10-08T09:59:10.6546256Z  * [new branch]        handoff/r9-prepr-selftest -> origin/handoff/r9-prepr-selftest
2026-10-08T09:59:10.6547201Z  * [new branch]        handoff/r9-proc-1       -> origin/handoff/r9-proc-1
2026-10-08T09:59:10.6548034Z  * [new branch]        handoff/r9-proc-3       -> origin/handoff/r9-proc-3
2026-10-08T09:59:10.6548875Z  * [new branch]        handoff/r9-proc-4       -> origin/handoff/r9-proc-4
2026-10-08T09:59:10.6549701Z  * [new branch]        handoff/r9-proc-5       -> origin/handoff/r9-proc-5
2026-10-08T09:59:10.6550644Z  * [new branch]        handoff/r9-rc-prcontract-fix -> origin/handoff/r9-rc-prcontract-fix
2026-10-08T09:59:10.6551603Z  * [new branch]        handoff/r9-rca-1985     -> origin/handoff/r9-rca-1985
2026-10-08T09:59:10.6552449Z  * [new branch]        handoff/r9-rca-1990     -> origin/handoff/r9-rca-1990
2026-10-08T09:59:10.6553762Z  * [new branch]        handoff/r9-rca-2004     -> origin/handoff/r9-rca-2004
2026-10-08T09:59:10.6555188Z  * [new branch]        handoff/r9-rca-avoidable-interpreter-bound-recomputation -> origin/handoff/r9-rca-avoidable-interpreter-bound-recomputation
2026-10-08T09:59:10.6556577Z  * [new branch]        handoff/r9-rca-bugclasses -> origin/handoff/r9-rca-bugclasses
2026-10-08T09:59:10.6557593Z  * [new branch]        handoff/r9-rca-cpu-gate-blind -> origin/handoff/r9-rca-cpu-gate-blind
2026-10-08T09:59:10.6558536Z  * [new branch]        handoff/r9-rca-i1       -> origin/handoff/r9-rca-i1
2026-10-08T09:59:10.6559374Z  * [new branch]        handoff/r9-rca-i3       -> origin/handoff/r9-rca-i3
2026-10-08T09:59:10.6560206Z  * [new branch]        handoff/r9-rca-i4       -> origin/handoff/r9-rca-i4
2026-10-08T09:59:10.6561028Z  * [new branch]        handoff/r9-rca-i5       -> origin/handoff/r9-rca-i5
2026-10-08T09:59:10.6561865Z  * [new branch]        handoff/r9-rca-p1       -> origin/handoff/r9-rca-p1
2026-10-08T09:59:10.6562719Z  * [new branch]        handoff/r9-rca-p11      -> origin/handoff/r9-rca-p11
2026-10-08T09:59:10.6564216Z  * [new branch]        handoff/r9-rca-p2       -> origin/handoff/r9-rca-p2
2026-10-08T09:59:10.6565091Z  * [new branch]        handoff/r9-rca-p3       -> origin/handoff/r9-rca-p3
2026-10-08T09:59:10.6565923Z  * [new branch]        handoff/r9-rca-p5       -> origin/handoff/r9-rca-p5
2026-10-08T09:59:10.6566779Z  * [new branch]        handoff/r9-rca-p6       -> origin/handoff/r9-rca-p6
2026-10-08T09:59:10.6567593Z  * [new branch]        handoff/r9-rca-p9       -> origin/handoff/r9-rca-p9
2026-10-08T09:59:10.6568971Z  * [new branch]        handoff/r9-rca-persisted-future-instant-trusted-without-bound -> origin/handoff/r9-rca-persisted-future-instant-trusted-without-bound
2026-10-08T09:59:10.6570424Z  * [new branch]        handoff/r9-rca-stamp-race -> origin/handoff/r9-rca-stamp-race
2026-10-08T09:59:10.6571461Z  * [new branch]        handoff/r9-rca-stress-recording -> origin/handoff/r9-rca-stress-recording
2026-10-08T09:59:10.6572528Z  * [new branch]        handoff/r9-record-automerge -> origin/handoff/r9-record-automerge
2026-10-08T09:59:10.6573653Z  * [new branch]        handoff/r9-record-path  -> origin/handoff/r9-record-path
2026-10-08T09:59:10.6574520Z  * [new branch]        handoff/r9-ro-1         -> origin/handoff/r9-ro-1
2026-10-08T09:59:10.6575325Z  * [new branch]        handoff/r9-ro-10        -> origin/handoff/r9-ro-10
2026-10-08T09:59:10.6576134Z  * [new branch]        handoff/r9-ro-11        -> origin/handoff/r9-ro-11
2026-10-08T09:59:10.6576953Z  * [new branch]        handoff/r9-ro-12        -> origin/handoff/r9-ro-12
2026-10-08T09:59:10.6577756Z  * [new branch]        handoff/r9-ro-2         -> origin/handoff/r9-ro-2
2026-10-08T09:59:10.6578563Z  * [new branch]        handoff/r9-ro-3         -> origin/handoff/r9-ro-3
2026-10-08T09:59:10.6579375Z  * [new branch]        handoff/r9-ro-4         -> origin/handoff/r9-ro-4
2026-10-08T09:59:10.6580165Z  * [new branch]        handoff/r9-ro-5         -> origin/handoff/r9-ro-5
2026-10-08T09:59:10.6580964Z  * [new branch]        handoff/r9-ro-6         -> origin/handoff/r9-ro-6
2026-10-08T09:59:10.6581905Z  * [new branch]        handoff/r9-ro-7         -> origin/handoff/r9-ro-7
2026-10-08T09:59:10.6582722Z  * [new branch]        handoff/r9-ro-8         -> origin/handoff/r9-ro-8
2026-10-08T09:59:10.6583656Z  * [new branch]        handoff/r9-sw-5         -> origin/handoff/r9-sw-5
2026-10-08T09:59:10.6584507Z  * [new branch]        handoff/r9-sw-actuation -> origin/handoff/r9-sw-actuation
2026-10-08T09:59:10.6585380Z  * [new branch]        handoff/r9-sw-card      -> origin/handoff/r9-sw-card
2026-10-08T09:59:10.6586236Z  * [new branch]        handoff/r9-sw-gchv      -> origin/handoff/r9-sw-gchv
2026-10-08T09:59:10.6587120Z  * [new branch]        handoff/r9-sw-model     -> origin/handoff/r9-sw-model
2026-10-08T09:59:10.6588248Z  * [new branch]        handoff/r9-sw6          -> origin/handoff/r9-sw6
2026-10-08T09:59:10.6589064Z  * [new branch]        handoff/r9-ux-10        -> origin/handoff/r9-ux-10
2026-10-08T09:59:10.6589881Z  * [new branch]        handoff/r9-ux-6         -> origin/handoff/r9-ux-6
2026-10-08T09:59:10.6590675Z  * [new branch]        handoff/r9-ux-7         -> origin/handoff/r9-ux-7
2026-10-08T09:59:10.6591499Z  * [new branch]        handoff/r9-ux-actions   -> origin/handoff/r9-ux-actions
2026-10-08T09:59:10.6592365Z  * [new branch]        handoff/r9-ux-events    -> origin/handoff/r9-ux-events
2026-10-08T09:59:10.6593359Z  * [new branch]        handoff/r9-ux-health    -> origin/handoff/r9-ux-health
2026-10-08T09:59:10.6594277Z  * [new branch]        handoff/r9-ux-insight-text -> origin/handoff/r9-ux-insight-text
2026-10-08T09:59:10.6595370Z  * [new branch]        handoff/r9-ux9          -> origin/handoff/r9-ux9
2026-10-08T09:59:10.6596186Z  * [new branch]        handoff/r9-web-3        -> origin/handoff/r9-web-3
2026-10-08T09:59:10.6596996Z  * [new branch]        handoff/r9-web-4        -> origin/handoff/r9-web-4
2026-10-08T09:59:10.6597795Z  * [new branch]        handoff/r9-web-5        -> origin/handoff/r9-web-5
2026-10-08T09:59:10.6599223Z  * [new branch]        handoff/r9-web-page     -> origin/handoff/r9-web-page
2026-10-08T09:59:10.6600109Z  * [new branch]        handoff/rca-1747        -> origin/handoff/rca-1747
2026-10-08T09:59:10.6600981Z  * [new branch]        handoff/repo-reorg-plan -> origin/handoff/repo-reorg-plan
2026-10-08T09:59:10.6601952Z  * [new branch]        handoff/silent-windows-plan -> origin/handoff/silent-windows-plan
2026-10-08T09:59:10.6602819Z  * [new branch]        main                    -> origin/main
2026-10-08T09:59:10.6604027Z  * [new branch]        proof/r9-ci-1-pr2010    -> origin/proof/r9-ci-1-pr2010
2026-10-08T09:59:10.6604898Z  * [new branch]        proof/r9-ci-1-pr2025    -> origin/proof/r9-ci-1-pr2025
2026-10-08T09:59:10.6605740Z  * [new branch]        proof/r9-ci-1-sw1       -> origin/proof/r9-ci-1-sw1
2026-10-08T09:59:10.6606540Z  * [new branch]        review/1987             -> origin/review/1987
2026-10-08T09:59:10.6607305Z  * [new branch]        review/1997             -> origin/review/1997
2026-10-08T09:59:10.6608086Z  * [new branch]        review/2002             -> origin/review/2002
2026-10-08T09:59:10.6608850Z  * [new branch]        review/2006             -> origin/review/2006
2026-10-08T09:59:10.6609611Z  * [new branch]        review/2007             -> origin/review/2007
2026-10-08T09:59:10.6610374Z  * [new branch]        review/2010             -> origin/review/2010
2026-10-08T09:59:10.6611129Z  * [new branch]        review/2011             -> origin/review/2011
2026-10-08T09:59:10.6611911Z  * [new branch]        review/2012             -> origin/review/2012
2026-10-08T09:59:10.6612689Z  * [new branch]        review/2013             -> origin/review/2013
2026-10-08T09:59:10.6613874Z  * [new branch]        review/2014             -> origin/review/2014
2026-10-08T09:59:10.6614667Z  * [new branch]        review/2015             -> origin/review/2015
2026-10-08T09:59:10.6615433Z  * [new branch]        review/2017             -> origin/review/2017
2026-10-08T09:59:10.6616211Z  * [new branch]        review/2018             -> origin/review/2018
2026-10-08T09:59:10.6617133Z  * [new branch]        review/2021             -> origin/review/2021
2026-10-08T09:59:10.6617915Z  * [new branch]        review/2022             -> origin/review/2022
2026-10-08T09:59:10.6618676Z  * [new branch]        review/2024             -> origin/review/2024
2026-10-08T09:59:10.6619444Z  * [new branch]        review/2025             -> origin/review/2025
2026-10-08T09:59:10.6620203Z  * [new branch]        review/2026             -> origin/review/2026
2026-10-08T09:59:10.6620954Z  * [new branch]        review/2027             -> origin/review/2027
2026-10-08T09:59:10.6621706Z  * [new branch]        review/2029             -> origin/review/2029
2026-10-08T09:59:10.6622466Z  * [new branch]        review/2030             -> origin/review/2030
2026-10-08T09:59:10.6623395Z  * [new branch]        review/2040             -> origin/review/2040
2026-10-08T09:59:10.6624160Z  * [new branch]        review/2041             -> origin/review/2041
2026-10-08T09:59:10.6624935Z  * [new branch]        review/2042             -> origin/review/2042
2026-10-08T09:59:10.6625696Z  * [new branch]        review/2044             -> origin/review/2044
2026-10-08T09:59:10.6626456Z  * [new branch]        review/2049             -> origin/review/2049
2026-10-08T09:59:10.6627205Z  * [new branch]        review/2051             -> origin/review/2051
2026-10-08T09:59:10.6627957Z  * [new branch]        review/2053             -> origin/review/2053
2026-10-08T09:59:10.6628704Z  * [new branch]        review/2054             -> origin/review/2054
2026-10-08T09:59:10.6629472Z  * [new branch]        verdict/1987            -> origin/verdict/1987
2026-10-08T09:59:10.6630248Z  * [new branch]        verdict/1997            -> origin/verdict/1997
2026-10-08T09:59:10.6631017Z  * [new branch]        verdict/2002            -> origin/verdict/2002
2026-10-08T09:59:10.6631783Z  * [new branch]        verdict/2006            -> origin/verdict/2006
2026-10-08T09:59:10.6632745Z  * [new branch]        verdict/2007            -> origin/verdict/2007
2026-10-08T09:59:10.6633818Z  * [new branch]        verdict/2010            -> origin/verdict/2010
2026-10-08T09:59:10.6634599Z  * [new branch]        verdict/2011            -> origin/verdict/2011
2026-10-08T09:59:10.6635392Z  * [new branch]        verdict/2012            -> origin/verdict/2012
2026-10-08T09:59:10.6636167Z  * [new branch]        verdict/2013            -> origin/verdict/2013
2026-10-08T09:59:10.6636943Z  * [new branch]        verdict/2014            -> origin/verdict/2014
2026-10-08T09:59:10.6637712Z  * [new branch]        verdict/2015            -> origin/verdict/2015
2026-10-08T09:59:10.6638475Z  * [new branch]        verdict/2017            -> origin/verdict/2017
2026-10-08T09:59:10.6639237Z  * [new branch]        verdict/2018            -> origin/verdict/2018
2026-10-08T09:59:10.6640001Z  * [new branch]        verdict/2021            -> origin/verdict/2021
2026-10-08T09:59:10.6640775Z  * [new branch]        verdict/2022            -> origin/verdict/2022
2026-10-08T09:59:10.6641554Z  * [new branch]        verdict/2024            -> origin/verdict/2024
2026-10-08T09:59:10.6642320Z  * [new branch]        verdict/2025            -> origin/verdict/2025
2026-10-08T09:59:10.6643355Z  * [new branch]        verdict/2026            -> origin/verdict/2026
2026-10-08T09:59:10.6644156Z  * [new branch]        verdict/2027            -> origin/verdict/2027
2026-10-08T09:59:10.6644919Z  * [new branch]        verdict/2029            -> origin/verdict/2029
2026-10-08T09:59:10.6645686Z  * [new branch]        verdict/2030            -> origin/verdict/2030
2026-10-08T09:59:10.6646688Z  * [new branch]        verdict/2040            -> origin/verdict/2040
2026-10-08T09:59:10.6647999Z  * [new branch]        verdict/2041            -> origin/verdict/2041
2026-10-08T09:59:10.6649251Z  * [new branch]        verdict/2042            -> origin/verdict/2042
2026-10-08T09:59:10.6650655Z  * [new branch]        verdict/2044            -> origin/verdict/2044
2026-10-08T09:59:10.6651978Z  * [new branch]        verdict/2049            -> origin/verdict/2049
2026-10-08T09:59:10.6653630Z  * [new branch]        verdict/2051            -> origin/verdict/2051
2026-10-08T09:59:10.6655065Z  * [new branch]        verdict/2053            -> origin/verdict/2053
2026-10-08T09:59:10.6656567Z  * [new branch]        verdict/2054            -> origin/verdict/2054
2026-10-08T09:59:10.6658061Z  * [new tag]           audit-round2-evidence   -> audit-round2-evidence
2026-10-08T09:59:10.6659392Z  * [new tag]           v2.3.0-beta.1           -> v2.3.0-beta.1
2026-10-08T09:59:10.6660609Z  * [new tag]           v2.4.0                  -> v2.4.0
2026-10-08T09:59:10.6661802Z  * [new tag]           v2.4.1                  -> v2.4.1
2026-10-08T09:59:10.6662972Z  * [new tag]           v2.5.0                  -> v2.5.0
2026-10-08T09:59:10.6664366Z  * [new tag]           v2.6.0                  -> v2.6.0
2026-10-08T09:59:10.6665538Z  * [new tag]           v2.6.1                  -> v2.6.1
2026-10-08T09:59:10.6666679Z  * [new tag]           v2.7.0                  -> v2.7.0
2026-10-08T09:59:10.6667780Z  * [new tag]           v2.8.0                  -> v2.8.0
2026-10-08T09:59:10.6668553Z  * [new tag]           v3.0.0                  -> v3.0.0
2026-10-08T09:59:10.6669208Z  * [new tag]           v3.1.0                  -> v3.1.0
2026-10-08T09:59:10.6669840Z  * [new tag]           v3.1.1                  -> v3.1.1
2026-10-08T09:59:10.6670474Z  * [new tag]           v3.1.2                  -> v3.1.2
2026-10-08T09:59:10.6671123Z  * [new tag]           v3.14.0                 -> v3.14.0
2026-10-08T09:59:10.6671752Z  * [new tag]           v3.16.0                 -> v3.16.0
2026-10-08T09:59:10.6672377Z  * [new tag]           v3.2.0                  -> v3.2.0
2026-10-08T09:59:10.6673259Z  * [new tag]           v3.3.0                  -> v3.3.0
2026-10-08T09:59:10.6673954Z  * [new tag]           v3.3.1                  -> v3.3.1
2026-10-08T09:59:10.6674789Z  * [new tag]           v3.4.0                  -> v3.4.0
2026-10-08T09:59:10.6675410Z  * [new tag]           v3.4.1                  -> v3.4.1
2026-10-08T09:59:10.6676040Z  * [new tag]           v3.5.0                  -> v3.5.0
2026-10-08T09:59:10.6676668Z  * [new tag]           v3.6.0                  -> v3.6.0
2026-10-08T09:59:10.6677284Z  * [new tag]           v3.6.1                  -> v3.6.1
2026-10-08T09:59:10.6677900Z  * [new tag]           v3.7.0                  -> v3.7.0
2026-10-08T09:59:10.6678515Z  * [new tag]           v3.7.1                  -> v3.7.1
2026-10-08T09:59:10.6679134Z  * [new tag]           v3.8.0                  -> v3.8.0
2026-10-08T09:59:10.6679761Z  * [new tag]           v4.0.0                  -> v4.0.0
2026-10-08T09:59:10.6680389Z  * [new tag]           v4.0.1                  -> v4.0.1
2026-10-08T09:59:10.6681008Z  * [new tag]           v4.0.2                  -> v4.0.2
2026-10-08T09:59:10.6681623Z  * [new tag]           v4.0.3                  -> v4.0.3
2026-10-08T09:59:10.6682244Z  * [new tag]           v4.0.4                  -> v4.0.4
2026-10-08T09:59:10.6682861Z  * [new tag]           v4.0.5                  -> v4.0.5
2026-10-08T09:59:10.6683779Z  * [new tag]           v4.0.6                  -> v4.0.6
2026-10-08T09:59:10.6684417Z  * [new tag]           v4.0.7                  -> v4.0.7
2026-10-08T09:59:10.6685041Z  * [new tag]           v4.1.0                  -> v4.1.0
2026-10-08T09:59:10.6685668Z  * [new tag]           v4.2.0                  -> v4.2.0
2026-10-08T09:59:10.6686288Z  * [new tag]           v4.3.0                  -> v4.3.0
2026-10-08T09:59:10.6686945Z  * [new tag]           v5.0.0                  -> v5.0.0
2026-10-08T09:59:10.6687562Z  * [new tag]           v5.1.0                  -> v5.1.0
2026-10-08T09:59:10.6688169Z  * [new tag]           v5.1.1                  -> v5.1.1
2026-10-08T09:59:10.6688788Z  * [new tag]           v5.1.10                 -> v5.1.10
2026-10-08T09:59:10.6689417Z  * [new tag]           v5.1.2                  -> v5.1.2
2026-10-08T09:59:10.6690041Z  * [new tag]           v5.1.3                  -> v5.1.3
2026-10-08T09:59:10.6690657Z  * [new tag]           v5.1.4                  -> v5.1.4
2026-10-08T09:59:10.6691425Z  * [new tag]           v5.1.5                  -> v5.1.5
2026-10-08T09:59:10.6692060Z  * [new tag]           v5.1.6                  -> v5.1.6
2026-10-08T09:59:10.6692695Z  * [new tag]           v5.1.7                  -> v5.1.7
2026-10-08T09:59:10.6693695Z  * [new tag]           v5.1.9                  -> v5.1.9
2026-10-08T09:59:10.6694345Z  * [new tag]           v5.2.0                  -> v5.2.0
2026-10-08T09:59:10.6694962Z  * [new tag]           v5.3.0                  -> v5.3.0
2026-10-08T09:59:10.6695823Z  * [new tag]           v5.4.0                  -> v5.4.0
2026-10-08T09:59:10.6696462Z  * [new tag]           v5.4.1                  -> v5.4.1
2026-10-08T09:59:10.6697082Z  * [new tag]           v5.5.0                  -> v5.5.0
2026-10-08T09:59:10.6697720Z  * [new tag]           v5.6.0                  -> v5.6.0
2026-10-08T09:59:10.6698354Z  * [new tag]           v5.6.1                  -> v5.6.1
2026-10-08T09:59:10.6698977Z  * [new tag]           v5.6.2                  -> v5.6.2
2026-10-08T09:59:10.6699604Z  * [new tag]           v5.7.0                  -> v5.7.0
2026-10-08T09:59:10.6700240Z  * [new tag]           v5.7.1                  -> v5.7.1
2026-10-08T09:59:10.6700873Z  * [new tag]           v6.0.0                  -> v6.0.0
2026-10-08T09:59:10.6701494Z  * [new tag]           v6.0.1                  -> v6.0.1
2026-10-08T09:59:10.6702117Z  * [new tag]           v6.0.2                  -> v6.0.2
2026-10-08T09:59:10.6702745Z  * [new tag]           v6.0.3                  -> v6.0.3
2026-10-08T09:59:10.6703697Z  * [new tag]           v6.0.4                  -> v6.0.4
2026-10-08T09:59:10.6704339Z  * [new tag]           v6.0.5                  -> v6.0.5
2026-10-08T09:59:10.6704961Z  * [new tag]           v6.0.6                  -> v6.0.6
2026-10-08T09:59:10.6705585Z  * [new tag]           v6.0.7                  -> v6.0.7
2026-10-08T09:59:10.6706385Z  * [new tag]           v6.0.8                  -> v6.0.8
2026-10-08T09:59:10.6707015Z  * [new tag]           v6.0.9                  -> v6.0.9
2026-10-08T09:59:10.6707648Z  * [new tag]           v6.1.0                  -> v6.1.0
2026-10-08T09:59:10.6708280Z  * [new tag]           v6.1.1                  -> v6.1.1
2026-10-08T09:59:10.6708898Z  * [new tag]           v6.1.2                  -> v6.1.2
2026-10-08T09:59:10.6709522Z  * [new tag]           v6.2.0                  -> v6.2.0
2026-10-08T09:59:10.6710141Z  * [new tag]           v6.2.1                  -> v6.2.1
2026-10-08T09:59:10.6710764Z  * [new tag]           v6.2.10                 -> v6.2.10
2026-10-08T09:59:10.6711400Z  * [new tag]           v6.2.11                 -> v6.2.11
2026-10-08T09:59:10.6712033Z  * [new tag]           v6.2.12                 -> v6.2.12
2026-10-08T09:59:10.6712658Z  * [new tag]           v6.2.13                 -> v6.2.13
2026-10-08T09:59:10.6713460Z  * [new tag]           v6.2.14                 -> v6.2.14
2026-10-08T09:59:10.6714107Z  * [new tag]           v6.2.15                 -> v6.2.15
2026-10-08T09:59:10.6714742Z  * [new tag]           v6.2.16                 -> v6.2.16
2026-10-08T09:59:10.6715366Z  * [new tag]           v6.2.17                 -> v6.2.17
2026-10-08T09:59:10.6715989Z  * [new tag]           v6.2.2                  -> v6.2.2
2026-10-08T09:59:10.6716615Z  * [new tag]           v6.2.3                  -> v6.2.3
2026-10-08T09:59:10.6717237Z  * [new tag]           v6.2.4                  -> v6.2.4
2026-10-08T09:59:10.6717855Z  * [new tag]           v6.2.5                  -> v6.2.5
2026-10-08T09:59:10.6718477Z  * [new tag]           v6.2.6                  -> v6.2.6
2026-10-08T09:59:10.6719110Z  * [new tag]           v6.2.7                  -> v6.2.7
2026-10-08T09:59:10.6719733Z  * [new tag]           v6.2.8                  -> v6.2.8
2026-10-08T09:59:10.6720353Z  * [new tag]           v6.2.9                  -> v6.2.9
2026-10-08T09:59:10.6720979Z  * [new tag]           v6.3.0                  -> v6.3.0
2026-10-08T09:59:10.6721608Z  * [new tag]           v6.3.1                  -> v6.3.1
2026-10-08T09:59:10.6722394Z  * [new tag]           v6.3.10                 -> v6.3.10
2026-10-08T09:59:10.6723322Z  * [new tag]           v6.3.11                 -> v6.3.11
2026-10-08T09:59:10.6724056Z  * [new tag]           v6.3.12                 -> v6.3.12
2026-10-08T09:59:10.6724683Z  * [new tag]           v6.3.13                 -> v6.3.13
2026-10-08T09:59:10.6725311Z  * [new tag]           v6.3.14                 -> v6.3.14
2026-10-08T09:59:10.6725940Z  * [new tag]           v6.3.15                 -> v6.3.15
2026-10-08T09:59:10.6726563Z  * [new tag]           v6.3.16                 -> v6.3.16
2026-10-08T09:59:10.6727185Z  * [new tag]           v6.3.17                 -> v6.3.17
2026-10-08T09:59:10.6727800Z  * [new tag]           v6.3.18                 -> v6.3.18
2026-10-08T09:59:10.6728424Z  * [new tag]           v6.3.19                 -> v6.3.19
2026-10-08T09:59:10.6729040Z  * [new tag]           v6.3.2                  -> v6.3.2
2026-10-08T09:59:10.6729677Z  * [new tag]           v6.3.20                 -> v6.3.20
2026-10-08T09:59:10.6730303Z  * [new tag]           v6.3.3                  -> v6.3.3
2026-10-08T09:59:10.6730950Z  * [new tag]           v6.3.4                  -> v6.3.4
2026-10-08T09:59:10.6731581Z  * [new tag]           v6.3.5                  -> v6.3.5
2026-10-08T09:59:10.6732209Z  * [new tag]           v6.3.6                  -> v6.3.6
2026-10-08T09:59:10.6732830Z  * [new tag]           v6.3.7                  -> v6.3.7
2026-10-08T09:59:10.6733839Z  * [new tag]           v6.3.8                  -> v6.3.8
2026-10-08T09:59:10.6734480Z  * [new tag]           v6.3.9                  -> v6.3.9
2026-10-08T09:59:10.6735102Z  * [new tag]           v6.4.0                  -> v6.4.0
2026-10-08T09:59:10.6735721Z  * [new tag]           v6.4.1                  -> v6.4.1
2026-10-08T09:59:10.6736366Z  * [new tag]           v6.4.2                  -> v6.4.2
2026-10-08T09:59:10.6737173Z  * [new tag]           v6.4.3                  -> v6.4.3
2026-10-08T09:59:10.6737799Z  * [new tag]           v6.4.4                  -> v6.4.4
2026-10-08T09:59:10.6738426Z  * [new tag]           v6.5.0                  -> v6.5.0
2026-10-08T09:59:10.6739049Z  * [new tag]           v6.5.1                  -> v6.5.1
2026-10-08T09:59:10.6739674Z  * [new tag]           v6.6.0                  -> v6.6.0
2026-10-08T09:59:10.6740296Z  * [new tag]           v6.6.1                  -> v6.6.1
2026-10-08T09:59:10.6740929Z  * [new tag]           v6.6.10                 -> v6.6.10
2026-10-08T09:59:10.6741564Z  * [new tag]           v6.6.11                 -> v6.6.11
2026-10-08T09:59:10.6742201Z  * [new tag]           v6.6.12                 -> v6.6.12
2026-10-08T09:59:10.6742840Z  * [new tag]           v6.6.2                  -> v6.6.2
2026-10-08T09:59:10.6743796Z  * [new tag]           v6.6.3                  -> v6.6.3
2026-10-08T09:59:10.6744441Z  * [new tag]           v6.6.4                  -> v6.6.4
2026-10-08T09:59:10.6745083Z  * [new tag]           v6.6.5                  -> v6.6.5
2026-10-08T09:59:10.6745707Z  * [new tag]           v6.6.6                  -> v6.6.6
2026-10-08T09:59:10.6746342Z  * [new tag]           v6.6.7                  -> v6.6.7
2026-10-08T09:59:10.6746969Z  * [new tag]           v6.6.8                  -> v6.6.8
2026-10-08T09:59:10.6747596Z  * [new tag]           v6.6.9                  -> v6.6.9
2026-10-08T09:59:10.6748225Z  * [new tag]           v6.7.0                  -> v6.7.0
2026-10-08T09:59:10.6748846Z  * [new tag]           v6.7.1                  -> v6.7.1
2026-10-08T09:59:10.6749472Z  * [new tag]           v6.7.10                 -> v6.7.10
2026-10-08T09:59:10.6750103Z  * [new tag]           v6.7.11                 -> v6.7.11
2026-10-08T09:59:10.6750727Z  * [new tag]           v6.7.12                 -> v6.7.12
2026-10-08T09:59:10.6751359Z  * [new tag]           v6.7.13                 -> v6.7.13
2026-10-08T09:59:10.6751980Z  * [new tag]           v6.7.14                 -> v6.7.14
2026-10-08T09:59:10.6752623Z  * [new tag]           v6.7.15                 -> v6.7.15
2026-10-08T09:59:10.6753547Z  * [new tag]           v6.7.16                 -> v6.7.16
2026-10-08T09:59:10.6754203Z  * [new tag]           v6.7.2                  -> v6.7.2
2026-10-08T09:59:10.6754822Z  * [new tag]           v6.7.3                  -> v6.7.3
2026-10-08T09:59:10.6755441Z  * [new tag]           v6.7.4                  -> v6.7.4
2026-10-08T09:59:10.6756065Z  * [new tag]           v6.7.5                  -> v6.7.5
2026-10-08T09:59:10.6756687Z  * [new tag]           v6.7.6                  -> v6.7.6
2026-10-08T09:59:10.6757304Z  * [new tag]           v6.7.7                  -> v6.7.7
2026-10-08T09:59:10.6757928Z  * [new tag]           v6.7.8                  -> v6.7.8
2026-10-08T09:59:10.6758549Z  * [new tag]           v6.7.9                  -> v6.7.9
2026-10-08T09:59:10.6760112Z [command]/usr/bin/git branch --list --remote origin/handoff/r9-nightly-ha
2026-10-08T09:59:10.6760940Z   origin/handoff/r9-nightly-ha
2026-10-08T09:59:10.6762180Z [command]/usr/bin/git rev-parse refs/remotes/origin/handoff/r9-nightly-ha
2026-10-08T09:59:10.6762948Z 1a7eebad28fde79f5b93d51f7fa575fc5ce8b11a
2026-10-08T09:59:10.6764691Z ##[endgroup]
2026-10-08T09:59:10.6765390Z ##[group]Determining the checkout info
2026-10-08T09:59:10.6766171Z ##[endgroup]
2026-10-08T09:59:10.6766662Z [command]/usr/bin/git sparse-checkout disable
2026-10-08T09:59:10.6768028Z [command]/usr/bin/git config --local --unset-all extensions.worktreeConfig
2026-10-08T09:59:10.6769563Z ##[group]Checking out the ref
2026-10-08T09:59:10.6770515Z [command]/usr/bin/git checkout --progress --force -B handoff/r9-nightly-ha refs/remotes/origin/handoff/r9-nightly-ha
2026-10-08T09:59:11.1252905Z Switched to a new branch 'handoff/r9-nightly-ha'
2026-10-08T09:59:11.1259411Z branch 'handoff/r9-nightly-ha' set up to track 'origin/handoff/r9-nightly-ha'.
2026-10-08T09:59:11.1290669Z ##[endgroup]
2026-10-08T09:59:11.1342066Z [command]/usr/bin/git log -1 --format=%H
2026-10-08T09:59:11.1372858Z 1a7eebad28fde79f5b93d51f7fa575fc5ce8b11a
2026-10-08T09:59:11.1747470Z ##[group]Run actions/setup-python@ece7cb06caefa5fff74198d8649806c4678c61a1
2026-10-08T09:59:11.1749161Z with:
2026-10-08T09:59:11.1749974Z   python-version: 3.13
2026-10-08T09:59:11.1750921Z   check-latest: false
2026-10-08T09:59:11.1761869Z   token: ***
2026-10-08T09:59:11.1762746Z   update-environment: true
2026-10-08T09:59:11.1763930Z   allow-prereleases: false
2026-10-08T09:59:11.1764937Z   freethreaded: false
2026-10-08T09:59:11.1765826Z ##[endgroup]
2026-10-08T09:59:11.3125685Z ##[group]Installed versions
2026-10-08T09:59:11.3214354Z Successfully set up CPython (3.13.15)
2026-10-08T09:59:11.3217056Z ##[endgroup]
2026-10-08T09:59:11.3411437Z ##[group]Run pip install --require-hashes --build-constraint tests/requirements-build.txt -r tests/requirements-ci.txt
2026-10-08T09:59:11.3415243Z [36;1mpip install --require-hashes --build-constraint tests/requirements-build.txt -r tests/requirements-ci.txt[0m
2026-10-08T09:59:11.3720243Z shell: /usr/bin/bash -e {0}
2026-10-08T09:59:11.3721249Z env:
2026-10-08T09:59:11.3722276Z   pythonLocation: /opt/hostedtoolcache/Python/3.13.15/x64
2026-10-08T09:59:11.3724239Z   PKG_CONFIG_PATH: /opt/hostedtoolcache/Python/3.13.15/x64/lib/pkgconfig
2026-10-08T09:59:11.3725969Z   Python_ROOT_DIR: /opt/hostedtoolcache/Python/3.13.15/x64
2026-10-08T09:59:11.3727509Z   Python2_ROOT_DIR: /opt/hostedtoolcache/Python/3.13.15/x64
2026-10-08T09:59:11.3729079Z   Python3_ROOT_DIR: /opt/hostedtoolcache/Python/3.13.15/x64
2026-10-08T09:59:11.3730660Z   LD_LIBRARY_PATH: /opt/hostedtoolcache/Python/3.13.15/x64/lib
2026-10-08T09:59:11.3732003Z ##[endgroup]
2026-10-08T09:59:14.0371033Z Collecting aiohappyeyeballs==2.7.1 (from -r tests/requirements-ci.txt (line 27))
2026-10-08T09:59:14.1322640Z   Downloading aiohappyeyeballs-2.7.1-py3-none-any.whl (15 kB)
2026-10-08T09:59:14.7094988Z Collecting aiohttp==3.14.3 (from -r tests/requirements-ci.txt (line 30))
2026-10-08T09:59:14.7289877Z   Downloading aiohttp-3.14.3-cp313-cp313-manylinux2014_x86_64.manylinux_2_17_x86_64.manylinux_2_28_x86_64.whl (1.8 MB)
2026-10-08T09:59:14.8538999Z      ━━━━━━━━━━━━━━━━━━━━━━━━━━━━━━━━━━━━━━━━ 1.8/1.8 MB 21.1 MB/s  0:00:00
2026-10-08T09:59:14.8820764Z Collecting aiosignal==1.4.0 (from -r tests/requirements-ci.txt (line 150))
2026-10-08T09:59:14.9011841Z   Downloading aiosignal-1.4.0-py3-none-any.whl (7.5 kB)
2026-10-08T09:59:14.9298412Z Collecting attrs==26.1.0 (from -r tests/requirements-ci.txt (line 153))
2026-10-08T09:59:14.9505948Z   Downloading attrs-26.1.0-py3-none-any.whl (67 kB)
2026-10-08T09:59:15.0264962Z Collecting frozenlist==1.8.0 (from -r tests/requirements-ci.txt (line 156))
2026-10-08T09:59:15.0460014Z   Downloading frozenlist-1.8.0-cp313-cp313-manylinux1_x86_64.manylinux_2_28_x86_64.manylinux_2_5_x86_64.whl (234 kB)
2026-10-08T09:59:15.0763568Z Collecting idna==3.20 (from -r tests/requirements-ci.txt (line 287))
2026-10-08T09:59:15.0952361Z   Downloading idna-3.20-py3-none-any.whl (69 kB)
2026-10-08T09:59:15.3435452Z Collecting multidict==6.9.1 (from -r tests/requirements-ci.txt (line 290))
2026-10-08T09:59:15.3630745Z   Downloading multidict-6.9.1-cp313-cp313-manylinux2014_x86_64.manylinux_2_17_x86_64.manylinux_2_28_x86_64.whl (336 kB)
2026-10-08T09:59:15.5654050Z Collecting numpy==2.4.6 (from -r tests/requirements-ci.txt (line 462))
2026-10-08T09:59:15.5892255Z   Downloading numpy-2.4.6-cp313-cp313-manylinux_2_27_x86_64.manylinux_2_28_x86_64.whl (16.6 MB)
2026-10-08T09:59:15.7165935Z      ━━━━━━━━━━━━━━━━━━━━━━━━━━━━━━━━━━━━━━━━ 16.6/16.6 MB 131.3 MB/s  0:00:00
2026-10-08T09:59:15.8135325Z Collecting propcache==0.5.4 (from -r tests/requirements-ci.txt (line 535))
2026-10-08T09:59:15.8331160Z   Downloading propcache-0.5.4-cp313-cp313-manylinux2014_x86_64.manylinux_2_17_x86_64.manylinux_2_28_x86_64.whl (234 kB)
2026-10-08T09:59:15.8860153Z Collecting pyyaml==6.0.1 (from -r tests/requirements-ci.txt (line 674))
2026-10-08T09:59:15.9054000Z   Downloading PyYAML-6.0.1.tar.gz (125 kB)
2026-10-08T09:59:16.0541823Z   Installing build dependencies: started
2026-10-08T09:59:17.5002166Z   Installing build dependencies: finished with status 'done'
2026-10-08T09:59:17.5007879Z   Getting requirements to build wheel: started
2026-10-08T09:59:19.2451936Z   Getting requirements to build wheel: finished with status 'done'
2026-10-08T09:59:19.2460967Z   Preparing metadata (pyproject.toml): started
2026-10-08T09:59:19.4852172Z   Preparing metadata (pyproject.toml): finished with status 'done'
2026-10-08T09:59:19.6187872Z Collecting scipy==1.17.1 (from -r tests/requirements-ci.txt (line 726))
2026-10-08T09:59:19.6381594Z   Downloading scipy-1.17.1-cp313-cp313-manylinux_2_27_x86_64.manylinux_2_28_x86_64.whl (35.2 MB)
2026-10-08T09:59:19.7566856Z      ━━━━━━━━━━━━━━━━━━━━━━━━━━━━━━━━━━━━━━━━ 35.2/35.2 MB 301.5 MB/s  0:00:00
2026-10-08T09:59:19.8230875Z Collecting threadpoolctl==3.6.0 (from -r tests/requirements-ci.txt (line 788))
2026-10-08T09:59:19.8419975Z   Downloading threadpoolctl-3.6.0-py3-none-any.whl (18 kB)
2026-10-08T09:59:19.8708997Z Collecting voluptuous==0.16.0 (from -r tests/requirements-ci.txt (line 791))
2026-10-08T09:59:19.8899996Z   Downloading voluptuous-0.16.0-py3-none-any.whl (31 kB)
2026-10-08T09:59:20.1602990Z Collecting yarl==1.25.1 (from -r tests/requirements-ci.txt (line 794))
2026-10-08T09:59:20.1797149Z   Downloading yarl-1.25.1-cp313-cp313-manylinux2014_x86_64.manylinux_2_17_x86_64.manylinux_2_28_x86_64.whl (117 kB)
2026-10-08T09:59:20.2019971Z Building wheels for collected packages: pyyaml
2026-10-08T09:59:20.2028225Z   Building wheel for pyyaml (pyproject.toml): started
2026-10-08T09:59:21.3528220Z   Building wheel for pyyaml (pyproject.toml): finished with status 'done'
2026-10-08T09:59:21.3534813Z   Created wheel for pyyaml: filename=pyyaml-6.0.1-cp313-cp313-linux_x86_64.whl size=45459 sha256=524e3dafb286aed4b7280248ad54685abdecbe3fcbac13b98d6a49718e6498dc
2026-10-08T09:59:21.3536999Z   Stored in directory: /home/runner/.cache/pip/wheels/9c/9e/34/1e1548811b63a9d001469f21797e8b7d5c216d8eb928e7d6ad
2026-10-08T09:59:21.3555990Z Successfully built pyyaml
2026-10-08T09:59:21.4148350Z Installing collected packages: voluptuous, threadpoolctl, pyyaml, propcache, numpy, multidict, idna, frozenlist, attrs, aiohappyeyeballs, yarl, scipy, aiosignal, aiohttp
2026-10-08T09:59:27.9772096Z 
2026-10-08T09:59:27.9794698Z Successfully installed aiohappyeyeballs-2.7.1 aiohttp-3.14.3 aiosignal-1.4.0 attrs-26.1.0 frozenlist-1.8.0 idna-3.20 multidict-6.9.1 numpy-2.4.6 propcache-0.5.4 pyyaml-6.0.1 scipy-1.17.1 threadpoolctl-3.6.0 voluptuous-0.16.0 yarl-1.25.1
2026-10-08T09:59:28.1125410Z ##[group]Run set -o pipefail
2026-10-08T09:59:28.1125754Z [36;1mset -o pipefail[0m
2026-10-08T09:59:28.1126028Z [36;1mpython3 tests/mutation_table.py \[0m
2026-10-08T09:59:28.1126395Z [36;1m  --scope full --max 40 --jobs 3 --budget-minutes 270 \[0m
2026-10-08T09:59:28.1126760Z [36;1m  --seed "$(date -u +%Y%m%d)" \[0m
2026-10-08T09:59:28.1127086Z [36;1m  | tee "$RUNNER_TEMP/mutation-table-full.txt"[0m
2026-10-08T09:59:28.1196206Z shell: /usr/bin/bash --noprofile --norc -e -o pipefail {0}
2026-10-08T09:59:28.1196562Z env:
2026-10-08T09:59:28.1196839Z   pythonLocation: /opt/hostedtoolcache/Python/3.13.15/x64
2026-10-08T09:59:28.1197293Z   PKG_CONFIG_PATH: /opt/hostedtoolcache/Python/3.13.15/x64/lib/pkgconfig
2026-10-08T09:59:28.1197727Z   Python_ROOT_DIR: /opt/hostedtoolcache/Python/3.13.15/x64
2026-10-08T09:59:28.1198112Z   Python2_ROOT_DIR: /opt/hostedtoolcache/Python/3.13.15/x64
2026-10-08T09:59:28.1198541Z   Python3_ROOT_DIR: /opt/hostedtoolcache/Python/3.13.15/x64
2026-10-08T09:59:28.1198965Z   LD_LIBRARY_PATH: /opt/hostedtoolcache/Python/3.13.15/x64/lib
2026-10-08T09:59:28.1199292Z ##[endgroup]
2026-10-08T09:59:30.0702551Z   4670 unpinned site(s) of 5855 candidate sites, 4670 at the ratchet base HEAD^1; the ledger agrees with the deterministic inventory
2026-10-08T09:59:30.0714626Z MUTATION TABLE -- scope full: every production module
2026-10-08T09:59:31.6662639Z   5 drawn site(s) hold a survivor_triage mark: tests/entities.py, which would call them killed for the mark's sake, is not one of their drivers
2026-10-08T09:59:31.6666787Z   40 mutant(s) over 72 file(s); drivers in play: tests/arch_score_head.py, tests/backtest.py, tests/block_duty.py, tests/boost_drift_replay.py, tests/config_flow_steps.py, tests/debug_collect.py, tests/deployment_shape.py, tests/doc_claims.py, tests/edge.py, tests/entities.py, tests/env_drift.py, tests/features.py, tests/finite_boundary.py, tests/frontend.py, tests/guard_pins.py, tests/harness_headers.py, tests/manual_plan.py, tests/open_meteo.py, tests/optimality.py, tests/plan_view.py, tests/solar_alignment.py, tests/stress.py, tests/structure.py, tests/typing_ruler.py, tests/validate.py, tests/wood_advisor.py
2026-10-08T09:59:31.6669702Z   ref-driven drivers compare against 'HEAD^1' (run.sh's GOLDEN_REF resolution)
2026-10-08T09:59:34.1640962Z   null control: custom_components/heatpump_optimizer/__init__.py:43 NULL_COMMENT, a comment-only edit every driver in play must let survive
2026-10-08T10:00:21.7288902Z   baseline tests/arch_score_head.py: rc=0 failed=0 45s
2026-10-08T10:04:17.1575417Z   baseline tests/backtest.py: rc=0 failed=0 179s
2026-10-08T10:06:46.4646480Z   baseline tests/block_duty.py: rc=0 failed=0 1s
2026-10-08T10:08:01.8501736Z   baseline tests/env_drift.py: rc=0 failed=0 505s
2026-10-08T10:08:24.7124715Z   baseline tests/config_flow_steps.py: rc=0 failed=0 23s
2026-10-08T10:08:48.0501974Z   baseline tests/debug_collect.py: rc=0 failed=0 1s
2026-10-08T10:08:52.4536118Z   baseline tests/deployment_shape.py: rc=0 failed=0 3s
2026-10-08T10:09:03.1669537Z   baseline tests/doc_claims.py: rc=0 failed=0 8s
2026-10-08T10:09:56.9388990Z   baseline tests/edge.py: rc=0 failed=0 47s
2026-10-08T10:13:20.6829935Z   baseline tests/entities.py: rc=0 failed=0 153s
2026-10-08T10:27:09.6806089Z   baseline tests/features.py: rc=0 failed=0 693s
2026-10-08T10:40:54.5342288Z   baseline tests/finite_boundary.py: rc=0 failed=0 66s
2026-10-08T10:42:01.1681257Z   baseline tests/frontend.py: rc=0 failed=0 0s
2026-10-08T10:42:01.9800908Z   baseline tests/guard_pins.py: rc=0 failed=0 1s
2026-10-08T10:42:18.1356790Z   baseline tests/manual_plan.py: rc=0 failed=0 15s
2026-10-08T10:42:34.0764451Z   baseline tests/open_meteo.py: rc=0 failed=0 0s
2026-10-08T10:46:15.6192973Z   baseline tests/boost_drift_replay.py: rc=0 failed=0 2368s
2026-10-08T10:47:29.8248416Z   baseline tests/optimality.py: rc=0 failed=0 295s
2026-10-08T10:47:31.3964140Z   baseline tests/plan_view.py: rc=0 failed=0 2s
2026-10-08T10:47:34.1048821Z   baseline tests/solar_alignment.py: rc=0 failed=0 1s
2026-10-08T10:47:55.4388518Z   baseline tests/structure.py: rc=0 failed=0 20s
2026-10-08T10:47:56.0832394Z   baseline tests/typing_ruler.py: rc=0 failed=0 0s
2026-10-08T10:48:43.9216086Z   baseline tests/wood_advisor.py: rc=0 failed=0 1s
2026-10-08T10:48:50.1814187Z   baseline tests/validate.py: rc=0 failed=0 54s
2026-10-08T10:57:13.9788315Z   baseline tests/stress.py: rc=0 failed=0 429s
2026-10-08T11:07:56.1652102Z   baseline tests/harness_headers.py: rc=0 failed=0 213s
2026-10-08T11:11:25.3813443Z 
2026-10-08T11:11:25.3815469Z MUTATION TABLE REFUSED -- the null control custom_components/heatpump_optimizer/__init__.py:43 NULL_COMMENT was timed out under tests/boost_drift_replay.py. A comment-only edit changes no behaviour, so a driver that notices it is judging the diff rather than the code, and none of this run's kills can be told apart from that.
2026-10-08T11:11:26.4943893Z ##[error]Process completed with exit code 1.
2026-10-08T11:11:26.4996067Z ##[group]Run f="$RUNNER_TEMP/mutation-table-full.txt"
2026-10-08T11:11:26.4996499Z [36;1mf="$RUNNER_TEMP/mutation-table-full.txt"[0m
2026-10-08T11:11:26.4996820Z [36;1mtest -s "$f" || exit 0[0m
2026-10-08T11:11:26.4997072Z [36;1m{[0m
2026-10-08T11:11:26.4997343Z [36;1m  echo "### mutation-nightly: pin re-verification"[0m
2026-10-08T11:11:26.4997677Z [36;1m  echo '```'[0m
2026-10-08T11:11:26.4998144Z [36;1m  grep -E 'PIN NOT REPRODUCED|pin not re-verified|PIN RE-VERIFICATION' "$f" || echo "no pinned site drawn"[0m
2026-10-08T11:11:26.4998819Z [36;1m  echo '```'[0m
2026-10-08T11:11:26.4999041Z [36;1m} >> "$GITHUB_STEP_SUMMARY"[0m
2026-10-08T11:11:26.4999400Z [36;1mgrep -E 'PIN NOT REPRODUCED' "$f" | while IFS= read -r line; do[0m
2026-10-08T11:11:26.4999834Z [36;1m  echo "::warning title=pin not reproduced::${line}"[0m
2026-10-08T11:11:26.5000161Z [36;1mdone || true[0m
2026-10-08T11:11:26.5061893Z shell: /usr/bin/bash --noprofile --norc -e -o pipefail {0}
2026-10-08T11:11:26.5062269Z env:
2026-10-08T11:11:26.5062550Z   pythonLocation: /opt/hostedtoolcache/Python/3.13.15/x64
2026-10-08T11:11:26.5063155Z   PKG_CONFIG_PATH: /opt/hostedtoolcache/Python/3.13.15/x64/lib/pkgconfig
2026-10-08T11:11:26.5063627Z   Python_ROOT_DIR: /opt/hostedtoolcache/Python/3.13.15/x64
2026-10-08T11:11:26.5064020Z   Python2_ROOT_DIR: /opt/hostedtoolcache/Python/3.13.15/x64
2026-10-08T11:11:26.5064408Z   Python3_ROOT_DIR: /opt/hostedtoolcache/Python/3.13.15/x64
2026-10-08T11:11:26.5064805Z   LD_LIBRARY_PATH: /opt/hostedtoolcache/Python/3.13.15/x64/lib
2026-10-08T11:11:26.5065140Z ##[endgroup]
2026-10-08T11:11:26.5258344Z ##[group]Run actions/upload-artifact@b7c566a772e6b6bfb58ed0dc250532a479d7789f
2026-10-08T11:11:26.5258765Z with:
2026-10-08T11:11:26.5258971Z   name: mutation-table-full
2026-10-08T11:11:26.5259277Z   path: /home/runner/work/_temp/mutation-table-full.txt
2026-10-08T11:11:26.5259600Z   if-no-files-found: ignore
2026-10-08T11:11:26.5259836Z   compression-level: 6
2026-10-08T11:11:26.5260050Z   overwrite: false
2026-10-08T11:11:26.5260262Z   include-hidden-files: false
2026-10-08T11:11:26.5260489Z env:
2026-10-08T11:11:26.5260740Z   pythonLocation: /opt/hostedtoolcache/Python/3.13.15/x64
2026-10-08T11:11:26.5261173Z   PKG_CONFIG_PATH: /opt/hostedtoolcache/Python/3.13.15/x64/lib/pkgconfig
2026-10-08T11:11:26.5261596Z   Python_ROOT_DIR: /opt/hostedtoolcache/Python/3.13.15/x64
2026-10-08T11:11:26.5261973Z   Python2_ROOT_DIR: /opt/hostedtoolcache/Python/3.13.15/x64
2026-10-08T11:11:26.5262355Z   Python3_ROOT_DIR: /opt/hostedtoolcache/Python/3.13.15/x64
2026-10-08T11:11:26.5262762Z   LD_LIBRARY_PATH: /opt/hostedtoolcache/Python/3.13.15/x64/lib
2026-10-08T11:11:26.5263378Z ##[endgroup]
2026-10-08T11:11:26.6831603Z With the provided path, there will be 1 file uploaded
2026-10-08T11:11:26.6837818Z Artifact name is valid!
2026-10-08T11:11:26.6838473Z Root directory input is valid!
2026-10-08T11:11:27.0210197Z Beginning upload of artifact content to blob storage
2026-10-08T11:11:27.2498527Z Uploaded bytes 1106
2026-10-08T11:11:27.3059194Z Finished uploading artifact content to blob storage!
2026-10-08T11:11:27.3059994Z SHA256 digest of uploaded artifact zip is fb291e5b4a33f08169aea4262cc8c5c66eb1583efdeb3eff8cf2c588bc058990
2026-10-08T11:11:27.3061863Z Finalizing artifact upload
2026-10-08T11:11:27.7063364Z Artifact mutation-table-full.zip successfully finalized. Artifact ID 11545992528
2026-10-08T11:11:27.7064992Z Artifact mutation-table-full has been successfully uploaded! Final size is 1106 bytes. Artifact ID is 11545992528
2026-10-08T11:11:27.7069189Z Artifact download URL: https://github.com/tvofi/heatpump_optimizer/actions/runs/37760373214/artifacts/11545992528
2026-10-08T11:11:27.7260816Z Post job cleanup.
2026-10-08T11:11:27.8114283Z [command]/usr/bin/git version
2026-10-08T11:11:27.8159541Z git version 2.55.0
2026-10-08T11:11:27.8204450Z Temporarily overriding HOME='/home/runner/work/_temp/60cb27f1-1c48-4514-9995-6947df287211' before making global git config changes
2026-10-08T11:11:27.8205506Z Adding repository directory to the temporary git global config as a safe directory
2026-10-08T11:11:27.8210207Z [command]/usr/bin/git config --global --add safe.directory /home/runner/work/heatpump_optimizer/heatpump_optimizer
2026-10-08T11:11:27.8249606Z [command]/usr/bin/git config --local --name-only --get-regexp core\.sshCommand
2026-10-08T11:11:27.8285733Z [command]/usr/bin/git submodule foreach --recursive sh -c "git config --local --name-only --get-regexp 'core\.sshCommand' && git config --local --unset-all 'core.sshCommand' || :"
2026-10-08T11:11:27.8557165Z [command]/usr/bin/git config --local --name-only --get-regexp http\.https\:\/\/github\.com\/\.extraheader
2026-10-08T11:11:27.8584763Z http.https://github.com/.extraheader
2026-10-08T11:11:27.8596598Z [command]/usr/bin/git config --local --unset-all http.https://github.com/.extraheader
2026-10-08T11:11:27.8632831Z [command]/usr/bin/git submodule foreach --recursive sh -c "git config --local --name-only --get-regexp 'http\.https\:\/\/github\.com\/\.extraheader' && git config --local --unset-all 'http.https://github.com/.extraheader' || :"
2026-10-08T11:11:27.8918413Z [command]/usr/bin/git config --local --name-only --get-regexp ^includeIf\.gitdir:
2026-10-08T11:11:27.8952488Z [command]/usr/bin/git submodule foreach --recursive git config --local --show-origin --name-only --get-regexp remote.origin.url
2026-10-08T11:11:27.9390814Z Cleaning up orphan processes
