2026-10-08T09:58:51.2427948Z Current runner version: '2.337.0'
2026-10-08T09:58:51.2465392Z ##[group]Runner Image Provisioner
2026-10-08T09:58:51.2466889Z Hosted Compute Agent
2026-10-08T09:58:51.2467980Z Version: 20261002.596
2026-10-08T09:58:51.2469018Z Commit: c3d12f3313a95f25162a1503be624f3b0617f8c0
2026-10-08T09:58:51.2470987Z Build Date: 2026-10-02T22:28:27Z
2026-10-08T09:58:51.2472348Z Worker ID: {4053bfd9-0d7d-4606-b80c-6b74e4060fb9}
2026-10-08T09:58:51.2473557Z Region: eastus
2026-10-08T09:58:51.2474586Z Cloud: Azure
2026-10-08T09:58:51.2475533Z ##[endgroup]
2026-10-08T09:58:51.2478158Z ##[group]Operating System
2026-10-08T09:58:51.2479184Z Ubuntu
2026-10-08T09:58:51.2480349Z 24.04.5
2026-10-08T09:58:51.2481302Z LTS
2026-10-08T09:58:51.2482130Z ##[endgroup]
2026-10-08T09:58:51.2483017Z ##[group]Runner Image
2026-10-08T09:58:51.2484190Z Image: ubuntu-24.04
2026-10-08T09:58:51.2485100Z Version: 20261004.327.1
2026-10-08T09:58:51.2487371Z Included Software: https://github.com/actions/runner-images/blob/ubuntu24/20261004.327/images/ubuntu/Ubuntu2404-Readme.md
2026-10-08T09:58:51.2490432Z Image Release: https://github.com/actions/runner-images/releases/tag/ubuntu24%2F20261004.327
2026-10-08T09:58:51.2492191Z ##[endgroup]
2026-10-08T09:58:51.2494014Z ##[group]GITHUB_TOKEN Permissions
2026-10-08T09:58:51.2496930Z Contents: read
2026-10-08T09:58:51.2498031Z Metadata: read
2026-10-08T09:58:51.2498955Z ##[endgroup]
2026-10-08T09:58:51.2502262Z Secret source: Actions
2026-10-08T09:58:51.2503949Z Cache mode: write
2026-10-08T09:58:51.2505165Z Prepare workflow directory
2026-10-08T09:58:51.3296249Z Prepare all required actions
2026-10-08T09:58:51.3370646Z Getting action download info
2026-10-08T09:58:51.5312239Z Download action repository 'actions/checkout@fbc6f3992d24b796d5a048ff273f7fcc4a7b6c09' (SHA:fbc6f3992d24b796d5a048ff273f7fcc4a7b6c09)
2026-10-08T09:58:51.6218369Z Download action repository 'actions/setup-python@ece7cb06caefa5fff74198d8649806c4678c61a1' (SHA:ece7cb06caefa5fff74198d8649806c4678c61a1)
2026-10-08T09:58:51.6952376Z Download action repository 'actions/setup-node@a0853c24544627f65ddf259abe73b1d18a591444' (SHA:a0853c24544627f65ddf259abe73b1d18a591444)
2026-10-08T09:58:51.8182206Z Download action repository 'actions/upload-artifact@b7c566a772e6b6bfb58ed0dc250532a479d7789f' (SHA:b7c566a772e6b6bfb58ed0dc250532a479d7789f)
2026-10-08T09:58:52.0256146Z Complete job name: closures
2026-10-08T09:58:52.1001288Z ##[group]Run actions/checkout@fbc6f3992d24b796d5a048ff273f7fcc4a7b6c09
2026-10-08T09:58:52.1002374Z with:
2026-10-08T09:58:52.1002800Z   fetch-depth: 0
2026-10-08T09:58:52.1003271Z   repository: tvofi/heatpump_optimizer
2026-10-08T09:58:52.1007123Z   token: ***
2026-10-08T09:58:52.1007553Z   ssh-strict: true
2026-10-08T09:58:52.1007984Z   ssh-user: git
2026-10-08T09:58:52.1008432Z   persist-credentials: true
2026-10-08T09:58:52.1008943Z   clean: true
2026-10-08T09:58:52.1009602Z   sparse-checkout-cone-mode: true
2026-10-08T09:58:52.1010136Z   fetch-tags: false
2026-10-08T09:58:52.1010588Z   show-progress: true
2026-10-08T09:58:52.1011053Z   lfs: false
2026-10-08T09:58:52.1011469Z   submodules: false
2026-10-08T09:58:52.1011919Z   set-safe-directory: true
2026-10-08T09:58:52.1012435Z   allow-unsafe-pr-checkout: false
2026-10-08T09:58:52.1013197Z env:
2026-10-08T09:58:52.1013612Z   DOCS_ONLY_FAST: false
2026-10-08T09:58:52.1014068Z ##[endgroup]
2026-10-08T09:58:52.2030865Z Syncing repository: tvofi/heatpump_optimizer
2026-10-08T09:58:52.2033648Z ##[group]Getting Git version info
2026-10-08T09:58:52.2035239Z Working directory is '/home/runner/work/heatpump_optimizer/heatpump_optimizer'
2026-10-08T09:58:52.2037334Z [command]/usr/bin/git version
2026-10-08T09:58:52.2149696Z git version 2.55.0
2026-10-08T09:58:52.2185213Z ##[endgroup]
2026-10-08T09:58:52.2200269Z Temporarily overriding HOME='/home/runner/work/_temp/bc76ded4-40f1-4f0d-bdb6-a398af064338' before making global git config changes
2026-10-08T09:58:52.2202562Z Adding repository directory to the temporary git global config as a safe directory
2026-10-08T09:58:52.2206161Z [command]/usr/bin/git config --global --add safe.directory /home/runner/work/heatpump_optimizer/heatpump_optimizer
2026-10-08T09:58:52.2261251Z Deleting the contents of '/home/runner/work/heatpump_optimizer/heatpump_optimizer'
2026-10-08T09:58:52.2265218Z ##[group]Initializing the repository
2026-10-08T09:58:52.2269187Z [command]/usr/bin/git init /home/runner/work/heatpump_optimizer/heatpump_optimizer
2026-10-08T09:58:52.2375738Z hint: Using 'master' as the name for the initial branch. This default branch name
2026-10-08T09:58:52.2377933Z hint: will change to "main" in Git 3.0. To configure the initial branch name
2026-10-08T09:58:52.2379708Z hint: to use in all of your new repositories, which will suppress this warning,
2026-10-08T09:58:52.2380682Z hint: call:
2026-10-08T09:58:52.2381231Z hint:
2026-10-08T09:58:52.2382126Z hint: 	git config --global init.defaultBranch <name>
2026-10-08T09:58:52.2383484Z hint:
2026-10-08T09:58:52.2384470Z hint: Names commonly chosen instead of 'master' are 'main', 'trunk' and
2026-10-08T09:58:52.2386696Z hint: 'development'. The just-created branch can be renamed via this command:
2026-10-08T09:58:52.2388476Z hint:
2026-10-08T09:58:52.2389857Z hint: 	git branch -m <name>
2026-10-08T09:58:52.2391092Z hint:
2026-10-08T09:58:52.2392542Z hint: Disable this message with "git config set advice.defaultBranchName false"
2026-10-08T09:58:52.2394964Z Initialized empty Git repository in /home/runner/work/heatpump_optimizer/heatpump_optimizer/.git/
2026-10-08T09:58:52.2400068Z [command]/usr/bin/git remote add origin https://github.com/tvofi/heatpump_optimizer
2026-10-08T09:58:52.2458956Z ##[endgroup]
2026-10-08T09:58:52.2460847Z ##[group]Disabling automatic garbage collection
2026-10-08T09:58:52.2463747Z [command]/usr/bin/git config --local gc.auto 0
2026-10-08T09:58:52.2500973Z ##[endgroup]
2026-10-08T09:58:52.2502600Z ##[group]Setting up auth
2026-10-08T09:58:52.2509637Z [command]/usr/bin/git config --local --name-only --get-regexp core\.sshCommand
2026-10-08T09:58:52.2549013Z [command]/usr/bin/git submodule foreach --recursive sh -c "git config --local --name-only --get-regexp 'core\.sshCommand' && git config --local --unset-all 'core.sshCommand' || :"
2026-10-08T09:58:52.3000725Z [command]/usr/bin/git config --local --name-only --get-regexp http\.https\:\/\/github\.com\/\.extraheader
2026-10-08T09:58:52.3048028Z [command]/usr/bin/git submodule foreach --recursive sh -c "git config --local --name-only --get-regexp 'http\.https\:\/\/github\.com\/\.extraheader' && git config --local --unset-all 'http.https://github.com/.extraheader' || :"
2026-10-08T09:58:52.3316417Z [command]/usr/bin/git config --local --name-only --get-regexp ^includeIf\.gitdir:
2026-10-08T09:58:52.3361112Z [command]/usr/bin/git submodule foreach --recursive git config --local --show-origin --name-only --get-regexp remote.origin.url
2026-10-08T09:58:52.3645656Z [command]/usr/bin/git config --local http.https://github.com/.extraheader AUTHORIZATION: basic ***
2026-10-08T09:58:52.3708457Z ##[endgroup]
2026-10-08T09:58:52.3729635Z ##[group]Fetching the repository
2026-10-08T09:58:52.3730922Z [command]/usr/bin/git -c protocol.version=2 fetch --prune --no-recurse-submodules origin +refs/heads/*:refs/remotes/origin/* +refs/tags/*:refs/tags/*
2026-10-08T09:58:59.2112489Z From https://github.com/tvofi/heatpump_optimizer
2026-10-08T09:58:59.2115255Z  * [new branch]        bus/approvals           -> origin/bus/approvals
2026-10-08T09:58:59.2118213Z  * [new branch]        cursor/r9-eg-entry-config-9aac -> origin/cursor/r9-eg-entry-config-9aac
2026-10-08T09:58:59.2121938Z  * [new branch]        cursor/r9-sw-1-resume-826f -> origin/cursor/r9-sw-1-resume-826f
2026-10-08T09:58:59.2123613Z  * [new branch]        cursor/r9-sw-2-actuation-6d19 -> origin/cursor/r9-sw-2-actuation-6d19
2026-10-08T09:58:59.2125010Z  * [new branch]        fix/r9-ci-2a-pr         -> origin/fix/r9-ci-2a-pr
2026-10-08T09:58:59.2126378Z  * [new branch]        fix/r9-eg-entry-config  -> origin/fix/r9-eg-entry-config
2026-10-08T09:58:59.2129772Z  * [new branch]        fix/r9-gittmp-pr        -> origin/fix/r9-gittmp-pr
2026-10-08T09:58:59.2202396Z  * [new branch]        fix/r9-main-closures-pr -> origin/fix/r9-main-closures-pr
2026-10-08T09:58:59.2203413Z  * [new branch]        fix/r9-ux-actions       -> origin/fix/r9-ux-actions
2026-10-08T09:58:59.2204252Z  * [new branch]        fix/r9-ux9              -> origin/fix/r9-ux9
2026-10-08T09:58:59.2205125Z  * [new branch]        handoff-body/r9-ci-1    -> origin/handoff-body/r9-ci-1
2026-10-08T09:58:59.2206047Z  * [new branch]        handoff-body/r9-ci-2a   -> origin/handoff-body/r9-ci-2a
2026-10-08T09:58:59.2207254Z  * [new branch]        handoff-body/r9-closures-eg-b7 -> origin/handoff-body/r9-closures-eg-b7
2026-10-08T09:58:59.2208801Z  * [new branch]        handoff-body/r9-dbg-1   -> origin/handoff-body/r9-dbg-1
2026-10-08T09:58:59.2210684Z  * [new branch]        handoff-body/r9-dbg-2   -> origin/handoff-body/r9-dbg-2
2026-10-08T09:58:59.2212471Z  * [new branch]        handoff-body/r9-eg-a4   -> origin/handoff-body/r9-eg-a4
2026-10-08T09:58:59.2214314Z  * [new branch]        handoff-body/r9-eg-b7-harness -> origin/handoff-body/r9-eg-b7-harness
2026-10-08T09:58:59.2216439Z  * [new branch]        handoff-body/r9-eg-coordinator-seams -> origin/handoff-body/r9-eg-coordinator-seams
2026-10-08T09:58:59.2218718Z  * [new branch]        handoff-body/r9-eg-entry-config -> origin/handoff-body/r9-eg-entry-config
2026-10-08T09:58:59.2221347Z  * [new branch]        handoff-body/r9-eg-solve-inputs -> origin/handoff-body/r9-eg-solve-inputs
2026-10-08T09:58:59.2223446Z  * [new branch]        handoff-body/r9-fixer-cap -> origin/handoff-body/r9-fixer-cap
2026-10-08T09:58:59.2225653Z  * [new branch]        handoff-body/r9-gittmp  -> origin/handoff-body/r9-gittmp
2026-10-08T09:58:59.2228035Z  * [new branch]        handoff-body/r9-main-closures -> origin/handoff-body/r9-main-closures
2026-10-08T09:58:59.2230898Z  * [new branch]        handoff-body/r9-nightly-bdr -> origin/handoff-body/r9-nightly-bdr
2026-10-08T09:58:59.2232646Z  * [new branch]        handoff-body/r9-prepr-selftest -> origin/handoff-body/r9-prepr-selftest
2026-10-08T09:58:59.2234165Z  * [new branch]        handoff-body/r9-rca-1985 -> origin/handoff-body/r9-rca-1985
2026-10-08T09:58:59.2235606Z  * [new branch]        handoff-body/r9-rca-1990 -> origin/handoff-body/r9-rca-1990
2026-10-08T09:58:59.2237145Z  * [new branch]        handoff-body/r9-rca-2004 -> origin/handoff-body/r9-rca-2004
2026-10-08T09:58:59.2238622Z  * [new branch]        handoff-body/r9-rca-bugclasses -> origin/handoff-body/r9-rca-bugclasses
2026-10-08T09:58:59.2240489Z  * [new branch]        handoff-body/r9-rca-stamp-race -> origin/handoff-body/r9-rca-stamp-race
2026-10-08T09:58:59.2242153Z  * [new branch]        handoff-body/r9-rca-stress-recording -> origin/handoff-body/r9-rca-stress-recording
2026-10-08T09:58:59.2243819Z  * [new branch]        handoff-body/r9-record-automerge -> origin/handoff-body/r9-record-automerge
2026-10-08T09:58:59.2245278Z  * [new branch]        handoff-body/r9-record-path -> origin/handoff-body/r9-record-path
2026-10-08T09:58:59.2246559Z  * [new branch]        handoff-body/r9-ro-10   -> origin/handoff-body/r9-ro-10
2026-10-08T09:58:59.2247703Z  * [new branch]        handoff-body/r9-ro-11   -> origin/handoff-body/r9-ro-11
2026-10-08T09:58:59.2248841Z  * [new branch]        handoff-body/r9-ro-12   -> origin/handoff-body/r9-ro-12
2026-10-08T09:58:59.2250381Z  * [new branch]        handoff-body/r9-ro-8    -> origin/handoff-body/r9-ro-8
2026-10-08T09:58:59.2251505Z  * [new branch]        handoff-body/r9-sw-5    -> origin/handoff-body/r9-sw-5
2026-10-08T09:58:59.2252702Z  * [new branch]        handoff-body/r9-sw-actuation -> origin/handoff-body/r9-sw-actuation
2026-10-08T09:58:59.2253868Z  * [new branch]        handoff-body/r9-sw6     -> origin/handoff-body/r9-sw6
2026-10-08T09:58:59.2254914Z  * [new branch]        handoff-body/r9-ux-10   -> origin/handoff-body/r9-ux-10
2026-10-08T09:58:59.2255976Z  * [new branch]        handoff-body/r9-ux-6    -> origin/handoff-body/r9-ux-6
2026-10-08T09:58:59.2257010Z  * [new branch]        handoff-body/r9-ux-7    -> origin/handoff-body/r9-ux-7
2026-10-08T09:58:59.2258321Z  * [new branch]        handoff-body/r9-ux-actions -> origin/handoff-body/r9-ux-actions
2026-10-08T09:58:59.2260089Z  * [new branch]        handoff-body/r9-ux9     -> origin/handoff-body/r9-ux9
2026-10-08T09:58:59.2261256Z  * [new branch]        handoff/audit-r9-alt    -> origin/handoff/audit-r9-alt
2026-10-08T09:58:59.2262396Z  * [new branch]        handoff/audit-r9-evidence -> origin/handoff/audit-r9-evidence
2026-10-08T09:58:59.2263859Z  * [new branch]        handoff/audit-r9-find-B1 -> origin/handoff/audit-r9-find-B1
2026-10-08T09:58:59.2265077Z  * [new branch]        handoff/audit-r9-find-B10 -> origin/handoff/audit-r9-find-B10
2026-10-08T09:58:59.2266317Z  * [new branch]        handoff/audit-r9-find-B2 -> origin/handoff/audit-r9-find-B2
2026-10-08T09:58:59.2267794Z  * [new branch]        handoff/audit-r9-find-B3 -> origin/handoff/audit-r9-find-B3
2026-10-08T09:58:59.2269543Z  * [new branch]        handoff/audit-r9-find-B4 -> origin/handoff/audit-r9-find-B4
2026-10-08T09:58:59.2271470Z  * [new branch]        handoff/audit-r9-find-B5 -> origin/handoff/audit-r9-find-B5
2026-10-08T09:58:59.2272701Z  * [new branch]        handoff/audit-r9-find-B6 -> origin/handoff/audit-r9-find-B6
2026-10-08T09:58:59.2273942Z  * [new branch]        handoff/audit-r9-find-B7 -> origin/handoff/audit-r9-find-B7
2026-10-08T09:58:59.2275099Z  * [new branch]        handoff/audit-r9-find-B8 -> origin/handoff/audit-r9-find-B8
2026-10-08T09:58:59.2276792Z  * [new branch]        handoff/audit-r9-find-B9 -> origin/handoff/audit-r9-find-B9
2026-10-08T09:58:59.2279072Z  * [new branch]        handoff/audit-r9-fixplan -> origin/handoff/audit-r9-fixplan
2026-10-08T09:58:59.2281741Z  * [new branch]        handoff/audit-r9-issues -> origin/handoff/audit-r9-issues
2026-10-08T09:58:59.2283466Z  * [new branch]        handoff/audit-r9-judge  -> origin/handoff/audit-r9-judge
2026-10-08T09:58:59.2284591Z  * [new branch]        handoff/audit-r9-leads  -> origin/handoff/audit-r9-leads
2026-10-08T09:58:59.2285853Z  * [new branch]        handoff/audit-r9-leads-l2 -> origin/handoff/audit-r9-leads-l2
2026-10-08T09:58:59.2287042Z  * [new branch]        handoff/audit-r9-leads-l3 -> origin/handoff/audit-r9-leads-l3
2026-10-08T09:58:59.2288389Z  * [new branch]        handoff/audit-r9-leads-l4 -> origin/handoff/audit-r9-leads-l4
2026-10-08T09:58:59.2289912Z  * [new branch]        handoff/audit-r9-leads-lc -> origin/handoff/audit-r9-leads-lc
2026-10-08T09:58:59.2291044Z  * [new branch]        handoff/audit-r9-plan   -> origin/handoff/audit-r9-plan
2026-10-08T09:58:59.2292120Z  * [new branch]        handoff/audit-r9-register -> origin/handoff/audit-r9-register
2026-10-08T09:58:59.2293242Z  * [new branch]        handoff/audit-r9-runner-1 -> origin/handoff/audit-r9-runner-1
2026-10-08T09:58:59.2294366Z  * [new branch]        handoff/audit-r9-sweep-s1 -> origin/handoff/audit-r9-sweep-s1
2026-10-08T09:58:59.2295490Z  * [new branch]        handoff/audit-r9-sweep-s2 -> origin/handoff/audit-r9-sweep-s2
2026-10-08T09:58:59.2296611Z  * [new branch]        handoff/audit-r9-sweep-s3 -> origin/handoff/audit-r9-sweep-s3
2026-10-08T09:58:59.2297743Z  * [new branch]        handoff/audit-r9-sweep-s4 -> origin/handoff/audit-r9-sweep-s4
2026-10-08T09:58:59.2298894Z  * [new branch]        handoff/audit-r9-sweep-s5 -> origin/handoff/audit-r9-sweep-s5
2026-10-08T09:58:59.2300345Z  * [new branch]        handoff/audit-r9-sweep-s6 -> origin/handoff/audit-r9-sweep-s6
2026-10-08T09:58:59.2301518Z  * [new branch]        handoff/audit-r9-sweep-s7 -> origin/handoff/audit-r9-sweep-s7
2026-10-08T09:58:59.2302724Z  * [new branch]        handoff/audit-r9-verify-g1-v1 -> origin/handoff/audit-r9-verify-g1-v1
2026-10-08T09:58:59.2303960Z  * [new branch]        handoff/audit-r9-verify-g1-v2 -> origin/handoff/audit-r9-verify-g1-v2
2026-10-08T09:58:59.2305198Z  * [new branch]        handoff/audit-r9-verify-g1-v3 -> origin/handoff/audit-r9-verify-g1-v3
2026-10-08T09:58:59.2306432Z  * [new branch]        handoff/audit-r9-verify-g2-v1 -> origin/handoff/audit-r9-verify-g2-v1
2026-10-08T09:58:59.2307841Z  * [new branch]        handoff/audit-r9-verify-g2-v2 -> origin/handoff/audit-r9-verify-g2-v2
2026-10-08T09:58:59.2309090Z  * [new branch]        handoff/audit-r9-verify-g2-v3 -> origin/handoff/audit-r9-verify-g2-v3
2026-10-08T09:58:59.2310649Z  * [new branch]        handoff/audit-r9-verify-g3-v1 -> origin/handoff/audit-r9-verify-g3-v1
2026-10-08T09:58:59.2311898Z  * [new branch]        handoff/audit-r9-verify-g3-v2 -> origin/handoff/audit-r9-verify-g3-v2
2026-10-08T09:58:59.2313515Z  * [new branch]        handoff/audit-r9-verify-g3-v3 -> origin/handoff/audit-r9-verify-g3-v3
2026-10-08T09:58:59.2315489Z  * [new branch]        handoff/audit-r9-verify-g4-v1 -> origin/handoff/audit-r9-verify-g4-v1
2026-10-08T09:58:59.2317576Z  * [new branch]        handoff/audit-r9-verify-g4-v2 -> origin/handoff/audit-r9-verify-g4-v2
2026-10-08T09:58:59.2318872Z  * [new branch]        handoff/audit-r9-verify-g4-v3 -> origin/handoff/audit-r9-verify-g4-v3
2026-10-08T09:58:59.2320283Z  * [new branch]        handoff/r9-ci-1         -> origin/handoff/r9-ci-1
2026-10-08T09:58:59.2321238Z  * [new branch]        handoff/r9-ci-2a        -> origin/handoff/r9-ci-2a
2026-10-08T09:58:59.2322271Z  * [new branch]        handoff/r9-closures-eg-b7 -> origin/handoff/r9-closures-eg-b7
2026-10-08T09:58:59.2323322Z  * [new branch]        handoff/r9-dbg-0        -> origin/handoff/r9-dbg-0
2026-10-08T09:58:59.2324433Z  * [new branch]        handoff/r9-dbg-1        -> origin/handoff/r9-dbg-1
2026-10-08T09:58:59.2325406Z  * [new branch]        handoff/r9-dbg-2        -> origin/handoff/r9-dbg-2
2026-10-08T09:58:59.2326343Z  * [new branch]        handoff/r9-dbg-3        -> origin/handoff/r9-dbg-3
2026-10-08T09:58:59.2327286Z  * [new branch]        handoff/r9-diag-1       -> origin/handoff/r9-diag-1
2026-10-08T09:58:59.2328253Z  * [new branch]        handoff/r9-diag-2s      -> origin/handoff/r9-diag-2s
2026-10-08T09:58:59.2329206Z  * [new branch]        handoff/r9-eg-a4        -> origin/handoff/r9-eg-a4
2026-10-08T09:58:59.2330572Z  * [new branch]        handoff/r9-eg-archscore -> origin/handoff/r9-eg-archscore
2026-10-08T09:58:59.2331581Z  * [new branch]        handoff/r9-eg-b0        -> origin/handoff/r9-eg-b0
2026-10-08T09:58:59.2332585Z  * [new branch]        handoff/r9-eg-b7-harness -> origin/handoff/r9-eg-b7-harness
2026-10-08T09:58:59.2334053Z  * [new branch]        handoff/r9-eg-collaborator-interfaces -> origin/handoff/r9-eg-collaborator-interfaces
2026-10-08T09:58:59.2335508Z  * [new branch]        handoff/r9-eg-coordinator-seams -> origin/handoff/r9-eg-coordinator-seams
2026-10-08T09:58:59.2336905Z  * [new branch]        handoff/r9-eg-dhw-closure-dedupe-v2 -> origin/handoff/r9-eg-dhw-closure-dedupe-v2
2026-10-08T09:58:59.2338192Z  * [new branch]        handoff/r9-eg-dhw-planner -> origin/handoff/r9-eg-dhw-planner
2026-10-08T09:58:59.2339544Z  * [new branch]        handoff/r9-eg-entry-config -> origin/handoff/r9-eg-entry-config
2026-10-08T09:58:59.2340709Z  * [new branch]        handoff/r9-eg-one-copy  -> origin/handoff/r9-eg-one-copy
2026-10-08T09:58:59.2341829Z  * [new branch]        handoff/r9-eg-param-objects -> origin/handoff/r9-eg-param-objects
2026-10-08T09:58:59.2342994Z  * [new branch]        handoff/r9-eg-register-fold -> origin/handoff/r9-eg-register-fold
2026-10-08T09:58:59.2344149Z  * [new branch]        handoff/r9-eg-solve-inputs -> origin/handoff/r9-eg-solve-inputs
2026-10-08T09:58:59.2345297Z  * [new branch]        handoff/r9-eg-store-version -> origin/handoff/r9-eg-store-version
2026-10-08T09:58:59.2346517Z  * [new branch]        handoff/r9-eg-surface-identity -> origin/handoff/r9-eg-surface-identity
2026-10-08T09:58:59.2347929Z  * [new branch]        handoff/r9-eg-typed-payload -> origin/handoff/r9-eg-typed-payload
2026-10-08T09:58:59.2349117Z  * [new branch]        handoff/r9-eg-typed-payload-b -> origin/handoff/r9-eg-typed-payload-b
2026-10-08T09:58:59.2350559Z  * [new branch]        handoff/r9-f1-coordinator-10 -> origin/handoff/r9-f1-coordinator-10
2026-10-08T09:58:59.2351904Z  * [new branch]        handoff/r9-f1-coordinator-2 -> origin/handoff/r9-f1-coordinator-2
2026-10-08T09:58:59.2353144Z  * [new branch]        handoff/r9-f1-coordinator-3 -> origin/handoff/r9-f1-coordinator-3
2026-10-08T09:58:59.2354266Z  * [new branch]        handoff/r9-f1-coordinator-4 -> origin/handoff/r9-f1-coordinator-4
2026-10-08T09:58:59.2355755Z  * [new branch]        handoff/r9-f1-coordinator-5 -> origin/handoff/r9-f1-coordinator-5
2026-10-08T09:58:59.2357154Z  * [new branch]        handoff/r9-f1-coordinator-7 -> origin/handoff/r9-f1-coordinator-7
2026-10-08T09:58:59.2358426Z  * [new branch]        handoff/r9-f1-coordinator-7-review -> origin/handoff/r9-f1-coordinator-7-review
2026-10-08T09:58:59.2360017Z  * [new branch]        handoff/r9-f10-12       -> origin/handoff/r9-f10-12
2026-10-08T09:58:59.2361587Z  * [new branch]        handoff/r9-f10-13       -> origin/handoff/r9-f10-13
2026-10-08T09:58:59.2362540Z  * [new branch]        handoff/r9-f10-14       -> origin/handoff/r9-f10-14
2026-10-08T09:58:59.2363475Z  * [new branch]        handoff/r9-f10-15       -> origin/handoff/r9-f10-15
2026-10-08T09:58:59.2364403Z  * [new branch]        handoff/r9-f10-16       -> origin/handoff/r9-f10-16
2026-10-08T09:58:59.2365441Z  * [new branch]        handoff/r9-f10-ci-efficiency -> origin/handoff/r9-f10-ci-efficiency
2026-10-08T09:58:59.2367316Z  * [new branch]        handoff/r9-f10-claims-baseline-rca -> origin/handoff/r9-f10-claims-baseline-rca
2026-10-08T09:58:59.2368717Z  * [new branch]        handoff/r9-f10-closure-runalways -> origin/handoff/r9-f10-closure-runalways
2026-10-08T09:58:59.2370208Z  * [new branch]        handoff/r9-f10-gate-infra-1 -> origin/handoff/r9-f10-gate-infra-1
2026-10-08T09:58:59.2371431Z  * [new branch]        handoff/r9-f10-gate-infra-1d -> origin/handoff/r9-f10-gate-infra-1d
2026-10-08T09:58:59.2372984Z  * [new branch]        handoff/r9-f10-gate-infra-4 -> origin/handoff/r9-f10-gate-infra-4
2026-10-08T09:58:59.2374128Z  * [new branch]        handoff/r9-f10-gate-infra-5 -> origin/handoff/r9-f10-gate-infra-5
2026-10-08T09:58:59.2375259Z  * [new branch]        handoff/r9-f10-gate-infra-6 -> origin/handoff/r9-f10-gate-infra-6
2026-10-08T09:58:59.2376425Z  * [new branch]        handoff/r9-f10-harness-timeout -> origin/handoff/r9-f10-harness-timeout
2026-10-08T09:58:59.2377808Z  * [new branch]        handoff/r9-f10-loop-heartbeat -> origin/handoff/r9-f10-loop-heartbeat
2026-10-08T09:58:59.2379089Z  * [new branch]        handoff/r9-f10-merge-queue -> origin/handoff/r9-f10-merge-queue
2026-10-08T09:58:59.2380614Z  * [new branch]        handoff/r9-f11-governance-1 -> origin/handoff/r9-f11-governance-1
2026-10-08T09:58:59.2381746Z  * [new branch]        handoff/r9-f11-governance-3 -> origin/handoff/r9-f11-governance-3
2026-10-08T09:58:59.2382877Z  * [new branch]        handoff/r9-f11-governance-4 -> origin/handoff/r9-f11-governance-4
2026-10-08T09:58:59.2384139Z  * [new branch]        handoff/r9-f11-governance-4-review -> origin/handoff/r9-f11-governance-4-review
2026-10-08T09:58:59.2385403Z  * [new branch]        handoff/r9-f11-governance-5 -> origin/handoff/r9-f11-governance-5
2026-10-08T09:58:59.2386524Z  * [new branch]        handoff/r9-f11-governance-6 -> origin/handoff/r9-f11-governance-6
2026-10-08T09:58:59.2387647Z  * [new branch]        handoff/r9-f11-governance-7 -> origin/handoff/r9-f11-governance-7
2026-10-08T09:58:59.2388722Z  * [new branch]        handoff/r9-f2-solver-1  -> origin/handoff/r9-f2-solver-1
2026-10-08T09:58:59.2390347Z  * [new branch]        handoff/r9-f2-solver-3  -> origin/handoff/r9-f2-solver-3
2026-10-08T09:58:59.2392140Z  * [new branch]        handoff/r9-f2-solver-4  -> origin/handoff/r9-f2-solver-4
2026-10-08T09:58:59.2393266Z  * [new branch]        handoff/r9-f2-solver-5  -> origin/handoff/r9-f2-solver-5
2026-10-08T09:58:59.2394270Z  * [new branch]        handoff/r9-f3-stores-1  -> origin/handoff/r9-f3-stores-1
2026-10-08T09:58:59.2395264Z  * [new branch]        handoff/r9-f3-stores-3  -> origin/handoff/r9-f3-stores-3
2026-10-08T09:58:59.2396359Z  * [new branch]        handoff/r9-f4-inputs-sysid-1 -> origin/handoff/r9-f4-inputs-sysid-1
2026-10-08T09:58:59.2397828Z  * [new branch]        handoff/r9-f4-inputs-sysid-2 -> origin/handoff/r9-f4-inputs-sysid-2
2026-10-08T09:58:59.2399162Z  * [new branch]        handoff/r9-f5-config-text-1 -> origin/handoff/r9-f5-config-text-1
2026-10-08T09:58:59.2400745Z  * [new branch]        handoff/r9-f6-card-1    -> origin/handoff/r9-f6-card-1
2026-10-08T09:58:59.2401835Z  * [new branch]        handoff/r9-f6-card-2    -> origin/handoff/r9-f6-card-2
2026-10-08T09:58:59.2403026Z  * [new branch]        handoff/r9-f6-card-4    -> origin/handoff/r9-f6-card-4
2026-10-08T09:58:59.2404457Z  * [new branch]        handoff/r9-f7-entities-1 -> origin/handoff/r9-f7-entities-1
2026-10-08T09:58:59.2405637Z  * [new branch]        handoff/r9-f7-entities-2 -> origin/handoff/r9-f7-entities-2
2026-10-08T09:58:59.2406742Z  * [new branch]        handoff/r9-f7-family-splits -> origin/handoff/r9-f7-family-splits
2026-10-08T09:58:59.2407828Z  * [new branch]        handoff/r9-f8-docs-1    -> origin/handoff/r9-f8-docs-1
2026-10-08T09:58:59.2409626Z  * [new branch]        handoff/r9-f8-docs-2    -> origin/handoff/r9-f8-docs-2
2026-10-08T09:58:59.2411467Z  * [new branch]        handoff/r9-f8-docs-3    -> origin/handoff/r9-f8-docs-3
2026-10-08T09:58:59.2413281Z  * [new branch]        handoff/r9-f9-test-pins-2 -> origin/handoff/r9-f9-test-pins-2
2026-10-08T09:58:59.2415119Z  * [new branch]        handoff/r9-f9-test-pins-3 -> origin/handoff/r9-f9-test-pins-3
2026-10-08T09:58:59.2416880Z  * [new branch]        handoff/r9-fixer-cap    -> origin/handoff/r9-fixer-cap
2026-10-08T09:58:59.2418861Z  * [new branch]        handoff/r9-fr-10        -> origin/handoff/r9-fr-10
2026-10-08T09:58:59.2420408Z  * [new branch]        handoff/r9-friction-study -> origin/handoff/r9-friction-study
2026-10-08T09:58:59.2421462Z  * [new branch]        handoff/r9-gittmp       -> origin/handoff/r9-gittmp
2026-10-08T09:58:59.2422466Z  * [new branch]        handoff/r9-main-closures -> origin/handoff/r9-main-closures
2026-10-08T09:58:59.2423548Z  * [new branch]        handoff/r9-nightly-bdr  -> origin/handoff/r9-nightly-bdr
2026-10-08T09:58:59.2424585Z  * [new branch]        handoff/r9-nightly-ha   -> origin/handoff/r9-nightly-ha
2026-10-08T09:58:59.2425950Z  * [new branch]        handoff/r9-nightly-status-k5uati -> origin/handoff/r9-nightly-status-k5uati
2026-10-08T09:58:59.2428011Z  * [new branch]        handoff/r9-prepr-selftest -> origin/handoff/r9-prepr-selftest
2026-10-08T09:58:59.2429686Z  * [new branch]        handoff/r9-proc-1       -> origin/handoff/r9-proc-1
2026-10-08T09:58:59.2430695Z  * [new branch]        handoff/r9-proc-3       -> origin/handoff/r9-proc-3
2026-10-08T09:58:59.2431665Z  * [new branch]        handoff/r9-proc-4       -> origin/handoff/r9-proc-4
2026-10-08T09:58:59.2432610Z  * [new branch]        handoff/r9-proc-5       -> origin/handoff/r9-proc-5
2026-10-08T09:58:59.2433705Z  * [new branch]        handoff/r9-rc-prcontract-fix -> origin/handoff/r9-rc-prcontract-fix
2026-10-08T09:58:59.2434830Z  * [new branch]        handoff/r9-rca-1985     -> origin/handoff/r9-rca-1985
2026-10-08T09:58:59.2435797Z  * [new branch]        handoff/r9-rca-1990     -> origin/handoff/r9-rca-1990
2026-10-08T09:58:59.2436759Z  * [new branch]        handoff/r9-rca-2004     -> origin/handoff/r9-rca-2004
2026-10-08T09:58:59.2438313Z  * [new branch]        handoff/r9-rca-avoidable-interpreter-bound-recomputation -> origin/handoff/r9-rca-avoidable-interpreter-bound-recomputation
2026-10-08T09:58:59.2440320Z  * [new branch]        handoff/r9-rca-bugclasses -> origin/handoff/r9-rca-bugclasses
2026-10-08T09:58:59.2441488Z  * [new branch]        handoff/r9-rca-cpu-gate-blind -> origin/handoff/r9-rca-cpu-gate-blind
2026-10-08T09:58:59.2442566Z  * [new branch]        handoff/r9-rca-i1       -> origin/handoff/r9-rca-i1
2026-10-08T09:58:59.2443503Z  * [new branch]        handoff/r9-rca-i3       -> origin/handoff/r9-rca-i3
2026-10-08T09:58:59.2444418Z  * [new branch]        handoff/r9-rca-i4       -> origin/handoff/r9-rca-i4
2026-10-08T09:58:59.2445653Z  * [new branch]        handoff/r9-rca-i5       -> origin/handoff/r9-rca-i5
2026-10-08T09:58:59.2446604Z  * [new branch]        handoff/r9-rca-p1       -> origin/handoff/r9-rca-p1
2026-10-08T09:58:59.2447562Z  * [new branch]        handoff/r9-rca-p11      -> origin/handoff/r9-rca-p11
2026-10-08T09:58:59.2448518Z  * [new branch]        handoff/r9-rca-p2       -> origin/handoff/r9-rca-p2
2026-10-08T09:58:59.2449856Z  * [new branch]        handoff/r9-rca-p3       -> origin/handoff/r9-rca-p3
2026-10-08T09:58:59.2450828Z  * [new branch]        handoff/r9-rca-p5       -> origin/handoff/r9-rca-p5
2026-10-08T09:58:59.2451762Z  * [new branch]        handoff/r9-rca-p6       -> origin/handoff/r9-rca-p6
2026-10-08T09:58:59.2452687Z  * [new branch]        handoff/r9-rca-p9       -> origin/handoff/r9-rca-p9
2026-10-08T09:58:59.2454298Z  * [new branch]        handoff/r9-rca-persisted-future-instant-trusted-without-bound -> origin/handoff/r9-rca-persisted-future-instant-trusted-without-bound
2026-10-08T09:58:59.2456017Z  * [new branch]        handoff/r9-rca-stamp-race -> origin/handoff/r9-rca-stamp-race
2026-10-08T09:58:59.2457226Z  * [new branch]        handoff/r9-rca-stress-recording -> origin/handoff/r9-rca-stress-recording
2026-10-08T09:58:59.2458440Z  * [new branch]        handoff/r9-record-automerge -> origin/handoff/r9-record-automerge
2026-10-08T09:58:59.2459855Z  * [new branch]        handoff/r9-record-path  -> origin/handoff/r9-record-path
2026-10-08T09:58:59.2460868Z  * [new branch]        handoff/r9-ro-1         -> origin/handoff/r9-ro-1
2026-10-08T09:58:59.2461812Z  * [new branch]        handoff/r9-ro-10        -> origin/handoff/r9-ro-10
2026-10-08T09:58:59.2462742Z  * [new branch]        handoff/r9-ro-11        -> origin/handoff/r9-ro-11
2026-10-08T09:58:59.2463672Z  * [new branch]        handoff/r9-ro-12        -> origin/handoff/r9-ro-12
2026-10-08T09:58:59.2464588Z  * [new branch]        handoff/r9-ro-2         -> origin/handoff/r9-ro-2
2026-10-08T09:58:59.2465489Z  * [new branch]        handoff/r9-ro-3         -> origin/handoff/r9-ro-3
2026-10-08T09:58:59.2466442Z  * [new branch]        handoff/r9-ro-4         -> origin/handoff/r9-ro-4
2026-10-08T09:58:59.2467344Z  * [new branch]        handoff/r9-ro-5         -> origin/handoff/r9-ro-5
2026-10-08T09:58:59.2468394Z  * [new branch]        handoff/r9-ro-6         -> origin/handoff/r9-ro-6
2026-10-08T09:58:59.2469638Z  * [new branch]        handoff/r9-ro-7         -> origin/handoff/r9-ro-7
2026-10-08T09:58:59.2470605Z  * [new branch]        handoff/r9-ro-8         -> origin/handoff/r9-ro-8
2026-10-08T09:58:59.2471519Z  * [new branch]        handoff/r9-sw-5         -> origin/handoff/r9-sw-5
2026-10-08T09:58:59.2472485Z  * [new branch]        handoff/r9-sw-actuation -> origin/handoff/r9-sw-actuation
2026-10-08T09:58:59.2473473Z  * [new branch]        handoff/r9-sw-card      -> origin/handoff/r9-sw-card
2026-10-08T09:58:59.2474409Z  * [new branch]        handoff/r9-sw-gchv      -> origin/handoff/r9-sw-gchv
2026-10-08T09:58:59.2475370Z  * [new branch]        handoff/r9-sw-model     -> origin/handoff/r9-sw-model
2026-10-08T09:58:59.2476311Z  * [new branch]        handoff/r9-sw6          -> origin/handoff/r9-sw6
2026-10-08T09:58:59.2477214Z  * [new branch]        handoff/r9-ux-10        -> origin/handoff/r9-ux-10
2026-10-08T09:58:59.2478117Z  * [new branch]        handoff/r9-ux-6         -> origin/handoff/r9-ux-6
2026-10-08T09:58:59.2479033Z  * [new branch]        handoff/r9-ux-7         -> origin/handoff/r9-ux-7
2026-10-08T09:58:59.2480265Z  * [new branch]        handoff/r9-ux-actions   -> origin/handoff/r9-ux-actions
2026-10-08T09:58:59.2481244Z  * [new branch]        handoff/r9-ux-events    -> origin/handoff/r9-ux-events
2026-10-08T09:58:59.2482205Z  * [new branch]        handoff/r9-ux-health    -> origin/handoff/r9-ux-health
2026-10-08T09:58:59.2483242Z  * [new branch]        handoff/r9-ux-insight-text -> origin/handoff/r9-ux-insight-text
2026-10-08T09:58:59.2484256Z  * [new branch]        handoff/r9-ux9          -> origin/handoff/r9-ux9
2026-10-08T09:58:59.2485339Z  * [new branch]        handoff/r9-web-3        -> origin/handoff/r9-web-3
2026-10-08T09:58:59.2486255Z  * [new branch]        handoff/r9-web-4        -> origin/handoff/r9-web-4
2026-10-08T09:58:59.2487314Z  * [new branch]        handoff/r9-web-5        -> origin/handoff/r9-web-5
2026-10-08T09:58:59.2488252Z  * [new branch]        handoff/r9-web-page     -> origin/handoff/r9-web-page
2026-10-08T09:58:59.2489185Z  * [new branch]        handoff/rca-1747        -> origin/handoff/rca-1747
2026-10-08T09:58:59.2490322Z  * [new branch]        handoff/repo-reorg-plan -> origin/handoff/repo-reorg-plan
2026-10-08T09:58:59.2491416Z  * [new branch]        handoff/silent-windows-plan -> origin/handoff/silent-windows-plan
2026-10-08T09:58:59.2492394Z  * [new branch]        main                    -> origin/main
2026-10-08T09:58:59.2493263Z  * [new branch]        proof/r9-ci-1-pr2010    -> origin/proof/r9-ci-1-pr2010
2026-10-08T09:58:59.2494234Z  * [new branch]        proof/r9-ci-1-pr2025    -> origin/proof/r9-ci-1-pr2025
2026-10-08T09:58:59.2495201Z  * [new branch]        proof/r9-ci-1-sw1       -> origin/proof/r9-ci-1-sw1
2026-10-08T09:58:59.2496100Z  * [new branch]        review/1987             -> origin/review/1987
2026-10-08T09:58:59.2496957Z  * [new branch]        review/1997             -> origin/review/1997
2026-10-08T09:58:59.2497818Z  * [new branch]        review/2002             -> origin/review/2002
2026-10-08T09:58:59.2498658Z  * [new branch]        review/2006             -> origin/review/2006
2026-10-08T09:58:59.2499768Z  * [new branch]        review/2007             -> origin/review/2007
2026-10-08T09:58:59.2500630Z  * [new branch]        review/2010             -> origin/review/2010
2026-10-08T09:58:59.2501475Z  * [new branch]        review/2011             -> origin/review/2011
2026-10-08T09:58:59.2502308Z  * [new branch]        review/2012             -> origin/review/2012
2026-10-08T09:58:59.2503147Z  * [new branch]        review/2013             -> origin/review/2013
2026-10-08T09:58:59.2503991Z  * [new branch]        review/2014             -> origin/review/2014
2026-10-08T09:58:59.2504839Z  * [new branch]        review/2015             -> origin/review/2015
2026-10-08T09:58:59.2505678Z  * [new branch]        review/2017             -> origin/review/2017
2026-10-08T09:58:59.2506755Z  * [new branch]        review/2018             -> origin/review/2018
2026-10-08T09:58:59.2507623Z  * [new branch]        review/2021             -> origin/review/2021
2026-10-08T09:58:59.2508481Z  * [new branch]        review/2022             -> origin/review/2022
2026-10-08T09:58:59.2509652Z  * [new branch]        review/2024             -> origin/review/2024
2026-10-08T09:58:59.2510549Z  * [new branch]        review/2025             -> origin/review/2025
2026-10-08T09:58:59.2511390Z  * [new branch]        review/2026             -> origin/review/2026
2026-10-08T09:58:59.2512232Z  * [new branch]        review/2027             -> origin/review/2027
2026-10-08T09:58:59.2513067Z  * [new branch]        review/2029             -> origin/review/2029
2026-10-08T09:58:59.2513926Z  * [new branch]        review/2030             -> origin/review/2030
2026-10-08T09:58:59.2514763Z  * [new branch]        review/2040             -> origin/review/2040
2026-10-08T09:58:59.2515590Z  * [new branch]        review/2041             -> origin/review/2041
2026-10-08T09:58:59.2516431Z  * [new branch]        review/2042             -> origin/review/2042
2026-10-08T09:58:59.2517262Z  * [new branch]        review/2044             -> origin/review/2044
2026-10-08T09:58:59.2518096Z  * [new branch]        review/2049             -> origin/review/2049
2026-10-08T09:58:59.2518939Z  * [new branch]        review/2051             -> origin/review/2051
2026-10-08T09:58:59.2519962Z  * [new branch]        review/2053             -> origin/review/2053
2026-10-08T09:58:59.2520815Z  * [new branch]        review/2054             -> origin/review/2054
2026-10-08T09:58:59.2521649Z  * [new branch]        verdict/1987            -> origin/verdict/1987
2026-10-08T09:58:59.2522690Z  * [new branch]        verdict/1997            -> origin/verdict/1997
2026-10-08T09:58:59.2523550Z  * [new branch]        verdict/2002            -> origin/verdict/2002
2026-10-08T09:58:59.2524408Z  * [new branch]        verdict/2006            -> origin/verdict/2006
2026-10-08T09:58:59.2525267Z  * [new branch]        verdict/2007            -> origin/verdict/2007
2026-10-08T09:58:59.2526126Z  * [new branch]        verdict/2010            -> origin/verdict/2010
2026-10-08T09:58:59.2526974Z  * [new branch]        verdict/2011            -> origin/verdict/2011
2026-10-08T09:58:59.2527819Z  * [new branch]        verdict/2012            -> origin/verdict/2012
2026-10-08T09:58:59.2528662Z  * [new branch]        verdict/2013            -> origin/verdict/2013
2026-10-08T09:58:59.2529753Z  * [new branch]        verdict/2014            -> origin/verdict/2014
2026-10-08T09:58:59.2530650Z  * [new branch]        verdict/2015            -> origin/verdict/2015
2026-10-08T09:58:59.2531510Z  * [new branch]        verdict/2017            -> origin/verdict/2017
2026-10-08T09:58:59.2532376Z  * [new branch]        verdict/2018            -> origin/verdict/2018
2026-10-08T09:58:59.2533232Z  * [new branch]        verdict/2021            -> origin/verdict/2021
2026-10-08T09:58:59.2534089Z  * [new branch]        verdict/2022            -> origin/verdict/2022
2026-10-08T09:58:59.2534947Z  * [new branch]        verdict/2024            -> origin/verdict/2024
2026-10-08T09:58:59.2535799Z  * [new branch]        verdict/2025            -> origin/verdict/2025
2026-10-08T09:58:59.2536648Z  * [new branch]        verdict/2026            -> origin/verdict/2026
2026-10-08T09:58:59.2537504Z  * [new branch]        verdict/2027            -> origin/verdict/2027
2026-10-08T09:58:59.2538354Z  * [new branch]        verdict/2029            -> origin/verdict/2029
2026-10-08T09:58:59.2539187Z  * [new branch]        verdict/2030            -> origin/verdict/2030
2026-10-08T09:58:59.2540335Z  * [new branch]        verdict/2040            -> origin/verdict/2040
2026-10-08T09:58:59.2541196Z  * [new branch]        verdict/2041            -> origin/verdict/2041
2026-10-08T09:58:59.2542044Z  * [new branch]        verdict/2042            -> origin/verdict/2042
2026-10-08T09:58:59.2542895Z  * [new branch]        verdict/2044            -> origin/verdict/2044
2026-10-08T09:58:59.2543887Z  * [new branch]        verdict/2049            -> origin/verdict/2049
2026-10-08T09:58:59.2544760Z  * [new branch]        verdict/2051            -> origin/verdict/2051
2026-10-08T09:58:59.2545606Z  * [new branch]        verdict/2053            -> origin/verdict/2053
2026-10-08T09:58:59.2546461Z  * [new branch]        verdict/2054            -> origin/verdict/2054
2026-10-08T09:58:59.2547330Z  * [new tag]           audit-round2-evidence   -> audit-round2-evidence
2026-10-08T09:58:59.2548159Z  * [new tag]           v2.3.0-beta.1           -> v2.3.0-beta.1
2026-10-08T09:58:59.2548894Z  * [new tag]           v2.4.0                  -> v2.4.0
2026-10-08T09:58:59.2549934Z  * [new tag]           v2.4.1                  -> v2.4.1
2026-10-08T09:58:59.2550644Z  * [new tag]           v2.5.0                  -> v2.5.0
2026-10-08T09:58:59.2551338Z  * [new tag]           v2.6.0                  -> v2.6.0
2026-10-08T09:58:59.2552023Z  * [new tag]           v2.6.1                  -> v2.6.1
2026-10-08T09:58:59.2552710Z  * [new tag]           v2.7.0                  -> v2.7.0
2026-10-08T09:58:59.2553391Z  * [new tag]           v2.8.0                  -> v2.8.0
2026-10-08T09:58:59.2554083Z  * [new tag]           v3.0.0                  -> v3.0.0
2026-10-08T09:58:59.2554769Z  * [new tag]           v3.1.0                  -> v3.1.0
2026-10-08T09:58:59.2555448Z  * [new tag]           v3.1.1                  -> v3.1.1
2026-10-08T09:58:59.2556130Z  * [new tag]           v3.1.2                  -> v3.1.2
2026-10-08T09:58:59.2556818Z  * [new tag]           v3.14.0                 -> v3.14.0
2026-10-08T09:58:59.2557527Z  * [new tag]           v3.16.0                 -> v3.16.0
2026-10-08T09:58:59.2558383Z  * [new tag]           v3.2.0                  -> v3.2.0
2026-10-08T09:58:59.2559083Z  * [new tag]           v3.3.0                  -> v3.3.0
2026-10-08T09:58:59.2559915Z  * [new tag]           v3.3.1                  -> v3.3.1
2026-10-08T09:58:59.2560609Z  * [new tag]           v3.4.0                  -> v3.4.0
2026-10-08T09:58:59.2561292Z  * [new tag]           v3.4.1                  -> v3.4.1
2026-10-08T09:58:59.2561984Z  * [new tag]           v3.5.0                  -> v3.5.0
2026-10-08T09:58:59.2562670Z  * [new tag]           v3.6.0                  -> v3.6.0
2026-10-08T09:58:59.2563359Z  * [new tag]           v3.6.1                  -> v3.6.1
2026-10-08T09:58:59.2564044Z  * [new tag]           v3.7.0                  -> v3.7.0
2026-10-08T09:58:59.2564729Z  * [new tag]           v3.7.1                  -> v3.7.1
2026-10-08T09:58:59.2565415Z  * [new tag]           v3.8.0                  -> v3.8.0
2026-10-08T09:58:59.2566134Z  * [new tag]           v4.0.0                  -> v4.0.0
2026-10-08T09:58:59.2566820Z  * [new tag]           v4.0.1                  -> v4.0.1
2026-10-08T09:58:59.2567503Z  * [new tag]           v4.0.2                  -> v4.0.2
2026-10-08T09:58:59.2568177Z  * [new tag]           v4.0.3                  -> v4.0.3
2026-10-08T09:58:59.2568852Z  * [new tag]           v4.0.4                  -> v4.0.4
2026-10-08T09:58:59.2569665Z  * [new tag]           v4.0.5                  -> v4.0.5
2026-10-08T09:58:59.2570362Z  * [new tag]           v4.0.6                  -> v4.0.6
2026-10-08T09:58:59.2571059Z  * [new tag]           v4.0.7                  -> v4.0.7
2026-10-08T09:58:59.2571743Z  * [new tag]           v4.1.0                  -> v4.1.0
2026-10-08T09:58:59.2572432Z  * [new tag]           v4.2.0                  -> v4.2.0
2026-10-08T09:58:59.2573115Z  * [new tag]           v4.3.0                  -> v4.3.0
2026-10-08T09:58:59.2573801Z  * [new tag]           v5.0.0                  -> v5.0.0
2026-10-08T09:58:59.2574484Z  * [new tag]           v5.1.0                  -> v5.1.0
2026-10-08T09:58:59.2575167Z  * [new tag]           v5.1.1                  -> v5.1.1
2026-10-08T09:58:59.2575845Z  * [new tag]           v5.1.10                 -> v5.1.10
2026-10-08T09:58:59.2576534Z  * [new tag]           v5.1.2                  -> v5.1.2
2026-10-08T09:58:59.2577213Z  * [new tag]           v5.1.3                  -> v5.1.3
2026-10-08T09:58:59.2578018Z  * [new tag]           v5.1.4                  -> v5.1.4
2026-10-08T09:58:59.2578714Z  * [new tag]           v5.1.5                  -> v5.1.5
2026-10-08T09:58:59.2579646Z  * [new tag]           v5.1.6                  -> v5.1.6
2026-10-08T09:58:59.2580365Z  * [new tag]           v5.1.7                  -> v5.1.7
2026-10-08T09:58:59.2581046Z  * [new tag]           v5.1.9                  -> v5.1.9
2026-10-08T09:58:59.2581725Z  * [new tag]           v5.2.0                  -> v5.2.0
2026-10-08T09:58:59.2582405Z  * [new tag]           v5.3.0                  -> v5.3.0
2026-10-08T09:58:59.2583080Z  * [new tag]           v5.4.0                  -> v5.4.0
2026-10-08T09:58:59.2583778Z  * [new tag]           v5.4.1                  -> v5.4.1
2026-10-08T09:58:59.2584462Z  * [new tag]           v5.5.0                  -> v5.5.0
2026-10-08T09:58:59.2585145Z  * [new tag]           v5.6.0                  -> v5.6.0
2026-10-08T09:58:59.2585828Z  * [new tag]           v5.6.1                  -> v5.6.1
2026-10-08T09:58:59.2586507Z  * [new tag]           v5.6.2                  -> v5.6.2
2026-10-08T09:58:59.2587381Z  * [new tag]           v5.7.0                  -> v5.7.0
2026-10-08T09:58:59.2588063Z  * [new tag]           v5.7.1                  -> v5.7.1
2026-10-08T09:58:59.2588762Z  * [new tag]           v6.0.0                  -> v6.0.0
2026-10-08T09:58:59.2589799Z  * [new tag]           v6.0.1                  -> v6.0.1
2026-10-08T09:58:59.2590496Z  * [new tag]           v6.0.2                  -> v6.0.2
2026-10-08T09:58:59.2591185Z  * [new tag]           v6.0.3                  -> v6.0.3
2026-10-08T09:58:59.2591860Z  * [new tag]           v6.0.4                  -> v6.0.4
2026-10-08T09:58:59.2592725Z  * [new tag]           v6.0.5                  -> v6.0.5
2026-10-08T09:58:59.2593407Z  * [new tag]           v6.0.6                  -> v6.0.6
2026-10-08T09:58:59.2594086Z  * [new tag]           v6.0.7                  -> v6.0.7
2026-10-08T09:58:59.2594773Z  * [new tag]           v6.0.8                  -> v6.0.8
2026-10-08T09:58:59.2595463Z  * [new tag]           v6.0.9                  -> v6.0.9
2026-10-08T09:58:59.2596147Z  * [new tag]           v6.1.0                  -> v6.1.0
2026-10-08T09:58:59.2596825Z  * [new tag]           v6.1.1                  -> v6.1.1
2026-10-08T09:58:59.2597507Z  * [new tag]           v6.1.2                  -> v6.1.2
2026-10-08T09:58:59.2598191Z  * [new tag]           v6.2.0                  -> v6.2.0
2026-10-08T09:58:59.2598869Z  * [new tag]           v6.2.1                  -> v6.2.1
2026-10-08T09:58:59.2599766Z  * [new tag]           v6.2.10                 -> v6.2.10
2026-10-08T09:58:59.2600480Z  * [new tag]           v6.2.11                 -> v6.2.11
2026-10-08T09:58:59.2601202Z  * [new tag]           v6.2.12                 -> v6.2.12
2026-10-08T09:58:59.2601921Z  * [new tag]           v6.2.13                 -> v6.2.13
2026-10-08T09:58:59.2602620Z  * [new tag]           v6.2.14                 -> v6.2.14
2026-10-08T09:58:59.2603307Z  * [new tag]           v6.2.15                 -> v6.2.15
2026-10-08T09:58:59.2603994Z  * [new tag]           v6.2.16                 -> v6.2.16
2026-10-08T09:58:59.2604692Z  * [new tag]           v6.2.17                 -> v6.2.17
2026-10-08T09:58:59.2605384Z  * [new tag]           v6.2.2                  -> v6.2.2
2026-10-08T09:58:59.2606076Z  * [new tag]           v6.2.3                  -> v6.2.3
2026-10-08T09:58:59.2606768Z  * [new tag]           v6.2.4                  -> v6.2.4
2026-10-08T09:58:59.2607447Z  * [new tag]           v6.2.5                  -> v6.2.5
2026-10-08T09:58:59.2608137Z  * [new tag]           v6.2.6                  -> v6.2.6
2026-10-08T09:58:59.2608811Z  * [new tag]           v6.2.7                  -> v6.2.7
2026-10-08T09:58:59.2609809Z  * [new tag]           v6.2.8                  -> v6.2.8
2026-10-08T09:58:59.2610541Z  * [new tag]           v6.2.9                  -> v6.2.9
2026-10-08T09:58:59.2611228Z  * [new tag]           v6.3.0                  -> v6.3.0
2026-10-08T09:58:59.2612063Z  * [new tag]           v6.3.1                  -> v6.3.1
2026-10-08T09:58:59.2612765Z  * [new tag]           v6.3.10                 -> v6.3.10
2026-10-08T09:58:59.2613461Z  * [new tag]           v6.3.11                 -> v6.3.11
2026-10-08T09:58:59.2614149Z  * [new tag]           v6.3.12                 -> v6.3.12
2026-10-08T09:58:59.2614833Z  * [new tag]           v6.3.13                 -> v6.3.13
2026-10-08T09:58:59.2615524Z  * [new tag]           v6.3.14                 -> v6.3.14
2026-10-08T09:58:59.2616218Z  * [new tag]           v6.3.15                 -> v6.3.15
2026-10-08T09:58:59.2616912Z  * [new tag]           v6.3.16                 -> v6.3.16
2026-10-08T09:58:59.2617605Z  * [new tag]           v6.3.17                 -> v6.3.17
2026-10-08T09:58:59.2618298Z  * [new tag]           v6.3.18                 -> v6.3.18
2026-10-08T09:58:59.2618994Z  * [new tag]           v6.3.19                 -> v6.3.19
2026-10-08T09:58:59.2620025Z  * [new tag]           v6.3.2                  -> v6.3.2
2026-10-08T09:58:59.2620735Z  * [new tag]           v6.3.20                 -> v6.3.20
2026-10-08T09:58:59.2621708Z  * [new tag]           v6.3.3                  -> v6.3.3
2026-10-08T09:58:59.2622417Z  * [new tag]           v6.3.4                  -> v6.3.4
2026-10-08T09:58:59.2623110Z  * [new tag]           v6.3.5                  -> v6.3.5
2026-10-08T09:58:59.2623803Z  * [new tag]           v6.3.6                  -> v6.3.6
2026-10-08T09:58:59.2624485Z  * [new tag]           v6.3.7                  -> v6.3.7
2026-10-08T09:58:59.2625170Z  * [new tag]           v6.3.8                  -> v6.3.8
2026-10-08T09:58:59.2625854Z  * [new tag]           v6.3.9                  -> v6.3.9
2026-10-08T09:58:59.2626711Z  * [new tag]           v6.4.0                  -> v6.4.0
2026-10-08T09:58:59.2627400Z  * [new tag]           v6.4.1                  -> v6.4.1
2026-10-08T09:58:59.2628086Z  * [new tag]           v6.4.2                  -> v6.4.2
2026-10-08T09:58:59.2628774Z  * [new tag]           v6.4.3                  -> v6.4.3
2026-10-08T09:58:59.2629901Z  * [new tag]           v6.4.4                  -> v6.4.4
2026-10-08T09:58:59.2630605Z  * [new tag]           v6.5.0                  -> v6.5.0
2026-10-08T09:58:59.2631288Z  * [new tag]           v6.5.1                  -> v6.5.1
2026-10-08T09:58:59.2632148Z  * [new tag]           v6.6.0                  -> v6.6.0
2026-10-08T09:58:59.2633230Z  * [new tag]           v6.6.1                  -> v6.6.1
2026-10-08T09:58:59.2633945Z  * [new tag]           v6.6.10                 -> v6.6.10
2026-10-08T09:58:59.2634662Z  * [new tag]           v6.6.11                 -> v6.6.11
2026-10-08T09:58:59.2635361Z  * [new tag]           v6.6.12                 -> v6.6.12
2026-10-08T09:58:59.2636079Z  * [new tag]           v6.6.2                  -> v6.6.2
2026-10-08T09:58:59.2636781Z  * [new tag]           v6.6.3                  -> v6.6.3
2026-10-08T09:58:59.2637477Z  * [new tag]           v6.6.4                  -> v6.6.4
2026-10-08T09:58:59.2638165Z  * [new tag]           v6.6.5                  -> v6.6.5
2026-10-08T09:58:59.2638858Z  * [new tag]           v6.6.6                  -> v6.6.6
2026-10-08T09:58:59.2639703Z  * [new tag]           v6.6.7                  -> v6.6.7
2026-10-08T09:58:59.2640380Z  * [new tag]           v6.6.8                  -> v6.6.8
2026-10-08T09:58:59.2641065Z  * [new tag]           v6.6.9                  -> v6.6.9
2026-10-08T09:58:59.2641752Z  * [new tag]           v6.7.0                  -> v6.7.0
2026-10-08T09:58:59.2642445Z  * [new tag]           v6.7.1                  -> v6.7.1
2026-10-08T09:58:59.2643135Z  * [new tag]           v6.7.10                 -> v6.7.10
2026-10-08T09:58:59.2643837Z  * [new tag]           v6.7.11                 -> v6.7.11
2026-10-08T09:58:59.2644535Z  * [new tag]           v6.7.12                 -> v6.7.12
2026-10-08T09:58:59.2645223Z  * [new tag]           v6.7.13                 -> v6.7.13
2026-10-08T09:58:59.2645911Z  * [new tag]           v6.7.14                 -> v6.7.14
2026-10-08T09:58:59.2646764Z  * [new tag]           v6.7.15                 -> v6.7.15
2026-10-08T09:58:59.2647480Z  * [new tag]           v6.7.16                 -> v6.7.16
2026-10-08T09:58:59.2648179Z  * [new tag]           v6.7.2                  -> v6.7.2
2026-10-08T09:58:59.2648869Z  * [new tag]           v6.7.3                  -> v6.7.3
2026-10-08T09:58:59.2649858Z  * [new tag]           v6.7.4                  -> v6.7.4
2026-10-08T09:58:59.2650568Z  * [new tag]           v6.7.5                  -> v6.7.5
2026-10-08T09:58:59.2651256Z  * [new tag]           v6.7.6                  -> v6.7.6
2026-10-08T09:58:59.2651941Z  * [new tag]           v6.7.7                  -> v6.7.7
2026-10-08T09:58:59.2652620Z  * [new tag]           v6.7.8                  -> v6.7.8
2026-10-08T09:58:59.2653325Z  * [new tag]           v6.7.9                  -> v6.7.9
2026-10-08T09:58:59.2655064Z [command]/usr/bin/git branch --list --remote origin/handoff/r9-nightly-ha
2026-10-08T09:58:59.2655905Z   origin/handoff/r9-nightly-ha
2026-10-08T09:58:59.2657248Z [command]/usr/bin/git rev-parse refs/remotes/origin/handoff/r9-nightly-ha
2026-10-08T09:58:59.2658097Z 1a7eebad28fde79f5b93d51f7fa575fc5ce8b11a
2026-10-08T09:58:59.2659862Z ##[endgroup]
2026-10-08T09:58:59.2660660Z ##[group]Determining the checkout info
2026-10-08T09:58:59.2661517Z ##[endgroup]
2026-10-08T09:58:59.2662021Z [command]/usr/bin/git sparse-checkout disable
2026-10-08T09:58:59.2663499Z [command]/usr/bin/git config --local --unset-all extensions.worktreeConfig
2026-10-08T09:58:59.2665183Z ##[group]Checking out the ref
2026-10-08T09:58:59.2666308Z [command]/usr/bin/git checkout --progress --force -B handoff/r9-nightly-ha refs/remotes/origin/handoff/r9-nightly-ha
2026-10-08T09:58:59.7370560Z Switched to a new branch 'handoff/r9-nightly-ha'
2026-10-08T09:58:59.7376689Z branch 'handoff/r9-nightly-ha' set up to track 'origin/handoff/r9-nightly-ha'.
2026-10-08T09:58:59.7406784Z ##[endgroup]
2026-10-08T09:58:59.7460926Z [command]/usr/bin/git log -1 --format=%H
2026-10-08T09:58:59.7488972Z 1a7eebad28fde79f5b93d51f7fa575fc5ce8b11a
2026-10-08T09:58:59.7846294Z ##[group]Run actions/setup-python@ece7cb06caefa5fff74198d8649806c4678c61a1
2026-10-08T09:58:59.7847973Z with:
2026-10-08T09:58:59.7848768Z   python-version: 3.13
2026-10-08T09:58:59.7849914Z   check-latest: false
2026-10-08T09:58:59.7860530Z   token: ***
2026-10-08T09:58:59.7861407Z   update-environment: true
2026-10-08T09:58:59.7862413Z   allow-prereleases: false
2026-10-08T09:58:59.7863406Z   freethreaded: false
2026-10-08T09:58:59.7864244Z env:
2026-10-08T09:58:59.7864959Z   DOCS_ONLY_FAST: false
2026-10-08T09:58:59.7865843Z ##[endgroup]
2026-10-08T09:58:59.9204546Z ##[group]Installed versions
2026-10-08T09:58:59.9302038Z Successfully set up CPython (3.13.16)
2026-10-08T09:58:59.9304407Z ##[endgroup]
2026-10-08T09:58:59.9644554Z ##[group]Run actions/setup-node@a0853c24544627f65ddf259abe73b1d18a591444
2026-10-08T09:58:59.9646096Z with:
2026-10-08T09:58:59.9646817Z   node-version: 22
2026-10-08T09:58:59.9647618Z   always-auth: false
2026-10-08T09:58:59.9648453Z   check-latest: false
2026-10-08T09:58:59.9657964Z   token: ***
2026-10-08T09:58:59.9658784Z   package-manager-cache: true
2026-10-08T09:58:59.9659954Z env:
2026-10-08T09:58:59.9660673Z   DOCS_ONLY_FAST: false
2026-10-08T09:58:59.9661768Z   pythonLocation: /opt/hostedtoolcache/Python/3.13.16/x64
2026-10-08T09:58:59.9663485Z   PKG_CONFIG_PATH: /opt/hostedtoolcache/Python/3.13.16/x64/lib/pkgconfig
2026-10-08T09:58:59.9665221Z   Python_ROOT_DIR: /opt/hostedtoolcache/Python/3.13.16/x64
2026-10-08T09:58:59.9666730Z   Python2_ROOT_DIR: /opt/hostedtoolcache/Python/3.13.16/x64
2026-10-08T09:58:59.9668278Z   Python3_ROOT_DIR: /opt/hostedtoolcache/Python/3.13.16/x64
2026-10-08T09:58:59.9670150Z   LD_LIBRARY_PATH: /opt/hostedtoolcache/Python/3.13.16/x64/lib
2026-10-08T09:58:59.9671511Z ##[endgroup]
2026-10-08T09:59:00.1186777Z Found in cache @ /opt/hostedtoolcache/node/22.23.3/x64
2026-10-08T09:59:00.1191790Z (node:2311) [DEP0040] DeprecationWarning: The `punycode` module is deprecated. Please use a userland alternative instead.
2026-10-08T09:59:00.1195167Z (Use `node --trace-deprecation ...` to show where the warning was created)
2026-10-08T09:59:00.1197410Z ##[group]Environment details
2026-10-08T09:59:00.5338365Z node: v22.23.3
2026-10-08T09:59:00.5338790Z npm: 10.9.9
2026-10-08T09:59:00.5339146Z yarn: 1.22.22
2026-10-08T09:59:00.5340506Z ##[endgroup]
2026-10-08T09:59:00.5478394Z ##[group]Run pip install --require-hashes --build-constraint tests/requirements-build.txt -r tests/requirements-ci.txt
2026-10-08T09:59:00.5479726Z [36;1mpip install --require-hashes --build-constraint tests/requirements-build.txt -r tests/requirements-ci.txt[0m
2026-10-08T09:59:00.5806366Z shell: /usr/bin/bash -e {0}
2026-10-08T09:59:00.5806718Z env:
2026-10-08T09:59:00.5806944Z   DOCS_ONLY_FAST: false
2026-10-08T09:59:00.5807294Z   pythonLocation: /opt/hostedtoolcache/Python/3.13.16/x64
2026-10-08T09:59:00.5807796Z   PKG_CONFIG_PATH: /opt/hostedtoolcache/Python/3.13.16/x64/lib/pkgconfig
2026-10-08T09:59:00.5808302Z   Python_ROOT_DIR: /opt/hostedtoolcache/Python/3.13.16/x64
2026-10-08T09:59:00.5808747Z   Python2_ROOT_DIR: /opt/hostedtoolcache/Python/3.13.16/x64
2026-10-08T09:59:00.5809185Z   Python3_ROOT_DIR: /opt/hostedtoolcache/Python/3.13.16/x64
2026-10-08T09:59:00.5809844Z   LD_LIBRARY_PATH: /opt/hostedtoolcache/Python/3.13.16/x64/lib
2026-10-08T09:59:00.5810324Z ##[endgroup]
2026-10-08T09:59:03.8238333Z Collecting aiohappyeyeballs==2.7.1 (from -r tests/requirements-ci.txt (line 27))
2026-10-08T09:59:03.8735803Z   Downloading aiohappyeyeballs-2.7.1-py3-none-any.whl (15 kB)
2026-10-08T09:59:04.3931262Z Collecting aiohttp==3.14.3 (from -r tests/requirements-ci.txt (line 30))
2026-10-08T09:59:04.3977364Z   Downloading aiohttp-3.14.3-cp313-cp313-manylinux2014_x86_64.manylinux_2_17_x86_64.manylinux_2_28_x86_64.whl (1.8 MB)
2026-10-08T09:59:04.4338212Z      ━━━━━━━━━━━━━━━━━━━━━━━━━━━━━━━━━━━━━━━━ 1.8/1.8 MB 98.3 MB/s  0:00:00
2026-10-08T09:59:04.4466811Z Collecting aiosignal==1.4.0 (from -r tests/requirements-ci.txt (line 150))
2026-10-08T09:59:04.4507681Z   Downloading aiosignal-1.4.0-py3-none-any.whl (7.5 kB)
2026-10-08T09:59:04.4639505Z Collecting attrs==26.1.0 (from -r tests/requirements-ci.txt (line 153))
2026-10-08T09:59:04.4677074Z   Downloading attrs-26.1.0-py3-none-any.whl (67 kB)
2026-10-08T09:59:04.5287079Z Collecting frozenlist==1.8.0 (from -r tests/requirements-ci.txt (line 156))
2026-10-08T09:59:04.5330516Z   Downloading frozenlist-1.8.0-cp313-cp313-manylinux1_x86_64.manylinux_2_28_x86_64.manylinux_2_5_x86_64.whl (234 kB)
2026-10-08T09:59:04.5492528Z Collecting idna==3.20 (from -r tests/requirements-ci.txt (line 287))
2026-10-08T09:59:04.5532079Z   Downloading idna-3.20-py3-none-any.whl (69 kB)
2026-10-08T09:59:04.7915780Z Collecting multidict==6.9.1 (from -r tests/requirements-ci.txt (line 290))
2026-10-08T09:59:04.7959443Z   Downloading multidict-6.9.1-cp313-cp313-manylinux2014_x86_64.manylinux_2_17_x86_64.manylinux_2_28_x86_64.whl (336 kB)
2026-10-08T09:59:04.9850240Z Collecting numpy==2.4.6 (from -r tests/requirements-ci.txt (line 462))
2026-10-08T09:59:04.9893651Z   Downloading numpy-2.4.6-cp313-cp313-manylinux_2_27_x86_64.manylinux_2_28_x86_64.whl (16.6 MB)
2026-10-08T09:59:05.0779515Z      ━━━━━━━━━━━━━━━━━━━━━━━━━━━━━━━━━━━━━━━━ 16.6/16.6 MB 192.0 MB/s  0:00:00
2026-10-08T09:59:05.1613225Z Collecting propcache==0.5.4 (from -r tests/requirements-ci.txt (line 535))
2026-10-08T09:59:05.1660539Z   Downloading propcache-0.5.4-cp313-cp313-manylinux2014_x86_64.manylinux_2_17_x86_64.manylinux_2_28_x86_64.whl (234 kB)
2026-10-08T09:59:05.2045497Z Collecting pyyaml==6.0.1 (from -r tests/requirements-ci.txt (line 674))
2026-10-08T09:59:05.2087181Z   Downloading PyYAML-6.0.1.tar.gz (125 kB)
2026-10-08T09:59:05.3539612Z   Installing build dependencies: started
2026-10-08T09:59:06.5417173Z   Installing build dependencies: finished with status 'done'
2026-10-08T09:59:06.5423449Z   Getting requirements to build wheel: started
2026-10-08T09:59:08.2367067Z   Getting requirements to build wheel: finished with status 'done'
2026-10-08T09:59:08.2377066Z   Preparing metadata (pyproject.toml): started
2026-10-08T09:59:08.4778806Z   Preparing metadata (pyproject.toml): finished with status 'done'
2026-10-08T09:59:08.5985363Z Collecting scipy==1.17.1 (from -r tests/requirements-ci.txt (line 726))
2026-10-08T09:59:08.6030733Z   Downloading scipy-1.17.1-cp313-cp313-manylinux_2_27_x86_64.manylinux_2_28_x86_64.whl (35.2 MB)
2026-10-08T09:59:08.7876521Z      ━━━━━━━━━━━━━━━━━━━━━━━━━━━━━━━━━━━━━━━━ 35.2/35.2 MB 192.4 MB/s  0:00:00
2026-10-08T09:59:08.8415190Z Collecting threadpoolctl==3.6.0 (from -r tests/requirements-ci.txt (line 788))
2026-10-08T09:59:08.8454276Z   Downloading threadpoolctl-3.6.0-py3-none-any.whl (18 kB)
2026-10-08T09:59:08.8595988Z Collecting voluptuous==0.16.0 (from -r tests/requirements-ci.txt (line 791))
2026-10-08T09:59:08.8637140Z   Downloading voluptuous-0.16.0-py3-none-any.whl (31 kB)
2026-10-08T09:59:09.1291315Z Collecting yarl==1.25.1 (from -r tests/requirements-ci.txt (line 794))
2026-10-08T09:59:09.1334260Z   Downloading yarl-1.25.1-cp313-cp313-manylinux2014_x86_64.manylinux_2_17_x86_64.manylinux_2_28_x86_64.whl (117 kB)
2026-10-08T09:59:09.1553813Z Building wheels for collected packages: pyyaml
2026-10-08T09:59:09.1561984Z   Building wheel for pyyaml (pyproject.toml): started
2026-10-08T09:59:10.2240997Z   Building wheel for pyyaml (pyproject.toml): finished with status 'done'
2026-10-08T09:59:10.2247816Z   Created wheel for pyyaml: filename=pyyaml-6.0.1-cp313-cp313-linux_x86_64.whl size=45459 sha256=f62f9724933d161458db6303b68dc77314a44205bce70bbc537a22126b5714a7
2026-10-08T09:59:10.2250406Z   Stored in directory: /home/runner/.cache/pip/wheels/9c/9e/34/1e1548811b63a9d001469f21797e8b7d5c216d8eb928e7d6ad
2026-10-08T09:59:10.2269129Z Successfully built pyyaml
2026-10-08T09:59:10.2865601Z Installing collected packages: voluptuous, threadpoolctl, pyyaml, propcache, numpy, multidict, idna, frozenlist, attrs, aiohappyeyeballs, yarl, scipy, aiosignal, aiohttp
2026-10-08T09:59:17.0370694Z 
2026-10-08T09:59:17.0393779Z Successfully installed aiohappyeyeballs-2.7.1 aiohttp-3.14.3 aiosignal-1.4.0 attrs-26.1.0 frozenlist-1.8.0 idna-3.20 multidict-6.9.1 numpy-2.4.6 propcache-0.5.4 pyyaml-6.0.1 scipy-1.17.1 threadpoolctl-3.6.0 voluptuous-0.16.0 yarl-1.25.1
2026-10-08T09:59:17.1732830Z ##[group]Run sudo apt-get update && sudo apt-get install -y strace
2026-10-08T09:59:17.1733344Z [36;1msudo apt-get update && sudo apt-get install -y strace[0m
2026-10-08T09:59:17.1799389Z shell: /usr/bin/bash -e {0}
2026-10-08T09:59:17.1799645Z env:
2026-10-08T09:59:17.1799841Z   DOCS_ONLY_FAST: false
2026-10-08T09:59:17.1800147Z   pythonLocation: /opt/hostedtoolcache/Python/3.13.16/x64
2026-10-08T09:59:17.1800601Z   PKG_CONFIG_PATH: /opt/hostedtoolcache/Python/3.13.16/x64/lib/pkgconfig
2026-10-08T09:59:17.1801044Z   Python_ROOT_DIR: /opt/hostedtoolcache/Python/3.13.16/x64
2026-10-08T09:59:17.1801437Z   Python2_ROOT_DIR: /opt/hostedtoolcache/Python/3.13.16/x64
2026-10-08T09:59:17.1801826Z   Python3_ROOT_DIR: /opt/hostedtoolcache/Python/3.13.16/x64
2026-10-08T09:59:17.1802209Z   LD_LIBRARY_PATH: /opt/hostedtoolcache/Python/3.13.16/x64/lib
2026-10-08T09:59:17.1802525Z ##[endgroup]
2026-10-08T09:59:17.2722341Z Get:1 file:/etc/apt/apt-mirrors.txt Mirrorlist [144 B]
2026-10-08T09:59:17.3053375Z Hit:2 http://azure.archive.ubuntu.com/ubuntu noble InRelease
2026-10-08T09:59:17.3066272Z Get:6 https://packages.microsoft.com/ubuntu/24.04/prod noble InRelease [3600 B]
2026-10-08T09:59:17.3069915Z Get:3 http://azure.archive.ubuntu.com/ubuntu noble-updates InRelease [126 kB]
2026-10-08T09:59:17.3120878Z Get:4 http://azure.archive.ubuntu.com/ubuntu noble-backports InRelease [126 kB]
2026-10-08T09:59:17.3147925Z Get:5 http://azure.archive.ubuntu.com/ubuntu noble-security InRelease [126 kB]
2026-10-08T09:59:17.4483356Z Get:7 https://packages.microsoft.com/ubuntu/24.04/prod noble/main amd64 Packages [530 kB]
2026-10-08T09:59:17.4644882Z Get:8 https://packages.microsoft.com/ubuntu/24.04/prod noble/main armhf Packages [12.3 kB]
2026-10-08T09:59:17.4668842Z Get:9 https://packages.microsoft.com/ubuntu/24.04/prod noble/main all Packages [640 B]
2026-10-08T09:59:17.4692937Z Get:10 https://packages.microsoft.com/ubuntu/24.04/prod noble/main arm64 Packages [475 kB]
2026-10-08T09:59:17.5014830Z Get:11 http://azure.archive.ubuntu.com/ubuntu noble-updates/main amd64 Packages [1375 kB]
2026-10-08T09:59:17.5113068Z Get:12 http://azure.archive.ubuntu.com/ubuntu noble-updates/main Translation-en [306 kB]
2026-10-08T09:59:17.5138010Z Get:13 http://azure.archive.ubuntu.com/ubuntu noble-updates/universe amd64 Packages [1702 kB]
2026-10-08T09:59:17.5238218Z Get:14 http://azure.archive.ubuntu.com/ubuntu noble-updates/universe Translation-en [341 kB]
2026-10-08T09:59:17.5270742Z Get:15 http://azure.archive.ubuntu.com/ubuntu noble-updates/restricted amd64 Packages [1761 kB]
2026-10-08T09:59:17.5382498Z Get:16 http://azure.archive.ubuntu.com/ubuntu noble-updates/restricted Translation-en [401 kB]
2026-10-08T09:59:17.5412729Z Get:17 http://azure.archive.ubuntu.com/ubuntu noble-updates/multiverse amd64 Packages [55.0 kB]
2026-10-08T09:59:17.5427721Z Get:18 http://azure.archive.ubuntu.com/ubuntu noble-updates/multiverse Translation-en [14.3 kB]
2026-10-08T09:59:17.6141144Z Get:19 http://azure.archive.ubuntu.com/ubuntu noble-security/main amd64 Packages [1074 kB]
2026-10-08T09:59:17.6200021Z Get:20 http://azure.archive.ubuntu.com/ubuntu noble-security/main Translation-en [223 kB]
2026-10-08T09:59:17.6693863Z Get:21 http://azure.archive.ubuntu.com/ubuntu noble-security/universe amd64 Packages [1218 kB]
2026-10-08T09:59:17.6758990Z Get:22 http://azure.archive.ubuntu.com/ubuntu noble-security/universe Translation-en [245 kB]
2026-10-08T09:59:17.6786553Z Get:23 http://azure.archive.ubuntu.com/ubuntu noble-security/multiverse Translation-en [11.6 kB]
2026-10-08T09:59:20.4647036Z Fetched 10.1 MB in 1s (9532 kB/s)
2026-10-08T09:59:21.3401067Z Reading package lists...
2026-10-08T09:59:21.3707160Z Reading package lists...
2026-10-08T09:59:21.5668968Z Building dependency tree...
2026-10-08T09:59:21.5676336Z Reading state information...
2026-10-08T09:59:21.7577984Z strace is already the newest version (6.8-0ubuntu2).
2026-10-08T09:59:21.7578507Z strace set to manually installed.
2026-10-08T09:59:21.7579661Z 0 upgraded, 0 newly installed, 0 to remove and 17 not upgraded.
2026-10-08T09:59:21.7656374Z ##[group]Run REF=$(git rev-parse --verify --quiet 'HEAD^1^{commit}') || REF=HEAD
2026-10-08T09:59:21.7656954Z [36;1mREF=$(git rev-parse --verify --quiet 'HEAD^1^{commit}') || REF=HEAD[0m
2026-10-08T09:59:21.7657444Z [36;1m# --record-only, on both paths: merging here would overwrite the[0m
2026-10-08T09:59:21.7657937Z [36;1m# committed tests/closures.json with what this run just measured, and[0m
2026-10-08T09:59:21.7658410Z [36;1m# the check below would then compare the file against itself.[0m
2026-10-08T09:59:21.7658797Z [36;1mif [ "$SCOPE_CASE" = "scoped" ]; then[0m
2026-10-08T09:59:21.7659160Z [36;1m  printf '%s\n' "$SCOPE_SCRIPTS" > "$RUNNER_TEMP/rederive.txt"[0m
2026-10-08T09:59:21.7659845Z [36;1m  echo "Scoped re-derive; every other closure is left as committed:"[0m
2026-10-08T09:59:21.7660237Z [36;1m  cat "$RUNNER_TEMP/rederive.txt"[0m
2026-10-08T09:59:21.7660526Z [36;1m  while read -r s; do[0m
2026-10-08T09:59:21.7660800Z [36;1m    [ -n "$s" ] || continue[0m
2026-10-08T09:59:21.7661111Z [36;1m    GOLDEN_REF="$REF" ./tests/derive_closures.sh \[0m
2026-10-08T09:59:21.7661523Z [36;1m      --single "$s" --out-dir "$RUNNER_TEMP/closures" --record-only[0m
2026-10-08T09:59:21.7661906Z [36;1m  done < "$RUNNER_TEMP/rederive.txt"[0m
2026-10-08T09:59:21.7662179Z [36;1melse[0m
2026-10-08T09:59:21.7662422Z [36;1m  GOLDEN_REF="$REF" ./tests/derive_closures.sh \[0m
2026-10-08T09:59:21.7662796Z [36;1m    --out-dir "$RUNNER_TEMP/closures" --record-only[0m
2026-10-08T09:59:21.7663116Z [36;1mfi[0m
2026-10-08T09:59:21.7726414Z shell: /usr/bin/bash -e {0}
2026-10-08T09:59:21.7726669Z env:
2026-10-08T09:59:21.7726859Z   DOCS_ONLY_FAST: false
2026-10-08T09:59:21.7727154Z   pythonLocation: /opt/hostedtoolcache/Python/3.13.16/x64
2026-10-08T09:59:21.7727606Z   PKG_CONFIG_PATH: /opt/hostedtoolcache/Python/3.13.16/x64/lib/pkgconfig
2026-10-08T09:59:21.7728042Z   Python_ROOT_DIR: /opt/hostedtoolcache/Python/3.13.16/x64
2026-10-08T09:59:21.7728429Z   Python2_ROOT_DIR: /opt/hostedtoolcache/Python/3.13.16/x64
2026-10-08T09:59:21.7728806Z   Python3_ROOT_DIR: /opt/hostedtoolcache/Python/3.13.16/x64
2026-10-08T09:59:21.7729185Z   LD_LIBRARY_PATH: /opt/hostedtoolcache/Python/3.13.16/x64/lib
2026-10-08T09:59:21.7729828Z   OMP_NUM_THREADS: 1
2026-10-08T09:59:21.7730053Z   OPENBLAS_NUM_THREADS: 1
2026-10-08T09:59:21.7730271Z   MKL_NUM_THREADS: 1
2026-10-08T09:59:21.7730476Z   SCOPE_CASE: 
2026-10-08T09:59:21.7730666Z   SCOPE_SCRIPTS: 
2026-10-08T09:59:21.7730879Z ##[endgroup]
2026-10-08T09:59:21.7898938Z   [09:59:21] record tests/stress.py 
2026-10-08T09:59:21.7901305Z   [09:59:21] record tests/features.py 
2026-10-08T09:59:21.7903057Z   [09:59:21] record tests/block_duty.py 
2026-10-08T09:59:25.7969613Z   [09:59:25] done   tests/block_duty.py (exit 0)
2026-10-08T09:59:25.7987954Z   [09:59:25] record tests/doc_claims.py 
2026-10-08T09:59:37.0011346Z   [09:59:37] done   tests/doc_claims.py (exit 0)
2026-10-08T09:59:37.0028022Z   [09:59:37] record tests/md_tables.mjs 
2026-10-08T09:59:37.3538863Z   [09:59:37] done   tests/md_tables.mjs (exit 0)
2026-10-08T09:59:37.3554585Z   [09:59:37] record tests/wood_advisor.py 
2026-10-08T09:59:39.7980828Z   [09:59:39] done   tests/wood_advisor.py (exit 0)
2026-10-08T09:59:39.7998629Z   [09:59:39] record tests/config_flow_steps.py 
2026-10-08T10:00:13.2738735Z   [10:00:13] done   tests/config_flow_steps.py (exit 0)
2026-10-08T10:00:13.2753792Z   [10:00:13] record tests/structure.py 
2026-10-08T10:00:29.3342628Z   [10:00:29] done   tests/structure.py (exit 0)
2026-10-08T10:00:29.3361141Z   [10:00:29] record tests/arch_score.py --smoke
2026-10-08T10:06:11.2608174Z   [10:06:11] done   tests/arch_score.py (exit 0)
2026-10-08T10:06:11.2625979Z   [10:06:11] record tests/arch_score_head.py 
2026-10-08T10:06:55.4104949Z   [10:06:55] done   tests/arch_score_head.py (exit 0)
2026-10-08T10:06:55.4122782Z   [10:06:55] record tests/typing_ruler.py 
2026-10-08T10:06:56.5720889Z   [10:06:56] done   tests/typing_ruler.py (exit 0)
2026-10-08T10:06:56.5738907Z   [10:06:56] record tests/edge.py 
2026-10-08T10:07:46.6700054Z   [10:07:46] done   tests/edge.py (exit 0)
2026-10-08T10:07:46.6718094Z   [10:07:46] record tests/validate.py 
2026-10-08T10:08:45.1624590Z   [10:08:45] done   tests/validate.py (exit 0)
2026-10-08T10:08:45.1642611Z   [10:08:45] record tests/backtest.py 
2026-10-08T10:11:18.8894054Z   [10:11:18] done   tests/backtest.py (exit 0)
2026-10-08T10:11:18.8912742Z   [10:11:18] record tests/boost_drift_replay.py 
2026-10-08T10:14:01.2177826Z   [10:14:01] done   tests/stress.py (exit 0)
2026-10-08T10:14:07.3980789Z   [10:14:07] done   tests/features.py (exit 0)
2026-10-08T10:14:07.3995571Z   [10:14:07] record tests/entities.py 
2026-10-08T10:20:04.7842905Z   [10:20:04] done   tests/entities.py (exit 0)
2026-10-08T10:41:07.0046234Z   [10:41:07] done   tests/boost_drift_replay.py (exit 0)
2026-10-08T10:41:07.0058144Z   [10:41:07] record tests/ha_contract.py 
2026-10-08T10:41:07.7159916Z   [10:41:07] done   tests/ha_contract.py (exit 0)
2026-10-08T10:41:07.7173968Z   [10:41:07] record tests/manual_plan.py 
2026-10-08T10:41:17.6497063Z   [10:41:17] done   tests/manual_plan.py (exit 0)
2026-10-08T10:41:17.6509192Z   [10:41:17] record tests/open_meteo.py 
2026-10-08T10:41:18.3613346Z   [10:41:18] done   tests/open_meteo.py (exit 0)
2026-10-08T10:41:18.3626898Z   [10:41:18] record tests/solar_alignment.py 
2026-10-08T10:41:20.1848030Z   [10:41:20] done   tests/solar_alignment.py (exit 0)
2026-10-08T10:41:20.1861518Z   [10:41:20] record tests/guard_pins.py 
2026-10-08T10:41:21.9907607Z   [10:41:21] done   tests/guard_pins.py (exit 0)
2026-10-08T10:41:21.9921488Z   [10:41:21] record tests/debug_collect.py 
2026-10-08T10:41:24.2059158Z   [10:41:24] done   tests/debug_collect.py (exit 0)
2026-10-08T10:41:24.2073425Z   [10:41:24] record tests/finite_boundary.py 
2026-10-08T10:42:54.8400558Z   [10:42:54] done   tests/finite_boundary.py (exit 0)
2026-10-08T10:42:54.8413023Z   [10:42:54] record tests/harness_headers.py 
2026-10-08T10:46:43.0727420Z   [10:46:43] done   tests/harness_headers.py (exit 0)
2026-10-08T10:46:43.0740307Z   [10:46:43] record tests/layout.py 
2026-10-08T10:47:00.3067642Z   [10:47:00] done   tests/layout.py (exit 0)
2026-10-08T10:47:00.3081136Z   [10:47:00] record tests/deployment_shape.py 
2026-10-08T10:47:04.4587877Z   [10:47:04] done   tests/deployment_shape.py (exit 0)
2026-10-08T10:47:04.4601566Z   [10:47:04] record tests/optimality.py 
2026-10-08T10:50:15.2516194Z   [10:50:15] done   tests/optimality.py (exit 0)
2026-10-08T10:50:15.2531810Z   [10:50:15] record tests/dst_checks.py 
2026-10-08T10:51:47.9646841Z   [10:51:47] done   tests/dst_checks.py (exit 0)
2026-10-08T10:51:47.9659985Z   [10:51:47] record tests/golden.py --only __no_such_scenario__
2026-10-08T10:51:49.3562021Z   [10:51:49] done   tests/golden.py (exit 0)
2026-10-08T10:51:49.3574581Z   [10:51:49] record tests/env_drift.py --cache-key 74689d11df5485f251679cad912c061d014c7907 --all
2026-10-08T10:51:50.7441121Z   [10:51:50] done   tests/env_drift.py (exit 0)
2026-10-08T10:51:50.7453797Z   [10:51:50] record tests/plan_view.py 
2026-10-08T10:51:52.8363509Z   [10:51:52] done   tests/plan_view.py (exit 0)
2026-10-08T10:51:52.8376919Z   [10:51:52] record tests/frontend.py 
2026-10-08T10:51:53.2150833Z   [10:51:53] done   tests/frontend.py (exit 0)
2026-10-08T10:51:53.2163733Z   [10:51:53] record tests/card.mjs 
2026-10-08T10:52:11.9376551Z   [10:52:11] done   tests/card.mjs (exit 0)
2026-10-08T10:52:11.9390337Z   [10:52:11] record tests/card_drift.mjs 
2026-10-08T10:52:17.3718589Z   [10:52:17] done   tests/card_drift.mjs (exit 0)
2026-10-08T10:52:17.3720620Z 
2026-10-08T10:52:17.3721719Z recorded into /home/runner/work/_temp/closures; tests/closures.json left untouched (--record-only)
2026-10-08T10:52:17.3773150Z ##[group]Run # --partial drops one check and one only: "a selectable script with
2026-10-08T10:52:17.3773759Z [36;1m# --partial drops one check and one only: "a selectable script with[0m
2026-10-08T10:52:17.3774244Z [36;1m# no recording at all", which a scoped re-derive fails by[0m
2026-10-08T10:52:17.3774709Z [36;1m# construction. The under-approximation comparison -- the thing this[0m
2026-10-08T10:52:17.3775204Z [36;1m# job exists for -- is identical on both paths. The output goes to[0m
2026-10-08T10:52:17.3775668Z [36;1m# check.txt in the uploaded recordings: closures-autofix runs the[0m
2026-10-08T10:52:17.3776140Z [36;1m# base's closure.py, and reddens where this one printed UNDER-SCOPED[0m
2026-10-08T10:52:17.3776523Z [36;1m# and that one did not (#1846).[0m
2026-10-08T10:52:17.3776811Z [36;1mset -o pipefail[0m
2026-10-08T10:52:17.3777066Z [36;1mif [ "$SCOPE_CASE" = "scoped" ]; then[0m
2026-10-08T10:52:17.3777668Z [36;1m  python -u tests/closure.py check --in-dir "$RUNNER_TEMP/closures" --partial 2>&1 | tee "$RUNNER_TEMP/closures/check.txt"[0m
2026-10-08T10:52:17.3778212Z [36;1melse[0m
2026-10-08T10:52:17.3778652Z [36;1m  python -u tests/closure.py check --in-dir "$RUNNER_TEMP/closures" 2>&1 | tee "$RUNNER_TEMP/closures/check.txt"[0m
2026-10-08T10:52:17.3779155Z [36;1mfi[0m
2026-10-08T10:52:17.3843267Z shell: /usr/bin/bash -e {0}
2026-10-08T10:52:17.3843512Z env:
2026-10-08T10:52:17.3843703Z   DOCS_ONLY_FAST: false
2026-10-08T10:52:17.3843998Z   pythonLocation: /opt/hostedtoolcache/Python/3.13.16/x64
2026-10-08T10:52:17.3844445Z   PKG_CONFIG_PATH: /opt/hostedtoolcache/Python/3.13.16/x64/lib/pkgconfig
2026-10-08T10:52:17.3844879Z   Python_ROOT_DIR: /opt/hostedtoolcache/Python/3.13.16/x64
2026-10-08T10:52:17.3845272Z   Python2_ROOT_DIR: /opt/hostedtoolcache/Python/3.13.16/x64
2026-10-08T10:52:17.3845659Z   Python3_ROOT_DIR: /opt/hostedtoolcache/Python/3.13.16/x64
2026-10-08T10:52:17.3846040Z   LD_LIBRARY_PATH: /opt/hostedtoolcache/Python/3.13.16/x64/lib
2026-10-08T10:52:17.3846375Z   PYTHONPATH: tests/hastub
2026-10-08T10:52:17.3846594Z   SCOPE_CASE: 
2026-10-08T10:52:17.3846784Z ##[endgroup]
2026-10-08T10:52:17.5503127Z INERT READS UNDER-APPROXIMATED: a recording opened an INERT file the
2026-10-08T10:52:17.5505002Z   committed `inert_reads` does not list for it; the merge fast path
2026-10-08T10:52:17.5505831Z   would treat a change to it as unread (R9-F10.9d). Re-derive:
2026-10-08T10:52:17.5506658Z   ./tests/derive_closures.sh --single <script>
2026-10-08T10:52:17.5507516Z     tests/harness_headers.py: dev/audit/harnesses/git_auto_maintenance_race.sh
2026-10-08T10:52:17.5611723Z ##[error]Process completed with exit code 1.
2026-10-08T10:52:17.5761118Z Post job cleanup.
2026-10-08T10:52:17.6670539Z [command]/usr/bin/git version
2026-10-08T10:52:17.6715861Z git version 2.55.0
2026-10-08T10:52:17.6760904Z Temporarily overriding HOME='/home/runner/work/_temp/de151dfd-98ec-49d6-a613-3b8dad56fb59' before making global git config changes
2026-10-08T10:52:17.6762743Z Adding repository directory to the temporary git global config as a safe directory
2026-10-08T10:52:17.6767032Z [command]/usr/bin/git config --global --add safe.directory /home/runner/work/heatpump_optimizer/heatpump_optimizer
2026-10-08T10:52:17.6808705Z [command]/usr/bin/git config --local --name-only --get-regexp core\.sshCommand
2026-10-08T10:52:17.6845189Z [command]/usr/bin/git submodule foreach --recursive sh -c "git config --local --name-only --get-regexp 'core\.sshCommand' && git config --local --unset-all 'core.sshCommand' || :"
2026-10-08T10:52:17.7115944Z [command]/usr/bin/git config --local --name-only --get-regexp http\.https\:\/\/github\.com\/\.extraheader
2026-10-08T10:52:17.7141016Z http.https://github.com/.extraheader
2026-10-08T10:52:17.7153965Z [command]/usr/bin/git config --local --unset-all http.https://github.com/.extraheader
2026-10-08T10:52:17.7190001Z [command]/usr/bin/git submodule foreach --recursive sh -c "git config --local --name-only --get-regexp 'http\.https\:\/\/github\.com\/\.extraheader' && git config --local --unset-all 'http.https://github.com/.extraheader' || :"
2026-10-08T10:52:17.7490458Z [command]/usr/bin/git config --local --name-only --get-regexp ^includeIf\.gitdir:
2026-10-08T10:52:17.7516649Z [command]/usr/bin/git submodule foreach --recursive git config --local --show-origin --name-only --get-regexp remote.origin.url
2026-10-08T10:52:17.7901907Z Cleaning up orphan processes
