2026-10-07T11:42:52.7148970Z Current runner version: '2.337.0'
2026-10-07T11:42:52.7176116Z ##[group]Runner Image Provisioner
2026-10-07T11:42:52.7177031Z Hosted Compute Agent
2026-10-07T11:42:52.7177758Z Version: 20260901.588
2026-10-07T11:42:52.7178458Z Commit: f88ec8081b781fac6c440065ac7ff9e710ce3d0b
2026-10-07T11:42:52.7179203Z Build Date: 2026-09-01T19:56:44Z
2026-10-07T11:42:52.7179988Z Worker ID: {8bd4ea74-29c2-4dea-b74c-1765227252b5}
2026-10-07T11:42:52.7180726Z Azure Region: westus2
2026-10-07T11:42:52.7181386Z ##[endgroup]
2026-10-07T11:42:52.7183258Z ##[group]Operating System
2026-10-07T11:42:52.7183950Z Ubuntu
2026-10-07T11:42:52.7184600Z 24.04.5
2026-10-07T11:42:52.7185149Z LTS
2026-10-07T11:42:52.7185749Z ##[endgroup]
2026-10-07T11:42:52.7186345Z ##[group]Runner Image
2026-10-07T11:42:52.7186960Z Image: ubuntu-24.04
2026-10-07T11:42:52.7187763Z Version: 20260927.320.1
2026-10-07T11:42:52.7189085Z Included Software: https://github.com/actions/runner-images/blob/ubuntu24/20260927.320/images/ubuntu/Ubuntu2404-Readme.md
2026-10-07T11:42:52.7190773Z Image Release: https://github.com/actions/runner-images/releases/tag/ubuntu24%2F20260927.320
2026-10-07T11:42:52.7191777Z ##[endgroup]
2026-10-07T11:42:52.7193227Z ##[group]GITHUB_TOKEN Permissions
2026-10-07T11:42:52.7195380Z Contents: read
2026-10-07T11:42:52.7196110Z Metadata: read
2026-10-07T11:42:52.7196702Z ##[endgroup]
2026-10-07T11:42:52.7198833Z Secret source: Actions
2026-10-07T11:42:52.7199946Z Cache mode: write
2026-10-07T11:42:52.7200677Z Prepare workflow directory
2026-10-07T11:42:52.7560822Z Prepare all required actions
2026-10-07T11:42:52.7634057Z Getting action download info
2026-10-07T11:42:53.1075872Z Download action repository 'actions/checkout@fbc6f3992d24b796d5a048ff273f7fcc4a7b6c09' (SHA:fbc6f3992d24b796d5a048ff273f7fcc4a7b6c09)
2026-10-07T11:42:53.2263550Z Download action repository 'actions/setup-python@ece7cb06caefa5fff74198d8649806c4678c61a1' (SHA:ece7cb06caefa5fff74198d8649806c4678c61a1)
2026-10-07T11:42:53.4465030Z Complete job name: delivery-status
2026-10-07T11:42:53.5248081Z ##[group]Run actions/checkout@fbc6f3992d24b796d5a048ff273f7fcc4a7b6c09
2026-10-07T11:42:53.5249189Z with:
2026-10-07T11:42:53.5249648Z   fetch-depth: 0
2026-10-07T11:42:53.5250150Z   repository: tvofi/heatpump_optimizer
2026-10-07T11:42:53.5254233Z   token: ***
2026-10-07T11:42:53.5254761Z   ssh-strict: true
2026-10-07T11:42:53.5255278Z   ssh-user: git
2026-10-07T11:42:53.5255745Z   persist-credentials: true
2026-10-07T11:42:53.5256264Z   clean: true
2026-10-07T11:42:53.5256736Z   sparse-checkout-cone-mode: true
2026-10-07T11:42:53.5257293Z   fetch-tags: false
2026-10-07T11:42:53.5257763Z   show-progress: true
2026-10-07T11:42:53.5258245Z   lfs: false
2026-10-07T11:42:53.5258677Z   submodules: false
2026-10-07T11:42:53.5259149Z   set-safe-directory: true
2026-10-07T11:42:53.5259680Z   allow-unsafe-pr-checkout: false
2026-10-07T11:42:53.5260550Z ##[endgroup]
2026-10-07T11:42:53.6257890Z Syncing repository: tvofi/heatpump_optimizer
2026-10-07T11:42:53.6260804Z ##[group]Getting Git version info
2026-10-07T11:42:53.6262737Z Working directory is '/home/runner/work/heatpump_optimizer/heatpump_optimizer'
2026-10-07T11:42:53.6264998Z [command]/usr/bin/git version
2026-10-07T11:42:53.6381398Z git version 2.55.0
2026-10-07T11:42:53.6429505Z ##[endgroup]
2026-10-07T11:42:53.6445538Z Temporarily overriding HOME='/home/runner/work/_temp/e21d4635-21b2-4257-8e05-6dec263dbe94' before making global git config changes
2026-10-07T11:42:53.6447943Z Adding repository directory to the temporary git global config as a safe directory
2026-10-07T11:42:53.6451366Z [command]/usr/bin/git config --global --add safe.directory /home/runner/work/heatpump_optimizer/heatpump_optimizer
2026-10-07T11:42:53.6506329Z Deleting the contents of '/home/runner/work/heatpump_optimizer/heatpump_optimizer'
2026-10-07T11:42:53.6510514Z ##[group]Initializing the repository
2026-10-07T11:42:53.6515003Z [command]/usr/bin/git init /home/runner/work/heatpump_optimizer/heatpump_optimizer
2026-10-07T11:42:53.6649483Z hint: Using 'master' as the name for the initial branch. This default branch name
2026-10-07T11:42:53.6651791Z hint: will change to "main" in Git 3.0. To configure the initial branch name
2026-10-07T11:42:53.6653795Z hint: to use in all of your new repositories, which will suppress this warning,
2026-10-07T11:42:53.6655154Z hint: call:
2026-10-07T11:42:53.6655773Z hint:
2026-10-07T11:42:53.6656762Z hint: 	git config --global init.defaultBranch <name>
2026-10-07T11:42:53.6657523Z hint:
2026-10-07T11:42:53.6658620Z hint: Names commonly chosen instead of 'master' are 'main', 'trunk' and
2026-10-07T11:42:53.6659995Z hint: 'development'. The just-created branch can be renamed via this command:
2026-10-07T11:42:53.6660812Z hint:
2026-10-07T11:42:53.6661254Z hint: 	git branch -m <name>
2026-10-07T11:42:53.6661755Z hint:
2026-10-07T11:42:53.6662764Z hint: Disable this message with "git config set advice.defaultBranchName false"
2026-10-07T11:42:53.6664104Z Initialized empty Git repository in /home/runner/work/heatpump_optimizer/heatpump_optimizer/.git/
2026-10-07T11:42:53.6668836Z [command]/usr/bin/git remote add origin https://github.com/tvofi/heatpump_optimizer
2026-10-07T11:42:53.6738707Z ##[endgroup]
2026-10-07T11:42:53.6740253Z ##[group]Disabling automatic garbage collection
2026-10-07T11:42:53.6741382Z [command]/usr/bin/git config --local gc.auto 0
2026-10-07T11:42:53.6775327Z ##[endgroup]
2026-10-07T11:42:53.6776855Z ##[group]Setting up auth
2026-10-07T11:42:53.6779024Z [command]/usr/bin/git config --local --name-only --get-regexp core\.sshCommand
2026-10-07T11:42:53.6844125Z [command]/usr/bin/git submodule foreach --recursive sh -c "git config --local --name-only --get-regexp 'core\.sshCommand' && git config --local --unset-all 'core.sshCommand' || :"
2026-10-07T11:42:53.7217467Z [command]/usr/bin/git config --local --name-only --get-regexp http\.https\:\/\/github\.com\/\.extraheader
2026-10-07T11:42:53.7256758Z [command]/usr/bin/git submodule foreach --recursive sh -c "git config --local --name-only --get-regexp 'http\.https\:\/\/github\.com\/\.extraheader' && git config --local --unset-all 'http.https://github.com/.extraheader' || :"
2026-10-07T11:42:53.7483701Z [command]/usr/bin/git config --local --name-only --get-regexp ^includeIf\.gitdir:
2026-10-07T11:42:53.7521574Z [command]/usr/bin/git submodule foreach --recursive git config --local --show-origin --name-only --get-regexp remote.origin.url
2026-10-07T11:42:53.7753882Z [command]/usr/bin/git config --local http.https://github.com/.extraheader AUTHORIZATION: basic ***
2026-10-07T11:42:53.7798945Z ##[endgroup]
2026-10-07T11:42:53.7800708Z ##[group]Fetching the repository
2026-10-07T11:42:53.7812559Z [command]/usr/bin/git -c protocol.version=2 fetch --prune --no-recurse-submodules origin +refs/heads/*:refs/remotes/origin/* +refs/tags/*:refs/tags/* +a90868ba0324df43f0ed3ffb615a3bd8a585ef1e:refs/remotes/pull/2015/merge
2026-10-07T11:43:03.9086546Z From https://github.com/tvofi/heatpump_optimizer
2026-10-07T11:43:03.9088179Z  * [new branch]        bus/approvals           -> origin/bus/approvals
2026-10-07T11:43:03.9089857Z  * [new branch]        cursor/r9-eg-entry-config-9aac -> origin/cursor/r9-eg-entry-config-9aac
2026-10-07T11:43:03.9091410Z  * [new branch]        cursor/r9-sw-1-resume-826f -> origin/cursor/r9-sw-1-resume-826f
2026-10-07T11:43:03.9093184Z  * [new branch]        cursor/r9-sw-2-actuation-6d19 -> origin/cursor/r9-sw-2-actuation-6d19
2026-10-07T11:43:03.9094432Z  * [new branch]        fix/r9-dbg-1            -> origin/fix/r9-dbg-1
2026-10-07T11:43:03.9095604Z  * [new branch]        fix/r9-eg-b7-harness    -> origin/fix/r9-eg-b7-harness
2026-10-07T11:43:03.9096800Z  * [new branch]        fix/r9-rca-1985         -> origin/fix/r9-rca-1985
2026-10-07T11:43:03.9097955Z  * [new branch]        fix/r9-rca-1990         -> origin/fix/r9-rca-1990
2026-10-07T11:43:03.9099157Z  * [new branch]        fix/r9-rca-2004         -> origin/fix/r9-rca-2004
2026-10-07T11:43:03.9100036Z  * [new branch]        fix/r9-record-path      -> origin/fix/r9-record-path
2026-10-07T11:43:03.9100834Z  * [new branch]        fix/r9-ro-8             -> origin/fix/r9-ro-8
2026-10-07T11:43:03.9102187Z  * [new branch]        fix/r9-sw-5             -> origin/fix/r9-sw-5
2026-10-07T11:43:03.9103366Z  * [new branch]        fix/r9-sw-actuation     -> origin/fix/r9-sw-actuation
2026-10-07T11:43:03.9104368Z  * [new branch]        fix/r9-ux-actions       -> origin/fix/r9-ux-actions
2026-10-07T11:43:03.9105383Z  * [new branch]        handoff-body/r9-dbg-1   -> origin/handoff-body/r9-dbg-1
2026-10-07T11:43:03.9106370Z  * [new branch]        handoff-body/r9-eg-b7-harness -> origin/handoff-body/r9-eg-b7-harness
2026-10-07T11:43:03.9107331Z  * [new branch]        handoff-body/r9-eg-coordinator-seams -> origin/handoff-body/r9-eg-coordinator-seams
2026-10-07T11:43:03.9108042Z  * [new branch]        handoff-body/r9-eg-entry-config -> origin/handoff-body/r9-eg-entry-config
2026-10-07T11:43:03.9108733Z  * [new branch]        handoff-body/r9-eg-solve-inputs -> origin/handoff-body/r9-eg-solve-inputs
2026-10-07T11:43:03.9109400Z  * [new branch]        handoff-body/r9-prepr-selftest -> origin/handoff-body/r9-prepr-selftest
2026-10-07T11:43:03.9110033Z  * [new branch]        handoff-body/r9-rca-1985 -> origin/handoff-body/r9-rca-1985
2026-10-07T11:43:03.9110624Z  * [new branch]        handoff-body/r9-rca-1990 -> origin/handoff-body/r9-rca-1990
2026-10-07T11:43:03.9111214Z  * [new branch]        handoff-body/r9-rca-2004 -> origin/handoff-body/r9-rca-2004
2026-10-07T11:43:03.9112229Z  * [new branch]        handoff-body/r9-rca-stress-recording -> origin/handoff-body/r9-rca-stress-recording
2026-10-07T11:43:03.9113015Z  * [new branch]        handoff-body/r9-record-path -> origin/handoff-body/r9-record-path
2026-10-07T11:43:03.9113632Z  * [new branch]        handoff-body/r9-ro-8    -> origin/handoff-body/r9-ro-8
2026-10-07T11:43:03.9114309Z  * [new branch]        handoff-body/r9-sw-5    -> origin/handoff-body/r9-sw-5
2026-10-07T11:43:03.9114911Z  * [new branch]        handoff-body/r9-sw-actuation -> origin/handoff-body/r9-sw-actuation
2026-10-07T11:43:03.9116062Z  * [new branch]        handoff-body/r9-sw6     -> origin/handoff-body/r9-sw6
2026-10-07T11:43:03.9116786Z  * [new branch]        handoff-body/r9-ux-actions -> origin/handoff-body/r9-ux-actions
2026-10-07T11:43:03.9117357Z  * [new branch]        handoff/audit-r9-alt    -> origin/handoff/audit-r9-alt
2026-10-07T11:43:03.9118189Z  * [new branch]        handoff/audit-r9-evidence -> origin/handoff/audit-r9-evidence
2026-10-07T11:43:03.9119151Z  * [new branch]        handoff/audit-r9-find-B1 -> origin/handoff/audit-r9-find-B1
2026-10-07T11:43:03.9120057Z  * [new branch]        handoff/audit-r9-find-B10 -> origin/handoff/audit-r9-find-B10
2026-10-07T11:43:03.9120999Z  * [new branch]        handoff/audit-r9-find-B2 -> origin/handoff/audit-r9-find-B2
2026-10-07T11:43:03.9122264Z  * [new branch]        handoff/audit-r9-find-B3 -> origin/handoff/audit-r9-find-B3
2026-10-07T11:43:03.9123171Z  * [new branch]        handoff/audit-r9-find-B4 -> origin/handoff/audit-r9-find-B4
2026-10-07T11:43:03.9123754Z  * [new branch]        handoff/audit-r9-find-B5 -> origin/handoff/audit-r9-find-B5
2026-10-07T11:43:03.9124321Z  * [new branch]        handoff/audit-r9-find-B6 -> origin/handoff/audit-r9-find-B6
2026-10-07T11:43:03.9124908Z  * [new branch]        handoff/audit-r9-find-B7 -> origin/handoff/audit-r9-find-B7
2026-10-07T11:43:03.9125444Z  * [new branch]        handoff/audit-r9-find-B8 -> origin/handoff/audit-r9-find-B8
2026-10-07T11:43:03.9126021Z  * [new branch]        handoff/audit-r9-find-B9 -> origin/handoff/audit-r9-find-B9
2026-10-07T11:43:03.9126628Z  * [new branch]        handoff/audit-r9-fixplan -> origin/handoff/audit-r9-fixplan
2026-10-07T11:43:03.9127183Z  * [new branch]        handoff/audit-r9-issues -> origin/handoff/audit-r9-issues
2026-10-07T11:43:03.9127718Z  * [new branch]        handoff/audit-r9-judge  -> origin/handoff/audit-r9-judge
2026-10-07T11:43:03.9128243Z  * [new branch]        handoff/audit-r9-leads  -> origin/handoff/audit-r9-leads
2026-10-07T11:43:03.9128828Z  * [new branch]        handoff/audit-r9-leads-l2 -> origin/handoff/audit-r9-leads-l2
2026-10-07T11:43:03.9129602Z  * [new branch]        handoff/audit-r9-leads-l3 -> origin/handoff/audit-r9-leads-l3
2026-10-07T11:43:03.9130181Z  * [new branch]        handoff/audit-r9-leads-l4 -> origin/handoff/audit-r9-leads-l4
2026-10-07T11:43:03.9130742Z  * [new branch]        handoff/audit-r9-leads-lc -> origin/handoff/audit-r9-leads-lc
2026-10-07T11:43:03.9131284Z  * [new branch]        handoff/audit-r9-plan   -> origin/handoff/audit-r9-plan
2026-10-07T11:43:03.9132273Z  * [new branch]        handoff/audit-r9-register -> origin/handoff/audit-r9-register
2026-10-07T11:43:03.9133486Z  * [new branch]        handoff/audit-r9-runner-1 -> origin/handoff/audit-r9-runner-1
2026-10-07T11:43:03.9134471Z  * [new branch]        handoff/audit-r9-sweep-s1 -> origin/handoff/audit-r9-sweep-s1
2026-10-07T11:43:03.9135443Z  * [new branch]        handoff/audit-r9-sweep-s2 -> origin/handoff/audit-r9-sweep-s2
2026-10-07T11:43:03.9136412Z  * [new branch]        handoff/audit-r9-sweep-s3 -> origin/handoff/audit-r9-sweep-s3
2026-10-07T11:43:03.9137390Z  * [new branch]        handoff/audit-r9-sweep-s4 -> origin/handoff/audit-r9-sweep-s4
2026-10-07T11:43:03.9138224Z  * [new branch]        handoff/audit-r9-sweep-s5 -> origin/handoff/audit-r9-sweep-s5
2026-10-07T11:43:03.9138793Z  * [new branch]        handoff/audit-r9-sweep-s6 -> origin/handoff/audit-r9-sweep-s6
2026-10-07T11:43:03.9139355Z  * [new branch]        handoff/audit-r9-sweep-s7 -> origin/handoff/audit-r9-sweep-s7
2026-10-07T11:43:03.9139964Z  * [new branch]        handoff/audit-r9-verify-g1-v1 -> origin/handoff/audit-r9-verify-g1-v1
2026-10-07T11:43:03.9140591Z  * [new branch]        handoff/audit-r9-verify-g1-v2 -> origin/handoff/audit-r9-verify-g1-v2
2026-10-07T11:43:03.9141240Z  * [new branch]        handoff/audit-r9-verify-g1-v3 -> origin/handoff/audit-r9-verify-g1-v3
2026-10-07T11:43:03.9142147Z  * [new branch]        handoff/audit-r9-verify-g2-v1 -> origin/handoff/audit-r9-verify-g2-v1
2026-10-07T11:43:03.9143010Z  * [new branch]        handoff/audit-r9-verify-g2-v2 -> origin/handoff/audit-r9-verify-g2-v2
2026-10-07T11:43:03.9143647Z  * [new branch]        handoff/audit-r9-verify-g2-v3 -> origin/handoff/audit-r9-verify-g2-v3
2026-10-07T11:43:03.9144264Z  * [new branch]        handoff/audit-r9-verify-g3-v1 -> origin/handoff/audit-r9-verify-g3-v1
2026-10-07T11:43:03.9144869Z  * [new branch]        handoff/audit-r9-verify-g3-v2 -> origin/handoff/audit-r9-verify-g3-v2
2026-10-07T11:43:03.9145469Z  * [new branch]        handoff/audit-r9-verify-g3-v3 -> origin/handoff/audit-r9-verify-g3-v3
2026-10-07T11:43:03.9146073Z  * [new branch]        handoff/audit-r9-verify-g4-v1 -> origin/handoff/audit-r9-verify-g4-v1
2026-10-07T11:43:03.9146667Z  * [new branch]        handoff/audit-r9-verify-g4-v2 -> origin/handoff/audit-r9-verify-g4-v2
2026-10-07T11:43:03.9147266Z  * [new branch]        handoff/audit-r9-verify-g4-v3 -> origin/handoff/audit-r9-verify-g4-v3
2026-10-07T11:43:03.9147819Z  * [new branch]        handoff/r9-dbg-0        -> origin/handoff/r9-dbg-0
2026-10-07T11:43:03.9148322Z  * [new branch]        handoff/r9-dbg-1        -> origin/handoff/r9-dbg-1
2026-10-07T11:43:03.9148790Z  * [new branch]        handoff/r9-dbg-3        -> origin/handoff/r9-dbg-3
2026-10-07T11:43:03.9149268Z  * [new branch]        handoff/r9-diag-1       -> origin/handoff/r9-diag-1
2026-10-07T11:43:03.9149776Z  * [new branch]        handoff/r9-diag-2s      -> origin/handoff/r9-diag-2s
2026-10-07T11:43:03.9150298Z  * [new branch]        handoff/r9-eg-archscore -> origin/handoff/r9-eg-archscore
2026-10-07T11:43:03.9150807Z  * [new branch]        handoff/r9-eg-b0        -> origin/handoff/r9-eg-b0
2026-10-07T11:43:03.9151321Z  * [new branch]        handoff/r9-eg-b7-harness -> origin/handoff/r9-eg-b7-harness
2026-10-07T11:43:03.9152162Z  * [new branch]        handoff/r9-eg-collaborator-interfaces -> origin/handoff/r9-eg-collaborator-interfaces
2026-10-07T11:43:03.9153074Z  * [new branch]        handoff/r9-eg-coordinator-seams -> origin/handoff/r9-eg-coordinator-seams
2026-10-07T11:43:03.9153937Z  * [new branch]        handoff/r9-eg-dhw-closure-dedupe-v2 -> origin/handoff/r9-eg-dhw-closure-dedupe-v2
2026-10-07T11:43:03.9154579Z  * [new branch]        handoff/r9-eg-dhw-planner -> origin/handoff/r9-eg-dhw-planner
2026-10-07T11:43:03.9155161Z  * [new branch]        handoff/r9-eg-entry-config -> origin/handoff/r9-eg-entry-config
2026-10-07T11:43:03.9155717Z  * [new branch]        handoff/r9-eg-one-copy  -> origin/handoff/r9-eg-one-copy
2026-10-07T11:43:03.9156320Z  * [new branch]        handoff/r9-eg-param-objects -> origin/handoff/r9-eg-param-objects
2026-10-07T11:43:03.9156920Z  * [new branch]        handoff/r9-eg-register-fold -> origin/handoff/r9-eg-register-fold
2026-10-07T11:43:03.9157499Z  * [new branch]        handoff/r9-eg-solve-inputs -> origin/handoff/r9-eg-solve-inputs
2026-10-07T11:43:03.9158072Z  * [new branch]        handoff/r9-eg-store-version -> origin/handoff/r9-eg-store-version
2026-10-07T11:43:03.9158693Z  * [new branch]        handoff/r9-eg-surface-identity -> origin/handoff/r9-eg-surface-identity
2026-10-07T11:43:03.9159317Z  * [new branch]        handoff/r9-eg-typed-payload -> origin/handoff/r9-eg-typed-payload
2026-10-07T11:43:03.9159927Z  * [new branch]        handoff/r9-eg-typed-payload-b -> origin/handoff/r9-eg-typed-payload-b
2026-10-07T11:43:03.9160540Z  * [new branch]        handoff/r9-f1-coordinator-10 -> origin/handoff/r9-f1-coordinator-10
2026-10-07T11:43:03.9161127Z  * [new branch]        handoff/r9-f1-coordinator-2 -> origin/handoff/r9-f1-coordinator-2
2026-10-07T11:43:03.9161755Z  * [new branch]        handoff/r9-f1-coordinator-3 -> origin/handoff/r9-f1-coordinator-3
2026-10-07T11:43:03.9162471Z  * [new branch]        handoff/r9-f1-coordinator-4 -> origin/handoff/r9-f1-coordinator-4
2026-10-07T11:43:03.9163045Z  * [new branch]        handoff/r9-f1-coordinator-5 -> origin/handoff/r9-f1-coordinator-5
2026-10-07T11:43:03.9163613Z  * [new branch]        handoff/r9-f1-coordinator-7 -> origin/handoff/r9-f1-coordinator-7
2026-10-07T11:43:03.9164392Z  * [new branch]        handoff/r9-f1-coordinator-7-review -> origin/handoff/r9-f1-coordinator-7-review
2026-10-07T11:43:03.9165010Z  * [new branch]        handoff/r9-f10-12       -> origin/handoff/r9-f10-12
2026-10-07T11:43:03.9165492Z  * [new branch]        handoff/r9-f10-13       -> origin/handoff/r9-f10-13
2026-10-07T11:43:03.9165967Z  * [new branch]        handoff/r9-f10-14       -> origin/handoff/r9-f10-14
2026-10-07T11:43:03.9166440Z  * [new branch]        handoff/r9-f10-15       -> origin/handoff/r9-f10-15
2026-10-07T11:43:03.9166905Z  * [new branch]        handoff/r9-f10-16       -> origin/handoff/r9-f10-16
2026-10-07T11:43:03.9167440Z  * [new branch]        handoff/r9-f10-ci-efficiency -> origin/handoff/r9-f10-ci-efficiency
2026-10-07T11:43:03.9168116Z  * [new branch]        handoff/r9-f10-claims-baseline-rca -> origin/handoff/r9-f10-claims-baseline-rca
2026-10-07T11:43:03.9168791Z  * [new branch]        handoff/r9-f10-closure-runalways -> origin/handoff/r9-f10-closure-runalways
2026-10-07T11:43:03.9169424Z  * [new branch]        handoff/r9-f10-gate-infra-1 -> origin/handoff/r9-f10-gate-infra-1
2026-10-07T11:43:03.9170029Z  * [new branch]        handoff/r9-f10-gate-infra-1d -> origin/handoff/r9-f10-gate-infra-1d
2026-10-07T11:43:03.9170611Z  * [new branch]        handoff/r9-f10-gate-infra-4 -> origin/handoff/r9-f10-gate-infra-4
2026-10-07T11:43:03.9171178Z  * [new branch]        handoff/r9-f10-gate-infra-5 -> origin/handoff/r9-f10-gate-infra-5
2026-10-07T11:43:03.9171736Z  * [new branch]        handoff/r9-f10-gate-infra-6 -> origin/handoff/r9-f10-gate-infra-6
2026-10-07T11:43:03.9172491Z  * [new branch]        handoff/r9-f10-harness-timeout -> origin/handoff/r9-f10-harness-timeout
2026-10-07T11:43:03.9173115Z  * [new branch]        handoff/r9-f10-loop-heartbeat -> origin/handoff/r9-f10-loop-heartbeat
2026-10-07T11:43:03.9173707Z  * [new branch]        handoff/r9-f10-merge-queue -> origin/handoff/r9-f10-merge-queue
2026-10-07T11:43:03.9174272Z  * [new branch]        handoff/r9-f11-governance-1 -> origin/handoff/r9-f11-governance-1
2026-10-07T11:43:03.9174976Z  * [new branch]        handoff/r9-f11-governance-3 -> origin/handoff/r9-f11-governance-3
2026-10-07T11:43:03.9175532Z  * [new branch]        handoff/r9-f11-governance-4 -> origin/handoff/r9-f11-governance-4
2026-10-07T11:43:03.9176160Z  * [new branch]        handoff/r9-f11-governance-4-review -> origin/handoff/r9-f11-governance-4-review
2026-10-07T11:43:03.9176793Z  * [new branch]        handoff/r9-f11-governance-5 -> origin/handoff/r9-f11-governance-5
2026-10-07T11:43:03.9177356Z  * [new branch]        handoff/r9-f11-governance-6 -> origin/handoff/r9-f11-governance-6
2026-10-07T11:43:03.9177915Z  * [new branch]        handoff/r9-f11-governance-7 -> origin/handoff/r9-f11-governance-7
2026-10-07T11:43:03.9178464Z  * [new branch]        handoff/r9-f2-solver-1  -> origin/handoff/r9-f2-solver-1
2026-10-07T11:43:03.9178982Z  * [new branch]        handoff/r9-f2-solver-3  -> origin/handoff/r9-f2-solver-3
2026-10-07T11:43:03.9179495Z  * [new branch]        handoff/r9-f2-solver-4  -> origin/handoff/r9-f2-solver-4
2026-10-07T11:43:03.9180007Z  * [new branch]        handoff/r9-f2-solver-5  -> origin/handoff/r9-f2-solver-5
2026-10-07T11:43:03.9180516Z  * [new branch]        handoff/r9-f3-stores-1  -> origin/handoff/r9-f3-stores-1
2026-10-07T11:43:03.9181028Z  * [new branch]        handoff/r9-f3-stores-3  -> origin/handoff/r9-f3-stores-3
2026-10-07T11:43:03.9181628Z  * [new branch]        handoff/r9-f4-inputs-sysid-1 -> origin/handoff/r9-f4-inputs-sysid-1
2026-10-07T11:43:03.9182367Z  * [new branch]        handoff/r9-f4-inputs-sysid-2 -> origin/handoff/r9-f4-inputs-sysid-2
2026-10-07T11:43:03.9182948Z  * [new branch]        handoff/r9-f5-config-text-1 -> origin/handoff/r9-f5-config-text-1
2026-10-07T11:43:03.9183489Z  * [new branch]        handoff/r9-f6-card-1    -> origin/handoff/r9-f6-card-1
2026-10-07T11:43:03.9183988Z  * [new branch]        handoff/r9-f6-card-2    -> origin/handoff/r9-f6-card-2
2026-10-07T11:43:03.9253923Z  * [new branch]        handoff/r9-f6-card-4    -> origin/handoff/r9-f6-card-4
2026-10-07T11:43:03.9255212Z  * [new branch]        handoff/r9-f7-entities-1 -> origin/handoff/r9-f7-entities-1
2026-10-07T11:43:03.9256364Z  * [new branch]        handoff/r9-f7-entities-2 -> origin/handoff/r9-f7-entities-2
2026-10-07T11:43:03.9257314Z  * [new branch]        handoff/r9-f7-family-splits -> origin/handoff/r9-f7-family-splits
2026-10-07T11:43:03.9258293Z  * [new branch]        handoff/r9-f8-docs-1    -> origin/handoff/r9-f8-docs-1
2026-10-07T11:43:03.9259198Z  * [new branch]        handoff/r9-f8-docs-2    -> origin/handoff/r9-f8-docs-2
2026-10-07T11:43:03.9260173Z  * [new branch]        handoff/r9-f8-docs-3    -> origin/handoff/r9-f8-docs-3
2026-10-07T11:43:03.9261156Z  * [new branch]        handoff/r9-f9-test-pins-2 -> origin/handoff/r9-f9-test-pins-2
2026-10-07T11:43:03.9262560Z  * [new branch]        handoff/r9-f9-test-pins-3 -> origin/handoff/r9-f9-test-pins-3
2026-10-07T11:43:03.9263554Z  * [new branch]        handoff/r9-fr-10        -> origin/handoff/r9-fr-10
2026-10-07T11:43:03.9264520Z  * [new branch]        handoff/r9-friction-study -> origin/handoff/r9-friction-study
2026-10-07T11:43:03.9265645Z  * [new branch]        handoff/r9-nightly-status-k5uati -> origin/handoff/r9-nightly-status-k5uati
2026-10-07T11:43:03.9266765Z  * [new branch]        handoff/r9-prepr-selftest -> origin/handoff/r9-prepr-selftest
2026-10-07T11:43:03.9267736Z  * [new branch]        handoff/r9-proc-1       -> origin/handoff/r9-proc-1
2026-10-07T11:43:03.9268647Z  * [new branch]        handoff/r9-proc-3       -> origin/handoff/r9-proc-3
2026-10-07T11:43:03.9269531Z  * [new branch]        handoff/r9-proc-4       -> origin/handoff/r9-proc-4
2026-10-07T11:43:03.9270462Z  * [new branch]        handoff/r9-proc-5       -> origin/handoff/r9-proc-5
2026-10-07T11:43:03.9271490Z  * [new branch]        handoff/r9-rc-prcontract-fix -> origin/handoff/r9-rc-prcontract-fix
2026-10-07T11:43:03.9272590Z  * [new branch]        handoff/r9-rca-1985     -> origin/handoff/r9-rca-1985
2026-10-07T11:43:03.9273355Z  * [new branch]        handoff/r9-rca-1990     -> origin/handoff/r9-rca-1990
2026-10-07T11:43:03.9273875Z  * [new branch]        handoff/r9-rca-2004     -> origin/handoff/r9-rca-2004
2026-10-07T11:43:03.9274707Z  * [new branch]        handoff/r9-rca-avoidable-interpreter-bound-recomputation -> origin/handoff/r9-rca-avoidable-interpreter-bound-recomputation
2026-10-07T11:43:03.9275592Z  * [new branch]        handoff/r9-rca-cpu-gate-blind -> origin/handoff/r9-rca-cpu-gate-blind
2026-10-07T11:43:03.9276154Z  * [new branch]        handoff/r9-rca-i1       -> origin/handoff/r9-rca-i1
2026-10-07T11:43:03.9276640Z  * [new branch]        handoff/r9-rca-i3       -> origin/handoff/r9-rca-i3
2026-10-07T11:43:03.9277114Z  * [new branch]        handoff/r9-rca-i4       -> origin/handoff/r9-rca-i4
2026-10-07T11:43:03.9277590Z  * [new branch]        handoff/r9-rca-i5       -> origin/handoff/r9-rca-i5
2026-10-07T11:43:03.9278100Z  * [new branch]        handoff/r9-rca-p1       -> origin/handoff/r9-rca-p1
2026-10-07T11:43:03.9278614Z  * [new branch]        handoff/r9-rca-p11      -> origin/handoff/r9-rca-p11
2026-10-07T11:43:03.9279120Z  * [new branch]        handoff/r9-rca-p2       -> origin/handoff/r9-rca-p2
2026-10-07T11:43:03.9279614Z  * [new branch]        handoff/r9-rca-p3       -> origin/handoff/r9-rca-p3
2026-10-07T11:43:03.9280098Z  * [new branch]        handoff/r9-rca-p5       -> origin/handoff/r9-rca-p5
2026-10-07T11:43:03.9280577Z  * [new branch]        handoff/r9-rca-p6       -> origin/handoff/r9-rca-p6
2026-10-07T11:43:03.9281061Z  * [new branch]        handoff/r9-rca-p9       -> origin/handoff/r9-rca-p9
2026-10-07T11:43:03.9282184Z  * [new branch]        handoff/r9-rca-persisted-future-instant-trusted-without-bound -> origin/handoff/r9-rca-persisted-future-instant-trusted-without-bound
2026-10-07T11:43:03.9283150Z  * [new branch]        handoff/r9-rca-stress-recording -> origin/handoff/r9-rca-stress-recording
2026-10-07T11:43:03.9283923Z  * [new branch]        handoff/r9-record-path  -> origin/handoff/r9-record-path
2026-10-07T11:43:03.9284510Z  * [new branch]        handoff/r9-ro-1         -> origin/handoff/r9-ro-1
2026-10-07T11:43:03.9284987Z  * [new branch]        handoff/r9-ro-2         -> origin/handoff/r9-ro-2
2026-10-07T11:43:03.9285459Z  * [new branch]        handoff/r9-ro-3         -> origin/handoff/r9-ro-3
2026-10-07T11:43:03.9285934Z  * [new branch]        handoff/r9-ro-4         -> origin/handoff/r9-ro-4
2026-10-07T11:43:03.9286394Z  * [new branch]        handoff/r9-ro-5         -> origin/handoff/r9-ro-5
2026-10-07T11:43:03.9286855Z  * [new branch]        handoff/r9-ro-6         -> origin/handoff/r9-ro-6
2026-10-07T11:43:03.9287316Z  * [new branch]        handoff/r9-ro-7         -> origin/handoff/r9-ro-7
2026-10-07T11:43:03.9287781Z  * [new branch]        handoff/r9-ro-8         -> origin/handoff/r9-ro-8
2026-10-07T11:43:03.9288239Z  * [new branch]        handoff/r9-sw-5         -> origin/handoff/r9-sw-5
2026-10-07T11:43:03.9288743Z  * [new branch]        handoff/r9-sw-actuation -> origin/handoff/r9-sw-actuation
2026-10-07T11:43:03.9289265Z  * [new branch]        handoff/r9-sw-card      -> origin/handoff/r9-sw-card
2026-10-07T11:43:03.9289754Z  * [new branch]        handoff/r9-sw-gchv      -> origin/handoff/r9-sw-gchv
2026-10-07T11:43:03.9290258Z  * [new branch]        handoff/r9-sw-model     -> origin/handoff/r9-sw-model
2026-10-07T11:43:03.9290743Z  * [new branch]        handoff/r9-sw6          -> origin/handoff/r9-sw6
2026-10-07T11:43:03.9291233Z  * [new branch]        handoff/r9-ux-actions   -> origin/handoff/r9-ux-actions
2026-10-07T11:43:03.9291754Z  * [new branch]        handoff/r9-ux-events    -> origin/handoff/r9-ux-events
2026-10-07T11:43:03.9292677Z  * [new branch]        handoff/r9-ux-health    -> origin/handoff/r9-ux-health
2026-10-07T11:43:03.9293242Z  * [new branch]        handoff/r9-ux-insight-text -> origin/handoff/r9-ux-insight-text
2026-10-07T11:43:03.9293771Z  * [new branch]        handoff/r9-web-3        -> origin/handoff/r9-web-3
2026-10-07T11:43:03.9294265Z  * [new branch]        handoff/r9-web-4        -> origin/handoff/r9-web-4
2026-10-07T11:43:03.9294939Z  * [new branch]        handoff/r9-web-5        -> origin/handoff/r9-web-5
2026-10-07T11:43:03.9295462Z  * [new branch]        handoff/r9-web-page     -> origin/handoff/r9-web-page
2026-10-07T11:43:03.9295977Z  * [new branch]        handoff/rca-1747        -> origin/handoff/rca-1747
2026-10-07T11:43:03.9296506Z  * [new branch]        handoff/repo-reorg-plan -> origin/handoff/repo-reorg-plan
2026-10-07T11:43:03.9297085Z  * [new branch]        handoff/silent-windows-plan -> origin/handoff/silent-windows-plan
2026-10-07T11:43:03.9297605Z  * [new branch]        main                    -> origin/main
2026-10-07T11:43:03.9298052Z  * [new branch]        record/autofix          -> origin/record/autofix
2026-10-07T11:43:03.9298522Z  * [new branch]        review/1987             -> origin/review/1987
2026-10-07T11:43:03.9298971Z  * [new branch]        review/1997             -> origin/review/1997
2026-10-07T11:43:03.9299415Z  * [new branch]        review/2006             -> origin/review/2006
2026-10-07T11:43:03.9299856Z  * [new branch]        review/2007             -> origin/review/2007
2026-10-07T11:43:03.9300286Z  * [new branch]        review/2010             -> origin/review/2010
2026-10-07T11:43:03.9300721Z  * [new branch]        review/2011             -> origin/review/2011
2026-10-07T11:43:03.9301165Z  * [new branch]        review/2012             -> origin/review/2012
2026-10-07T11:43:03.9301600Z  * [new branch]        review/2013             -> origin/review/2013
2026-10-07T11:43:03.9302457Z  * [new branch]        review/2014             -> origin/review/2014
2026-10-07T11:43:03.9302919Z  * [new branch]        verdict/1987            -> origin/verdict/1987
2026-10-07T11:43:03.9303368Z  * [new branch]        verdict/1997            -> origin/verdict/1997
2026-10-07T11:43:03.9303815Z  * [new branch]        verdict/2006            -> origin/verdict/2006
2026-10-07T11:43:03.9304452Z  * [new branch]        verdict/2007            -> origin/verdict/2007
2026-10-07T11:43:03.9304917Z  * [new branch]        verdict/2010            -> origin/verdict/2010
2026-10-07T11:43:03.9305363Z  * [new branch]        verdict/2011            -> origin/verdict/2011
2026-10-07T11:43:03.9305802Z  * [new branch]        verdict/2012            -> origin/verdict/2012
2026-10-07T11:43:03.9306240Z  * [new branch]        verdict/2013            -> origin/verdict/2013
2026-10-07T11:43:03.9306687Z  * [new branch]        verdict/2014            -> origin/verdict/2014
2026-10-07T11:43:03.9307145Z  * [new tag]           audit-round2-evidence   -> audit-round2-evidence
2026-10-07T11:43:03.9307590Z  * [new tag]           v2.3.0-beta.1           -> v2.3.0-beta.1
2026-10-07T11:43:03.9307987Z  * [new tag]           v2.4.0                  -> v2.4.0
2026-10-07T11:43:03.9308357Z  * [new tag]           v2.4.1                  -> v2.4.1
2026-10-07T11:43:03.9308732Z  * [new tag]           v2.5.0                  -> v2.5.0
2026-10-07T11:43:03.9309105Z  * [new tag]           v2.6.0                  -> v2.6.0
2026-10-07T11:43:03.9309470Z  * [new tag]           v2.6.1                  -> v2.6.1
2026-10-07T11:43:03.9309828Z  * [new tag]           v2.7.0                  -> v2.7.0
2026-10-07T11:43:03.9310184Z  * [new tag]           v2.8.0                  -> v2.8.0
2026-10-07T11:43:03.9310540Z  * [new tag]           v3.0.0                  -> v3.0.0
2026-10-07T11:43:03.9310895Z  * [new tag]           v3.1.0                  -> v3.1.0
2026-10-07T11:43:03.9311250Z  * [new tag]           v3.1.1                  -> v3.1.1
2026-10-07T11:43:03.9311608Z  * [new tag]           v3.1.2                  -> v3.1.2
2026-10-07T11:43:03.9312355Z  * [new tag]           v3.14.0                 -> v3.14.0
2026-10-07T11:43:03.9312750Z  * [new tag]           v3.16.0                 -> v3.16.0
2026-10-07T11:43:03.9313115Z  * [new tag]           v3.2.0                  -> v3.2.0
2026-10-07T11:43:03.9313478Z  * [new tag]           v3.3.0                  -> v3.3.0
2026-10-07T11:43:03.9313844Z  * [new tag]           v3.3.1                  -> v3.3.1
2026-10-07T11:43:03.9314366Z  * [new tag]           v3.4.0                  -> v3.4.0
2026-10-07T11:43:03.9314729Z  * [new tag]           v3.4.1                  -> v3.4.1
2026-10-07T11:43:03.9315089Z  * [new tag]           v3.5.0                  -> v3.5.0
2026-10-07T11:43:03.9315447Z  * [new tag]           v3.6.0                  -> v3.6.0
2026-10-07T11:43:03.9315811Z  * [new tag]           v3.6.1                  -> v3.6.1
2026-10-07T11:43:03.9316173Z  * [new tag]           v3.7.0                  -> v3.7.0
2026-10-07T11:43:03.9316525Z  * [new tag]           v3.7.1                  -> v3.7.1
2026-10-07T11:43:03.9316874Z  * [new tag]           v3.8.0                  -> v3.8.0
2026-10-07T11:43:03.9317234Z  * [new tag]           v4.0.0                  -> v4.0.0
2026-10-07T11:43:03.9317589Z  * [new tag]           v4.0.1                  -> v4.0.1
2026-10-07T11:43:03.9317949Z  * [new tag]           v4.0.2                  -> v4.0.2
2026-10-07T11:43:03.9318310Z  * [new tag]           v4.0.3                  -> v4.0.3
2026-10-07T11:43:03.9318680Z  * [new tag]           v4.0.4                  -> v4.0.4
2026-10-07T11:43:03.9319040Z  * [new tag]           v4.0.5                  -> v4.0.5
2026-10-07T11:43:03.9319390Z  * [new tag]           v4.0.6                  -> v4.0.6
2026-10-07T11:43:03.9319742Z  * [new tag]           v4.0.7                  -> v4.0.7
2026-10-07T11:43:03.9320101Z  * [new tag]           v4.1.0                  -> v4.1.0
2026-10-07T11:43:03.9320458Z  * [new tag]           v4.2.0                  -> v4.2.0
2026-10-07T11:43:03.9320812Z  * [new tag]           v4.3.0                  -> v4.3.0
2026-10-07T11:43:03.9321166Z  * [new tag]           v5.0.0                  -> v5.0.0
2026-10-07T11:43:03.9321521Z  * [new tag]           v5.1.0                  -> v5.1.0
2026-10-07T11:43:03.9322151Z  * [new tag]           v5.1.1                  -> v5.1.1
2026-10-07T11:43:03.9322557Z  * [new tag]           v5.1.10                 -> v5.1.10
2026-10-07T11:43:03.9323074Z  * [new tag]           v5.1.2                  -> v5.1.2
2026-10-07T11:43:03.9323454Z  * [new tag]           v5.1.3                  -> v5.1.3
2026-10-07T11:43:03.9323814Z  * [new tag]           v5.1.4                  -> v5.1.4
2026-10-07T11:43:03.9324175Z  * [new tag]           v5.1.5                  -> v5.1.5
2026-10-07T11:43:03.9324535Z  * [new tag]           v5.1.6                  -> v5.1.6
2026-10-07T11:43:03.9324893Z  * [new tag]           v5.1.7                  -> v5.1.7
2026-10-07T11:43:03.9325249Z  * [new tag]           v5.1.9                  -> v5.1.9
2026-10-07T11:43:03.9325612Z  * [new tag]           v5.2.0                  -> v5.2.0
2026-10-07T11:43:03.9325983Z  * [new tag]           v5.3.0                  -> v5.3.0
2026-10-07T11:43:03.9326342Z  * [new tag]           v5.4.0                  -> v5.4.0
2026-10-07T11:43:03.9326702Z  * [new tag]           v5.4.1                  -> v5.4.1
2026-10-07T11:43:03.9327059Z  * [new tag]           v5.5.0                  -> v5.5.0
2026-10-07T11:43:03.9327455Z  * [new tag]           v5.6.0                  -> v5.6.0
2026-10-07T11:43:03.9327817Z  * [new tag]           v5.6.1                  -> v5.6.1
2026-10-07T11:43:03.9328178Z  * [new tag]           v5.6.2                  -> v5.6.2
2026-10-07T11:43:03.9328541Z  * [new tag]           v5.7.0                  -> v5.7.0
2026-10-07T11:43:03.9328902Z  * [new tag]           v5.7.1                  -> v5.7.1
2026-10-07T11:43:03.9329265Z  * [new tag]           v6.0.0                  -> v6.0.0
2026-10-07T11:43:03.9329631Z  * [new tag]           v6.0.1                  -> v6.0.1
2026-10-07T11:43:03.9329993Z  * [new tag]           v6.0.2                  -> v6.0.2
2026-10-07T11:43:03.9330356Z  * [new tag]           v6.0.3                  -> v6.0.3
2026-10-07T11:43:03.9330720Z  * [new tag]           v6.0.4                  -> v6.0.4
2026-10-07T11:43:03.9331079Z  * [new tag]           v6.0.5                  -> v6.0.5
2026-10-07T11:43:03.9331442Z  * [new tag]           v6.0.6                  -> v6.0.6
2026-10-07T11:43:03.9332259Z  * [new tag]           v6.0.7                  -> v6.0.7
2026-10-07T11:43:03.9332659Z  * [new tag]           v6.0.8                  -> v6.0.8
2026-10-07T11:43:03.9333025Z  * [new tag]           v6.0.9                  -> v6.0.9
2026-10-07T11:43:03.9333387Z  * [new tag]           v6.1.0                  -> v6.1.0
2026-10-07T11:43:03.9333743Z  * [new tag]           v6.1.1                  -> v6.1.1
2026-10-07T11:43:03.9334108Z  * [new tag]           v6.1.2                  -> v6.1.2
2026-10-07T11:43:03.9334491Z  * [new tag]           v6.2.0                  -> v6.2.0
2026-10-07T11:43:03.9334851Z  * [new tag]           v6.2.1                  -> v6.2.1
2026-10-07T11:43:03.9335220Z  * [new tag]           v6.2.10                 -> v6.2.10
2026-10-07T11:43:03.9335600Z  * [new tag]           v6.2.11                 -> v6.2.11
2026-10-07T11:43:03.9335971Z  * [new tag]           v6.2.12                 -> v6.2.12
2026-10-07T11:43:03.9336340Z  * [new tag]           v6.2.13                 -> v6.2.13
2026-10-07T11:43:03.9336723Z  * [new tag]           v6.2.14                 -> v6.2.14
2026-10-07T11:43:03.9337089Z  * [new tag]           v6.2.15                 -> v6.2.15
2026-10-07T11:43:03.9337454Z  * [new tag]           v6.2.16                 -> v6.2.16
2026-10-07T11:43:03.9337818Z  * [new tag]           v6.2.17                 -> v6.2.17
2026-10-07T11:43:03.9338181Z  * [new tag]           v6.2.2                  -> v6.2.2
2026-10-07T11:43:03.9338542Z  * [new tag]           v6.2.3                  -> v6.2.3
2026-10-07T11:43:03.9338911Z  * [new tag]           v6.2.4                  -> v6.2.4
2026-10-07T11:43:03.9339275Z  * [new tag]           v6.2.5                  -> v6.2.5
2026-10-07T11:43:03.9339635Z  * [new tag]           v6.2.6                  -> v6.2.6
2026-10-07T11:43:03.9339996Z  * [new tag]           v6.2.7                  -> v6.2.7
2026-10-07T11:43:03.9340357Z  * [new tag]           v6.2.8                  -> v6.2.8
2026-10-07T11:43:03.9340867Z  * [new tag]           v6.2.9                  -> v6.2.9
2026-10-07T11:43:03.9341247Z  * [new tag]           v6.3.0                  -> v6.3.0
2026-10-07T11:43:03.9341610Z  * [new tag]           v6.3.1                  -> v6.3.1
2026-10-07T11:43:03.9342210Z  * [new tag]           v6.3.10                 -> v6.3.10
2026-10-07T11:43:03.9342735Z  * [new tag]           v6.3.11                 -> v6.3.11
2026-10-07T11:43:03.9343118Z  * [new tag]           v6.3.12                 -> v6.3.12
2026-10-07T11:43:03.9343490Z  * [new tag]           v6.3.13                 -> v6.3.13
2026-10-07T11:43:03.9343861Z  * [new tag]           v6.3.14                 -> v6.3.14
2026-10-07T11:43:03.9344458Z  * [new tag]           v6.3.15                 -> v6.3.15
2026-10-07T11:43:03.9344845Z  * [new tag]           v6.3.16                 -> v6.3.16
2026-10-07T11:43:03.9345212Z  * [new tag]           v6.3.17                 -> v6.3.17
2026-10-07T11:43:03.9345581Z  * [new tag]           v6.3.18                 -> v6.3.18
2026-10-07T11:43:03.9345959Z  * [new tag]           v6.3.19                 -> v6.3.19
2026-10-07T11:43:03.9346341Z  * [new tag]           v6.3.2                  -> v6.3.2
2026-10-07T11:43:03.9346710Z  * [new tag]           v6.3.20                 -> v6.3.20
2026-10-07T11:43:03.9347075Z  * [new tag]           v6.3.3                  -> v6.3.3
2026-10-07T11:43:03.9347439Z  * [new tag]           v6.3.4                  -> v6.3.4
2026-10-07T11:43:03.9347804Z  * [new tag]           v6.3.5                  -> v6.3.5
2026-10-07T11:43:03.9348169Z  * [new tag]           v6.3.6                  -> v6.3.6
2026-10-07T11:43:03.9348535Z  * [new tag]           v6.3.7                  -> v6.3.7
2026-10-07T11:43:03.9348895Z  * [new tag]           v6.3.8                  -> v6.3.8
2026-10-07T11:43:03.9349258Z  * [new tag]           v6.3.9                  -> v6.3.9
2026-10-07T11:43:03.9349627Z  * [new tag]           v6.4.0                  -> v6.4.0
2026-10-07T11:43:03.9349995Z  * [new tag]           v6.4.1                  -> v6.4.1
2026-10-07T11:43:03.9350363Z  * [new tag]           v6.4.2                  -> v6.4.2
2026-10-07T11:43:03.9350891Z  * [new tag]           v6.4.3                  -> v6.4.3
2026-10-07T11:43:03.9351255Z  * [new tag]           v6.4.4                  -> v6.4.4
2026-10-07T11:43:03.9351617Z  * [new tag]           v6.5.0                  -> v6.5.0
2026-10-07T11:43:03.9352145Z  * [new tag]           v6.5.1                  -> v6.5.1
2026-10-07T11:43:03.9352508Z  * [new tag]           v6.6.0                  -> v6.6.0
2026-10-07T11:43:03.9352879Z  * [new tag]           v6.6.1                  -> v6.6.1
2026-10-07T11:43:03.9353242Z  * [new tag]           v6.6.10                 -> v6.6.10
2026-10-07T11:43:03.9353609Z  * [new tag]           v6.6.11                 -> v6.6.11
2026-10-07T11:43:03.9353972Z  * [new tag]           v6.6.12                 -> v6.6.12
2026-10-07T11:43:03.9354335Z  * [new tag]           v6.6.2                  -> v6.6.2
2026-10-07T11:43:03.9354703Z  * [new tag]           v6.6.3                  -> v6.6.3
2026-10-07T11:43:03.9355071Z  * [new tag]           v6.6.4                  -> v6.6.4
2026-10-07T11:43:03.9355440Z  * [new tag]           v6.6.5                  -> v6.6.5
2026-10-07T11:43:03.9355803Z  * [new tag]           v6.6.6                  -> v6.6.6
2026-10-07T11:43:03.9356168Z  * [new tag]           v6.6.7                  -> v6.6.7
2026-10-07T11:43:03.9356528Z  * [new tag]           v6.6.8                  -> v6.6.8
2026-10-07T11:43:03.9356887Z  * [new tag]           v6.6.9                  -> v6.6.9
2026-10-07T11:43:03.9357250Z  * [new tag]           v6.7.0                  -> v6.7.0
2026-10-07T11:43:03.9357608Z  * [new tag]           v6.7.1                  -> v6.7.1
2026-10-07T11:43:03.9357972Z  * [new tag]           v6.7.10                 -> v6.7.10
2026-10-07T11:43:03.9358343Z  * [new tag]           v6.7.11                 -> v6.7.11
2026-10-07T11:43:03.9358709Z  * [new tag]           v6.7.12                 -> v6.7.12
2026-10-07T11:43:03.9359076Z  * [new tag]           v6.7.13                 -> v6.7.13
2026-10-07T11:43:03.9359579Z  * [new tag]           v6.7.14                 -> v6.7.14
2026-10-07T11:43:03.9359961Z  * [new tag]           v6.7.15                 -> v6.7.15
2026-10-07T11:43:03.9360329Z  * [new tag]           v6.7.16                 -> v6.7.16
2026-10-07T11:43:03.9360695Z  * [new tag]           v6.7.2                  -> v6.7.2
2026-10-07T11:43:03.9361060Z  * [new tag]           v6.7.3                  -> v6.7.3
2026-10-07T11:43:03.9361458Z  * [new tag]           v6.7.4                  -> v6.7.4
2026-10-07T11:43:03.9361959Z  * [new tag]           v6.7.5                  -> v6.7.5
2026-10-07T11:43:03.9362334Z  * [new tag]           v6.7.6                  -> v6.7.6
2026-10-07T11:43:03.9362691Z  * [new tag]           v6.7.7                  -> v6.7.7
2026-10-07T11:43:03.9363055Z  * [new tag]           v6.7.8                  -> v6.7.8
2026-10-07T11:43:03.9363416Z  * [new tag]           v6.7.9                  -> v6.7.9
2026-10-07T11:43:03.9363878Z  * [new ref]           a90868ba0324df43f0ed3ffb615a3bd8a585ef1e -> pull/2015/merge
2026-10-07T11:43:03.9365364Z ##[endgroup]
2026-10-07T11:43:03.9365817Z ##[group]Determining the checkout info
2026-10-07T11:43:03.9366306Z ##[endgroup]
2026-10-07T11:43:03.9366593Z [command]/usr/bin/git sparse-checkout disable
2026-10-07T11:43:03.9367399Z [command]/usr/bin/git config --local --unset-all extensions.worktreeConfig
2026-10-07T11:43:03.9368371Z ##[group]Checking out the ref
2026-10-07T11:43:03.9368804Z [command]/usr/bin/git checkout --progress --force refs/remotes/pull/2015/merge
2026-10-07T11:43:04.3980277Z Note: switching to 'refs/remotes/pull/2015/merge'.
2026-10-07T11:43:04.3981535Z 
2026-10-07T11:43:04.3982276Z You are in 'detached HEAD' state. You can look around, make experimental
2026-10-07T11:43:04.3983119Z changes and commit them, and you can discard any commits you make in this
2026-10-07T11:43:04.3983777Z state without impacting any branches by switching back to a branch.
2026-10-07T11:43:04.3984151Z 
2026-10-07T11:43:04.3984464Z If you want to create a new branch to retain commits you create, you may
2026-10-07T11:43:04.3985375Z do so (now or later) by using -c with the switch command. Example:
2026-10-07T11:43:04.3985718Z 
2026-10-07T11:43:04.3985871Z   git switch -c <new-branch-name>
2026-10-07T11:43:04.3986107Z 
2026-10-07T11:43:04.3986266Z Or undo this operation with:
2026-10-07T11:43:04.3986486Z 
2026-10-07T11:43:04.3986630Z   git switch -
2026-10-07T11:43:04.3986814Z 
2026-10-07T11:43:04.3987171Z Turn off this advice by setting config variable advice.detachedHead to false
2026-10-07T11:43:04.3987574Z 
2026-10-07T11:43:04.3988036Z HEAD is now at a90868ba Merge 78509aca050bf6b53f055507232051741cab67c9 into 59b5ac6e4594b42cd5579cca182a743c25f4c48d
2026-10-07T11:43:04.4020676Z ##[endgroup]
2026-10-07T11:43:04.4074532Z [command]/usr/bin/git log -1 --format=%H
2026-10-07T11:43:04.4100743Z a90868ba0324df43f0ed3ffb615a3bd8a585ef1e
2026-10-07T11:43:04.4420984Z ##[group]Run actions/setup-python@ece7cb06caefa5fff74198d8649806c4678c61a1
2026-10-07T11:43:04.4421481Z with:
2026-10-07T11:43:04.4421750Z   python-version: 3.13
2026-10-07T11:43:04.4422233Z   check-latest: false
2026-10-07T11:43:04.4424748Z   token: ***
2026-10-07T11:43:04.4425008Z   update-environment: true
2026-10-07T11:43:04.4425300Z   allow-prereleases: false
2026-10-07T11:43:04.4425584Z   freethreaded: false
2026-10-07T11:43:04.4425864Z ##[endgroup]
2026-10-07T11:43:04.5690244Z ##[group]Installed versions
2026-10-07T11:43:04.5786882Z Successfully set up CPython (3.13.15)
2026-10-07T11:43:04.5787757Z ##[endgroup]
2026-10-07T11:43:04.5919125Z ##[group]Run set -euo pipefail
2026-10-07T11:43:04.5919565Z [36;1mset -euo pipefail[0m
2026-10-07T11:43:04.5920135Z [36;1mgit cat-file -e "$PINNED^{commit}" 2>/dev/null || git fetch -q --no-tags --depth=1 origin "$PINNED"[0m
2026-10-07T11:43:04.5920709Z [36;1mgit checkout "$PINNED" -- \[0m
2026-10-07T11:43:04.5921071Z [36;1m  'tests/delivery_status.py' \[0m
2026-10-07T11:43:04.5921408Z [36;1m  'tests/layout.py'[0m
2026-10-07T11:43:04.5922256Z [36;1mtest "$(git hash-object tests/delivery_status.py)" = "$(git rev-parse "$PINNED:tests/delivery_status.py")"[0m
2026-10-07T11:43:04.5922883Z [36;1mgit fetch --no-tags --quiet origin main[0m
2026-10-07T11:43:04.5923287Z [36;1mpython -I -S tests/delivery_status.py --check[0m
2026-10-07T11:43:04.6360208Z shell: /usr/bin/bash -e {0}
2026-10-07T11:43:04.6360625Z env:
2026-10-07T11:43:04.6361016Z   pythonLocation: /opt/hostedtoolcache/Python/3.13.15/x64
2026-10-07T11:43:04.6361731Z   PKG_CONFIG_PATH: /opt/hostedtoolcache/Python/3.13.15/x64/lib/pkgconfig
2026-10-07T11:43:04.6362555Z   Python_ROOT_DIR: /opt/hostedtoolcache/Python/3.13.15/x64
2026-10-07T11:43:04.6363093Z   Python2_ROOT_DIR: /opt/hostedtoolcache/Python/3.13.15/x64
2026-10-07T11:43:04.6363631Z   Python3_ROOT_DIR: /opt/hostedtoolcache/Python/3.13.15/x64
2026-10-07T11:43:04.6364170Z   LD_LIBRARY_PATH: /opt/hostedtoolcache/Python/3.13.15/x64/lib
2026-10-07T11:43:04.6364667Z   PINNED: 59b5ac6e4594b42cd5579cca182a743c25f4c48d
2026-10-07T11:43:04.6365077Z ##[endgroup]
2026-10-07T11:43:06.2474025Z DELIVERY STATUS UNCHECKED — 47 rowed, 3 pending, 0 overdue (overdue at 12 commits)
2026-10-07T11:43:06.2475165Z   pending  #1917 1fa713f 6 commit(s) since — fix(R9-RO-4): archive finished plans, rosters and closed
2026-10-07T11:43:06.2476071Z   pending  #2003 a28fd0a 8 commit(s) since — fix: a record-autofix beat does not owe its own row
2026-10-07T11:43:06.2476962Z   pending  #2001 1b1bbaa 11 commit(s) since — record: delivery rows for #2000 (autofix)
2026-10-07T11:43:06.2479154Z   skip     merge-collection      9 merge commit(s) in the window name no pull request that `subject_number` recognises (e.g. 618d014 'Count dimension briefs without a second copy of the dimension-file grammar.'); the window's merged pull requests are UNCHECKED this run, not confirmed empty -- a merge-subject convention that moves out from under these rules reports every merge in the window as absent, which is how this file printed EMPTY over a window that held nothing but merges
2026-10-07T11:43:06.2481320Z   unread   618d014 Count dimension briefs without a second copy of the dimension-fi
2026-10-07T11:43:06.2482730Z   unread   0a60e06 record: delivery rows for #1998 (autofix)
2026-10-07T11:43:06.2483387Z   unread   d579544 record: delivery rows for #1992 (autofix)
2026-10-07T11:43:06.2483891Z   unread   f6ac991 fix(R9-STAMP-UNBLOCK): number a title-subject merge from its bod
2026-10-07T11:43:06.2484431Z   unread   6b1ccb6 record: delivery rows for #1991 (autofix)
2026-10-07T11:43:06.2484853Z   unread   62f604e record: delivery rows for #1989 (autofix)
2026-10-07T11:43:06.2485338Z   unread   077f53a R9-DBG-3: mkdtemp the generator output dir instead of a fixed /t
2026-10-07T11:43:06.2485932Z   unread   130c780 fix(R9-FR-10c): roster set-resume verb, state_docs pusher, INSTR
2026-10-07T11:43:06.2486506Z   unread   8107181 fix(R9-DIAG-1F): freeze the interval learners during boost-space
2026-10-07T11:43:06.2486866Z 
2026-10-07T11:43:06.2487558Z This check is NOT a required context and a red here blocks no merge. Pending is the ordinary state: the protocol writes rows in batches, and only OVERDUE means a batch has stopped being drained.
2026-10-07T11:43:06.2570581Z ##[error]Process completed with exit code 1.
2026-10-07T11:43:06.2749486Z Post job cleanup.
2026-10-07T11:43:06.3635532Z [command]/usr/bin/git version
2026-10-07T11:43:06.3681668Z git version 2.55.0
2026-10-07T11:43:06.3722128Z Temporarily overriding HOME='/home/runner/work/_temp/f06f341a-b09e-443b-a8f0-a93d152a303c' before making global git config changes
2026-10-07T11:43:06.3723647Z Adding repository directory to the temporary git global config as a safe directory
2026-10-07T11:43:06.3729163Z [command]/usr/bin/git config --global --add safe.directory /home/runner/work/heatpump_optimizer/heatpump_optimizer
2026-10-07T11:43:06.3770780Z [command]/usr/bin/git config --local --name-only --get-regexp core\.sshCommand
2026-10-07T11:43:06.3810141Z [command]/usr/bin/git submodule foreach --recursive sh -c "git config --local --name-only --get-regexp 'core\.sshCommand' && git config --local --unset-all 'core.sshCommand' || :"
2026-10-07T11:43:06.4070201Z [command]/usr/bin/git config --local --name-only --get-regexp http\.https\:\/\/github\.com\/\.extraheader
2026-10-07T11:43:06.4098409Z http.https://github.com/.extraheader
2026-10-07T11:43:06.4112170Z [command]/usr/bin/git config --local --unset-all http.https://github.com/.extraheader
2026-10-07T11:43:06.4152984Z [command]/usr/bin/git submodule foreach --recursive sh -c "git config --local --name-only --get-regexp 'http\.https\:\/\/github\.com\/\.extraheader' && git config --local --unset-all 'http.https://github.com/.extraheader' || :"
2026-10-07T11:43:06.4422415Z [command]/usr/bin/git config --local --name-only --get-regexp ^includeIf\.gitdir:
2026-10-07T11:43:06.4460679Z [command]/usr/bin/git submodule foreach --recursive git config --local --show-origin --name-only --get-regexp remote.origin.url
2026-10-07T11:43:06.4925638Z Cleaning up orphan processes
