2026-10-07T22:38:24.5766574Z Current runner version: '2.337.0'
2026-10-07T22:38:24.5794179Z ##[group]Runner Image Provisioner
2026-10-07T22:38:24.5795465Z Hosted Compute Agent
2026-10-07T22:38:24.5796426Z Version: 20260901.588
2026-10-07T22:38:24.5797488Z Commit: f88ec8081b781fac6c440065ac7ff9e710ce3d0b
2026-10-07T22:38:24.5798648Z Build Date: 2026-09-01T19:56:44Z
2026-10-07T22:38:24.5799644Z Worker ID: {5c4869b2-9ada-4713-8519-264701f96b53}
2026-10-07T22:38:24.5800816Z Azure Region: westcentralus
2026-10-07T22:38:24.5802092Z ##[endgroup]
2026-10-07T22:38:24.5803991Z ##[group]Operating System
2026-10-07T22:38:24.5805113Z Ubuntu
2026-10-07T22:38:24.5806042Z 24.04.5
2026-10-07T22:38:24.5806847Z LTS
2026-10-07T22:38:24.5807742Z ##[endgroup]
2026-10-07T22:38:24.5808690Z ##[group]Runner Image
2026-10-07T22:38:24.5809572Z Image: ubuntu-24.04
2026-10-07T22:38:24.5810542Z Version: 20260927.320.1
2026-10-07T22:38:24.5812689Z Included Software: https://github.com/actions/runner-images/blob/ubuntu24/20260927.320/images/ubuntu/Ubuntu2404-Readme.md
2026-10-07T22:38:24.5814893Z Image Release: https://github.com/actions/runner-images/releases/tag/ubuntu24%2F20260927.320
2026-10-07T22:38:24.5816294Z ##[endgroup]
2026-10-07T22:38:24.5818460Z ##[group]GITHUB_TOKEN Permissions
2026-10-07T22:38:24.5820998Z Actions: write
2026-10-07T22:38:24.5822229Z Contents: write
2026-10-07T22:38:24.5823905Z Metadata: read
2026-10-07T22:38:24.5825456Z ##[endgroup]
2026-10-07T22:38:24.5829123Z Secret source: Actions
2026-10-07T22:38:24.5831941Z Cache mode: write
2026-10-07T22:38:24.5834603Z Prepare workflow directory
2026-10-07T22:38:24.6227289Z Prepare all required actions
2026-10-07T22:38:24.6276056Z Getting action download info
2026-10-07T22:38:24.9259199Z Download action repository 'actions/checkout@fbc6f3992d24b796d5a048ff273f7fcc4a7b6c09' (SHA:fbc6f3992d24b796d5a048ff273f7fcc4a7b6c09)
2026-10-07T22:38:25.0255143Z Download action repository 'actions/setup-python@ece7cb06caefa5fff74198d8649806c4678c61a1' (SHA:ece7cb06caefa5fff74198d8649806c4678c61a1)
2026-10-07T22:38:25.1025028Z Download action repository 'actions/download-artifact@37930b1c2abaa49bbe596cd826c3c89aef350131' (SHA:37930b1c2abaa49bbe596cd826c3c89aef350131)
2026-10-07T22:38:25.9245338Z Complete job name: mutation-autofix
2026-10-07T22:38:26.0283103Z ##[group]Run actions/checkout@fbc6f3992d24b796d5a048ff273f7fcc4a7b6c09
2026-10-07T22:38:26.0284783Z with:
2026-10-07T22:38:26.0285585Z   ref: fix/r9-ux9
2026-10-07T22:38:26.0286373Z   fetch-depth: 0
2026-10-07T22:38:26.0290753Z   token: ***
2026-10-07T22:38:26.0291552Z   persist-credentials: false
2026-10-07T22:38:26.0292744Z   repository: tvofi/heatpump_optimizer
2026-10-07T22:38:26.0293652Z   ssh-strict: true
2026-10-07T22:38:26.0294413Z   ssh-user: git
2026-10-07T22:38:26.0295195Z   clean: true
2026-10-07T22:38:26.0295963Z   sparse-checkout-cone-mode: true
2026-10-07T22:38:26.0296832Z   fetch-tags: false
2026-10-07T22:38:26.0297611Z   show-progress: true
2026-10-07T22:38:26.0298390Z   lfs: false
2026-10-07T22:38:26.0299133Z   submodules: false
2026-10-07T22:38:26.0299975Z   set-safe-directory: true
2026-10-07T22:38:26.0300839Z   allow-unsafe-pr-checkout: false
2026-10-07T22:38:26.0302228Z ##[endgroup]
2026-10-07T22:38:26.1356555Z Syncing repository: tvofi/heatpump_optimizer
2026-10-07T22:38:26.1359634Z ##[group]Getting Git version info
2026-10-07T22:38:26.1361103Z Working directory is '/home/runner/work/heatpump_optimizer/heatpump_optimizer'
2026-10-07T22:38:26.1363130Z [command]/usr/bin/git version
2026-10-07T22:38:26.1455301Z git version 2.55.0
2026-10-07T22:38:26.1490880Z ##[endgroup]
2026-10-07T22:38:26.1500353Z Temporarily overriding HOME='/home/runner/work/_temp/f4b638a4-521f-4285-9e4b-e2c91a5a53bb' before making global git config changes
2026-10-07T22:38:26.1503957Z Adding repository directory to the temporary git global config as a safe directory
2026-10-07T22:38:26.1507311Z [command]/usr/bin/git config --global --add safe.directory /home/runner/work/heatpump_optimizer/heatpump_optimizer
2026-10-07T22:38:26.1564376Z Deleting the contents of '/home/runner/work/heatpump_optimizer/heatpump_optimizer'
2026-10-07T22:38:26.1569149Z ##[group]Initializing the repository
2026-10-07T22:38:26.1573565Z [command]/usr/bin/git init /home/runner/work/heatpump_optimizer/heatpump_optimizer
2026-10-07T22:38:26.1714523Z hint: Using 'master' as the name for the initial branch. This default branch name
2026-10-07T22:38:26.1718833Z hint: will change to "main" in Git 3.0. To configure the initial branch name
2026-10-07T22:38:26.1721367Z hint: to use in all of your new repositories, which will suppress this warning,
2026-10-07T22:38:26.1723493Z hint: call:
2026-10-07T22:38:26.1724613Z hint:
2026-10-07T22:38:26.1725932Z hint: 	git config --global init.defaultBranch <name>
2026-10-07T22:38:26.1727600Z hint:
2026-10-07T22:38:26.1729063Z hint: Names commonly chosen instead of 'master' are 'main', 'trunk' and
2026-10-07T22:38:26.1731315Z hint: 'development'. The just-created branch can be renamed via this command:
2026-10-07T22:38:26.1733492Z hint:
2026-10-07T22:38:26.1734628Z hint: 	git branch -m <name>
2026-10-07T22:38:26.1735924Z hint:
2026-10-07T22:38:26.1737142Z hint: Disable this message with "git config set advice.defaultBranchName false"
2026-10-07T22:38:26.1739795Z Initialized empty Git repository in /home/runner/work/heatpump_optimizer/heatpump_optimizer/.git/
2026-10-07T22:38:26.1744554Z [command]/usr/bin/git remote add origin https://github.com/tvofi/heatpump_optimizer
2026-10-07T22:38:26.1794184Z ##[endgroup]
2026-10-07T22:38:26.1796216Z ##[group]Disabling automatic garbage collection
2026-10-07T22:38:26.1797784Z [command]/usr/bin/git config --local gc.auto 0
2026-10-07T22:38:26.1831576Z ##[endgroup]
2026-10-07T22:38:26.1833361Z ##[group]Setting up auth
2026-10-07T22:38:26.1840865Z [command]/usr/bin/git config --local --name-only --get-regexp core\.sshCommand
2026-10-07T22:38:26.1880451Z [command]/usr/bin/git submodule foreach --recursive sh -c "git config --local --name-only --get-regexp 'core\.sshCommand' && git config --local --unset-all 'core.sshCommand' || :"
2026-10-07T22:38:26.2299578Z [command]/usr/bin/git config --local --name-only --get-regexp http\.https\:\/\/github\.com\/\.extraheader
2026-10-07T22:38:26.2337241Z [command]/usr/bin/git submodule foreach --recursive sh -c "git config --local --name-only --get-regexp 'http\.https\:\/\/github\.com\/\.extraheader' && git config --local --unset-all 'http.https://github.com/.extraheader' || :"
2026-10-07T22:38:26.2566857Z [command]/usr/bin/git config --local --name-only --get-regexp ^includeIf\.gitdir:
2026-10-07T22:38:26.2604460Z [command]/usr/bin/git submodule foreach --recursive git config --local --show-origin --name-only --get-regexp remote.origin.url
2026-10-07T22:38:26.2830401Z [command]/usr/bin/git config --local http.https://github.com/.extraheader AUTHORIZATION: basic ***
2026-10-07T22:38:26.2873133Z ##[endgroup]
2026-10-07T22:38:26.2874558Z ##[group]Fetching the repository
2026-10-07T22:38:26.2886025Z [command]/usr/bin/git -c protocol.version=2 fetch --prune --no-recurse-submodules origin +refs/heads/*:refs/remotes/origin/* +refs/tags/*:refs/tags/*
2026-10-07T22:38:34.1992376Z From https://github.com/tvofi/heatpump_optimizer
2026-10-07T22:38:34.1995373Z  * [new branch]        batch/proof-base-ro12-n -> origin/batch/proof-base-ro12-n
2026-10-07T22:38:34.1996994Z  * [new branch]        batch/proof-base-ro12-p -> origin/batch/proof-base-ro12-p
2026-10-07T22:38:34.1998330Z  * [new branch]        batch/ro12n-1           -> origin/batch/ro12n-1
2026-10-07T22:38:34.1999566Z  * [new branch]        batch/ro12p-1           -> origin/batch/ro12p-1
2026-10-07T22:38:34.2000759Z  * [new branch]        bus/approvals           -> origin/bus/approvals
2026-10-07T22:38:34.2002269Z  * [new branch]        cursor/r9-eg-entry-config-9aac -> origin/cursor/r9-eg-entry-config-9aac
2026-10-07T22:38:34.2003667Z  * [new branch]        cursor/r9-sw-1-resume-826f -> origin/cursor/r9-sw-1-resume-826f
2026-10-07T22:38:34.2005011Z  * [new branch]        cursor/r9-sw-2-actuation-6d19 -> origin/cursor/r9-sw-2-actuation-6d19
2026-10-07T22:38:34.2005893Z  * [new branch]        fix/r9-dbg-2-pr         -> origin/fix/r9-dbg-2-pr
2026-10-07T22:38:34.2007016Z  * [new branch]        fix/r9-eg-entry-config  -> origin/fix/r9-eg-entry-config
2026-10-07T22:38:34.2007773Z  * [new branch]        fix/r9-record-automerge -> origin/fix/r9-record-automerge
2026-10-07T22:38:34.2008492Z  * [new branch]        fix/r9-sw-actuation     -> origin/fix/r9-sw-actuation
2026-10-07T22:38:34.2009153Z  * [new branch]        fix/r9-ux-actions       -> origin/fix/r9-ux-actions
2026-10-07T22:38:34.2009851Z  * [new branch]        fix/r9-ux9              -> origin/fix/r9-ux9
2026-10-07T22:38:34.2010921Z  * [new branch]        handoff-body/r9-ci-1    -> origin/handoff-body/r9-ci-1
2026-10-07T22:38:34.2012277Z  * [new branch]        handoff-body/r9-closures-eg-b7 -> origin/handoff-body/r9-closures-eg-b7
2026-10-07T22:38:34.2013067Z  * [new branch]        handoff-body/r9-dbg-1   -> origin/handoff-body/r9-dbg-1
2026-10-07T22:38:34.2013772Z  * [new branch]        handoff-body/r9-dbg-2   -> origin/handoff-body/r9-dbg-2
2026-10-07T22:38:34.2014869Z  * [new branch]        handoff-body/r9-eg-a4   -> origin/handoff-body/r9-eg-a4
2026-10-07T22:38:34.2015814Z  * [new branch]        handoff-body/r9-eg-b7-harness -> origin/handoff-body/r9-eg-b7-harness
2026-10-07T22:38:34.2016723Z  * [new branch]        handoff-body/r9-eg-coordinator-seams -> origin/handoff-body/r9-eg-coordinator-seams
2026-10-07T22:38:34.2017654Z  * [new branch]        handoff-body/r9-eg-entry-config -> origin/handoff-body/r9-eg-entry-config
2026-10-07T22:38:34.2018521Z  * [new branch]        handoff-body/r9-eg-solve-inputs -> origin/handoff-body/r9-eg-solve-inputs
2026-10-07T22:38:34.2019311Z  * [new branch]        handoff-body/r9-fixer-cap -> origin/handoff-body/r9-fixer-cap
2026-10-07T22:38:34.2020099Z  * [new branch]        handoff-body/r9-nightly-bdr -> origin/handoff-body/r9-nightly-bdr
2026-10-07T22:38:34.2020916Z  * [new branch]        handoff-body/r9-prepr-selftest -> origin/handoff-body/r9-prepr-selftest
2026-10-07T22:38:34.2022348Z  * [new branch]        handoff-body/r9-rca-1985 -> origin/handoff-body/r9-rca-1985
2026-10-07T22:38:34.2023531Z  * [new branch]        handoff-body/r9-rca-1990 -> origin/handoff-body/r9-rca-1990
2026-10-07T22:38:34.2025175Z  * [new branch]        handoff-body/r9-rca-2004 -> origin/handoff-body/r9-rca-2004
2026-10-07T22:38:34.2027036Z  * [new branch]        handoff-body/r9-rca-bugclasses -> origin/handoff-body/r9-rca-bugclasses
2026-10-07T22:38:34.2028406Z  * [new branch]        handoff-body/r9-rca-stress-recording -> origin/handoff-body/r9-rca-stress-recording
2026-10-07T22:38:34.2029637Z  * [new branch]        handoff-body/r9-record-automerge -> origin/handoff-body/r9-record-automerge
2026-10-07T22:38:34.2030701Z  * [new branch]        handoff-body/r9-record-path -> origin/handoff-body/r9-record-path
2026-10-07T22:38:34.2031437Z  * [new branch]        handoff-body/r9-ro-10   -> origin/handoff-body/r9-ro-10
2026-10-07T22:38:34.2032461Z  * [new branch]        handoff-body/r9-ro-11   -> origin/handoff-body/r9-ro-11
2026-10-07T22:38:34.2033172Z  * [new branch]        handoff-body/r9-ro-8    -> origin/handoff-body/r9-ro-8
2026-10-07T22:38:34.2033852Z  * [new branch]        handoff-body/r9-sw-5    -> origin/handoff-body/r9-sw-5
2026-10-07T22:38:34.2034587Z  * [new branch]        handoff-body/r9-sw-actuation -> origin/handoff-body/r9-sw-actuation
2026-10-07T22:38:34.2035317Z  * [new branch]        handoff-body/r9-sw6     -> origin/handoff-body/r9-sw6
2026-10-07T22:38:34.2035987Z  * [new branch]        handoff-body/r9-ux-6    -> origin/handoff-body/r9-ux-6
2026-10-07T22:38:34.2036662Z  * [new branch]        handoff-body/r9-ux-7    -> origin/handoff-body/r9-ux-7
2026-10-07T22:38:34.2037405Z  * [new branch]        handoff-body/r9-ux-actions -> origin/handoff-body/r9-ux-actions
2026-10-07T22:38:34.2038285Z  * [new branch]        handoff-body/r9-ux9     -> origin/handoff-body/r9-ux9
2026-10-07T22:38:34.2038959Z  * [new branch]        handoff/audit-r9-alt    -> origin/handoff/audit-r9-alt
2026-10-07T22:38:34.2039670Z  * [new branch]        handoff/audit-r9-evidence -> origin/handoff/audit-r9-evidence
2026-10-07T22:38:34.2040630Z  * [new branch]        handoff/audit-r9-find-B1 -> origin/handoff/audit-r9-find-B1
2026-10-07T22:38:34.2041359Z  * [new branch]        handoff/audit-r9-find-B10 -> origin/handoff/audit-r9-find-B10
2026-10-07T22:38:34.2042357Z  * [new branch]        handoff/audit-r9-find-B2 -> origin/handoff/audit-r9-find-B2
2026-10-07T22:38:34.2043066Z  * [new branch]        handoff/audit-r9-find-B3 -> origin/handoff/audit-r9-find-B3
2026-10-07T22:38:34.2043773Z  * [new branch]        handoff/audit-r9-find-B4 -> origin/handoff/audit-r9-find-B4
2026-10-07T22:38:34.2044529Z  * [new branch]        handoff/audit-r9-find-B5 -> origin/handoff/audit-r9-find-B5
2026-10-07T22:38:34.2045304Z  * [new branch]        handoff/audit-r9-find-B6 -> origin/handoff/audit-r9-find-B6
2026-10-07T22:38:34.2046075Z  * [new branch]        handoff/audit-r9-find-B7 -> origin/handoff/audit-r9-find-B7
2026-10-07T22:38:34.2046846Z  * [new branch]        handoff/audit-r9-find-B8 -> origin/handoff/audit-r9-find-B8
2026-10-07T22:38:34.2047630Z  * [new branch]        handoff/audit-r9-find-B9 -> origin/handoff/audit-r9-find-B9
2026-10-07T22:38:34.2048449Z  * [new branch]        handoff/audit-r9-fixplan -> origin/handoff/audit-r9-fixplan
2026-10-07T22:38:34.2049217Z  * [new branch]        handoff/audit-r9-issues -> origin/handoff/audit-r9-issues
2026-10-07T22:38:34.2049985Z  * [new branch]        handoff/audit-r9-judge  -> origin/handoff/audit-r9-judge
2026-10-07T22:38:34.2050729Z  * [new branch]        handoff/audit-r9-leads  -> origin/handoff/audit-r9-leads
2026-10-07T22:38:34.2051514Z  * [new branch]        handoff/audit-r9-leads-l2 -> origin/handoff/audit-r9-leads-l2
2026-10-07T22:38:34.2052692Z  * [new branch]        handoff/audit-r9-leads-l3 -> origin/handoff/audit-r9-leads-l3
2026-10-07T22:38:34.2053496Z  * [new branch]        handoff/audit-r9-leads-l4 -> origin/handoff/audit-r9-leads-l4
2026-10-07T22:38:34.2054297Z  * [new branch]        handoff/audit-r9-leads-lc -> origin/handoff/audit-r9-leads-lc
2026-10-07T22:38:34.2055092Z  * [new branch]        handoff/audit-r9-plan   -> origin/handoff/audit-r9-plan
2026-10-07T22:38:34.2056137Z  * [new branch]        handoff/audit-r9-register -> origin/handoff/audit-r9-register
2026-10-07T22:38:34.2057017Z  * [new branch]        handoff/audit-r9-runner-1 -> origin/handoff/audit-r9-runner-1
2026-10-07T22:38:34.2057820Z  * [new branch]        handoff/audit-r9-sweep-s1 -> origin/handoff/audit-r9-sweep-s1
2026-10-07T22:38:34.2058610Z  * [new branch]        handoff/audit-r9-sweep-s2 -> origin/handoff/audit-r9-sweep-s2
2026-10-07T22:38:34.2059400Z  * [new branch]        handoff/audit-r9-sweep-s3 -> origin/handoff/audit-r9-sweep-s3
2026-10-07T22:38:34.2060194Z  * [new branch]        handoff/audit-r9-sweep-s4 -> origin/handoff/audit-r9-sweep-s4
2026-10-07T22:38:34.2060980Z  * [new branch]        handoff/audit-r9-sweep-s5 -> origin/handoff/audit-r9-sweep-s5
2026-10-07T22:38:34.2062057Z  * [new branch]        handoff/audit-r9-sweep-s6 -> origin/handoff/audit-r9-sweep-s6
2026-10-07T22:38:34.2062904Z  * [new branch]        handoff/audit-r9-sweep-s7 -> origin/handoff/audit-r9-sweep-s7
2026-10-07T22:38:34.2063752Z  * [new branch]        handoff/audit-r9-verify-g1-v1 -> origin/handoff/audit-r9-verify-g1-v1
2026-10-07T22:38:34.2064628Z  * [new branch]        handoff/audit-r9-verify-g1-v2 -> origin/handoff/audit-r9-verify-g1-v2
2026-10-07T22:38:34.2065493Z  * [new branch]        handoff/audit-r9-verify-g1-v3 -> origin/handoff/audit-r9-verify-g1-v3
2026-10-07T22:38:34.2066348Z  * [new branch]        handoff/audit-r9-verify-g2-v1 -> origin/handoff/audit-r9-verify-g2-v1
2026-10-07T22:38:34.2067210Z  * [new branch]        handoff/audit-r9-verify-g2-v2 -> origin/handoff/audit-r9-verify-g2-v2
2026-10-07T22:38:34.2068059Z  * [new branch]        handoff/audit-r9-verify-g2-v3 -> origin/handoff/audit-r9-verify-g2-v3
2026-10-07T22:38:34.2068932Z  * [new branch]        handoff/audit-r9-verify-g3-v1 -> origin/handoff/audit-r9-verify-g3-v1
2026-10-07T22:38:34.2069967Z  * [new branch]        handoff/audit-r9-verify-g3-v2 -> origin/handoff/audit-r9-verify-g3-v2
2026-10-07T22:38:34.2070824Z  * [new branch]        handoff/audit-r9-verify-g3-v3 -> origin/handoff/audit-r9-verify-g3-v3
2026-10-07T22:38:34.2071937Z  * [new branch]        handoff/audit-r9-verify-g4-v1 -> origin/handoff/audit-r9-verify-g4-v1
2026-10-07T22:38:34.2072817Z  * [new branch]        handoff/audit-r9-verify-g4-v2 -> origin/handoff/audit-r9-verify-g4-v2
2026-10-07T22:38:34.2073664Z  * [new branch]        handoff/audit-r9-verify-g4-v3 -> origin/handoff/audit-r9-verify-g4-v3
2026-10-07T22:38:34.2074442Z  * [new branch]        handoff/r9-ci-1         -> origin/handoff/r9-ci-1
2026-10-07T22:38:34.2075193Z  * [new branch]        handoff/r9-closures-eg-b7 -> origin/handoff/r9-closures-eg-b7
2026-10-07T22:38:34.2075949Z  * [new branch]        handoff/r9-dbg-0        -> origin/handoff/r9-dbg-0
2026-10-07T22:38:34.2076649Z  * [new branch]        handoff/r9-dbg-1        -> origin/handoff/r9-dbg-1
2026-10-07T22:38:34.2077350Z  * [new branch]        handoff/r9-dbg-2        -> origin/handoff/r9-dbg-2
2026-10-07T22:38:34.2078042Z  * [new branch]        handoff/r9-dbg-3        -> origin/handoff/r9-dbg-3
2026-10-07T22:38:34.2078739Z  * [new branch]        handoff/r9-diag-1       -> origin/handoff/r9-diag-1
2026-10-07T22:38:34.2079450Z  * [new branch]        handoff/r9-diag-2s      -> origin/handoff/r9-diag-2s
2026-10-07T22:38:34.2080163Z  * [new branch]        handoff/r9-eg-a4        -> origin/handoff/r9-eg-a4
2026-10-07T22:38:34.2080891Z  * [new branch]        handoff/r9-eg-archscore -> origin/handoff/r9-eg-archscore
2026-10-07T22:38:34.2081631Z  * [new branch]        handoff/r9-eg-b0        -> origin/handoff/r9-eg-b0
2026-10-07T22:38:34.2082496Z  * [new branch]        handoff/r9-eg-b7-harness -> origin/handoff/r9-eg-b7-harness
2026-10-07T22:38:34.2083410Z  * [new branch]        handoff/r9-eg-collaborator-interfaces -> origin/handoff/r9-eg-collaborator-interfaces
2026-10-07T22:38:34.2084385Z  * [new branch]        handoff/r9-eg-coordinator-seams -> origin/handoff/r9-eg-coordinator-seams
2026-10-07T22:38:34.2085346Z  * [new branch]        handoff/r9-eg-dhw-closure-dedupe-v2 -> origin/handoff/r9-eg-dhw-closure-dedupe-v2
2026-10-07T22:38:34.2086466Z  * [new branch]        handoff/r9-eg-dhw-planner -> origin/handoff/r9-eg-dhw-planner
2026-10-07T22:38:34.2087300Z  * [new branch]        handoff/r9-eg-entry-config -> origin/handoff/r9-eg-entry-config
2026-10-07T22:38:34.2088088Z  * [new branch]        handoff/r9-eg-one-copy  -> origin/handoff/r9-eg-one-copy
2026-10-07T22:38:34.2088900Z  * [new branch]        handoff/r9-eg-param-objects -> origin/handoff/r9-eg-param-objects
2026-10-07T22:38:34.2089729Z  * [new branch]        handoff/r9-eg-register-fold -> origin/handoff/r9-eg-register-fold
2026-10-07T22:38:34.2090535Z  * [new branch]        handoff/r9-eg-solve-inputs -> origin/handoff/r9-eg-solve-inputs
2026-10-07T22:38:34.2091342Z  * [new branch]        handoff/r9-eg-store-version -> origin/handoff/r9-eg-store-version
2026-10-07T22:38:34.2092503Z  * [new branch]        handoff/r9-eg-surface-identity -> origin/handoff/r9-eg-surface-identity
2026-10-07T22:38:34.2093396Z  * [new branch]        handoff/r9-eg-typed-payload -> origin/handoff/r9-eg-typed-payload
2026-10-07T22:38:34.2094239Z  * [new branch]        handoff/r9-eg-typed-payload-b -> origin/handoff/r9-eg-typed-payload-b
2026-10-07T22:38:34.2095095Z  * [new branch]        handoff/r9-f1-coordinator-10 -> origin/handoff/r9-f1-coordinator-10
2026-10-07T22:38:34.2095920Z  * [new branch]        handoff/r9-f1-coordinator-2 -> origin/handoff/r9-f1-coordinator-2
2026-10-07T22:38:34.2096721Z  * [new branch]        handoff/r9-f1-coordinator-3 -> origin/handoff/r9-f1-coordinator-3
2026-10-07T22:38:34.2097531Z  * [new branch]        handoff/r9-f1-coordinator-4 -> origin/handoff/r9-f1-coordinator-4
2026-10-07T22:38:34.2098333Z  * [new branch]        handoff/r9-f1-coordinator-5 -> origin/handoff/r9-f1-coordinator-5
2026-10-07T22:38:34.2099132Z  * [new branch]        handoff/r9-f1-coordinator-7 -> origin/handoff/r9-f1-coordinator-7
2026-10-07T22:38:34.2100383Z  * [new branch]        handoff/r9-f1-coordinator-7-review -> origin/handoff/r9-f1-coordinator-7-review
2026-10-07T22:38:34.2102047Z  * [new branch]        handoff/r9-f10-12       -> origin/handoff/r9-f10-12
2026-10-07T22:38:34.2102878Z  * [new branch]        handoff/r9-f10-13       -> origin/handoff/r9-f10-13
2026-10-07T22:38:34.2103865Z  * [new branch]        handoff/r9-f10-14       -> origin/handoff/r9-f10-14
2026-10-07T22:38:34.2105087Z  * [new branch]        handoff/r9-f10-15       -> origin/handoff/r9-f10-15
2026-10-07T22:38:34.2105966Z  * [new branch]        handoff/r9-f10-16       -> origin/handoff/r9-f10-16
2026-10-07T22:38:34.2106732Z  * [new branch]        handoff/r9-f10-ci-efficiency -> origin/handoff/r9-f10-ci-efficiency
2026-10-07T22:38:34.2107617Z  * [new branch]        handoff/r9-f10-claims-baseline-rca -> origin/handoff/r9-f10-claims-baseline-rca
2026-10-07T22:38:34.2108535Z  * [new branch]        handoff/r9-f10-closure-runalways -> origin/handoff/r9-f10-closure-runalways
2026-10-07T22:38:34.2109398Z  * [new branch]        handoff/r9-f10-gate-infra-1 -> origin/handoff/r9-f10-gate-infra-1
2026-10-07T22:38:34.2110380Z  * [new branch]        handoff/r9-f10-gate-infra-1d -> origin/handoff/r9-f10-gate-infra-1d
2026-10-07T22:38:34.2111303Z  * [new branch]        handoff/r9-f10-gate-infra-4 -> origin/handoff/r9-f10-gate-infra-4
2026-10-07T22:38:34.2112575Z  * [new branch]        handoff/r9-f10-gate-infra-5 -> origin/handoff/r9-f10-gate-infra-5
2026-10-07T22:38:34.2113400Z  * [new branch]        handoff/r9-f10-gate-infra-6 -> origin/handoff/r9-f10-gate-infra-6
2026-10-07T22:38:34.2114242Z  * [new branch]        handoff/r9-f10-harness-timeout -> origin/handoff/r9-f10-harness-timeout
2026-10-07T22:38:34.2115109Z  * [new branch]        handoff/r9-f10-loop-heartbeat -> origin/handoff/r9-f10-loop-heartbeat
2026-10-07T22:38:34.2115932Z  * [new branch]        handoff/r9-f10-merge-queue -> origin/handoff/r9-f10-merge-queue
2026-10-07T22:38:34.2116757Z  * [new branch]        handoff/r9-f11-governance-1 -> origin/handoff/r9-f11-governance-1
2026-10-07T22:38:34.2117557Z  * [new branch]        handoff/r9-f11-governance-3 -> origin/handoff/r9-f11-governance-3
2026-10-07T22:38:34.2118652Z  * [new branch]        handoff/r9-f11-governance-4 -> origin/handoff/r9-f11-governance-4
2026-10-07T22:38:34.2119675Z  * [new branch]        handoff/r9-f11-governance-4-review -> origin/handoff/r9-f11-governance-4-review
2026-10-07T22:38:34.2120559Z  * [new branch]        handoff/r9-f11-governance-5 -> origin/handoff/r9-f11-governance-5
2026-10-07T22:38:34.2121356Z  * [new branch]        handoff/r9-f11-governance-6 -> origin/handoff/r9-f11-governance-6
2026-10-07T22:38:34.2122478Z  * [new branch]        handoff/r9-f11-governance-7 -> origin/handoff/r9-f11-governance-7
2026-10-07T22:38:34.2123261Z  * [new branch]        handoff/r9-f2-solver-1  -> origin/handoff/r9-f2-solver-1
2026-10-07T22:38:34.2124008Z  * [new branch]        handoff/r9-f2-solver-3  -> origin/handoff/r9-f2-solver-3
2026-10-07T22:38:34.2124748Z  * [new branch]        handoff/r9-f2-solver-4  -> origin/handoff/r9-f2-solver-4
2026-10-07T22:38:34.2125476Z  * [new branch]        handoff/r9-f2-solver-5  -> origin/handoff/r9-f2-solver-5
2026-10-07T22:38:34.2126189Z  * [new branch]        handoff/r9-f3-stores-1  -> origin/handoff/r9-f3-stores-1
2026-10-07T22:38:34.2126925Z  * [new branch]        handoff/r9-f3-stores-3  -> origin/handoff/r9-f3-stores-3
2026-10-07T22:38:34.2187867Z  * [new branch]        handoff/r9-f4-inputs-sysid-1 -> origin/handoff/r9-f4-inputs-sysid-1
2026-10-07T22:38:34.2189455Z  * [new branch]        handoff/r9-f4-inputs-sysid-2 -> origin/handoff/r9-f4-inputs-sysid-2
2026-10-07T22:38:34.2190368Z  * [new branch]        handoff/r9-f5-config-text-1 -> origin/handoff/r9-f5-config-text-1
2026-10-07T22:38:34.2191173Z  * [new branch]        handoff/r9-f6-card-1    -> origin/handoff/r9-f6-card-1
2026-10-07T22:38:34.2192110Z  * [new branch]        handoff/r9-f6-card-2    -> origin/handoff/r9-f6-card-2
2026-10-07T22:38:34.2193091Z  * [new branch]        handoff/r9-f6-card-4    -> origin/handoff/r9-f6-card-4
2026-10-07T22:38:34.2193858Z  * [new branch]        handoff/r9-f7-entities-1 -> origin/handoff/r9-f7-entities-1
2026-10-07T22:38:34.2194669Z  * [new branch]        handoff/r9-f7-entities-2 -> origin/handoff/r9-f7-entities-2
2026-10-07T22:38:34.2195498Z  * [new branch]        handoff/r9-f7-family-splits -> origin/handoff/r9-f7-family-splits
2026-10-07T22:38:34.2196286Z  * [new branch]        handoff/r9-f8-docs-1    -> origin/handoff/r9-f8-docs-1
2026-10-07T22:38:34.2197016Z  * [new branch]        handoff/r9-f8-docs-2    -> origin/handoff/r9-f8-docs-2
2026-10-07T22:38:34.2197986Z  * [new branch]        handoff/r9-f8-docs-3    -> origin/handoff/r9-f8-docs-3
2026-10-07T22:38:34.2198791Z  * [new branch]        handoff/r9-f9-test-pins-2 -> origin/handoff/r9-f9-test-pins-2
2026-10-07T22:38:34.2199605Z  * [new branch]        handoff/r9-f9-test-pins-3 -> origin/handoff/r9-f9-test-pins-3
2026-10-07T22:38:34.2201037Z  * [new branch]        handoff/r9-fixer-cap    -> origin/handoff/r9-fixer-cap
2026-10-07T22:38:34.2202694Z  * [new branch]        handoff/r9-fr-10        -> origin/handoff/r9-fr-10
2026-10-07T22:38:34.2204267Z  * [new branch]        handoff/r9-friction-study -> origin/handoff/r9-friction-study
2026-10-07T22:38:34.2205747Z  * [new branch]        handoff/r9-nightly-bdr  -> origin/handoff/r9-nightly-bdr
2026-10-07T22:38:34.2207249Z  * [new branch]        handoff/r9-nightly-status-k5uati -> origin/handoff/r9-nightly-status-k5uati
2026-10-07T22:38:34.2208792Z  * [new branch]        handoff/r9-prepr-selftest -> origin/handoff/r9-prepr-selftest
2026-10-07T22:38:34.2210246Z  * [new branch]        handoff/r9-proc-1       -> origin/handoff/r9-proc-1
2026-10-07T22:38:34.2211549Z  * [new branch]        handoff/r9-proc-3       -> origin/handoff/r9-proc-3
2026-10-07T22:38:34.2213033Z  * [new branch]        handoff/r9-proc-4       -> origin/handoff/r9-proc-4
2026-10-07T22:38:34.2214219Z  * [new branch]        handoff/r9-proc-5       -> origin/handoff/r9-proc-5
2026-10-07T22:38:34.2215558Z  * [new branch]        handoff/r9-rc-prcontract-fix -> origin/handoff/r9-rc-prcontract-fix
2026-10-07T22:38:34.2217118Z  * [new branch]        handoff/r9-rca-1985     -> origin/handoff/r9-rca-1985
2026-10-07T22:38:34.2218351Z  * [new branch]        handoff/r9-rca-1990     -> origin/handoff/r9-rca-1990
2026-10-07T22:38:34.2219847Z  * [new branch]        handoff/r9-rca-2004     -> origin/handoff/r9-rca-2004
2026-10-07T22:38:34.2220997Z  * [new branch]        handoff/r9-rca-avoidable-interpreter-bound-recomputation -> origin/handoff/r9-rca-avoidable-interpreter-bound-recomputation
2026-10-07T22:38:34.2222424Z  * [new branch]        handoff/r9-rca-bugclasses -> origin/handoff/r9-rca-bugclasses
2026-10-07T22:38:34.2223290Z  * [new branch]        handoff/r9-rca-cpu-gate-blind -> origin/handoff/r9-rca-cpu-gate-blind
2026-10-07T22:38:34.2224081Z  * [new branch]        handoff/r9-rca-i1       -> origin/handoff/r9-rca-i1
2026-10-07T22:38:34.2224780Z  * [new branch]        handoff/r9-rca-i3       -> origin/handoff/r9-rca-i3
2026-10-07T22:38:34.2225491Z  * [new branch]        handoff/r9-rca-i4       -> origin/handoff/r9-rca-i4
2026-10-07T22:38:34.2226179Z  * [new branch]        handoff/r9-rca-i5       -> origin/handoff/r9-rca-i5
2026-10-07T22:38:34.2226895Z  * [new branch]        handoff/r9-rca-p1       -> origin/handoff/r9-rca-p1
2026-10-07T22:38:34.2227628Z  * [new branch]        handoff/r9-rca-p11      -> origin/handoff/r9-rca-p11
2026-10-07T22:38:34.2228783Z  * [new branch]        handoff/r9-rca-p2       -> origin/handoff/r9-rca-p2
2026-10-07T22:38:34.2230070Z  * [new branch]        handoff/r9-rca-p3       -> origin/handoff/r9-rca-p3
2026-10-07T22:38:34.2231171Z  * [new branch]        handoff/r9-rca-p5       -> origin/handoff/r9-rca-p5
2026-10-07T22:38:34.2232163Z  * [new branch]        handoff/r9-rca-p6       -> origin/handoff/r9-rca-p6
2026-10-07T22:38:34.2232894Z  * [new branch]        handoff/r9-rca-p9       -> origin/handoff/r9-rca-p9
2026-10-07T22:38:34.2234270Z  * [new branch]        handoff/r9-rca-persisted-future-instant-trusted-without-bound -> origin/handoff/r9-rca-persisted-future-instant-trusted-without-bound
2026-10-07T22:38:34.2235489Z  * [new branch]        handoff/r9-rca-stress-recording -> origin/handoff/r9-rca-stress-recording
2026-10-07T22:38:34.2236381Z  * [new branch]        handoff/r9-record-automerge -> origin/handoff/r9-record-automerge
2026-10-07T22:38:34.2237195Z  * [new branch]        handoff/r9-record-path  -> origin/handoff/r9-record-path
2026-10-07T22:38:34.2237966Z  * [new branch]        handoff/r9-ro-1         -> origin/handoff/r9-ro-1
2026-10-07T22:38:34.2238663Z  * [new branch]        handoff/r9-ro-10        -> origin/handoff/r9-ro-10
2026-10-07T22:38:34.2239361Z  * [new branch]        handoff/r9-ro-11        -> origin/handoff/r9-ro-11
2026-10-07T22:38:34.2240059Z  * [new branch]        handoff/r9-ro-12        -> origin/handoff/r9-ro-12
2026-10-07T22:38:34.2240751Z  * [new branch]        handoff/r9-ro-2         -> origin/handoff/r9-ro-2
2026-10-07T22:38:34.2241441Z  * [new branch]        handoff/r9-ro-3         -> origin/handoff/r9-ro-3
2026-10-07T22:38:34.2242381Z  * [new branch]        handoff/r9-ro-4         -> origin/handoff/r9-ro-4
2026-10-07T22:38:34.2243070Z  * [new branch]        handoff/r9-ro-5         -> origin/handoff/r9-ro-5
2026-10-07T22:38:34.2243735Z  * [new branch]        handoff/r9-ro-6         -> origin/handoff/r9-ro-6
2026-10-07T22:38:34.2244402Z  * [new branch]        handoff/r9-ro-7         -> origin/handoff/r9-ro-7
2026-10-07T22:38:34.2245066Z  * [new branch]        handoff/r9-ro-8         -> origin/handoff/r9-ro-8
2026-10-07T22:38:34.2245731Z  * [new branch]        handoff/r9-sw-5         -> origin/handoff/r9-sw-5
2026-10-07T22:38:34.2246440Z  * [new branch]        handoff/r9-sw-actuation -> origin/handoff/r9-sw-actuation
2026-10-07T22:38:34.2247191Z  * [new branch]        handoff/r9-sw-card      -> origin/handoff/r9-sw-card
2026-10-07T22:38:34.2247896Z  * [new branch]        handoff/r9-sw-gchv      -> origin/handoff/r9-sw-gchv
2026-10-07T22:38:34.2248668Z  * [new branch]        handoff/r9-sw-model     -> origin/handoff/r9-sw-model
2026-10-07T22:38:34.2249532Z  * [new branch]        handoff/r9-sw6          -> origin/handoff/r9-sw6
2026-10-07T22:38:34.2250231Z  * [new branch]        handoff/r9-ux-6         -> origin/handoff/r9-ux-6
2026-10-07T22:38:34.2250907Z  * [new branch]        handoff/r9-ux-7         -> origin/handoff/r9-ux-7
2026-10-07T22:38:34.2251807Z  * [new branch]        handoff/r9-ux-actions   -> origin/handoff/r9-ux-actions
2026-10-07T22:38:34.2252597Z  * [new branch]        handoff/r9-ux-events    -> origin/handoff/r9-ux-events
2026-10-07T22:38:34.2253320Z  * [new branch]        handoff/r9-ux-health    -> origin/handoff/r9-ux-health
2026-10-07T22:38:34.2254088Z  * [new branch]        handoff/r9-ux-insight-text -> origin/handoff/r9-ux-insight-text
2026-10-07T22:38:34.2254837Z  * [new branch]        handoff/r9-ux9          -> origin/handoff/r9-ux9
2026-10-07T22:38:34.2255517Z  * [new branch]        handoff/r9-web-3        -> origin/handoff/r9-web-3
2026-10-07T22:38:34.2256208Z  * [new branch]        handoff/r9-web-4        -> origin/handoff/r9-web-4
2026-10-07T22:38:34.2256898Z  * [new branch]        handoff/r9-web-5        -> origin/handoff/r9-web-5
2026-10-07T22:38:34.2257598Z  * [new branch]        handoff/r9-web-page     -> origin/handoff/r9-web-page
2026-10-07T22:38:34.2258297Z  * [new branch]        handoff/rca-1747        -> origin/handoff/rca-1747
2026-10-07T22:38:34.2259033Z  * [new branch]        handoff/repo-reorg-plan -> origin/handoff/repo-reorg-plan
2026-10-07T22:38:34.2259850Z  * [new branch]        handoff/silent-windows-plan -> origin/handoff/silent-windows-plan
2026-10-07T22:38:34.2260571Z  * [new branch]        main                    -> origin/main
2026-10-07T22:38:34.2261281Z  * [new branch]        proof-base/r9-ci-1-shards -> origin/proof-base/r9-ci-1-shards
2026-10-07T22:38:34.2262316Z  * [new branch]        proof/r9-ci-1-pr2010    -> origin/proof/r9-ci-1-pr2010
2026-10-07T22:38:34.2263210Z  * [new branch]        proof/r9-ci-1-pr2025    -> origin/proof/r9-ci-1-pr2025
2026-10-07T22:38:34.2263920Z  * [new branch]        proof/r9-ci-1-shards    -> origin/proof/r9-ci-1-shards
2026-10-07T22:38:34.2264627Z  * [new branch]        proof/r9-ci-1-sw1       -> origin/proof/r9-ci-1-sw1
2026-10-07T22:38:34.2265305Z  * [new branch]        proof/ro12-b            -> origin/proof/ro12-b
2026-10-07T22:38:34.2265969Z  * [new branch]        proof/ro12-c            -> origin/proof/ro12-c
2026-10-07T22:38:34.2266621Z  * [new branch]        proof/ro12-e            -> origin/proof/ro12-e
2026-10-07T22:38:34.2267265Z  * [new branch]        review/1987             -> origin/review/1987
2026-10-07T22:38:34.2267908Z  * [new branch]        review/1997             -> origin/review/1997
2026-10-07T22:38:34.2268546Z  * [new branch]        review/2002             -> origin/review/2002
2026-10-07T22:38:34.2269180Z  * [new branch]        review/2006             -> origin/review/2006
2026-10-07T22:38:34.2269813Z  * [new branch]        review/2007             -> origin/review/2007
2026-10-07T22:38:34.2270462Z  * [new branch]        review/2010             -> origin/review/2010
2026-10-07T22:38:34.2271098Z  * [new branch]        review/2011             -> origin/review/2011
2026-10-07T22:38:34.2272105Z  * [new branch]        review/2012             -> origin/review/2012
2026-10-07T22:38:34.2272786Z  * [new branch]        review/2013             -> origin/review/2013
2026-10-07T22:38:34.2273426Z  * [new branch]        review/2014             -> origin/review/2014
2026-10-07T22:38:34.2274074Z  * [new branch]        review/2015             -> origin/review/2015
2026-10-07T22:38:34.2274711Z  * [new branch]        review/2017             -> origin/review/2017
2026-10-07T22:38:34.2275350Z  * [new branch]        review/2018             -> origin/review/2018
2026-10-07T22:38:34.2275989Z  * [new branch]        review/2021             -> origin/review/2021
2026-10-07T22:38:34.2276621Z  * [new branch]        review/2022             -> origin/review/2022
2026-10-07T22:38:34.2277268Z  * [new branch]        review/2025             -> origin/review/2025
2026-10-07T22:38:34.2277895Z  * [new branch]        review/2026             -> origin/review/2026
2026-10-07T22:38:34.2278672Z  * [new branch]        review/2027             -> origin/review/2027
2026-10-07T22:38:34.2279313Z  * [new branch]        review/2029             -> origin/review/2029
2026-10-07T22:38:34.2279946Z  * [new branch]        review/2030             -> origin/review/2030
2026-10-07T22:38:34.2280571Z  * [new branch]        review/2040             -> origin/review/2040
2026-10-07T22:38:34.2281206Z  * [new branch]        review/2042             -> origin/review/2042
2026-10-07T22:38:34.2282135Z  * [new branch]        verdict/1987            -> origin/verdict/1987
2026-10-07T22:38:34.2282801Z  * [new branch]        verdict/1997            -> origin/verdict/1997
2026-10-07T22:38:34.2283445Z  * [new branch]        verdict/2002            -> origin/verdict/2002
2026-10-07T22:38:34.2284094Z  * [new branch]        verdict/2006            -> origin/verdict/2006
2026-10-07T22:38:34.2284739Z  * [new branch]        verdict/2007            -> origin/verdict/2007
2026-10-07T22:38:34.2285383Z  * [new branch]        verdict/2010            -> origin/verdict/2010
2026-10-07T22:38:34.2286020Z  * [new branch]        verdict/2011            -> origin/verdict/2011
2026-10-07T22:38:34.2286657Z  * [new branch]        verdict/2012            -> origin/verdict/2012
2026-10-07T22:38:34.2287289Z  * [new branch]        verdict/2013            -> origin/verdict/2013
2026-10-07T22:38:34.2287925Z  * [new branch]        verdict/2014            -> origin/verdict/2014
2026-10-07T22:38:34.2288569Z  * [new branch]        verdict/2015            -> origin/verdict/2015
2026-10-07T22:38:34.2289203Z  * [new branch]        verdict/2017            -> origin/verdict/2017
2026-10-07T22:38:34.2289851Z  * [new branch]        verdict/2018            -> origin/verdict/2018
2026-10-07T22:38:34.2290494Z  * [new branch]        verdict/2021            -> origin/verdict/2021
2026-10-07T22:38:34.2291411Z  * [new branch]        verdict/2022            -> origin/verdict/2022
2026-10-07T22:38:34.2292383Z  * [new branch]        verdict/2025            -> origin/verdict/2025
2026-10-07T22:38:34.2293025Z  * [new branch]        verdict/2026            -> origin/verdict/2026
2026-10-07T22:38:34.2293664Z  * [new branch]        verdict/2027            -> origin/verdict/2027
2026-10-07T22:38:34.2294302Z  * [new branch]        verdict/2029            -> origin/verdict/2029
2026-10-07T22:38:34.2294938Z  * [new branch]        verdict/2030            -> origin/verdict/2030
2026-10-07T22:38:34.2295580Z  * [new branch]        verdict/2040            -> origin/verdict/2040
2026-10-07T22:38:34.2296217Z  * [new branch]        verdict/2042            -> origin/verdict/2042
2026-10-07T22:38:34.2296881Z  * [new tag]           audit-round2-evidence   -> audit-round2-evidence
2026-10-07T22:38:34.2297519Z  * [new tag]           v2.3.0-beta.1           -> v2.3.0-beta.1
2026-10-07T22:38:34.2298099Z  * [new tag]           v2.4.0                  -> v2.4.0
2026-10-07T22:38:34.2298651Z  * [new tag]           v2.4.1                  -> v2.4.1
2026-10-07T22:38:34.2299205Z  * [new tag]           v2.5.0                  -> v2.5.0
2026-10-07T22:38:34.2299747Z  * [new tag]           v2.6.0                  -> v2.6.0
2026-10-07T22:38:34.2300290Z  * [new tag]           v2.6.1                  -> v2.6.1
2026-10-07T22:38:34.2300821Z  * [new tag]           v2.7.0                  -> v2.7.0
2026-10-07T22:38:34.2301356Z  * [new tag]           v2.8.0                  -> v2.8.0
2026-10-07T22:38:34.2302167Z  * [new tag]           v3.0.0                  -> v3.0.0
2026-10-07T22:38:34.2302698Z  * [new tag]           v3.1.0                  -> v3.1.0
2026-10-07T22:38:34.2303230Z  * [new tag]           v3.1.1                  -> v3.1.1
2026-10-07T22:38:34.2303767Z  * [new tag]           v3.1.2                  -> v3.1.2
2026-10-07T22:38:34.2304306Z  * [new tag]           v3.14.0                 -> v3.14.0
2026-10-07T22:38:34.2304863Z  * [new tag]           v3.16.0                 -> v3.16.0
2026-10-07T22:38:34.2305413Z  * [new tag]           v3.2.0                  -> v3.2.0
2026-10-07T22:38:34.2306168Z  * [new tag]           v3.3.0                  -> v3.3.0
2026-10-07T22:38:34.2306729Z  * [new tag]           v3.3.1                  -> v3.3.1
2026-10-07T22:38:34.2307261Z  * [new tag]           v3.4.0                  -> v3.4.0
2026-10-07T22:38:34.2307800Z  * [new tag]           v3.4.1                  -> v3.4.1
2026-10-07T22:38:34.2308345Z  * [new tag]           v3.5.0                  -> v3.5.0
2026-10-07T22:38:34.2308880Z  * [new tag]           v3.6.0                  -> v3.6.0
2026-10-07T22:38:34.2309415Z  * [new tag]           v3.6.1                  -> v3.6.1
2026-10-07T22:38:34.2309956Z  * [new tag]           v3.7.0                  -> v3.7.0
2026-10-07T22:38:34.2310492Z  * [new tag]           v3.7.1                  -> v3.7.1
2026-10-07T22:38:34.2311028Z  * [new tag]           v3.8.0                  -> v3.8.0
2026-10-07T22:38:34.2311576Z  * [new tag]           v4.0.0                  -> v4.0.0
2026-10-07T22:38:34.2312363Z  * [new tag]           v4.0.1                  -> v4.0.1
2026-10-07T22:38:34.2312913Z  * [new tag]           v4.0.2                  -> v4.0.2
2026-10-07T22:38:34.2313451Z  * [new tag]           v4.0.3                  -> v4.0.3
2026-10-07T22:38:34.2313988Z  * [new tag]           v4.0.4                  -> v4.0.4
2026-10-07T22:38:34.2314529Z  * [new tag]           v4.0.5                  -> v4.0.5
2026-10-07T22:38:34.2315060Z  * [new tag]           v4.0.6                  -> v4.0.6
2026-10-07T22:38:34.2315599Z  * [new tag]           v4.0.7                  -> v4.0.7
2026-10-07T22:38:34.2316142Z  * [new tag]           v4.1.0                  -> v4.1.0
2026-10-07T22:38:34.2316681Z  * [new tag]           v4.2.0                  -> v4.2.0
2026-10-07T22:38:34.2317212Z  * [new tag]           v4.3.0                  -> v4.3.0
2026-10-07T22:38:34.2317745Z  * [new tag]           v5.0.0                  -> v5.0.0
2026-10-07T22:38:34.2318483Z  * [new tag]           v5.1.0                  -> v5.1.0
2026-10-07T22:38:34.2319015Z  * [new tag]           v5.1.1                  -> v5.1.1
2026-10-07T22:38:34.2319558Z  * [new tag]           v5.1.10                 -> v5.1.10
2026-10-07T22:38:34.2320103Z  * [new tag]           v5.1.2                  -> v5.1.2
2026-10-07T22:38:34.2320641Z  * [new tag]           v5.1.3                  -> v5.1.3
2026-10-07T22:38:34.2321179Z  * [new tag]           v5.1.4                  -> v5.1.4
2026-10-07T22:38:34.2322017Z  * [new tag]           v5.1.5                  -> v5.1.5
2026-10-07T22:38:34.2322608Z  * [new tag]           v5.1.6                  -> v5.1.6
2026-10-07T22:38:34.2323163Z  * [new tag]           v5.1.7                  -> v5.1.7
2026-10-07T22:38:34.2323712Z  * [new tag]           v5.1.9                  -> v5.1.9
2026-10-07T22:38:34.2324261Z  * [new tag]           v5.2.0                  -> v5.2.0
2026-10-07T22:38:34.2324804Z  * [new tag]           v5.3.0                  -> v5.3.0
2026-10-07T22:38:34.2325357Z  * [new tag]           v5.4.0                  -> v5.4.0
2026-10-07T22:38:34.2325904Z  * [new tag]           v5.4.1                  -> v5.4.1
2026-10-07T22:38:34.2326444Z  * [new tag]           v5.5.0                  -> v5.5.0
2026-10-07T22:38:34.2326994Z  * [new tag]           v5.6.0                  -> v5.6.0
2026-10-07T22:38:34.2327530Z  * [new tag]           v5.6.1                  -> v5.6.1
2026-10-07T22:38:34.2328069Z  * [new tag]           v5.6.2                  -> v5.6.2
2026-10-07T22:38:34.2328613Z  * [new tag]           v5.7.0                  -> v5.7.0
2026-10-07T22:38:34.2329144Z  * [new tag]           v5.7.1                  -> v5.7.1
2026-10-07T22:38:34.2329675Z  * [new tag]           v6.0.0                  -> v6.0.0
2026-10-07T22:38:34.2330224Z  * [new tag]           v6.0.1                  -> v6.0.1
2026-10-07T22:38:34.2330760Z  * [new tag]           v6.0.2                  -> v6.0.2
2026-10-07T22:38:34.2331307Z  * [new tag]           v6.0.3                  -> v6.0.3
2026-10-07T22:38:34.2332076Z  * [new tag]           v6.0.4                  -> v6.0.4
2026-10-07T22:38:34.2332773Z  * [new tag]           v6.0.5                  -> v6.0.5
2026-10-07T22:38:34.2333339Z  * [new tag]           v6.0.6                  -> v6.0.6
2026-10-07T22:38:34.2333878Z  * [new tag]           v6.0.7                  -> v6.0.7
2026-10-07T22:38:34.2334413Z  * [new tag]           v6.0.8                  -> v6.0.8
2026-10-07T22:38:34.2334954Z  * [new tag]           v6.0.9                  -> v6.0.9
2026-10-07T22:38:34.2335482Z  * [new tag]           v6.1.0                  -> v6.1.0
2026-10-07T22:38:34.2336016Z  * [new tag]           v6.1.1                  -> v6.1.1
2026-10-07T22:38:34.2336561Z  * [new tag]           v6.1.2                  -> v6.1.2
2026-10-07T22:38:34.2337095Z  * [new tag]           v6.2.0                  -> v6.2.0
2026-10-07T22:38:34.2337631Z  * [new tag]           v6.2.1                  -> v6.2.1
2026-10-07T22:38:34.2338171Z  * [new tag]           v6.2.10                 -> v6.2.10
2026-10-07T22:38:34.2338724Z  * [new tag]           v6.2.11                 -> v6.2.11
2026-10-07T22:38:34.2339277Z  * [new tag]           v6.2.12                 -> v6.2.12
2026-10-07T22:38:34.2339813Z  * [new tag]           v6.2.13                 -> v6.2.13
2026-10-07T22:38:34.2340356Z  * [new tag]           v6.2.14                 -> v6.2.14
2026-10-07T22:38:34.2340902Z  * [new tag]           v6.2.15                 -> v6.2.15
2026-10-07T22:38:34.2341446Z  * [new tag]           v6.2.16                 -> v6.2.16
2026-10-07T22:38:34.2342252Z  * [new tag]           v6.2.17                 -> v6.2.17
2026-10-07T22:38:34.2342806Z  * [new tag]           v6.2.2                  -> v6.2.2
2026-10-07T22:38:34.2343348Z  * [new tag]           v6.2.3                  -> v6.2.3
2026-10-07T22:38:34.2343891Z  * [new tag]           v6.2.4                  -> v6.2.4
2026-10-07T22:38:34.2344428Z  * [new tag]           v6.2.5                  -> v6.2.5
2026-10-07T22:38:34.2345121Z  * [new tag]           v6.2.6                  -> v6.2.6
2026-10-07T22:38:34.2345667Z  * [new tag]           v6.2.7                  -> v6.2.7
2026-10-07T22:38:34.2346210Z  * [new tag]           v6.2.8                  -> v6.2.8
2026-10-07T22:38:34.2346751Z  * [new tag]           v6.2.9                  -> v6.2.9
2026-10-07T22:38:34.2347286Z  * [new tag]           v6.3.0                  -> v6.3.0
2026-10-07T22:38:34.2347821Z  * [new tag]           v6.3.1                  -> v6.3.1
2026-10-07T22:38:34.2348401Z  * [new tag]           v6.3.10                 -> v6.3.10
2026-10-07T22:38:34.2348946Z  * [new tag]           v6.3.11                 -> v6.3.11
2026-10-07T22:38:34.2349482Z  * [new tag]           v6.3.12                 -> v6.3.12
2026-10-07T22:38:34.2350025Z  * [new tag]           v6.3.13                 -> v6.3.13
2026-10-07T22:38:34.2350560Z  * [new tag]           v6.3.14                 -> v6.3.14
2026-10-07T22:38:34.2351094Z  * [new tag]           v6.3.15                 -> v6.3.15
2026-10-07T22:38:34.2351850Z  * [new tag]           v6.3.16                 -> v6.3.16
2026-10-07T22:38:34.2352412Z  * [new tag]           v6.3.17                 -> v6.3.17
2026-10-07T22:38:34.2352963Z  * [new tag]           v6.3.18                 -> v6.3.18
2026-10-07T22:38:34.2353504Z  * [new tag]           v6.3.19                 -> v6.3.19
2026-10-07T22:38:34.2354043Z  * [new tag]           v6.3.2                  -> v6.3.2
2026-10-07T22:38:34.2354583Z  * [new tag]           v6.3.20                 -> v6.3.20
2026-10-07T22:38:34.2355131Z  * [new tag]           v6.3.3                  -> v6.3.3
2026-10-07T22:38:34.2355670Z  * [new tag]           v6.3.4                  -> v6.3.4
2026-10-07T22:38:34.2356207Z  * [new tag]           v6.3.5                  -> v6.3.5
2026-10-07T22:38:34.2356742Z  * [new tag]           v6.3.6                  -> v6.3.6
2026-10-07T22:38:34.2357285Z  * [new tag]           v6.3.7                  -> v6.3.7
2026-10-07T22:38:34.2357832Z  * [new tag]           v6.3.8                  -> v6.3.8
2026-10-07T22:38:34.2358373Z  * [new tag]           v6.3.9                  -> v6.3.9
2026-10-07T22:38:34.2358906Z  * [new tag]           v6.4.0                  -> v6.4.0
2026-10-07T22:38:34.2359581Z  * [new tag]           v6.4.1                  -> v6.4.1
2026-10-07T22:38:34.2360132Z  * [new tag]           v6.4.2                  -> v6.4.2
2026-10-07T22:38:34.2360664Z  * [new tag]           v6.4.3                  -> v6.4.3
2026-10-07T22:38:34.2361200Z  * [new tag]           v6.4.4                  -> v6.4.4
2026-10-07T22:38:34.2361975Z  * [new tag]           v6.5.0                  -> v6.5.0
2026-10-07T22:38:34.2362542Z  * [new tag]           v6.5.1                  -> v6.5.1
2026-10-07T22:38:34.2363087Z  * [new tag]           v6.6.0                  -> v6.6.0
2026-10-07T22:38:34.2363622Z  * [new tag]           v6.6.1                  -> v6.6.1
2026-10-07T22:38:34.2364164Z  * [new tag]           v6.6.10                 -> v6.6.10
2026-10-07T22:38:34.2364705Z  * [new tag]           v6.6.11                 -> v6.6.11
2026-10-07T22:38:34.2365256Z  * [new tag]           v6.6.12                 -> v6.6.12
2026-10-07T22:38:34.2365799Z  * [new tag]           v6.6.2                  -> v6.6.2
2026-10-07T22:38:34.2366343Z  * [new tag]           v6.6.3                  -> v6.6.3
2026-10-07T22:38:34.2366881Z  * [new tag]           v6.6.4                  -> v6.6.4
2026-10-07T22:38:34.2367421Z  * [new tag]           v6.6.5                  -> v6.6.5
2026-10-07T22:38:34.2367955Z  * [new tag]           v6.6.6                  -> v6.6.6
2026-10-07T22:38:34.2368498Z  * [new tag]           v6.6.7                  -> v6.6.7
2026-10-07T22:38:34.2369053Z  * [new tag]           v6.6.8                  -> v6.6.8
2026-10-07T22:38:34.2369592Z  * [new tag]           v6.6.9                  -> v6.6.9
2026-10-07T22:38:34.2370137Z  * [new tag]           v6.7.0                  -> v6.7.0
2026-10-07T22:38:34.2370675Z  * [new tag]           v6.7.1                  -> v6.7.1
2026-10-07T22:38:34.2371221Z  * [new tag]           v6.7.10                 -> v6.7.10
2026-10-07T22:38:34.2372171Z  * [new tag]           v6.7.11                 -> v6.7.11
2026-10-07T22:38:34.2372728Z  * [new tag]           v6.7.12                 -> v6.7.12
2026-10-07T22:38:34.2373279Z  * [new tag]           v6.7.13                 -> v6.7.13
2026-10-07T22:38:34.2373827Z  * [new tag]           v6.7.14                 -> v6.7.14
2026-10-07T22:38:34.2374365Z  * [new tag]           v6.7.15                 -> v6.7.15
2026-10-07T22:38:34.2374901Z  * [new tag]           v6.7.16                 -> v6.7.16
2026-10-07T22:38:34.2375450Z  * [new tag]           v6.7.2                  -> v6.7.2
2026-10-07T22:38:34.2375986Z  * [new tag]           v6.7.3                  -> v6.7.3
2026-10-07T22:38:34.2376521Z  * [new tag]           v6.7.4                  -> v6.7.4
2026-10-07T22:38:34.2377054Z  * [new tag]           v6.7.5                  -> v6.7.5
2026-10-07T22:38:34.2377586Z  * [new tag]           v6.7.6                  -> v6.7.6
2026-10-07T22:38:34.2378121Z  * [new tag]           v6.7.7                  -> v6.7.7
2026-10-07T22:38:34.2378663Z  * [new tag]           v6.7.8                  -> v6.7.8
2026-10-07T22:38:34.2379200Z  * [new tag]           v6.7.9                  -> v6.7.9
2026-10-07T22:38:34.2381096Z ##[endgroup]
2026-10-07T22:38:34.2381963Z ##[group]Determining the checkout info
2026-10-07T22:38:34.2382583Z [command]/usr/bin/git branch --list --remote origin/fix/r9-ux9
2026-10-07T22:38:34.2383228Z   origin/fix/r9-ux9
2026-10-07T22:38:34.2384353Z ##[endgroup]
2026-10-07T22:38:34.2384801Z [command]/usr/bin/git sparse-checkout disable
2026-10-07T22:38:34.2385937Z [command]/usr/bin/git config --local --unset-all extensions.worktreeConfig
2026-10-07T22:38:34.2387260Z ##[group]Checking out the ref
2026-10-07T22:38:34.2387967Z [command]/usr/bin/git checkout --progress --force -B fix/r9-ux9 refs/remotes/origin/fix/r9-ux9
2026-10-07T22:38:34.7000647Z Switched to a new branch 'fix/r9-ux9'
2026-10-07T22:38:34.7005751Z branch 'fix/r9-ux9' set up to track 'origin/fix/r9-ux9'.
2026-10-07T22:38:34.7034062Z ##[endgroup]
2026-10-07T22:38:34.7112539Z [command]/usr/bin/git log -1 --format=%H
2026-10-07T22:38:34.7135470Z f455915c4200be287c10cd7e95306b8fbf2953fe
2026-10-07T22:38:34.7137718Z ##[group]Removing auth
2026-10-07T22:38:34.7152886Z [command]/usr/bin/git config --local --name-only --get-regexp core\.sshCommand
2026-10-07T22:38:34.7183728Z [command]/usr/bin/git submodule foreach --recursive sh -c "git config --local --name-only --get-regexp 'core\.sshCommand' && git config --local --unset-all 'core.sshCommand' || :"
2026-10-07T22:38:34.7422162Z [command]/usr/bin/git config --local --name-only --get-regexp http\.https\:\/\/github\.com\/\.extraheader
2026-10-07T22:38:34.7453893Z http.https://github.com/.extraheader
2026-10-07T22:38:34.7462883Z [command]/usr/bin/git config --local --unset-all http.https://github.com/.extraheader
2026-10-07T22:38:34.7500246Z [command]/usr/bin/git submodule foreach --recursive sh -c "git config --local --name-only --get-regexp 'http\.https\:\/\/github\.com\/\.extraheader' && git config --local --unset-all 'http.https://github.com/.extraheader' || :"
2026-10-07T22:38:34.7745118Z [command]/usr/bin/git config --local --name-only --get-regexp ^includeIf\.gitdir:
2026-10-07T22:38:34.7775321Z [command]/usr/bin/git submodule foreach --recursive git config --local --show-origin --name-only --get-regexp remote.origin.url
2026-10-07T22:38:34.8021345Z ##[endgroup]
2026-10-07T22:38:34.8243206Z ##[group]Run set -euo pipefail
2026-10-07T22:38:34.8243672Z set -euo pipefail
2026-10-07T22:38:34.8244114Z git cat-file -e "$PINNED^{commit}" 2>/dev/null \
2026-10-07T22:38:34.8244627Z   || git fetch --no-tags --depth=1 origin "$PINNED"
2026-10-07T22:38:34.8245195Z git checkout "$PINNED" -- tests/closure.py tests/mutation_table.py
2026-10-07T22:38:34.8245782Z git reset -q -- tests/closure.py tests/mutation_table.py
2026-10-07T22:38:34.8246366Z # The report runs after `pull --rebase --autostash`, which can leave
2026-10-07T22:38:34.8247179Z # the pull request's copy in the tree; it runs this copy instead.
2026-10-07T22:38:34.8247775Z install -D -m 0444 tests/closure.py "$RUNNER_TEMP/pinned/closure.py"
2026-10-07T22:38:34.8539497Z shell: /usr/bin/bash -e {0}
2026-10-07T22:38:34.8558074Z env:
2026-10-07T22:38:34.8558511Z   PINNED: 2d8cab3f75ddc8c2e42877092cd14bd1ffb01d38
2026-10-07T22:38:34.8559010Z ##[endgroup]
2026-10-07T22:38:35.2001321Z ##[group]Run actions/setup-python@ece7cb06caefa5fff74198d8649806c4678c61a1
2026-10-07T22:38:35.2002101Z with:
2026-10-07T22:38:35.2002416Z   python-version: 3.13
2026-10-07T22:38:35.2002746Z   check-latest: false
2026-10-07T22:38:35.2005220Z   token: ***
2026-10-07T22:38:35.2005542Z   update-environment: true
2026-10-07T22:38:35.2005896Z   allow-prereleases: false
2026-10-07T22:38:35.2006229Z   freethreaded: false
2026-10-07T22:38:35.2006547Z ##[endgroup]
2026-10-07T22:38:35.3340515Z ##[group]Installed versions
2026-10-07T22:38:35.3436404Z Successfully set up CPython (3.13.15)
2026-10-07T22:38:35.3437574Z ##[endgroup]
2026-10-07T22:38:35.3628007Z ##[group]Run actions/download-artifact@37930b1c2abaa49bbe596cd826c3c89aef350131
2026-10-07T22:38:35.3628578Z with:
2026-10-07T22:38:35.3628874Z   name: mutation-pins
2026-10-07T22:38:35.3629235Z   path: /home/runner/work/_temp/mutation-pins
2026-10-07T22:38:35.3629646Z   merge-multiple: false
2026-10-07T22:38:35.3629994Z   repository: tvofi/heatpump_optimizer
2026-10-07T22:38:35.3630363Z   run-id: 37696814622
2026-10-07T22:38:35.3630665Z env:
2026-10-07T22:38:35.3631019Z   pythonLocation: /opt/hostedtoolcache/Python/3.13.15/x64
2026-10-07T22:38:35.3631597Z   PKG_CONFIG_PATH: /opt/hostedtoolcache/Python/3.13.15/x64/lib/pkgconfig
2026-10-07T22:38:35.3632455Z   Python_ROOT_DIR: /opt/hostedtoolcache/Python/3.13.15/x64
2026-10-07T22:38:35.3632965Z   Python2_ROOT_DIR: /opt/hostedtoolcache/Python/3.13.15/x64
2026-10-07T22:38:35.3633460Z   Python3_ROOT_DIR: /opt/hostedtoolcache/Python/3.13.15/x64
2026-10-07T22:38:35.3633958Z   LD_LIBRARY_PATH: /opt/hostedtoolcache/Python/3.13.15/x64/lib
2026-10-07T22:38:35.3634440Z ##[endgroup]
2026-10-07T22:38:35.5216263Z Downloading single artifact
2026-10-07T22:38:35.7317653Z Preparing to download the following artifacts:
2026-10-07T22:38:35.7319087Z - mutation-pins (ID: 11516455571, Size: 163, Expected Digest: sha256:faa0108be94e68578ffd5452dd6a47be2ea4d1692afa6c2d288c620c496dbcc1)
2026-10-07T22:38:36.1268349Z Redirecting to blob download url: https://productionresultssa17.blob.core.windows.net/actions-results/0fd8fff2-5b36-8a26-a8c8-b65b7c72b4bd/workflow-job-run-c87822b1-a5ea-5cf9-b041-446bbfce13c0/artifacts/a7e23c2f6948af35bfdc90e56eadc3b0ba823d55c0bc8c6bf03eedc3225fc7a9.zip
2026-10-07T22:38:36.1269957Z Starting download of artifact to: /home/runner/work/_temp/mutation-pins
2026-10-07T22:38:36.3283498Z (node:2486) [DEP0005] DeprecationWarning: Buffer() is deprecated due to security and usability issues. Please use the Buffer.alloc(), Buffer.allocUnsafe(), or Buffer.from() methods instead.
2026-10-07T22:38:36.3285273Z (Use `node --trace-deprecation ...` to show where the warning was created)
2026-10-07T22:38:36.3322743Z SHA256 digest of downloaded artifact is faa0108be94e68578ffd5452dd6a47be2ea4d1692afa6c2d288c620c496dbcc1
2026-10-07T22:38:36.3323931Z Artifact download completed successfully.
2026-10-07T22:38:36.3324676Z Total of 1 artifact(s) downloaded
2026-10-07T22:38:36.3328382Z Download artifact has finished successfully
2026-10-07T22:38:36.3437962Z ##[group]Run export SUBJECT=$(git log -1 --pretty=%s)
2026-10-07T22:38:36.3438518Z export SUBJECT=$(git log -1 --pretty=%s)
2026-10-07T22:38:36.3438943Z python3 -I - <<'PY'
2026-10-07T22:38:36.3439288Z import os, sys
2026-10-07T22:38:36.3439637Z sys.path.append("tests")
2026-10-07T22:38:36.3440006Z import closure
2026-10-07T22:38:36.3440364Z allowed = closure.autofix_allowed(
2026-10-07T22:38:36.3440799Z     event_name=os.environ["EVENT_NAME"],
2026-10-07T22:38:36.3441268Z     closures_result=os.environ["MUTATION_RESULT"],
2026-10-07T22:38:36.3442431Z     head_repo=os.environ["HEAD_REPO"],
2026-10-07T22:38:36.3442855Z     repo=os.environ["REPO"],
2026-10-07T22:38:36.3443261Z     commit_subject=os.environ["SUBJECT"],
2026-10-07T22:38:36.3443704Z     loop_subject="ci: pin killed mutants",
2026-10-07T22:38:36.3444089Z )
2026-10-07T22:38:36.3444435Z print(f"allowed={allowed}")
2026-10-07T22:38:36.3444802Z if not allowed:
2026-10-07T22:38:36.3445151Z     status = "skip-not-allowed"
2026-10-07T22:38:36.3445520Z else:
2026-10-07T22:38:36.3445843Z     import subprocess, mutation_table
2026-10-07T22:38:36.3446371Z     head = subprocess.run(["git", "rev-parse", "HEAD"], capture_output=True,
2026-10-07T22:38:36.3446952Z                           text=True).stdout.strip()
2026-10-07T22:38:36.3447516Z     status = mutation_table.apply_pins(os.environ["PINS"], head)
2026-10-07T22:38:36.3448019Z print(f"AUTOFIX: {status}")
2026-10-07T22:38:36.3448448Z with open(os.environ["GITHUB_OUTPUT"], "a") as fh:
2026-10-07T22:38:36.3448917Z     fh.write(f"status={status}\n")
2026-10-07T22:38:36.3449294Z PY
2026-10-07T22:38:36.3522287Z shell: /usr/bin/bash -e {0}
2026-10-07T22:38:36.3522646Z env:
2026-10-07T22:38:36.3523028Z   pythonLocation: /opt/hostedtoolcache/Python/3.13.15/x64
2026-10-07T22:38:36.3523606Z   PKG_CONFIG_PATH: /opt/hostedtoolcache/Python/3.13.15/x64/lib/pkgconfig
2026-10-07T22:38:36.3524167Z   Python_ROOT_DIR: /opt/hostedtoolcache/Python/3.13.15/x64
2026-10-07T22:38:36.3524808Z   Python2_ROOT_DIR: /opt/hostedtoolcache/Python/3.13.15/x64
2026-10-07T22:38:36.3535922Z   Python3_ROOT_DIR: /opt/hostedtoolcache/Python/3.13.15/x64
2026-10-07T22:38:36.3536837Z   LD_LIBRARY_PATH: /opt/hostedtoolcache/Python/3.13.15/x64/lib
2026-10-07T22:38:36.3537324Z   EVENT_NAME: pull_request
2026-10-07T22:38:36.3537681Z   MUTATION_RESULT: failure
2026-10-07T22:38:36.3538025Z   HEAD_REPO: tvofi/heatpump_optimizer
2026-10-07T22:38:36.3538415Z   REPO: tvofi/heatpump_optimizer
2026-10-07T22:38:36.3538804Z   PINS: /home/runner/work/_temp/mutation-pins
2026-10-07T22:38:36.3539207Z ##[endgroup]
2026-10-07T22:38:36.5529170Z allowed=True
2026-10-07T22:38:36.5529768Z AUTOFIX: skip-no-measurement
2026-10-07T22:38:36.5723237Z ##[group]Run python3 -I "$RUNNER_TEMP/pinned/closure.py" autofix-report --job mutation-autofix \
2026-10-07T22:38:36.5724105Z python3 -I "$RUNNER_TEMP/pinned/closure.py" autofix-report --job mutation-autofix \
2026-10-07T22:38:36.5724717Z   --status "skip-no-measurement"
2026-10-07T22:38:36.5787306Z shell: /usr/bin/bash -e {0}
2026-10-07T22:38:36.5787661Z env:
2026-10-07T22:38:36.5788041Z   pythonLocation: /opt/hostedtoolcache/Python/3.13.15/x64
2026-10-07T22:38:36.5788620Z   PKG_CONFIG_PATH: /opt/hostedtoolcache/Python/3.13.15/x64/lib/pkgconfig
2026-10-07T22:38:36.5789172Z   Python_ROOT_DIR: /opt/hostedtoolcache/Python/3.13.15/x64
2026-10-07T22:38:36.5789694Z   Python2_ROOT_DIR: /opt/hostedtoolcache/Python/3.13.15/x64
2026-10-07T22:38:36.5790197Z   Python3_ROOT_DIR: /opt/hostedtoolcache/Python/3.13.15/x64
2026-10-07T22:38:36.5790699Z   LD_LIBRARY_PATH: /opt/hostedtoolcache/Python/3.13.15/x64/lib
2026-10-07T22:38:36.5791131Z ##[endgroup]
2026-10-07T22:38:36.6479463Z mutation-autofix: skip-no-measurement -- THE REPAIR DID NOT HAPPEN.
2026-10-07T22:38:36.6480174Z No commit will be pushed, so waiting for one waits forever. This is
2026-10-07T22:38:36.6480781Z the case `.cursor/rules/ci-autofix.mdc` already lists as a human
2026-10-07T22:38:36.6481361Z judgment call, and its rule against re-recording an UNDER-SCOPED
2026-10-07T22:38:36.6482304Z yourself does not apply once the bot has reported that it did not.
2026-10-07T22:38:36.6482883Z Pin the new sites yourself and commit tests/mutation_ledger/:
2026-10-07T22:38:36.6483473Z     python3 tests/mutation_table.py --pin-killed --base origin/main
2026-10-07T22:38:36.6484287Z A site no driver kills needs a killing check or a survivor_triage
2026-10-07T22:38:36.6484788Z verdict; no tool writes either.
2026-10-07T22:38:36.6560042Z ##[error]Process completed with exit code 1.
2026-10-07T22:38:36.6713167Z Post job cleanup.
2026-10-07T22:38:36.7598363Z [command]/usr/bin/git version
2026-10-07T22:38:36.7640621Z git version 2.55.0
2026-10-07T22:38:36.7679292Z Temporarily overriding HOME='/home/runner/work/_temp/a2e4eaeb-aff6-4024-91c3-23fb7e29abe8' before making global git config changes
2026-10-07T22:38:36.7680896Z Adding repository directory to the temporary git global config as a safe directory
2026-10-07T22:38:36.7685652Z [command]/usr/bin/git config --global --add safe.directory /home/runner/work/heatpump_optimizer/heatpump_optimizer
2026-10-07T22:38:36.7729686Z [command]/usr/bin/git config --local --name-only --get-regexp core\.sshCommand
2026-10-07T22:38:36.7773616Z [command]/usr/bin/git submodule foreach --recursive sh -c "git config --local --name-only --get-regexp 'core\.sshCommand' && git config --local --unset-all 'core.sshCommand' || :"
2026-10-07T22:38:36.8032412Z [command]/usr/bin/git config --local --name-only --get-regexp http\.https\:\/\/github\.com\/\.extraheader
2026-10-07T22:38:36.8072404Z [command]/usr/bin/git submodule foreach --recursive sh -c "git config --local --name-only --get-regexp 'http\.https\:\/\/github\.com\/\.extraheader' && git config --local --unset-all 'http.https://github.com/.extraheader' || :"
2026-10-07T22:38:36.8340453Z [command]/usr/bin/git config --local --name-only --get-regexp ^includeIf\.gitdir:
2026-10-07T22:38:36.8382529Z [command]/usr/bin/git submodule foreach --recursive git config --local --show-origin --name-only --get-regexp remote.origin.url
2026-10-07T22:38:36.8792925Z Cleaning up orphan processes
