2026-10-07T12:06:37.8323707Z Current runner version: '2.337.0'
2026-10-07T12:06:37.8345474Z ##[group]Runner Image Provisioner
2026-10-07T12:06:37.8346201Z Hosted Compute Agent
2026-10-07T12:06:37.8346739Z Version: 20261002.596
2026-10-07T12:06:37.8347267Z Commit: c3d12f3313a95f25162a1503be624f3b0617f8c0
2026-10-07T12:06:37.8347870Z Build Date: 2026-10-02T22:28:27Z
2026-10-07T12:06:37.8348474Z Worker ID: {72836d90-9a91-44ad-ad95-cbeb9bb0bf96}
2026-10-07T12:06:37.8349072Z Region: mexicocentral
2026-10-07T12:06:37.8349561Z Cloud: Azure
2026-10-07T12:06:37.8350244Z ##[endgroup]
2026-10-07T12:06:37.8351360Z ##[group]Operating System
2026-10-07T12:06:37.8351923Z Ubuntu
2026-10-07T12:06:37.8352375Z 24.04.5
2026-10-07T12:06:37.8352783Z LTS
2026-10-07T12:06:37.8353265Z ##[endgroup]
2026-10-07T12:06:37.8353746Z ##[group]Runner Image
2026-10-07T12:06:37.8354287Z Image: ubuntu-24.04
2026-10-07T12:06:37.8354774Z Version: 20261004.327.1
2026-10-07T12:06:37.8355821Z Included Software: https://github.com/actions/runner-images/blob/ubuntu24/20261004.327/images/ubuntu/Ubuntu2404-Readme.md
2026-10-07T12:06:37.8357053Z Image Release: https://github.com/actions/runner-images/releases/tag/ubuntu24%2F20261004.327
2026-10-07T12:06:37.8357858Z ##[endgroup]
2026-10-07T12:06:37.8358780Z ##[group]GITHUB_TOKEN Permissions
2026-10-07T12:06:37.8360524Z Contents: read
2026-10-07T12:06:37.8361018Z Metadata: read
2026-10-07T12:06:37.8361458Z ##[endgroup]
2026-10-07T12:06:37.8363204Z Secret source: Actions
2026-10-07T12:06:37.8363993Z Cache mode: write
2026-10-07T12:06:37.8364631Z Prepare workflow directory
2026-10-07T12:06:37.8664077Z Prepare all required actions
2026-10-07T12:06:37.8706981Z Getting action download info
2026-10-07T12:06:38.1748671Z Download action repository 'actions/checkout@fbc6f3992d24b796d5a048ff273f7fcc4a7b6c09' (SHA:fbc6f3992d24b796d5a048ff273f7fcc4a7b6c09)
2026-10-07T12:06:38.2854017Z Download action repository 'actions/setup-python@ece7cb06caefa5fff74198d8649806c4678c61a1' (SHA:ece7cb06caefa5fff74198d8649806c4678c61a1)
2026-10-07T12:06:38.4902179Z Complete job name: delivery-status
2026-10-07T12:06:38.5509548Z ##[group]Run actions/checkout@fbc6f3992d24b796d5a048ff273f7fcc4a7b6c09
2026-10-07T12:06:38.5510745Z with:
2026-10-07T12:06:38.5511094Z   fetch-depth: 0
2026-10-07T12:06:38.5511471Z   repository: tvofi/heatpump_optimizer
2026-10-07T12:06:38.5514433Z   token: ***
2026-10-07T12:06:38.5514780Z   ssh-strict: true
2026-10-07T12:06:38.5515131Z   ssh-user: git
2026-10-07T12:06:38.5515481Z   persist-credentials: true
2026-10-07T12:06:38.5515864Z   clean: true
2026-10-07T12:06:38.5516216Z   sparse-checkout-cone-mode: true
2026-10-07T12:06:38.5516624Z   fetch-tags: false
2026-10-07T12:06:38.5516973Z   show-progress: true
2026-10-07T12:06:38.5517330Z   lfs: false
2026-10-07T12:06:38.5517666Z   submodules: false
2026-10-07T12:06:38.5518014Z   set-safe-directory: true
2026-10-07T12:06:38.5518408Z   allow-unsafe-pr-checkout: false
2026-10-07T12:06:38.5518963Z ##[endgroup]
2026-10-07T12:06:38.6381593Z Syncing repository: tvofi/heatpump_optimizer
2026-10-07T12:06:38.6383404Z ##[group]Getting Git version info
2026-10-07T12:06:38.6384065Z Working directory is '/home/runner/work/heatpump_optimizer/heatpump_optimizer'
2026-10-07T12:06:38.6385064Z [command]/usr/bin/git version
2026-10-07T12:06:38.6443652Z git version 2.55.0
2026-10-07T12:06:38.6473226Z ##[endgroup]
2026-10-07T12:06:38.6479726Z Temporarily overriding HOME='/home/runner/work/_temp/1752f2b6-d738-4710-8691-524068b8b874' before making global git config changes
2026-10-07T12:06:38.6481498Z Adding repository directory to the temporary git global config as a safe directory
2026-10-07T12:06:38.6486614Z [command]/usr/bin/git config --global --add safe.directory /home/runner/work/heatpump_optimizer/heatpump_optimizer
2026-10-07T12:06:38.6532626Z Deleting the contents of '/home/runner/work/heatpump_optimizer/heatpump_optimizer'
2026-10-07T12:06:38.6537358Z ##[group]Initializing the repository
2026-10-07T12:06:38.6541064Z [command]/usr/bin/git init /home/runner/work/heatpump_optimizer/heatpump_optimizer
2026-10-07T12:06:38.6645405Z hint: Using 'master' as the name for the initial branch. This default branch name
2026-10-07T12:06:38.6646982Z hint: will change to "main" in Git 3.0. To configure the initial branch name
2026-10-07T12:06:38.6648343Z hint: to use in all of your new repositories, which will suppress this warning,
2026-10-07T12:06:38.6649193Z hint: call:
2026-10-07T12:06:38.6650164Z hint:
2026-10-07T12:06:38.6650897Z hint: 	git config --global init.defaultBranch <name>
2026-10-07T12:06:38.6651556Z hint:
2026-10-07T12:06:38.6652209Z hint: Names commonly chosen instead of 'master' are 'main', 'trunk' and
2026-10-07T12:06:38.6653098Z hint: 'development'. The just-created branch can be renamed via this command:
2026-10-07T12:06:38.6653826Z hint:
2026-10-07T12:06:38.6654313Z hint: 	git branch -m <name>
2026-10-07T12:06:38.6654870Z hint:
2026-10-07T12:06:38.6655528Z hint: Disable this message with "git config set advice.defaultBranchName false"
2026-10-07T12:06:38.6656948Z Initialized empty Git repository in /home/runner/work/heatpump_optimizer/heatpump_optimizer/.git/
2026-10-07T12:06:38.6659193Z [command]/usr/bin/git remote add origin https://github.com/tvofi/heatpump_optimizer
2026-10-07T12:06:38.6707462Z ##[endgroup]
2026-10-07T12:06:38.6708152Z ##[group]Disabling automatic garbage collection
2026-10-07T12:06:38.6711202Z [command]/usr/bin/git config --local gc.auto 0
2026-10-07T12:06:38.6739926Z ##[endgroup]
2026-10-07T12:06:38.6740585Z ##[group]Setting up auth
2026-10-07T12:06:38.6746630Z [command]/usr/bin/git config --local --name-only --get-regexp core\.sshCommand
2026-10-07T12:06:38.6778855Z [command]/usr/bin/git submodule foreach --recursive sh -c "git config --local --name-only --get-regexp 'core\.sshCommand' && git config --local --unset-all 'core.sshCommand' || :"
2026-10-07T12:06:38.7105974Z [command]/usr/bin/git config --local --name-only --get-regexp http\.https\:\/\/github\.com\/\.extraheader
2026-10-07T12:06:38.7138190Z [command]/usr/bin/git submodule foreach --recursive sh -c "git config --local --name-only --get-regexp 'http\.https\:\/\/github\.com\/\.extraheader' && git config --local --unset-all 'http.https://github.com/.extraheader' || :"
2026-10-07T12:06:38.7331147Z [command]/usr/bin/git config --local --name-only --get-regexp ^includeIf\.gitdir:
2026-10-07T12:06:38.7362076Z [command]/usr/bin/git submodule foreach --recursive git config --local --show-origin --name-only --get-regexp remote.origin.url
2026-10-07T12:06:38.7556128Z [command]/usr/bin/git config --local http.https://github.com/.extraheader AUTHORIZATION: basic ***
2026-10-07T12:06:38.7593294Z ##[endgroup]
2026-10-07T12:06:38.7594271Z ##[group]Fetching the repository
2026-10-07T12:06:38.7602904Z [command]/usr/bin/git -c protocol.version=2 fetch --prune --no-recurse-submodules origin +refs/heads/*:refs/remotes/origin/* +refs/tags/*:refs/tags/* +404c20434eeca96a73df8888da3971b5daa8cb34:refs/remotes/pull/2015/merge
2026-10-07T12:06:46.0338767Z From https://github.com/tvofi/heatpump_optimizer
2026-10-07T12:06:46.0340434Z  * [new branch]        bus/approvals           -> origin/bus/approvals
2026-10-07T12:06:46.0341886Z  * [new branch]        cursor/r9-eg-entry-config-9aac -> origin/cursor/r9-eg-entry-config-9aac
2026-10-07T12:06:46.0343282Z  * [new branch]        cursor/r9-sw-1-resume-826f -> origin/cursor/r9-sw-1-resume-826f
2026-10-07T12:06:46.0344728Z  * [new branch]        cursor/r9-sw-2-actuation-6d19 -> origin/cursor/r9-sw-2-actuation-6d19
2026-10-07T12:06:46.0346018Z  * [new branch]        fix/r9-dbg-1            -> origin/fix/r9-dbg-1
2026-10-07T12:06:46.0347223Z  * [new branch]        fix/r9-eg-b7-harness    -> origin/fix/r9-eg-b7-harness
2026-10-07T12:06:46.0348425Z  * [new branch]        fix/r9-rca-1985         -> origin/fix/r9-rca-1985
2026-10-07T12:06:46.0349161Z  * [new branch]        fix/r9-rca-1990         -> origin/fix/r9-rca-1990
2026-10-07T12:06:46.0350061Z  * [new branch]        fix/r9-rca-2004         -> origin/fix/r9-rca-2004
2026-10-07T12:06:46.0351341Z  * [new branch]        fix/r9-rca-stress-recording -> origin/fix/r9-rca-stress-recording
2026-10-07T12:06:46.0352797Z  * [new branch]        fix/r9-ro-8             -> origin/fix/r9-ro-8
2026-10-07T12:06:46.0353486Z  * [new branch]        fix/r9-sw-5             -> origin/fix/r9-sw-5
2026-10-07T12:06:46.0354199Z  * [new branch]        fix/r9-sw-actuation     -> origin/fix/r9-sw-actuation
2026-10-07T12:06:46.0355315Z  * [new branch]        fix/r9-ux-actions       -> origin/fix/r9-ux-actions
2026-10-07T12:06:46.0356548Z  * [new branch]        handoff-body/r9-dbg-1   -> origin/handoff-body/r9-dbg-1
2026-10-07T12:06:46.0357441Z  * [new branch]        handoff-body/r9-eg-b7-harness -> origin/handoff-body/r9-eg-b7-harness
2026-10-07T12:06:46.0358465Z  * [new branch]        handoff-body/r9-eg-coordinator-seams -> origin/handoff-body/r9-eg-coordinator-seams
2026-10-07T12:06:46.0359514Z  * [new branch]        handoff-body/r9-eg-entry-config -> origin/handoff-body/r9-eg-entry-config
2026-10-07T12:06:46.0360964Z  * [new branch]        handoff-body/r9-eg-solve-inputs -> origin/handoff-body/r9-eg-solve-inputs
2026-10-07T12:06:46.0361963Z  * [new branch]        handoff-body/r9-prepr-selftest -> origin/handoff-body/r9-prepr-selftest
2026-10-07T12:06:46.0363319Z  * [new branch]        handoff-body/r9-rca-1985 -> origin/handoff-body/r9-rca-1985
2026-10-07T12:06:46.0364565Z  * [new branch]        handoff-body/r9-rca-1990 -> origin/handoff-body/r9-rca-1990
2026-10-07T12:06:46.0365779Z  * [new branch]        handoff-body/r9-rca-2004 -> origin/handoff-body/r9-rca-2004
2026-10-07T12:06:46.0367295Z  * [new branch]        handoff-body/r9-rca-stress-recording -> origin/handoff-body/r9-rca-stress-recording
2026-10-07T12:06:46.0368273Z  * [new branch]        handoff-body/r9-record-path -> origin/handoff-body/r9-record-path
2026-10-07T12:06:46.0369086Z  * [new branch]        handoff-body/r9-ro-8    -> origin/handoff-body/r9-ro-8
2026-10-07T12:06:46.0370551Z  * [new branch]        handoff-body/r9-sw-5    -> origin/handoff-body/r9-sw-5
2026-10-07T12:06:46.0371561Z  * [new branch]        handoff-body/r9-sw-actuation -> origin/handoff-body/r9-sw-actuation
2026-10-07T12:06:46.0372515Z  * [new branch]        handoff-body/r9-sw6     -> origin/handoff-body/r9-sw6
2026-10-07T12:06:46.0373661Z  * [new branch]        handoff-body/r9-ux-actions -> origin/handoff-body/r9-ux-actions
2026-10-07T12:06:46.0374488Z  * [new branch]        handoff/audit-r9-alt    -> origin/handoff/audit-r9-alt
2026-10-07T12:06:46.0375305Z  * [new branch]        handoff/audit-r9-evidence -> origin/handoff/audit-r9-evidence
2026-10-07T12:06:46.0376123Z  * [new branch]        handoff/audit-r9-find-B1 -> origin/handoff/audit-r9-find-B1
2026-10-07T12:06:46.0377121Z  * [new branch]        handoff/audit-r9-find-B10 -> origin/handoff/audit-r9-find-B10
2026-10-07T12:06:46.0377926Z  * [new branch]        handoff/audit-r9-find-B2 -> origin/handoff/audit-r9-find-B2
2026-10-07T12:06:46.0378713Z  * [new branch]        handoff/audit-r9-find-B3 -> origin/handoff/audit-r9-find-B3
2026-10-07T12:06:46.0379501Z  * [new branch]        handoff/audit-r9-find-B4 -> origin/handoff/audit-r9-find-B4
2026-10-07T12:06:46.0380487Z  * [new branch]        handoff/audit-r9-find-B5 -> origin/handoff/audit-r9-find-B5
2026-10-07T12:06:46.0381272Z  * [new branch]        handoff/audit-r9-find-B6 -> origin/handoff/audit-r9-find-B6
2026-10-07T12:06:46.0382051Z  * [new branch]        handoff/audit-r9-find-B7 -> origin/handoff/audit-r9-find-B7
2026-10-07T12:06:46.0382826Z  * [new branch]        handoff/audit-r9-find-B8 -> origin/handoff/audit-r9-find-B8
2026-10-07T12:06:46.0383602Z  * [new branch]        handoff/audit-r9-find-B9 -> origin/handoff/audit-r9-find-B9
2026-10-07T12:06:46.0384372Z  * [new branch]        handoff/audit-r9-fixplan -> origin/handoff/audit-r9-fixplan
2026-10-07T12:06:46.0385162Z  * [new branch]        handoff/audit-r9-issues -> origin/handoff/audit-r9-issues
2026-10-07T12:06:46.0385932Z  * [new branch]        handoff/audit-r9-judge  -> origin/handoff/audit-r9-judge
2026-10-07T12:06:46.0386691Z  * [new branch]        handoff/audit-r9-leads  -> origin/handoff/audit-r9-leads
2026-10-07T12:06:46.0387630Z  * [new branch]        handoff/audit-r9-leads-l2 -> origin/handoff/audit-r9-leads-l2
2026-10-07T12:06:46.0388435Z  * [new branch]        handoff/audit-r9-leads-l3 -> origin/handoff/audit-r9-leads-l3
2026-10-07T12:06:46.0389239Z  * [new branch]        handoff/audit-r9-leads-l4 -> origin/handoff/audit-r9-leads-l4
2026-10-07T12:06:46.0390185Z  * [new branch]        handoff/audit-r9-leads-lc -> origin/handoff/audit-r9-leads-lc
2026-10-07T12:06:46.0390979Z  * [new branch]        handoff/audit-r9-plan   -> origin/handoff/audit-r9-plan
2026-10-07T12:06:46.0391757Z  * [new branch]        handoff/audit-r9-register -> origin/handoff/audit-r9-register
2026-10-07T12:06:46.0392561Z  * [new branch]        handoff/audit-r9-runner-1 -> origin/handoff/audit-r9-runner-1
2026-10-07T12:06:46.0393360Z  * [new branch]        handoff/audit-r9-sweep-s1 -> origin/handoff/audit-r9-sweep-s1
2026-10-07T12:06:46.0394159Z  * [new branch]        handoff/audit-r9-sweep-s2 -> origin/handoff/audit-r9-sweep-s2
2026-10-07T12:06:46.0394972Z  * [new branch]        handoff/audit-r9-sweep-s3 -> origin/handoff/audit-r9-sweep-s3
2026-10-07T12:06:46.0395765Z  * [new branch]        handoff/audit-r9-sweep-s4 -> origin/handoff/audit-r9-sweep-s4
2026-10-07T12:06:46.0396567Z  * [new branch]        handoff/audit-r9-sweep-s5 -> origin/handoff/audit-r9-sweep-s5
2026-10-07T12:06:46.0397372Z  * [new branch]        handoff/audit-r9-sweep-s6 -> origin/handoff/audit-r9-sweep-s6
2026-10-07T12:06:46.0398181Z  * [new branch]        handoff/audit-r9-sweep-s7 -> origin/handoff/audit-r9-sweep-s7
2026-10-07T12:06:46.0399035Z  * [new branch]        handoff/audit-r9-verify-g1-v1 -> origin/handoff/audit-r9-verify-g1-v1
2026-10-07T12:06:46.0400075Z  * [new branch]        handoff/audit-r9-verify-g1-v2 -> origin/handoff/audit-r9-verify-g1-v2
2026-10-07T12:06:46.0401012Z  * [new branch]        handoff/audit-r9-verify-g1-v3 -> origin/handoff/audit-r9-verify-g1-v3
2026-10-07T12:06:46.0401895Z  * [new branch]        handoff/audit-r9-verify-g2-v1 -> origin/handoff/audit-r9-verify-g2-v1
2026-10-07T12:06:46.0403014Z  * [new branch]        handoff/audit-r9-verify-g2-v2 -> origin/handoff/audit-r9-verify-g2-v2
2026-10-07T12:06:46.0403890Z  * [new branch]        handoff/audit-r9-verify-g2-v3 -> origin/handoff/audit-r9-verify-g2-v3
2026-10-07T12:06:46.0404759Z  * [new branch]        handoff/audit-r9-verify-g3-v1 -> origin/handoff/audit-r9-verify-g3-v1
2026-10-07T12:06:46.0405621Z  * [new branch]        handoff/audit-r9-verify-g3-v2 -> origin/handoff/audit-r9-verify-g3-v2
2026-10-07T12:06:46.0406483Z  * [new branch]        handoff/audit-r9-verify-g3-v3 -> origin/handoff/audit-r9-verify-g3-v3
2026-10-07T12:06:46.0407341Z  * [new branch]        handoff/audit-r9-verify-g4-v1 -> origin/handoff/audit-r9-verify-g4-v1
2026-10-07T12:06:46.0408204Z  * [new branch]        handoff/audit-r9-verify-g4-v2 -> origin/handoff/audit-r9-verify-g4-v2
2026-10-07T12:06:46.0409065Z  * [new branch]        handoff/audit-r9-verify-g4-v3 -> origin/handoff/audit-r9-verify-g4-v3
2026-10-07T12:06:46.0410033Z  * [new branch]        handoff/r9-dbg-0        -> origin/handoff/r9-dbg-0
2026-10-07T12:06:46.0410744Z  * [new branch]        handoff/r9-dbg-1        -> origin/handoff/r9-dbg-1
2026-10-07T12:06:46.0411457Z  * [new branch]        handoff/r9-dbg-3        -> origin/handoff/r9-dbg-3
2026-10-07T12:06:46.0412160Z  * [new branch]        handoff/r9-diag-1       -> origin/handoff/r9-diag-1
2026-10-07T12:06:46.0412870Z  * [new branch]        handoff/r9-diag-2s      -> origin/handoff/r9-diag-2s
2026-10-07T12:06:46.0413606Z  * [new branch]        handoff/r9-eg-archscore -> origin/handoff/r9-eg-archscore
2026-10-07T12:06:46.0414344Z  * [new branch]        handoff/r9-eg-b0        -> origin/handoff/r9-eg-b0
2026-10-07T12:06:46.0415076Z  * [new branch]        handoff/r9-eg-b7-harness -> origin/handoff/r9-eg-b7-harness
2026-10-07T12:06:46.0416005Z  * [new branch]        handoff/r9-eg-collaborator-interfaces -> origin/handoff/r9-eg-collaborator-interfaces
2026-10-07T12:06:46.0417017Z  * [new branch]        handoff/r9-eg-coordinator-seams -> origin/handoff/r9-eg-coordinator-seams
2026-10-07T12:06:46.0418136Z  * [new branch]        handoff/r9-eg-dhw-closure-dedupe-v2 -> origin/handoff/r9-eg-dhw-closure-dedupe-v2
2026-10-07T12:06:46.0419068Z  * [new branch]        handoff/r9-eg-dhw-planner -> origin/handoff/r9-eg-dhw-planner
2026-10-07T12:06:46.0420033Z  * [new branch]        handoff/r9-eg-entry-config -> origin/handoff/r9-eg-entry-config
2026-10-07T12:06:46.0420831Z  * [new branch]        handoff/r9-eg-one-copy  -> origin/handoff/r9-eg-one-copy
2026-10-07T12:06:46.0421679Z  * [new branch]        handoff/r9-eg-param-objects -> origin/handoff/r9-eg-param-objects
2026-10-07T12:06:46.0422526Z  * [new branch]        handoff/r9-eg-register-fold -> origin/handoff/r9-eg-register-fold
2026-10-07T12:06:46.0423350Z  * [new branch]        handoff/r9-eg-solve-inputs -> origin/handoff/r9-eg-solve-inputs
2026-10-07T12:06:46.0424170Z  * [new branch]        handoff/r9-eg-store-version -> origin/handoff/r9-eg-store-version
2026-10-07T12:06:46.0425068Z  * [new branch]        handoff/r9-eg-surface-identity -> origin/handoff/r9-eg-surface-identity
2026-10-07T12:06:46.0425942Z  * [new branch]        handoff/r9-eg-typed-payload -> origin/handoff/r9-eg-typed-payload
2026-10-07T12:06:46.0426802Z  * [new branch]        handoff/r9-eg-typed-payload-b -> origin/handoff/r9-eg-typed-payload-b
2026-10-07T12:06:46.0427687Z  * [new branch]        handoff/r9-f1-coordinator-10 -> origin/handoff/r9-f1-coordinator-10
2026-10-07T12:06:46.0428526Z  * [new branch]        handoff/r9-f1-coordinator-2 -> origin/handoff/r9-f1-coordinator-2
2026-10-07T12:06:46.0429372Z  * [new branch]        handoff/r9-f1-coordinator-3 -> origin/handoff/r9-f1-coordinator-3
2026-10-07T12:06:46.0430292Z  * [new branch]        handoff/r9-f1-coordinator-4 -> origin/handoff/r9-f1-coordinator-4
2026-10-07T12:06:46.0431122Z  * [new branch]        handoff/r9-f1-coordinator-5 -> origin/handoff/r9-f1-coordinator-5
2026-10-07T12:06:46.0431942Z  * [new branch]        handoff/r9-f1-coordinator-7 -> origin/handoff/r9-f1-coordinator-7
2026-10-07T12:06:46.0432995Z  * [new branch]        handoff/r9-f1-coordinator-7-review -> origin/handoff/r9-f1-coordinator-7-review
2026-10-07T12:06:46.0433849Z  * [new branch]        handoff/r9-f10-12       -> origin/handoff/r9-f10-12
2026-10-07T12:06:46.0434549Z  * [new branch]        handoff/r9-f10-13       -> origin/handoff/r9-f10-13
2026-10-07T12:06:46.0435266Z  * [new branch]        handoff/r9-f10-14       -> origin/handoff/r9-f10-14
2026-10-07T12:06:46.0435960Z  * [new branch]        handoff/r9-f10-15       -> origin/handoff/r9-f10-15
2026-10-07T12:06:46.0436663Z  * [new branch]        handoff/r9-f10-16       -> origin/handoff/r9-f10-16
2026-10-07T12:06:46.0437440Z  * [new branch]        handoff/r9-f10-ci-efficiency -> origin/handoff/r9-f10-ci-efficiency
2026-10-07T12:06:46.0438367Z  * [new branch]        handoff/r9-f10-claims-baseline-rca -> origin/handoff/r9-f10-claims-baseline-rca
2026-10-07T12:06:46.0439350Z  * [new branch]        handoff/r9-f10-closure-runalways -> origin/handoff/r9-f10-closure-runalways
2026-10-07T12:06:46.0440418Z  * [new branch]        handoff/r9-f10-gate-infra-1 -> origin/handoff/r9-f10-gate-infra-1
2026-10-07T12:06:46.0441262Z  * [new branch]        handoff/r9-f10-gate-infra-1d -> origin/handoff/r9-f10-gate-infra-1d
2026-10-07T12:06:46.0442096Z  * [new branch]        handoff/r9-f10-gate-infra-4 -> origin/handoff/r9-f10-gate-infra-4
2026-10-07T12:06:46.0442917Z  * [new branch]        handoff/r9-f10-gate-infra-5 -> origin/handoff/r9-f10-gate-infra-5
2026-10-07T12:06:46.0443722Z  * [new branch]        handoff/r9-f10-gate-infra-6 -> origin/handoff/r9-f10-gate-infra-6
2026-10-07T12:06:46.0444595Z  * [new branch]        handoff/r9-f10-harness-timeout -> origin/handoff/r9-f10-harness-timeout
2026-10-07T12:06:46.0445495Z  * [new branch]        handoff/r9-f10-loop-heartbeat -> origin/handoff/r9-f10-loop-heartbeat
2026-10-07T12:06:46.0446335Z  * [new branch]        handoff/r9-f10-merge-queue -> origin/handoff/r9-f10-merge-queue
2026-10-07T12:06:46.0447162Z  * [new branch]        handoff/r9-f11-governance-1 -> origin/handoff/r9-f11-governance-1
2026-10-07T12:06:46.0448094Z  * [new branch]        handoff/r9-f11-governance-3 -> origin/handoff/r9-f11-governance-3
2026-10-07T12:06:46.0449145Z  * [new branch]        handoff/r9-f11-governance-4 -> origin/handoff/r9-f11-governance-4
2026-10-07T12:06:46.0450842Z  * [new branch]        handoff/r9-f11-governance-4-review -> origin/handoff/r9-f11-governance-4-review
2026-10-07T12:06:46.0452424Z  * [new branch]        handoff/r9-f11-governance-5 -> origin/handoff/r9-f11-governance-5
2026-10-07T12:06:46.0453764Z  * [new branch]        handoff/r9-f11-governance-6 -> origin/handoff/r9-f11-governance-6
2026-10-07T12:06:46.0455192Z  * [new branch]        handoff/r9-f11-governance-7 -> origin/handoff/r9-f11-governance-7
2026-10-07T12:06:46.0456531Z  * [new branch]        handoff/r9-f2-solver-1  -> origin/handoff/r9-f2-solver-1
2026-10-07T12:06:46.0457785Z  * [new branch]        handoff/r9-f2-solver-3  -> origin/handoff/r9-f2-solver-3
2026-10-07T12:06:46.0459138Z  * [new branch]        handoff/r9-f2-solver-4  -> origin/handoff/r9-f2-solver-4
2026-10-07T12:06:46.0460619Z  * [new branch]        handoff/r9-f2-solver-5  -> origin/handoff/r9-f2-solver-5
2026-10-07T12:06:46.0461834Z  * [new branch]        handoff/r9-f3-stores-1  -> origin/handoff/r9-f3-stores-1
2026-10-07T12:06:46.0463069Z  * [new branch]        handoff/r9-f3-stores-3  -> origin/handoff/r9-f3-stores-3
2026-10-07T12:06:46.0464402Z  * [new branch]        handoff/r9-f4-inputs-sysid-1 -> origin/handoff/r9-f4-inputs-sysid-1
2026-10-07T12:06:46.0465883Z  * [new branch]        handoff/r9-f4-inputs-sysid-2 -> origin/handoff/r9-f4-inputs-sysid-2
2026-10-07T12:06:46.0467516Z  * [new branch]        handoff/r9-f5-config-text-1 -> origin/handoff/r9-f5-config-text-1
2026-10-07T12:06:46.0468573Z  * [new branch]        handoff/r9-f6-card-1    -> origin/handoff/r9-f6-card-1
2026-10-07T12:06:46.0469312Z  * [new branch]        handoff/r9-f6-card-2    -> origin/handoff/r9-f6-card-2
2026-10-07T12:06:46.0470449Z  * [new branch]        handoff/r9-f6-card-4    -> origin/handoff/r9-f6-card-4
2026-10-07T12:06:46.0471244Z  * [new branch]        handoff/r9-f7-entities-1 -> origin/handoff/r9-f7-entities-1
2026-10-07T12:06:46.0539383Z  * [new branch]        handoff/r9-f7-entities-2 -> origin/handoff/r9-f7-entities-2
2026-10-07T12:06:46.0541136Z  * [new branch]        handoff/r9-f7-family-splits -> origin/handoff/r9-f7-family-splits
2026-10-07T12:06:46.0542325Z  * [new branch]        handoff/r9-f8-docs-1    -> origin/handoff/r9-f8-docs-1
2026-10-07T12:06:46.0543437Z  * [new branch]        handoff/r9-f8-docs-2    -> origin/handoff/r9-f8-docs-2
2026-10-07T12:06:46.0544588Z  * [new branch]        handoff/r9-f8-docs-3    -> origin/handoff/r9-f8-docs-3
2026-10-07T12:06:46.0545814Z  * [new branch]        handoff/r9-f9-test-pins-2 -> origin/handoff/r9-f9-test-pins-2
2026-10-07T12:06:46.0547203Z  * [new branch]        handoff/r9-f9-test-pins-3 -> origin/handoff/r9-f9-test-pins-3
2026-10-07T12:06:46.0548548Z  * [new branch]        handoff/r9-fr-10        -> origin/handoff/r9-fr-10
2026-10-07T12:06:46.0550120Z  * [new branch]        handoff/r9-friction-study -> origin/handoff/r9-friction-study
2026-10-07T12:06:46.0551701Z  * [new branch]        handoff/r9-nightly-status-k5uati -> origin/handoff/r9-nightly-status-k5uati
2026-10-07T12:06:46.0553255Z  * [new branch]        handoff/r9-prepr-selftest -> origin/handoff/r9-prepr-selftest
2026-10-07T12:06:46.0554571Z  * [new branch]        handoff/r9-proc-1       -> origin/handoff/r9-proc-1
2026-10-07T12:06:46.0555723Z  * [new branch]        handoff/r9-proc-3       -> origin/handoff/r9-proc-3
2026-10-07T12:06:46.0556621Z  * [new branch]        handoff/r9-proc-4       -> origin/handoff/r9-proc-4
2026-10-07T12:06:46.0557347Z  * [new branch]        handoff/r9-proc-5       -> origin/handoff/r9-proc-5
2026-10-07T12:06:46.0558137Z  * [new branch]        handoff/r9-rc-prcontract-fix -> origin/handoff/r9-rc-prcontract-fix
2026-10-07T12:06:46.0558929Z  * [new branch]        handoff/r9-rca-1985     -> origin/handoff/r9-rca-1985
2026-10-07T12:06:46.0560214Z  * [new branch]        handoff/r9-rca-1990     -> origin/handoff/r9-rca-1990
2026-10-07T12:06:46.0560936Z  * [new branch]        handoff/r9-rca-2004     -> origin/handoff/r9-rca-2004
2026-10-07T12:06:46.0562085Z  * [new branch]        handoff/r9-rca-avoidable-interpreter-bound-recomputation -> origin/handoff/r9-rca-avoidable-interpreter-bound-recomputation
2026-10-07T12:06:46.0563319Z  * [new branch]        handoff/r9-rca-cpu-gate-blind -> origin/handoff/r9-rca-cpu-gate-blind
2026-10-07T12:06:46.0564118Z  * [new branch]        handoff/r9-rca-i1       -> origin/handoff/r9-rca-i1
2026-10-07T12:06:46.0564804Z  * [new branch]        handoff/r9-rca-i3       -> origin/handoff/r9-rca-i3
2026-10-07T12:06:46.0565497Z  * [new branch]        handoff/r9-rca-i4       -> origin/handoff/r9-rca-i4
2026-10-07T12:06:46.0566187Z  * [new branch]        handoff/r9-rca-i5       -> origin/handoff/r9-rca-i5
2026-10-07T12:06:46.0566900Z  * [new branch]        handoff/r9-rca-p1       -> origin/handoff/r9-rca-p1
2026-10-07T12:06:46.0567626Z  * [new branch]        handoff/r9-rca-p11      -> origin/handoff/r9-rca-p11
2026-10-07T12:06:46.0568339Z  * [new branch]        handoff/r9-rca-p2       -> origin/handoff/r9-rca-p2
2026-10-07T12:06:46.0569038Z  * [new branch]        handoff/r9-rca-p3       -> origin/handoff/r9-rca-p3
2026-10-07T12:06:46.0569727Z  * [new branch]        handoff/r9-rca-p5       -> origin/handoff/r9-rca-p5
2026-10-07T12:06:46.0570603Z  * [new branch]        handoff/r9-rca-p6       -> origin/handoff/r9-rca-p6
2026-10-07T12:06:46.0571283Z  * [new branch]        handoff/r9-rca-p9       -> origin/handoff/r9-rca-p9
2026-10-07T12:06:46.0572476Z  * [new branch]        handoff/r9-rca-persisted-future-instant-trusted-without-bound -> origin/handoff/r9-rca-persisted-future-instant-trusted-without-bound
2026-10-07T12:06:46.0573789Z  * [new branch]        handoff/r9-rca-stress-recording -> origin/handoff/r9-rca-stress-recording
2026-10-07T12:06:46.0574795Z  * [new branch]        handoff/r9-record-path  -> origin/handoff/r9-record-path
2026-10-07T12:06:46.0575564Z  * [new branch]        handoff/r9-ro-1         -> origin/handoff/r9-ro-1
2026-10-07T12:06:46.0576257Z  * [new branch]        handoff/r9-ro-2         -> origin/handoff/r9-ro-2
2026-10-07T12:06:46.0576939Z  * [new branch]        handoff/r9-ro-3         -> origin/handoff/r9-ro-3
2026-10-07T12:06:46.0577621Z  * [new branch]        handoff/r9-ro-4         -> origin/handoff/r9-ro-4
2026-10-07T12:06:46.0578292Z  * [new branch]        handoff/r9-ro-5         -> origin/handoff/r9-ro-5
2026-10-07T12:06:46.0578966Z  * [new branch]        handoff/r9-ro-6         -> origin/handoff/r9-ro-6
2026-10-07T12:06:46.0579645Z  * [new branch]        handoff/r9-ro-7         -> origin/handoff/r9-ro-7
2026-10-07T12:06:46.0580458Z  * [new branch]        handoff/r9-ro-8         -> origin/handoff/r9-ro-8
2026-10-07T12:06:46.0581129Z  * [new branch]        handoff/r9-sw-5         -> origin/handoff/r9-sw-5
2026-10-07T12:06:46.0581861Z  * [new branch]        handoff/r9-sw-actuation -> origin/handoff/r9-sw-actuation
2026-10-07T12:06:46.0582606Z  * [new branch]        handoff/r9-sw-card      -> origin/handoff/r9-sw-card
2026-10-07T12:06:46.0583318Z  * [new branch]        handoff/r9-sw-gchv      -> origin/handoff/r9-sw-gchv
2026-10-07T12:06:46.0584050Z  * [new branch]        handoff/r9-sw-model     -> origin/handoff/r9-sw-model
2026-10-07T12:06:46.0584751Z  * [new branch]        handoff/r9-sw6          -> origin/handoff/r9-sw6
2026-10-07T12:06:46.0585470Z  * [new branch]        handoff/r9-ux-actions   -> origin/handoff/r9-ux-actions
2026-10-07T12:06:46.0586212Z  * [new branch]        handoff/r9-ux-events    -> origin/handoff/r9-ux-events
2026-10-07T12:06:46.0586933Z  * [new branch]        handoff/r9-ux-health    -> origin/handoff/r9-ux-health
2026-10-07T12:06:46.0587702Z  * [new branch]        handoff/r9-ux-insight-text -> origin/handoff/r9-ux-insight-text
2026-10-07T12:06:46.0588453Z  * [new branch]        handoff/r9-web-3        -> origin/handoff/r9-web-3
2026-10-07T12:06:46.0589260Z  * [new branch]        handoff/r9-web-4        -> origin/handoff/r9-web-4
2026-10-07T12:06:46.0590114Z  * [new branch]        handoff/r9-web-5        -> origin/handoff/r9-web-5
2026-10-07T12:06:46.0590845Z  * [new branch]        handoff/r9-web-page     -> origin/handoff/r9-web-page
2026-10-07T12:06:46.0591571Z  * [new branch]        handoff/rca-1747        -> origin/handoff/rca-1747
2026-10-07T12:06:46.0592335Z  * [new branch]        handoff/repo-reorg-plan -> origin/handoff/repo-reorg-plan
2026-10-07T12:06:46.0593172Z  * [new branch]        handoff/silent-windows-plan -> origin/handoff/silent-windows-plan
2026-10-07T12:06:46.0593919Z  * [new branch]        main                    -> origin/main
2026-10-07T12:06:46.0594589Z  * [new branch]        record/autofix          -> origin/record/autofix
2026-10-07T12:06:46.0595259Z  * [new branch]        review/1987             -> origin/review/1987
2026-10-07T12:06:46.0595915Z  * [new branch]        review/1997             -> origin/review/1997
2026-10-07T12:06:46.0596579Z  * [new branch]        review/2006             -> origin/review/2006
2026-10-07T12:06:46.0597230Z  * [new branch]        review/2007             -> origin/review/2007
2026-10-07T12:06:46.0597874Z  * [new branch]        review/2010             -> origin/review/2010
2026-10-07T12:06:46.0598516Z  * [new branch]        review/2011             -> origin/review/2011
2026-10-07T12:06:46.0599172Z  * [new branch]        review/2012             -> origin/review/2012
2026-10-07T12:06:46.0599815Z  * [new branch]        review/2013             -> origin/review/2013
2026-10-07T12:06:46.0600613Z  * [new branch]        review/2014             -> origin/review/2014
2026-10-07T12:06:46.0601257Z  * [new branch]        review/2015             -> origin/review/2015
2026-10-07T12:06:46.0601906Z  * [new branch]        review/2017             -> origin/review/2017
2026-10-07T12:06:46.0602569Z  * [new branch]        verdict/1987            -> origin/verdict/1987
2026-10-07T12:06:46.0603340Z  * [new branch]        verdict/1997            -> origin/verdict/1997
2026-10-07T12:06:46.0603998Z  * [new branch]        verdict/2006            -> origin/verdict/2006
2026-10-07T12:06:46.0604656Z  * [new branch]        verdict/2007            -> origin/verdict/2007
2026-10-07T12:06:46.0605307Z  * [new branch]        verdict/2010            -> origin/verdict/2010
2026-10-07T12:06:46.0605951Z  * [new branch]        verdict/2011            -> origin/verdict/2011
2026-10-07T12:06:46.0606594Z  * [new branch]        verdict/2012            -> origin/verdict/2012
2026-10-07T12:06:46.0607238Z  * [new branch]        verdict/2013            -> origin/verdict/2013
2026-10-07T12:06:46.0607891Z  * [new branch]        verdict/2014            -> origin/verdict/2014
2026-10-07T12:06:46.0608542Z  * [new branch]        verdict/2015            -> origin/verdict/2015
2026-10-07T12:06:46.0609185Z  * [new branch]        verdict/2017            -> origin/verdict/2017
2026-10-07T12:06:46.0610008Z  * [new tag]           audit-round2-evidence   -> audit-round2-evidence
2026-10-07T12:06:46.0610677Z  * [new tag]           v2.3.0-beta.1           -> v2.3.0-beta.1
2026-10-07T12:06:46.0611259Z  * [new tag]           v2.4.0                  -> v2.4.0
2026-10-07T12:06:46.0611806Z  * [new tag]           v2.4.1                  -> v2.4.1
2026-10-07T12:06:46.0612345Z  * [new tag]           v2.5.0                  -> v2.5.0
2026-10-07T12:06:46.0612901Z  * [new tag]           v2.6.0                  -> v2.6.0
2026-10-07T12:06:46.0613439Z  * [new tag]           v2.6.1                  -> v2.6.1
2026-10-07T12:06:46.0614001Z  * [new tag]           v2.7.0                  -> v2.7.0
2026-10-07T12:06:46.0614543Z  * [new tag]           v2.8.0                  -> v2.8.0
2026-10-07T12:06:46.0615073Z  * [new tag]           v3.0.0                  -> v3.0.0
2026-10-07T12:06:46.0615607Z  * [new tag]           v3.1.0                  -> v3.1.0
2026-10-07T12:06:46.0616135Z  * [new tag]           v3.1.1                  -> v3.1.1
2026-10-07T12:06:46.0616672Z  * [new tag]           v3.1.2                  -> v3.1.2
2026-10-07T12:06:46.0617346Z  * [new tag]           v3.14.0                 -> v3.14.0
2026-10-07T12:06:46.0617911Z  * [new tag]           v3.16.0                 -> v3.16.0
2026-10-07T12:06:46.0618455Z  * [new tag]           v3.2.0                  -> v3.2.0
2026-10-07T12:06:46.0618990Z  * [new tag]           v3.3.0                  -> v3.3.0
2026-10-07T12:06:46.0619525Z  * [new tag]           v3.3.1                  -> v3.3.1
2026-10-07T12:06:46.0620193Z  * [new tag]           v3.4.0                  -> v3.4.0
2026-10-07T12:06:46.0620728Z  * [new tag]           v3.4.1                  -> v3.4.1
2026-10-07T12:06:46.0621279Z  * [new tag]           v3.5.0                  -> v3.5.0
2026-10-07T12:06:46.0621822Z  * [new tag]           v3.6.0                  -> v3.6.0
2026-10-07T12:06:46.0622359Z  * [new tag]           v3.6.1                  -> v3.6.1
2026-10-07T12:06:46.0622887Z  * [new tag]           v3.7.0                  -> v3.7.0
2026-10-07T12:06:46.0623419Z  * [new tag]           v3.7.1                  -> v3.7.1
2026-10-07T12:06:46.0623952Z  * [new tag]           v3.8.0                  -> v3.8.0
2026-10-07T12:06:46.0624479Z  * [new tag]           v4.0.0                  -> v4.0.0
2026-10-07T12:06:46.0625005Z  * [new tag]           v4.0.1                  -> v4.0.1
2026-10-07T12:06:46.0625546Z  * [new tag]           v4.0.2                  -> v4.0.2
2026-10-07T12:06:46.0626083Z  * [new tag]           v4.0.3                  -> v4.0.3
2026-10-07T12:06:46.0626626Z  * [new tag]           v4.0.4                  -> v4.0.4
2026-10-07T12:06:46.0627162Z  * [new tag]           v4.0.5                  -> v4.0.5
2026-10-07T12:06:46.0627702Z  * [new tag]           v4.0.6                  -> v4.0.6
2026-10-07T12:06:46.0628230Z  * [new tag]           v4.0.7                  -> v4.0.7
2026-10-07T12:06:46.0628760Z  * [new tag]           v4.1.0                  -> v4.1.0
2026-10-07T12:06:46.0629286Z  * [new tag]           v4.2.0                  -> v4.2.0
2026-10-07T12:06:46.0630104Z  * [new tag]           v4.3.0                  -> v4.3.0
2026-10-07T12:06:46.0630675Z  * [new tag]           v5.0.0                  -> v5.0.0
2026-10-07T12:06:46.0631215Z  * [new tag]           v5.1.0                  -> v5.1.0
2026-10-07T12:06:46.0631746Z  * [new tag]           v5.1.1                  -> v5.1.1
2026-10-07T12:06:46.0632281Z  * [new tag]           v5.1.10                 -> v5.1.10
2026-10-07T12:06:46.0632820Z  * [new tag]           v5.1.2                  -> v5.1.2
2026-10-07T12:06:46.0633347Z  * [new tag]           v5.1.3                  -> v5.1.3
2026-10-07T12:06:46.0633900Z  * [new tag]           v5.1.4                  -> v5.1.4
2026-10-07T12:06:46.0634439Z  * [new tag]           v5.1.5                  -> v5.1.5
2026-10-07T12:06:46.0634972Z  * [new tag]           v5.1.6                  -> v5.1.6
2026-10-07T12:06:46.0635500Z  * [new tag]           v5.1.7                  -> v5.1.7
2026-10-07T12:06:46.0636028Z  * [new tag]           v5.1.9                  -> v5.1.9
2026-10-07T12:06:46.0636572Z  * [new tag]           v5.2.0                  -> v5.2.0
2026-10-07T12:06:46.0637106Z  * [new tag]           v5.3.0                  -> v5.3.0
2026-10-07T12:06:46.0637630Z  * [new tag]           v5.4.0                  -> v5.4.0
2026-10-07T12:06:46.0638158Z  * [new tag]           v5.4.1                  -> v5.4.1
2026-10-07T12:06:46.0638680Z  * [new tag]           v5.5.0                  -> v5.5.0
2026-10-07T12:06:46.0639205Z  * [new tag]           v5.6.0                  -> v5.6.0
2026-10-07T12:06:46.0639725Z  * [new tag]           v5.6.1                  -> v5.6.1
2026-10-07T12:06:46.0640413Z  * [new tag]           v5.6.2                  -> v5.6.2
2026-10-07T12:06:46.0640943Z  * [new tag]           v5.7.0                  -> v5.7.0
2026-10-07T12:06:46.0641466Z  * [new tag]           v5.7.1                  -> v5.7.1
2026-10-07T12:06:46.0641997Z  * [new tag]           v6.0.0                  -> v6.0.0
2026-10-07T12:06:46.0642534Z  * [new tag]           v6.0.1                  -> v6.0.1
2026-10-07T12:06:46.0643236Z  * [new tag]           v6.0.2                  -> v6.0.2
2026-10-07T12:06:46.0643766Z  * [new tag]           v6.0.3                  -> v6.0.3
2026-10-07T12:06:46.0644290Z  * [new tag]           v6.0.4                  -> v6.0.4
2026-10-07T12:06:46.0644823Z  * [new tag]           v6.0.5                  -> v6.0.5
2026-10-07T12:06:46.0645344Z  * [new tag]           v6.0.6                  -> v6.0.6
2026-10-07T12:06:46.0645894Z  * [new tag]           v6.0.7                  -> v6.0.7
2026-10-07T12:06:46.0646429Z  * [new tag]           v6.0.8                  -> v6.0.8
2026-10-07T12:06:46.0646969Z  * [new tag]           v6.0.9                  -> v6.0.9
2026-10-07T12:06:46.0647510Z  * [new tag]           v6.1.0                  -> v6.1.0
2026-10-07T12:06:46.0648063Z  * [new tag]           v6.1.1                  -> v6.1.1
2026-10-07T12:06:46.0648601Z  * [new tag]           v6.1.2                  -> v6.1.2
2026-10-07T12:06:46.0649145Z  * [new tag]           v6.2.0                  -> v6.2.0
2026-10-07T12:06:46.0649690Z  * [new tag]           v6.2.1                  -> v6.2.1
2026-10-07T12:06:46.0650405Z  * [new tag]           v6.2.10                 -> v6.2.10
2026-10-07T12:06:46.0650953Z  * [new tag]           v6.2.11                 -> v6.2.11
2026-10-07T12:06:46.0651499Z  * [new tag]           v6.2.12                 -> v6.2.12
2026-10-07T12:06:46.0652047Z  * [new tag]           v6.2.13                 -> v6.2.13
2026-10-07T12:06:46.0652590Z  * [new tag]           v6.2.14                 -> v6.2.14
2026-10-07T12:06:46.0653130Z  * [new tag]           v6.2.15                 -> v6.2.15
2026-10-07T12:06:46.0653667Z  * [new tag]           v6.2.16                 -> v6.2.16
2026-10-07T12:06:46.0654205Z  * [new tag]           v6.2.17                 -> v6.2.17
2026-10-07T12:06:46.0654742Z  * [new tag]           v6.2.2                  -> v6.2.2
2026-10-07T12:06:46.0655284Z  * [new tag]           v6.2.3                  -> v6.2.3
2026-10-07T12:06:46.0655812Z  * [new tag]           v6.2.4                  -> v6.2.4
2026-10-07T12:06:46.0656463Z  * [new tag]           v6.2.5                  -> v6.2.5
2026-10-07T12:06:46.0657014Z  * [new tag]           v6.2.6                  -> v6.2.6
2026-10-07T12:06:46.0657546Z  * [new tag]           v6.2.7                  -> v6.2.7
2026-10-07T12:06:46.0658075Z  * [new tag]           v6.2.8                  -> v6.2.8
2026-10-07T12:06:46.0658604Z  * [new tag]           v6.2.9                  -> v6.2.9
2026-10-07T12:06:46.0659135Z  * [new tag]           v6.3.0                  -> v6.3.0
2026-10-07T12:06:46.0659661Z  * [new tag]           v6.3.1                  -> v6.3.1
2026-10-07T12:06:46.0660329Z  * [new tag]           v6.3.10                 -> v6.3.10
2026-10-07T12:06:46.0660873Z  * [new tag]           v6.3.11                 -> v6.3.11
2026-10-07T12:06:46.0661419Z  * [new tag]           v6.3.12                 -> v6.3.12
2026-10-07T12:06:46.0661960Z  * [new tag]           v6.3.13                 -> v6.3.13
2026-10-07T12:06:46.0662506Z  * [new tag]           v6.3.14                 -> v6.3.14
2026-10-07T12:06:46.0663063Z  * [new tag]           v6.3.15                 -> v6.3.15
2026-10-07T12:06:46.0663598Z  * [new tag]           v6.3.16                 -> v6.3.16
2026-10-07T12:06:46.0664132Z  * [new tag]           v6.3.17                 -> v6.3.17
2026-10-07T12:06:46.0664669Z  * [new tag]           v6.3.18                 -> v6.3.18
2026-10-07T12:06:46.0665198Z  * [new tag]           v6.3.19                 -> v6.3.19
2026-10-07T12:06:46.0665737Z  * [new tag]           v6.3.2                  -> v6.3.2
2026-10-07T12:06:46.0666287Z  * [new tag]           v6.3.20                 -> v6.3.20
2026-10-07T12:06:46.0666832Z  * [new tag]           v6.3.3                  -> v6.3.3
2026-10-07T12:06:46.0667373Z  * [new tag]           v6.3.4                  -> v6.3.4
2026-10-07T12:06:46.0667903Z  * [new tag]           v6.3.5                  -> v6.3.5
2026-10-07T12:06:46.0668434Z  * [new tag]           v6.3.6                  -> v6.3.6
2026-10-07T12:06:46.0668968Z  * [new tag]           v6.3.7                  -> v6.3.7
2026-10-07T12:06:46.0669633Z  * [new tag]           v6.3.8                  -> v6.3.8
2026-10-07T12:06:46.0670349Z  * [new tag]           v6.3.9                  -> v6.3.9
2026-10-07T12:06:46.0670913Z  * [new tag]           v6.4.0                  -> v6.4.0
2026-10-07T12:06:46.0671465Z  * [new tag]           v6.4.1                  -> v6.4.1
2026-10-07T12:06:46.0672000Z  * [new tag]           v6.4.2                  -> v6.4.2
2026-10-07T12:06:46.0672535Z  * [new tag]           v6.4.3                  -> v6.4.3
2026-10-07T12:06:46.0673063Z  * [new tag]           v6.4.4                  -> v6.4.4
2026-10-07T12:06:46.0673589Z  * [new tag]           v6.5.0                  -> v6.5.0
2026-10-07T12:06:46.0674118Z  * [new tag]           v6.5.1                  -> v6.5.1
2026-10-07T12:06:46.0674646Z  * [new tag]           v6.6.0                  -> v6.6.0
2026-10-07T12:06:46.0675171Z  * [new tag]           v6.6.1                  -> v6.6.1
2026-10-07T12:06:46.0675718Z  * [new tag]           v6.6.10                 -> v6.6.10
2026-10-07T12:06:46.0676281Z  * [new tag]           v6.6.11                 -> v6.6.11
2026-10-07T12:06:46.0676816Z  * [new tag]           v6.6.12                 -> v6.6.12
2026-10-07T12:06:46.0677348Z  * [new tag]           v6.6.2                  -> v6.6.2
2026-10-07T12:06:46.0677880Z  * [new tag]           v6.6.3                  -> v6.6.3
2026-10-07T12:06:46.0678413Z  * [new tag]           v6.6.4                  -> v6.6.4
2026-10-07T12:06:46.0678934Z  * [new tag]           v6.6.5                  -> v6.6.5
2026-10-07T12:06:46.0679465Z  * [new tag]           v6.6.6                  -> v6.6.6
2026-10-07T12:06:46.0680143Z  * [new tag]           v6.6.7                  -> v6.6.7
2026-10-07T12:06:46.0680694Z  * [new tag]           v6.6.8                  -> v6.6.8
2026-10-07T12:06:46.0681228Z  * [new tag]           v6.6.9                  -> v6.6.9
2026-10-07T12:06:46.0681754Z  * [new tag]           v6.7.0                  -> v6.7.0
2026-10-07T12:06:46.0682405Z  * [new tag]           v6.7.1                  -> v6.7.1
2026-10-07T12:06:46.0682950Z  * [new tag]           v6.7.10                 -> v6.7.10
2026-10-07T12:06:46.0683491Z  * [new tag]           v6.7.11                 -> v6.7.11
2026-10-07T12:06:46.0684031Z  * [new tag]           v6.7.12                 -> v6.7.12
2026-10-07T12:06:46.0684565Z  * [new tag]           v6.7.13                 -> v6.7.13
2026-10-07T12:06:46.0685096Z  * [new tag]           v6.7.14                 -> v6.7.14
2026-10-07T12:06:46.0685633Z  * [new tag]           v6.7.15                 -> v6.7.15
2026-10-07T12:06:46.0686162Z  * [new tag]           v6.7.16                 -> v6.7.16
2026-10-07T12:06:46.0686706Z  * [new tag]           v6.7.2                  -> v6.7.2
2026-10-07T12:06:46.0687238Z  * [new tag]           v6.7.3                  -> v6.7.3
2026-10-07T12:06:46.0687767Z  * [new tag]           v6.7.4                  -> v6.7.4
2026-10-07T12:06:46.0688291Z  * [new tag]           v6.7.5                  -> v6.7.5
2026-10-07T12:06:46.0688830Z  * [new tag]           v6.7.6                  -> v6.7.6
2026-10-07T12:06:46.0689349Z  * [new tag]           v6.7.7                  -> v6.7.7
2026-10-07T12:06:46.0690023Z  * [new tag]           v6.7.8                  -> v6.7.8
2026-10-07T12:06:46.0690558Z  * [new tag]           v6.7.9                  -> v6.7.9
2026-10-07T12:06:46.0691203Z  * [new ref]           404c20434eeca96a73df8888da3971b5daa8cb34 -> pull/2015/merge
2026-10-07T12:06:46.0692883Z ##[endgroup]
2026-10-07T12:06:46.0693512Z ##[group]Determining the checkout info
2026-10-07T12:06:46.0694219Z ##[endgroup]
2026-10-07T12:06:46.0694625Z [command]/usr/bin/git sparse-checkout disable
2026-10-07T12:06:46.0695878Z [command]/usr/bin/git config --local --unset-all extensions.worktreeConfig
2026-10-07T12:06:46.0697229Z ##[group]Checking out the ref
2026-10-07T12:06:46.0697837Z [command]/usr/bin/git checkout --progress --force refs/remotes/pull/2015/merge
2026-10-07T12:06:46.4324397Z Note: switching to 'refs/remotes/pull/2015/merge'.
2026-10-07T12:06:46.4326534Z 
2026-10-07T12:06:46.4327137Z You are in 'detached HEAD' state. You can look around, make experimental
2026-10-07T12:06:46.4328382Z changes and commit them, and you can discard any commits you make in this
2026-10-07T12:06:46.4329387Z state without impacting any branches by switching back to a branch.
2026-10-07T12:06:46.4330137Z 
2026-10-07T12:06:46.4330537Z If you want to create a new branch to retain commits you create, you may
2026-10-07T12:06:46.4331456Z do so (now or later) by using -c with the switch command. Example:
2026-10-07T12:06:46.4332023Z 
2026-10-07T12:06:46.4332291Z   git switch -c <new-branch-name>
2026-10-07T12:06:46.4332716Z 
2026-10-07T12:06:46.4333004Z Or undo this operation with:
2026-10-07T12:06:46.4333395Z 
2026-10-07T12:06:46.4333623Z   git switch -
2026-10-07T12:06:46.4333958Z 
2026-10-07T12:06:46.4334505Z Turn off this advice by setting config variable advice.detachedHead to false
2026-10-07T12:06:46.4335249Z 
2026-10-07T12:06:46.4336154Z HEAD is now at 404c2043 Merge 46b9b4fd17f6b19d0fc4dedf066113516f3c639d into f060cb4cf8eabaad98ee7b04947c1edda6599c32
2026-10-07T12:06:46.4350112Z ##[endgroup]
2026-10-07T12:06:46.4397136Z [command]/usr/bin/git log -1 --format=%H
2026-10-07T12:06:46.4420480Z 404c20434eeca96a73df8888da3971b5daa8cb34
2026-10-07T12:06:46.4780372Z ##[group]Run actions/setup-python@ece7cb06caefa5fff74198d8649806c4678c61a1
2026-10-07T12:06:46.4781688Z with:
2026-10-07T12:06:46.4782314Z   python-version: 3.13
2026-10-07T12:06:46.4783041Z   check-latest: false
2026-10-07T12:06:46.4790422Z   token: ***
2026-10-07T12:06:46.4791088Z   update-environment: true
2026-10-07T12:06:46.4791875Z   allow-prereleases: false
2026-10-07T12:06:46.4792660Z   freethreaded: false
2026-10-07T12:06:46.4793381Z ##[endgroup]
2026-10-07T12:06:46.5850819Z ##[group]Installed versions
2026-10-07T12:06:46.5922744Z Successfully set up CPython (3.13.16)
2026-10-07T12:06:46.5924718Z ##[endgroup]
2026-10-07T12:06:46.6132962Z ##[group]Run set -euo pipefail
2026-10-07T12:06:46.6134297Z [36;1mset -euo pipefail[0m
2026-10-07T12:06:46.6136372Z [36;1mgit cat-file -e "$PINNED^{commit}" 2>/dev/null || git fetch -q --no-tags --depth=1 origin "$PINNED"[0m
2026-10-07T12:06:46.6138665Z [36;1mgit checkout "$PINNED" -- \[0m
2026-10-07T12:06:46.6140172Z [36;1m  'tests/delivery_status.py' \[0m
2026-10-07T12:06:46.6141567Z [36;1m  'tests/layout.py'[0m
2026-10-07T12:06:46.6143875Z [36;1mtest "$(git hash-object tests/delivery_status.py)" = "$(git rev-parse "$PINNED:tests/delivery_status.py")"[0m
2026-10-07T12:06:46.6146532Z [36;1mgit fetch --no-tags --quiet origin main[0m
2026-10-07T12:06:46.6148217Z [36;1mpython -I -S tests/delivery_status.py --check[0m
2026-10-07T12:06:46.6574845Z shell: /usr/bin/bash -e {0}
2026-10-07T12:06:46.6575713Z env:
2026-10-07T12:06:46.6576549Z   pythonLocation: /opt/hostedtoolcache/Python/3.13.16/x64
2026-10-07T12:06:46.6578026Z   PKG_CONFIG_PATH: /opt/hostedtoolcache/Python/3.13.16/x64/lib/pkgconfig
2026-10-07T12:06:46.6579419Z   Python_ROOT_DIR: /opt/hostedtoolcache/Python/3.13.16/x64
2026-10-07T12:06:46.6580834Z   Python2_ROOT_DIR: /opt/hostedtoolcache/Python/3.13.16/x64
2026-10-07T12:06:46.6582094Z   Python3_ROOT_DIR: /opt/hostedtoolcache/Python/3.13.16/x64
2026-10-07T12:06:46.6583356Z   LD_LIBRARY_PATH: /opt/hostedtoolcache/Python/3.13.16/x64/lib
2026-10-07T12:06:46.6584535Z   PINNED: f060cb4cf8eabaad98ee7b04947c1edda6599c32
2026-10-07T12:06:46.6585498Z ##[endgroup]
2026-10-07T12:06:48.4607627Z DELIVERY STATUS OVERDUE — 48 rowed, 2 pending, 1 overdue (overdue at 12 commits)
2026-10-07T12:06:48.4608453Z   pending  #1917 1fa713f 7 commit(s) since — fix(R9-RO-4): archive finished plans, rosters and closed
2026-10-07T12:06:48.4609399Z   pending  #2003 a28fd0a 9 commit(s) since — fix: a record-autofix beat does not owe its own row
2026-10-07T12:06:48.4610391Z   overdue  #2001 1b1bbaa 12 commit(s) since — record: delivery rows for #2000 (autofix)
2026-10-07T12:06:48.4612665Z   skip     merge-collection      9 merge commit(s) in the window name no pull request that `subject_number` recognises (e.g. 618d014 'Count dimension briefs without a second copy of the dimension-file grammar.'); the window's merged pull requests are UNCHECKED this run, not confirmed empty -- a merge-subject convention that moves out from under these rules reports every merge in the window as absent, which is how this file printed EMPTY over a window that held nothing but merges
2026-10-07T12:06:48.4615513Z   unread   618d014 Count dimension briefs without a second copy of the dimension-fi
2026-10-07T12:06:48.4616111Z   unread   0a60e06 record: delivery rows for #1998 (autofix)
2026-10-07T12:06:48.4616549Z   unread   d579544 record: delivery rows for #1992 (autofix)
2026-10-07T12:06:48.4617099Z   unread   f6ac991 fix(R9-STAMP-UNBLOCK): number a title-subject merge from its bod
2026-10-07T12:06:48.4617695Z   unread   6b1ccb6 record: delivery rows for #1991 (autofix)
2026-10-07T12:06:48.4618182Z   unread   62f604e record: delivery rows for #1989 (autofix)
2026-10-07T12:06:48.4618738Z   unread   077f53a R9-DBG-3: mkdtemp the generator output dir instead of a fixed /t
2026-10-07T12:06:48.4619417Z   unread   130c780 fix(R9-FR-10c): roster set-resume verb, state_docs pusher, INSTR
2026-10-07T12:06:48.4620236Z   unread   8107181 fix(R9-DIAG-1F): freeze the interval learners during boost-space
2026-10-07T12:06:48.4620635Z 
2026-10-07T12:06:48.4621382Z This check is NOT a required context and a red here blocks no merge. Pending is the ordinary state: the protocol writes rows in batches, and only OVERDUE means a batch has stopped being drained.
2026-10-07T12:06:48.4678941Z ##[error]Process completed with exit code 1.
2026-10-07T12:06:48.4824790Z Post job cleanup.
2026-10-07T12:06:48.5492205Z [command]/usr/bin/git version
2026-10-07T12:06:48.5527981Z git version 2.55.0
2026-10-07T12:06:48.5556212Z Temporarily overriding HOME='/home/runner/work/_temp/77b2c9ca-aedb-43ff-8464-d354ad74d7dc' before making global git config changes
2026-10-07T12:06:48.5557341Z Adding repository directory to the temporary git global config as a safe directory
2026-10-07T12:06:48.5560090Z [command]/usr/bin/git config --global --add safe.directory /home/runner/work/heatpump_optimizer/heatpump_optimizer
2026-10-07T12:06:48.5597110Z [command]/usr/bin/git config --local --name-only --get-regexp core\.sshCommand
2026-10-07T12:06:48.5628261Z [command]/usr/bin/git submodule foreach --recursive sh -c "git config --local --name-only --get-regexp 'core\.sshCommand' && git config --local --unset-all 'core.sshCommand' || :"
2026-10-07T12:06:48.5856278Z [command]/usr/bin/git config --local --name-only --get-regexp http\.https\:\/\/github\.com\/\.extraheader
2026-10-07T12:06:48.5877911Z http.https://github.com/.extraheader
2026-10-07T12:06:48.5886773Z [command]/usr/bin/git config --local --unset-all http.https://github.com/.extraheader
2026-10-07T12:06:48.5916943Z [command]/usr/bin/git submodule foreach --recursive sh -c "git config --local --name-only --get-regexp 'http\.https\:\/\/github\.com\/\.extraheader' && git config --local --unset-all 'http.https://github.com/.extraheader' || :"
2026-10-07T12:06:48.6144197Z [command]/usr/bin/git config --local --name-only --get-regexp ^includeIf\.gitdir:
2026-10-07T12:06:48.6177722Z [command]/usr/bin/git submodule foreach --recursive git config --local --show-origin --name-only --get-regexp remote.origin.url
2026-10-07T12:06:48.6518249Z Cleaning up orphan processes
