2026-10-07T23:26:31.0118970Z Current runner version: '2.337.0'
2026-10-07T23:26:31.0143430Z ##[group]Runner Image Provisioner
2026-10-07T23:26:31.0144319Z Hosted Compute Agent
2026-10-07T23:26:31.0144913Z Version: 20261002.596
2026-10-07T23:26:31.0145634Z Commit: c3d12f3313a95f25162a1503be624f3b0617f8c0
2026-10-07T23:26:31.0146407Z Build Date: 2026-10-02T22:28:27Z
2026-10-07T23:26:31.0147090Z Worker ID: {7f3991f8-dcd8-458e-90c6-a345d2cbd860}
2026-10-07T23:26:31.0147872Z Region: westus
2026-10-07T23:26:31.0148455Z Cloud: Azure
2026-10-07T23:26:31.0149040Z ##[endgroup]
2026-10-07T23:26:31.0150534Z ##[group]Operating System
2026-10-07T23:26:31.0151220Z Ubuntu
2026-10-07T23:26:31.0152124Z 24.04.5
2026-10-07T23:26:31.0152658Z LTS
2026-10-07T23:26:31.0153220Z ##[endgroup]
2026-10-07T23:26:31.0153833Z ##[group]Runner Image
2026-10-07T23:26:31.0154439Z Image: ubuntu-24.04
2026-10-07T23:26:31.0155055Z Version: 20261004.327.1
2026-10-07T23:26:31.0156338Z Included Software: https://github.com/actions/runner-images/blob/ubuntu24/20261004.327/images/ubuntu/Ubuntu2404-Readme.md
2026-10-07T23:26:31.0158024Z Image Release: https://github.com/actions/runner-images/releases/tag/ubuntu24%2F20261004.327
2026-10-07T23:26:31.0158996Z ##[endgroup]
2026-10-07T23:26:31.0160162Z ##[group]GITHUB_TOKEN Permissions
2026-10-07T23:26:31.0162254Z Contents: read
2026-10-07T23:26:31.0163017Z Metadata: read
2026-10-07T23:26:31.0163575Z ##[endgroup]
2026-10-07T23:26:31.0165784Z Secret source: Actions
2026-10-07T23:26:31.0166762Z Cache mode: write
2026-10-07T23:26:31.0167604Z Prepare workflow directory
2026-10-07T23:26:31.0546484Z Prepare all required actions
2026-10-07T23:26:31.0611591Z Getting action download info
2026-10-07T23:26:31.3970518Z Download action repository 'actions/checkout@fbc6f3992d24b796d5a048ff273f7fcc4a7b6c09' (SHA:fbc6f3992d24b796d5a048ff273f7fcc4a7b6c09)
2026-10-07T23:26:31.4789003Z Download action repository 'actions/setup-python@ece7cb06caefa5fff74198d8649806c4678c61a1' (SHA:ece7cb06caefa5fff74198d8649806c4678c61a1)
2026-10-07T23:26:31.5579001Z Download action repository 'actions/upload-artifact@b7c566a772e6b6bfb58ed0dc250532a479d7789f' (SHA:b7c566a772e6b6bfb58ed0dc250532a479d7789f)
2026-10-07T23:26:31.8224909Z Complete job name: mutation
2026-10-07T23:26:31.9021051Z ##[group]Run actions/checkout@fbc6f3992d24b796d5a048ff273f7fcc4a7b6c09
2026-10-07T23:26:31.9022365Z with:
2026-10-07T23:26:31.9022791Z   fetch-depth: 0
2026-10-07T23:26:31.9023265Z   repository: tvofi/heatpump_optimizer
2026-10-07T23:26:31.9027078Z   token: ***
2026-10-07T23:26:31.9027500Z   ssh-strict: true
2026-10-07T23:26:31.9027932Z   ssh-user: git
2026-10-07T23:26:31.9028377Z   persist-credentials: true
2026-10-07T23:26:31.9028909Z   clean: true
2026-10-07T23:26:31.9029359Z   sparse-checkout-cone-mode: true
2026-10-07T23:26:31.9029871Z   fetch-tags: false
2026-10-07T23:26:31.9030310Z   show-progress: true
2026-10-07T23:26:31.9030744Z   lfs: false
2026-10-07T23:26:31.9031158Z   submodules: false
2026-10-07T23:26:31.9031606Z   set-safe-directory: true
2026-10-07T23:26:31.9032274Z   allow-unsafe-pr-checkout: false
2026-10-07T23:26:31.9033088Z ##[endgroup]
2026-10-07T23:26:32.0140471Z Syncing repository: tvofi/heatpump_optimizer
2026-10-07T23:26:32.0143379Z ##[group]Getting Git version info
2026-10-07T23:26:32.0144755Z Working directory is '/home/runner/work/heatpump_optimizer/heatpump_optimizer'
2026-10-07T23:26:32.0146654Z [command]/usr/bin/git version
2026-10-07T23:26:32.0263881Z git version 2.55.0
2026-10-07T23:26:32.0286871Z ##[endgroup]
2026-10-07T23:26:32.0305356Z Temporarily overriding HOME='/home/runner/work/_temp/63c28332-1258-492e-b30f-685d349b579e' before making global git config changes
2026-10-07T23:26:32.0307765Z Adding repository directory to the temporary git global config as a safe directory
2026-10-07T23:26:32.0312826Z [command]/usr/bin/git config --global --add safe.directory /home/runner/work/heatpump_optimizer/heatpump_optimizer
2026-10-07T23:26:32.0366237Z Deleting the contents of '/home/runner/work/heatpump_optimizer/heatpump_optimizer'
2026-10-07T23:26:32.0371041Z ##[group]Initializing the repository
2026-10-07T23:26:32.0376355Z [command]/usr/bin/git init /home/runner/work/heatpump_optimizer/heatpump_optimizer
2026-10-07T23:26:32.0487840Z hint: Using 'master' as the name for the initial branch. This default branch name
2026-10-07T23:26:32.0489395Z hint: will change to "main" in Git 3.0. To configure the initial branch name
2026-10-07T23:26:32.0490367Z hint: to use in all of your new repositories, which will suppress this warning,
2026-10-07T23:26:32.0491098Z hint: call:
2026-10-07T23:26:32.0491699Z hint:
2026-10-07T23:26:32.0492562Z hint: 	git config --global init.defaultBranch <name>
2026-10-07T23:26:32.0493188Z hint:
2026-10-07T23:26:32.0493773Z hint: Names commonly chosen instead of 'master' are 'main', 'trunk' and
2026-10-07T23:26:32.0494707Z hint: 'development'. The just-created branch can be renamed via this command:
2026-10-07T23:26:32.0495460Z hint:
2026-10-07T23:26:32.0495883Z hint: 	git branch -m <name>
2026-10-07T23:26:32.0496362Z hint:
2026-10-07T23:26:32.0496987Z hint: Disable this message with "git config set advice.defaultBranchName false"
2026-10-07T23:26:32.0503018Z Initialized empty Git repository in /home/runner/work/heatpump_optimizer/heatpump_optimizer/.git/
2026-10-07T23:26:32.0514849Z [command]/usr/bin/git remote add origin https://github.com/tvofi/heatpump_optimizer
2026-10-07T23:26:32.0613525Z ##[endgroup]
2026-10-07T23:26:32.0614857Z ##[group]Disabling automatic garbage collection
2026-10-07T23:26:32.0619447Z [command]/usr/bin/git config --local gc.auto 0
2026-10-07T23:26:32.0665017Z ##[endgroup]
2026-10-07T23:26:32.0666352Z ##[group]Setting up auth
2026-10-07T23:26:32.0674434Z [command]/usr/bin/git config --local --name-only --get-regexp core\.sshCommand
2026-10-07T23:26:32.0734111Z [command]/usr/bin/git submodule foreach --recursive sh -c "git config --local --name-only --get-regexp 'core\.sshCommand' && git config --local --unset-all 'core.sshCommand' || :"
2026-10-07T23:26:32.1178557Z [command]/usr/bin/git config --local --name-only --get-regexp http\.https\:\/\/github\.com\/\.extraheader
2026-10-07T23:26:32.1219814Z [command]/usr/bin/git submodule foreach --recursive sh -c "git config --local --name-only --get-regexp 'http\.https\:\/\/github\.com\/\.extraheader' && git config --local --unset-all 'http.https://github.com/.extraheader' || :"
2026-10-07T23:26:32.1488860Z [command]/usr/bin/git config --local --name-only --get-regexp ^includeIf\.gitdir:
2026-10-07T23:26:32.1527235Z [command]/usr/bin/git submodule foreach --recursive git config --local --show-origin --name-only --get-regexp remote.origin.url
2026-10-07T23:26:32.1846424Z [command]/usr/bin/git config --local http.https://github.com/.extraheader AUTHORIZATION: basic ***
2026-10-07T23:26:32.1906140Z ##[endgroup]
2026-10-07T23:26:32.1907465Z ##[group]Fetching the repository
2026-10-07T23:26:32.1921023Z [command]/usr/bin/git -c protocol.version=2 fetch --prune --no-recurse-submodules origin +refs/heads/*:refs/remotes/origin/* +refs/tags/*:refs/tags/* +b9a87769777e6a35d11ed6a25a4b13a7988451a5:refs/remotes/pull/2024/merge
2026-10-07T23:26:39.8300345Z From https://github.com/tvofi/heatpump_optimizer
2026-10-07T23:26:39.8323931Z  * [new branch]        bus/approvals           -> origin/bus/approvals
2026-10-07T23:26:39.8326229Z  * [new branch]        cursor/r9-eg-entry-config-9aac -> origin/cursor/r9-eg-entry-config-9aac
2026-10-07T23:26:39.8328666Z  * [new branch]        cursor/r9-sw-1-resume-826f -> origin/cursor/r9-sw-1-resume-826f
2026-10-07T23:26:39.8330905Z  * [new branch]        cursor/r9-sw-2-actuation-6d19 -> origin/cursor/r9-sw-2-actuation-6d19
2026-10-07T23:26:39.8332876Z  * [new branch]        fix/r9-dbg-2-pr         -> origin/fix/r9-dbg-2-pr
2026-10-07T23:26:39.8339108Z  * [new branch]        fix/r9-eg-entry-config  -> origin/fix/r9-eg-entry-config
2026-10-07T23:26:39.8341324Z  * [new branch]        fix/r9-record-automerge -> origin/fix/r9-record-automerge
2026-10-07T23:26:39.8343695Z  * [new branch]        fix/r9-ro-12-pr         -> origin/fix/r9-ro-12-pr
2026-10-07T23:26:39.8345160Z  * [new branch]        fix/r9-sw-actuation     -> origin/fix/r9-sw-actuation
2026-10-07T23:26:39.8346670Z  * [new branch]        fix/r9-ux-actions       -> origin/fix/r9-ux-actions
2026-10-07T23:26:39.8347785Z  * [new branch]        fix/r9-ux9              -> origin/fix/r9-ux9
2026-10-07T23:26:39.8348932Z  * [new branch]        handoff-body/r9-ci-1    -> origin/handoff-body/r9-ci-1
2026-10-07T23:26:39.8350328Z  * [new branch]        handoff-body/r9-closures-eg-b7 -> origin/handoff-body/r9-closures-eg-b7
2026-10-07T23:26:39.8352049Z  * [new branch]        handoff-body/r9-dbg-1   -> origin/handoff-body/r9-dbg-1
2026-10-07T23:26:39.8354168Z  * [new branch]        handoff-body/r9-dbg-2   -> origin/handoff-body/r9-dbg-2
2026-10-07T23:26:39.8356028Z  * [new branch]        handoff-body/r9-eg-a4   -> origin/handoff-body/r9-eg-a4
2026-10-07T23:26:39.8358019Z  * [new branch]        handoff-body/r9-eg-b7-harness -> origin/handoff-body/r9-eg-b7-harness
2026-10-07T23:26:39.8360429Z  * [new branch]        handoff-body/r9-eg-coordinator-seams -> origin/handoff-body/r9-eg-coordinator-seams
2026-10-07T23:26:39.8363587Z  * [new branch]        handoff-body/r9-eg-entry-config -> origin/handoff-body/r9-eg-entry-config
2026-10-07T23:26:39.8365241Z  * [new branch]        handoff-body/r9-eg-solve-inputs -> origin/handoff-body/r9-eg-solve-inputs
2026-10-07T23:26:39.8366647Z  * [new branch]        handoff-body/r9-fixer-cap -> origin/handoff-body/r9-fixer-cap
2026-10-07T23:26:39.8368007Z  * [new branch]        handoff-body/r9-nightly-bdr -> origin/handoff-body/r9-nightly-bdr
2026-10-07T23:26:39.8369417Z  * [new branch]        handoff-body/r9-prepr-selftest -> origin/handoff-body/r9-prepr-selftest
2026-10-07T23:26:39.8370755Z  * [new branch]        handoff-body/r9-rca-1985 -> origin/handoff-body/r9-rca-1985
2026-10-07T23:26:39.8372282Z  * [new branch]        handoff-body/r9-rca-1990 -> origin/handoff-body/r9-rca-1990
2026-10-07T23:26:39.8373489Z  * [new branch]        handoff-body/r9-rca-2004 -> origin/handoff-body/r9-rca-2004
2026-10-07T23:26:39.8375047Z  * [new branch]        handoff-body/r9-rca-bugclasses -> origin/handoff-body/r9-rca-bugclasses
2026-10-07T23:26:39.8377502Z  * [new branch]        handoff-body/r9-rca-stress-recording -> origin/handoff-body/r9-rca-stress-recording
2026-10-07T23:26:39.8379172Z  * [new branch]        handoff-body/r9-record-automerge -> origin/handoff-body/r9-record-automerge
2026-10-07T23:26:39.8380631Z  * [new branch]        handoff-body/r9-record-path -> origin/handoff-body/r9-record-path
2026-10-07T23:26:39.8382185Z  * [new branch]        handoff-body/r9-ro-10   -> origin/handoff-body/r9-ro-10
2026-10-07T23:26:39.8383357Z  * [new branch]        handoff-body/r9-ro-11   -> origin/handoff-body/r9-ro-11
2026-10-07T23:26:39.8384433Z  * [new branch]        handoff-body/r9-ro-12   -> origin/handoff-body/r9-ro-12
2026-10-07T23:26:39.8385499Z  * [new branch]        handoff-body/r9-ro-8    -> origin/handoff-body/r9-ro-8
2026-10-07T23:26:39.8386542Z  * [new branch]        handoff-body/r9-sw-5    -> origin/handoff-body/r9-sw-5
2026-10-07T23:26:39.8387696Z  * [new branch]        handoff-body/r9-sw-actuation -> origin/handoff-body/r9-sw-actuation
2026-10-07T23:26:39.8388828Z  * [new branch]        handoff-body/r9-sw6     -> origin/handoff-body/r9-sw6
2026-10-07T23:26:39.8389850Z  * [new branch]        handoff-body/r9-ux-6    -> origin/handoff-body/r9-ux-6
2026-10-07T23:26:39.8390887Z  * [new branch]        handoff-body/r9-ux-7    -> origin/handoff-body/r9-ux-7
2026-10-07T23:26:39.8392261Z  * [new branch]        handoff-body/r9-ux-actions -> origin/handoff-body/r9-ux-actions
2026-10-07T23:26:39.8393387Z  * [new branch]        handoff-body/r9-ux9     -> origin/handoff-body/r9-ux9
2026-10-07T23:26:39.8394431Z  * [new branch]        handoff/audit-r9-alt    -> origin/handoff/audit-r9-alt
2026-10-07T23:26:39.8395583Z  * [new branch]        handoff/audit-r9-evidence -> origin/handoff/audit-r9-evidence
2026-10-07T23:26:39.8396746Z  * [new branch]        handoff/audit-r9-find-B1 -> origin/handoff/audit-r9-find-B1
2026-10-07T23:26:39.8397898Z  * [new branch]        handoff/audit-r9-find-B10 -> origin/handoff/audit-r9-find-B10
2026-10-07T23:26:39.8399307Z  * [new branch]        handoff/audit-r9-find-B2 -> origin/handoff/audit-r9-find-B2
2026-10-07T23:26:39.8400621Z  * [new branch]        handoff/audit-r9-find-B3 -> origin/handoff/audit-r9-find-B3
2026-10-07T23:26:39.8402112Z  * [new branch]        handoff/audit-r9-find-B4 -> origin/handoff/audit-r9-find-B4
2026-10-07T23:26:39.8403337Z  * [new branch]        handoff/audit-r9-find-B5 -> origin/handoff/audit-r9-find-B5
2026-10-07T23:26:39.8404632Z  * [new branch]        handoff/audit-r9-find-B6 -> origin/handoff/audit-r9-find-B6
2026-10-07T23:26:39.8405723Z  * [new branch]        handoff/audit-r9-find-B7 -> origin/handoff/audit-r9-find-B7
2026-10-07T23:26:39.8406945Z  * [new branch]        handoff/audit-r9-find-B8 -> origin/handoff/audit-r9-find-B8
2026-10-07T23:26:39.8408044Z  * [new branch]        handoff/audit-r9-find-B9 -> origin/handoff/audit-r9-find-B9
2026-10-07T23:26:39.8409589Z  * [new branch]        handoff/audit-r9-fixplan -> origin/handoff/audit-r9-fixplan
2026-10-07T23:26:39.8411709Z  * [new branch]        handoff/audit-r9-issues -> origin/handoff/audit-r9-issues
2026-10-07T23:26:39.8414006Z  * [new branch]        handoff/audit-r9-judge  -> origin/handoff/audit-r9-judge
2026-10-07T23:26:39.8415879Z  * [new branch]        handoff/audit-r9-leads  -> origin/handoff/audit-r9-leads
2026-10-07T23:26:39.8417815Z  * [new branch]        handoff/audit-r9-leads-l2 -> origin/handoff/audit-r9-leads-l2
2026-10-07T23:26:39.8420422Z  * [new branch]        handoff/audit-r9-leads-l3 -> origin/handoff/audit-r9-leads-l3
2026-10-07T23:26:39.8422727Z  * [new branch]        handoff/audit-r9-leads-l4 -> origin/handoff/audit-r9-leads-l4
2026-10-07T23:26:39.8424640Z  * [new branch]        handoff/audit-r9-leads-lc -> origin/handoff/audit-r9-leads-lc
2026-10-07T23:26:39.8426430Z  * [new branch]        handoff/audit-r9-plan   -> origin/handoff/audit-r9-plan
2026-10-07T23:26:39.8428485Z  * [new branch]        handoff/audit-r9-register -> origin/handoff/audit-r9-register
2026-10-07T23:26:39.8430194Z  * [new branch]        handoff/audit-r9-runner-1 -> origin/handoff/audit-r9-runner-1
2026-10-07T23:26:39.8431657Z  * [new branch]        handoff/audit-r9-sweep-s1 -> origin/handoff/audit-r9-sweep-s1
2026-10-07T23:26:39.8433197Z  * [new branch]        handoff/audit-r9-sweep-s2 -> origin/handoff/audit-r9-sweep-s2
2026-10-07T23:26:39.8434465Z  * [new branch]        handoff/audit-r9-sweep-s3 -> origin/handoff/audit-r9-sweep-s3
2026-10-07T23:26:39.8435687Z  * [new branch]        handoff/audit-r9-sweep-s4 -> origin/handoff/audit-r9-sweep-s4
2026-10-07T23:26:39.8436880Z  * [new branch]        handoff/audit-r9-sweep-s5 -> origin/handoff/audit-r9-sweep-s5
2026-10-07T23:26:39.8438058Z  * [new branch]        handoff/audit-r9-sweep-s6 -> origin/handoff/audit-r9-sweep-s6
2026-10-07T23:26:39.8439258Z  * [new branch]        handoff/audit-r9-sweep-s7 -> origin/handoff/audit-r9-sweep-s7
2026-10-07T23:26:39.8441143Z  * [new branch]        handoff/audit-r9-verify-g1-v1 -> origin/handoff/audit-r9-verify-g1-v1
2026-10-07T23:26:39.8443229Z  * [new branch]        handoff/audit-r9-verify-g1-v2 -> origin/handoff/audit-r9-verify-g1-v2
2026-10-07T23:26:39.8444608Z  * [new branch]        handoff/audit-r9-verify-g1-v3 -> origin/handoff/audit-r9-verify-g1-v3
2026-10-07T23:26:39.8445918Z  * [new branch]        handoff/audit-r9-verify-g2-v1 -> origin/handoff/audit-r9-verify-g2-v1
2026-10-07T23:26:39.8447207Z  * [new branch]        handoff/audit-r9-verify-g2-v2 -> origin/handoff/audit-r9-verify-g2-v2
2026-10-07T23:26:39.8448582Z  * [new branch]        handoff/audit-r9-verify-g2-v3 -> origin/handoff/audit-r9-verify-g2-v3
2026-10-07T23:26:39.8449981Z  * [new branch]        handoff/audit-r9-verify-g3-v1 -> origin/handoff/audit-r9-verify-g3-v1
2026-10-07T23:26:39.8451406Z  * [new branch]        handoff/audit-r9-verify-g3-v2 -> origin/handoff/audit-r9-verify-g3-v2
2026-10-07T23:26:39.8453141Z  * [new branch]        handoff/audit-r9-verify-g3-v3 -> origin/handoff/audit-r9-verify-g3-v3
2026-10-07T23:26:39.8454826Z  * [new branch]        handoff/audit-r9-verify-g4-v1 -> origin/handoff/audit-r9-verify-g4-v1
2026-10-07T23:26:39.8456476Z  * [new branch]        handoff/audit-r9-verify-g4-v2 -> origin/handoff/audit-r9-verify-g4-v2
2026-10-07T23:26:39.8458081Z  * [new branch]        handoff/audit-r9-verify-g4-v3 -> origin/handoff/audit-r9-verify-g4-v3
2026-10-07T23:26:39.8460470Z  * [new branch]        handoff/r9-ci-1         -> origin/handoff/r9-ci-1
2026-10-07T23:26:39.8462991Z  * [new branch]        handoff/r9-closures-eg-b7 -> origin/handoff/r9-closures-eg-b7
2026-10-07T23:26:39.8465158Z  * [new branch]        handoff/r9-dbg-0        -> origin/handoff/r9-dbg-0
2026-10-07T23:26:39.8467220Z  * [new branch]        handoff/r9-dbg-1        -> origin/handoff/r9-dbg-1
2026-10-07T23:26:39.8469236Z  * [new branch]        handoff/r9-dbg-2        -> origin/handoff/r9-dbg-2
2026-10-07T23:26:39.8471133Z  * [new branch]        handoff/r9-dbg-3        -> origin/handoff/r9-dbg-3
2026-10-07T23:26:39.8473458Z  * [new branch]        handoff/r9-diag-1       -> origin/handoff/r9-diag-1
2026-10-07T23:26:39.8475416Z  * [new branch]        handoff/r9-diag-2s      -> origin/handoff/r9-diag-2s
2026-10-07T23:26:39.8477606Z  * [new branch]        handoff/r9-eg-a4        -> origin/handoff/r9-eg-a4
2026-10-07T23:26:39.8478852Z  * [new branch]        handoff/r9-eg-archscore -> origin/handoff/r9-eg-archscore
2026-10-07T23:26:39.8480036Z  * [new branch]        handoff/r9-eg-b0        -> origin/handoff/r9-eg-b0
2026-10-07T23:26:39.8481216Z  * [new branch]        handoff/r9-eg-b7-harness -> origin/handoff/r9-eg-b7-harness
2026-10-07T23:26:39.8483353Z  * [new branch]        handoff/r9-eg-collaborator-interfaces -> origin/handoff/r9-eg-collaborator-interfaces
2026-10-07T23:26:39.8485156Z  * [new branch]        handoff/r9-eg-coordinator-seams -> origin/handoff/r9-eg-coordinator-seams
2026-10-07T23:26:39.8486828Z  * [new branch]        handoff/r9-eg-dhw-closure-dedupe-v2 -> origin/handoff/r9-eg-dhw-closure-dedupe-v2
2026-10-07T23:26:39.8489203Z  * [new branch]        handoff/r9-eg-dhw-planner -> origin/handoff/r9-eg-dhw-planner
2026-10-07T23:26:39.8491048Z  * [new branch]        handoff/r9-eg-entry-config -> origin/handoff/r9-eg-entry-config
2026-10-07T23:26:39.8492835Z  * [new branch]        handoff/r9-eg-one-copy  -> origin/handoff/r9-eg-one-copy
2026-10-07T23:26:39.8494213Z  * [new branch]        handoff/r9-eg-param-objects -> origin/handoff/r9-eg-param-objects
2026-10-07T23:26:39.8495663Z  * [new branch]        handoff/r9-eg-register-fold -> origin/handoff/r9-eg-register-fold
2026-10-07T23:26:39.8497083Z  * [new branch]        handoff/r9-eg-solve-inputs -> origin/handoff/r9-eg-solve-inputs
2026-10-07T23:26:39.8498485Z  * [new branch]        handoff/r9-eg-store-version -> origin/handoff/r9-eg-store-version
2026-10-07T23:26:39.8499982Z  * [new branch]        handoff/r9-eg-surface-identity -> origin/handoff/r9-eg-surface-identity
2026-10-07T23:26:39.8501462Z  * [new branch]        handoff/r9-eg-typed-payload -> origin/handoff/r9-eg-typed-payload
2026-10-07T23:26:39.8503189Z  * [new branch]        handoff/r9-eg-typed-payload-b -> origin/handoff/r9-eg-typed-payload-b
2026-10-07T23:26:39.8504694Z  * [new branch]        handoff/r9-f1-coordinator-10 -> origin/handoff/r9-f1-coordinator-10
2026-10-07T23:26:39.8506130Z  * [new branch]        handoff/r9-f1-coordinator-2 -> origin/handoff/r9-f1-coordinator-2
2026-10-07T23:26:39.8507548Z  * [new branch]        handoff/r9-f1-coordinator-3 -> origin/handoff/r9-f1-coordinator-3
2026-10-07T23:26:39.8508975Z  * [new branch]        handoff/r9-f1-coordinator-4 -> origin/handoff/r9-f1-coordinator-4
2026-10-07T23:26:39.8510384Z  * [new branch]        handoff/r9-f1-coordinator-5 -> origin/handoff/r9-f1-coordinator-5
2026-10-07T23:26:39.8512010Z  * [new branch]        handoff/r9-f1-coordinator-7 -> origin/handoff/r9-f1-coordinator-7
2026-10-07T23:26:39.8513740Z  * [new branch]        handoff/r9-f1-coordinator-7-review -> origin/handoff/r9-f1-coordinator-7-review
2026-10-07T23:26:39.8515205Z  * [new branch]        handoff/r9-f10-12       -> origin/handoff/r9-f10-12
2026-10-07T23:26:39.8516552Z  * [new branch]        handoff/r9-f10-13       -> origin/handoff/r9-f10-13
2026-10-07T23:26:39.8517702Z  * [new branch]        handoff/r9-f10-14       -> origin/handoff/r9-f10-14
2026-10-07T23:26:39.8518840Z  * [new branch]        handoff/r9-f10-15       -> origin/handoff/r9-f10-15
2026-10-07T23:26:39.8519985Z  * [new branch]        handoff/r9-f10-16       -> origin/handoff/r9-f10-16
2026-10-07T23:26:39.8521283Z  * [new branch]        handoff/r9-f10-ci-efficiency -> origin/handoff/r9-f10-ci-efficiency
2026-10-07T23:26:39.8523175Z  * [new branch]        handoff/r9-f10-claims-baseline-rca -> origin/handoff/r9-f10-claims-baseline-rca
2026-10-07T23:26:39.8524905Z  * [new branch]        handoff/r9-f10-closure-runalways -> origin/handoff/r9-f10-closure-runalways
2026-10-07T23:26:39.8526458Z  * [new branch]        handoff/r9-f10-gate-infra-1 -> origin/handoff/r9-f10-gate-infra-1
2026-10-07T23:26:39.8527909Z  * [new branch]        handoff/r9-f10-gate-infra-1d -> origin/handoff/r9-f10-gate-infra-1d
2026-10-07T23:26:39.8529370Z  * [new branch]        handoff/r9-f10-gate-infra-4 -> origin/handoff/r9-f10-gate-infra-4
2026-10-07T23:26:39.8530787Z  * [new branch]        handoff/r9-f10-gate-infra-5 -> origin/handoff/r9-f10-gate-infra-5
2026-10-07T23:26:39.8532577Z  * [new branch]        handoff/r9-f10-gate-infra-6 -> origin/handoff/r9-f10-gate-infra-6
2026-10-07T23:26:39.8534130Z  * [new branch]        handoff/r9-f10-harness-timeout -> origin/handoff/r9-f10-harness-timeout
2026-10-07T23:26:39.8535701Z  * [new branch]        handoff/r9-f10-loop-heartbeat -> origin/handoff/r9-f10-loop-heartbeat
2026-10-07T23:26:39.8537172Z  * [new branch]        handoff/r9-f10-merge-queue -> origin/handoff/r9-f10-merge-queue
2026-10-07T23:26:39.8538597Z  * [new branch]        handoff/r9-f11-governance-1 -> origin/handoff/r9-f11-governance-1
2026-10-07T23:26:39.8540018Z  * [new branch]        handoff/r9-f11-governance-3 -> origin/handoff/r9-f11-governance-3
2026-10-07T23:26:39.8541438Z  * [new branch]        handoff/r9-f11-governance-4 -> origin/handoff/r9-f11-governance-4
2026-10-07T23:26:39.8543551Z  * [new branch]        handoff/r9-f11-governance-4-review -> origin/handoff/r9-f11-governance-4-review
2026-10-07T23:26:39.8545161Z  * [new branch]        handoff/r9-f11-governance-5 -> origin/handoff/r9-f11-governance-5
2026-10-07T23:26:39.8546592Z  * [new branch]        handoff/r9-f11-governance-6 -> origin/handoff/r9-f11-governance-6
2026-10-07T23:26:39.8548014Z  * [new branch]        handoff/r9-f11-governance-7 -> origin/handoff/r9-f11-governance-7
2026-10-07T23:26:39.8549360Z  * [new branch]        handoff/r9-f2-solver-1  -> origin/handoff/r9-f2-solver-1
2026-10-07T23:26:39.8550843Z  * [new branch]        handoff/r9-f2-solver-3  -> origin/handoff/r9-f2-solver-3
2026-10-07T23:26:39.8552420Z  * [new branch]        handoff/r9-f2-solver-4  -> origin/handoff/r9-f2-solver-4
2026-10-07T23:26:39.8553698Z  * [new branch]        handoff/r9-f2-solver-5  -> origin/handoff/r9-f2-solver-5
2026-10-07T23:26:39.8554960Z  * [new branch]        handoff/r9-f3-stores-1  -> origin/handoff/r9-f3-stores-1
2026-10-07T23:26:39.8556201Z  * [new branch]        handoff/r9-f3-stores-3  -> origin/handoff/r9-f3-stores-3
2026-10-07T23:26:39.8557639Z  * [new branch]        handoff/r9-f4-inputs-sysid-1 -> origin/handoff/r9-f4-inputs-sysid-1
2026-10-07T23:26:39.8559392Z  * [new branch]        handoff/r9-f4-inputs-sysid-2 -> origin/handoff/r9-f4-inputs-sysid-2
2026-10-07T23:26:39.8561236Z  * [new branch]        handoff/r9-f5-config-text-1 -> origin/handoff/r9-f5-config-text-1
2026-10-07T23:26:39.8563020Z  * [new branch]        handoff/r9-f6-card-1    -> origin/handoff/r9-f6-card-1
2026-10-07T23:26:39.8564501Z  * [new branch]        handoff/r9-f6-card-2    -> origin/handoff/r9-f6-card-2
2026-10-07T23:26:39.8565966Z  * [new branch]        handoff/r9-f6-card-4    -> origin/handoff/r9-f6-card-4
2026-10-07T23:26:39.8567474Z  * [new branch]        handoff/r9-f7-entities-1 -> origin/handoff/r9-f7-entities-1
2026-10-07T23:26:39.8569386Z  * [new branch]        handoff/r9-f7-entities-2 -> origin/handoff/r9-f7-entities-2
2026-10-07T23:26:39.8571214Z  * [new branch]        handoff/r9-f7-family-splits -> origin/handoff/r9-f7-family-splits
2026-10-07T23:26:39.8573274Z  * [new branch]        handoff/r9-f8-docs-1    -> origin/handoff/r9-f8-docs-1
2026-10-07T23:26:39.8574852Z  * [new branch]        handoff/r9-f8-docs-2    -> origin/handoff/r9-f8-docs-2
2026-10-07T23:26:39.8576741Z  * [new branch]        handoff/r9-f8-docs-3    -> origin/handoff/r9-f8-docs-3
2026-10-07T23:26:39.8578750Z  * [new branch]        handoff/r9-f9-test-pins-2 -> origin/handoff/r9-f9-test-pins-2
2026-10-07T23:26:39.8580746Z  * [new branch]        handoff/r9-f9-test-pins-3 -> origin/handoff/r9-f9-test-pins-3
2026-10-07T23:26:39.8582975Z  * [new branch]        handoff/r9-fixer-cap    -> origin/handoff/r9-fixer-cap
2026-10-07T23:26:39.8584665Z  * [new branch]        handoff/r9-fr-10        -> origin/handoff/r9-fr-10
2026-10-07T23:26:39.8586435Z  * [new branch]        handoff/r9-friction-study -> origin/handoff/r9-friction-study
2026-10-07T23:26:39.8588367Z  * [new branch]        handoff/r9-nightly-bdr  -> origin/handoff/r9-nightly-bdr
2026-10-07T23:26:39.8590522Z  * [new branch]        handoff/r9-nightly-status-k5uati -> origin/handoff/r9-nightly-status-k5uati
2026-10-07T23:26:39.8592934Z  * [new branch]        handoff/r9-prepr-selftest -> origin/handoff/r9-prepr-selftest
2026-10-07T23:26:39.8594711Z  * [new branch]        handoff/r9-proc-1       -> origin/handoff/r9-proc-1
2026-10-07T23:26:39.8596269Z  * [new branch]        handoff/r9-proc-3       -> origin/handoff/r9-proc-3
2026-10-07T23:26:39.8597821Z  * [new branch]        handoff/r9-proc-4       -> origin/handoff/r9-proc-4
2026-10-07T23:26:39.8599371Z  * [new branch]        handoff/r9-proc-5       -> origin/handoff/r9-proc-5
2026-10-07T23:26:39.8601214Z  * [new branch]        handoff/r9-rc-prcontract-fix -> origin/handoff/r9-rc-prcontract-fix
2026-10-07T23:26:39.8603202Z  * [new branch]        handoff/r9-rca-1985     -> origin/handoff/r9-rca-1985
2026-10-07T23:26:39.8604879Z  * [new branch]        handoff/r9-rca-1990     -> origin/handoff/r9-rca-1990
2026-10-07T23:26:39.8606634Z  * [new branch]        handoff/r9-rca-2004     -> origin/handoff/r9-rca-2004
2026-10-07T23:26:39.8610115Z  * [new branch]        handoff/r9-rca-avoidable-interpreter-bound-recomputation -> origin/handoff/r9-rca-avoidable-interpreter-bound-recomputation
2026-10-07T23:26:39.8613374Z  * [new branch]        handoff/r9-rca-bugclasses -> origin/handoff/r9-rca-bugclasses
2026-10-07T23:26:39.8615309Z  * [new branch]        handoff/r9-rca-cpu-gate-blind -> origin/handoff/r9-rca-cpu-gate-blind
2026-10-07T23:26:39.8617073Z  * [new branch]        handoff/r9-rca-i1       -> origin/handoff/r9-rca-i1
2026-10-07T23:26:39.8618547Z  * [new branch]        handoff/r9-rca-i3       -> origin/handoff/r9-rca-i3
2026-10-07T23:26:39.8620013Z  * [new branch]        handoff/r9-rca-i4       -> origin/handoff/r9-rca-i4
2026-10-07T23:26:39.8621453Z  * [new branch]        handoff/r9-rca-i5       -> origin/handoff/r9-rca-i5
2026-10-07T23:26:39.8623194Z  * [new branch]        handoff/r9-rca-p1       -> origin/handoff/r9-rca-p1
2026-10-07T23:26:39.8624698Z  * [new branch]        handoff/r9-rca-p11      -> origin/handoff/r9-rca-p11
2026-10-07T23:26:39.8626186Z  * [new branch]        handoff/r9-rca-p2       -> origin/handoff/r9-rca-p2
2026-10-07T23:26:39.8627624Z  * [new branch]        handoff/r9-rca-p3       -> origin/handoff/r9-rca-p3
2026-10-07T23:26:39.8629082Z  * [new branch]        handoff/r9-rca-p5       -> origin/handoff/r9-rca-p5
2026-10-07T23:26:39.8630556Z  * [new branch]        handoff/r9-rca-p6       -> origin/handoff/r9-rca-p6
2026-10-07T23:26:39.8632199Z  * [new branch]        handoff/r9-rca-p9       -> origin/handoff/r9-rca-p9
2026-10-07T23:26:39.8635026Z  * [new branch]        handoff/r9-rca-persisted-future-instant-trusted-without-bound -> origin/handoff/r9-rca-persisted-future-instant-trusted-without-bound
2026-10-07T23:26:39.8638185Z  * [new branch]        handoff/r9-rca-stress-recording -> origin/handoff/r9-rca-stress-recording
2026-10-07T23:26:39.8640338Z  * [new branch]        handoff/r9-record-automerge -> origin/handoff/r9-record-automerge
2026-10-07T23:26:39.8642232Z  * [new branch]        handoff/r9-record-path  -> origin/handoff/r9-record-path
2026-10-07T23:26:39.8643740Z  * [new branch]        handoff/r9-ro-1         -> origin/handoff/r9-ro-1
2026-10-07T23:26:39.8645135Z  * [new branch]        handoff/r9-ro-10        -> origin/handoff/r9-ro-10
2026-10-07T23:26:39.8646546Z  * [new branch]        handoff/r9-ro-11        -> origin/handoff/r9-ro-11
2026-10-07T23:26:39.8647950Z  * [new branch]        handoff/r9-ro-12        -> origin/handoff/r9-ro-12
2026-10-07T23:26:39.8649338Z  * [new branch]        handoff/r9-ro-2         -> origin/handoff/r9-ro-2
2026-10-07T23:26:39.8650722Z  * [new branch]        handoff/r9-ro-3         -> origin/handoff/r9-ro-3
2026-10-07T23:26:39.8652419Z  * [new branch]        handoff/r9-ro-4         -> origin/handoff/r9-ro-4
2026-10-07T23:26:39.8653839Z  * [new branch]        handoff/r9-ro-5         -> origin/handoff/r9-ro-5
2026-10-07T23:26:39.8655209Z  * [new branch]        handoff/r9-ro-6         -> origin/handoff/r9-ro-6
2026-10-07T23:26:39.8656583Z  * [new branch]        handoff/r9-ro-7         -> origin/handoff/r9-ro-7
2026-10-07T23:26:39.8657943Z  * [new branch]        handoff/r9-ro-8         -> origin/handoff/r9-ro-8
2026-10-07T23:26:39.8659316Z  * [new branch]        handoff/r9-sw-5         -> origin/handoff/r9-sw-5
2026-10-07T23:26:39.8660828Z  * [new branch]        handoff/r9-sw-actuation -> origin/handoff/r9-sw-actuation
2026-10-07T23:26:39.8662543Z  * [new branch]        handoff/r9-sw-card      -> origin/handoff/r9-sw-card
2026-10-07T23:26:39.8663992Z  * [new branch]        handoff/r9-sw-gchv      -> origin/handoff/r9-sw-gchv
2026-10-07T23:26:39.8665491Z  * [new branch]        handoff/r9-sw-model     -> origin/handoff/r9-sw-model
2026-10-07T23:26:39.8666926Z  * [new branch]        handoff/r9-sw6          -> origin/handoff/r9-sw6
2026-10-07T23:26:39.8668296Z  * [new branch]        handoff/r9-ux-6         -> origin/handoff/r9-ux-6
2026-10-07T23:26:39.8669804Z  * [new branch]        handoff/r9-ux-7         -> origin/handoff/r9-ux-7
2026-10-07T23:26:39.8671247Z  * [new branch]        handoff/r9-ux-actions   -> origin/handoff/r9-ux-actions
2026-10-07T23:26:39.8672895Z  * [new branch]        handoff/r9-ux-events    -> origin/handoff/r9-ux-events
2026-10-07T23:26:39.8674381Z  * [new branch]        handoff/r9-ux-health    -> origin/handoff/r9-ux-health
2026-10-07T23:26:39.8675994Z  * [new branch]        handoff/r9-ux-insight-text -> origin/handoff/r9-ux-insight-text
2026-10-07T23:26:39.8677577Z  * [new branch]        handoff/r9-ux9          -> origin/handoff/r9-ux9
2026-10-07T23:26:39.8678980Z  * [new branch]        handoff/r9-web-3        -> origin/handoff/r9-web-3
2026-10-07T23:26:39.8680357Z  * [new branch]        handoff/r9-web-4        -> origin/handoff/r9-web-4
2026-10-07T23:26:39.8681982Z  * [new branch]        handoff/r9-web-5        -> origin/handoff/r9-web-5
2026-10-07T23:26:39.8683423Z  * [new branch]        handoff/r9-web-page     -> origin/handoff/r9-web-page
2026-10-07T23:26:39.8684860Z  * [new branch]        handoff/rca-1747        -> origin/handoff/rca-1747
2026-10-07T23:26:39.8686354Z  * [new branch]        handoff/repo-reorg-plan -> origin/handoff/repo-reorg-plan
2026-10-07T23:26:39.8688102Z  * [new branch]        handoff/silent-windows-plan -> origin/handoff/silent-windows-plan
2026-10-07T23:26:39.8689574Z  * [new branch]        main                    -> origin/main
2026-10-07T23:26:39.8690953Z  * [new branch]        proof-base/r9-ci-1-shards2 -> origin/proof-base/r9-ci-1-shards2
2026-10-07T23:26:39.8692949Z  * [new branch]        proof/r9-ci-1-pr2010    -> origin/proof/r9-ci-1-pr2010
2026-10-07T23:26:39.8694463Z  * [new branch]        proof/r9-ci-1-pr2025    -> origin/proof/r9-ci-1-pr2025
2026-10-07T23:26:39.8695950Z  * [new branch]        proof/r9-ci-1-shards2   -> origin/proof/r9-ci-1-shards2
2026-10-07T23:26:39.8697585Z  * [new branch]        proof/r9-ci-1-sw1       -> origin/proof/r9-ci-1-sw1
2026-10-07T23:26:39.8698936Z  * [new branch]        review/1987             -> origin/review/1987
2026-10-07T23:26:39.8700184Z  * [new branch]        review/1997             -> origin/review/1997
2026-10-07T23:26:39.8701435Z  * [new branch]        review/2002             -> origin/review/2002
2026-10-07T23:26:39.8702887Z  * [new branch]        review/2006             -> origin/review/2006
2026-10-07T23:26:39.8704167Z  * [new branch]        review/2007             -> origin/review/2007
2026-10-07T23:26:39.8705462Z  * [new branch]        review/2010             -> origin/review/2010
2026-10-07T23:26:39.8706740Z  * [new branch]        review/2011             -> origin/review/2011
2026-10-07T23:26:39.8708006Z  * [new branch]        review/2012             -> origin/review/2012
2026-10-07T23:26:39.8709275Z  * [new branch]        review/2013             -> origin/review/2013
2026-10-07T23:26:39.8710550Z  * [new branch]        review/2014             -> origin/review/2014
2026-10-07T23:26:39.8711951Z  * [new branch]        review/2015             -> origin/review/2015
2026-10-07T23:26:39.8713239Z  * [new branch]        review/2017             -> origin/review/2017
2026-10-07T23:26:39.8714489Z  * [new branch]        review/2018             -> origin/review/2018
2026-10-07T23:26:39.8715736Z  * [new branch]        review/2021             -> origin/review/2021
2026-10-07T23:26:39.8716983Z  * [new branch]        review/2022             -> origin/review/2022
2026-10-07T23:26:39.8718236Z  * [new branch]        review/2024             -> origin/review/2024
2026-10-07T23:26:39.8719474Z  * [new branch]        review/2025             -> origin/review/2025
2026-10-07T23:26:39.8720754Z  * [new branch]        review/2026             -> origin/review/2026
2026-10-07T23:26:39.8722186Z  * [new branch]        review/2027             -> origin/review/2027
2026-10-07T23:26:39.8723472Z  * [new branch]        review/2029             -> origin/review/2029
2026-10-07T23:26:39.8724730Z  * [new branch]        review/2030             -> origin/review/2030
2026-10-07T23:26:39.8726169Z  * [new branch]        review/2040             -> origin/review/2040
2026-10-07T23:26:39.8727455Z  * [new branch]        review/2042             -> origin/review/2042
2026-10-07T23:26:39.8728719Z  * [new branch]        review/2044             -> origin/review/2044
2026-10-07T23:26:39.8729986Z  * [new branch]        verdict/1987            -> origin/verdict/1987
2026-10-07T23:26:39.8731274Z  * [new branch]        verdict/1997            -> origin/verdict/1997
2026-10-07T23:26:39.8732914Z  * [new branch]        verdict/2002            -> origin/verdict/2002
2026-10-07T23:26:39.8734216Z  * [new branch]        verdict/2006            -> origin/verdict/2006
2026-10-07T23:26:39.8735499Z  * [new branch]        verdict/2007            -> origin/verdict/2007
2026-10-07T23:26:39.8736778Z  * [new branch]        verdict/2010            -> origin/verdict/2010
2026-10-07T23:26:39.8738054Z  * [new branch]        verdict/2011            -> origin/verdict/2011
2026-10-07T23:26:39.8739330Z  * [new branch]        verdict/2012            -> origin/verdict/2012
2026-10-07T23:26:39.8740611Z  * [new branch]        verdict/2013            -> origin/verdict/2013
2026-10-07T23:26:39.8742046Z  * [new branch]        verdict/2014            -> origin/verdict/2014
2026-10-07T23:26:39.8743341Z  * [new branch]        verdict/2015            -> origin/verdict/2015
2026-10-07T23:26:39.8744603Z  * [new branch]        verdict/2017            -> origin/verdict/2017
2026-10-07T23:26:39.8745878Z  * [new branch]        verdict/2018            -> origin/verdict/2018
2026-10-07T23:26:39.8747151Z  * [new branch]        verdict/2021            -> origin/verdict/2021
2026-10-07T23:26:39.8748440Z  * [new branch]        verdict/2022            -> origin/verdict/2022
2026-10-07T23:26:39.8749711Z  * [new branch]        verdict/2024            -> origin/verdict/2024
2026-10-07T23:26:39.8750978Z  * [new branch]        verdict/2025            -> origin/verdict/2025
2026-10-07T23:26:39.8752568Z  * [new branch]        verdict/2026            -> origin/verdict/2026
2026-10-07T23:26:39.8753861Z  * [new branch]        verdict/2027            -> origin/verdict/2027
2026-10-07T23:26:39.8755143Z  * [new branch]        verdict/2029            -> origin/verdict/2029
2026-10-07T23:26:39.8756426Z  * [new branch]        verdict/2030            -> origin/verdict/2030
2026-10-07T23:26:39.8757708Z  * [new branch]        verdict/2040            -> origin/verdict/2040
2026-10-07T23:26:39.8758987Z  * [new branch]        verdict/2042            -> origin/verdict/2042
2026-10-07T23:26:39.8760277Z  * [new branch]        verdict/2044            -> origin/verdict/2044
2026-10-07T23:26:39.8761587Z  * [new tag]           audit-round2-evidence   -> audit-round2-evidence
2026-10-07T23:26:39.8762953Z  * [new tag]           v2.3.0-beta.1           -> v2.3.0-beta.1
2026-10-07T23:26:39.8763991Z  * [new tag]           v2.4.0                  -> v2.4.0
2026-10-07T23:26:39.8764944Z  * [new tag]           v2.4.1                  -> v2.4.1
2026-10-07T23:26:39.8765893Z  * [new tag]           v2.5.0                  -> v2.5.0
2026-10-07T23:26:39.8766847Z  * [new tag]           v2.6.0                  -> v2.6.0
2026-10-07T23:26:39.8767806Z  * [new tag]           v2.6.1                  -> v2.6.1
2026-10-07T23:26:39.8768762Z  * [new tag]           v2.7.0                  -> v2.7.0
2026-10-07T23:26:39.8769713Z  * [new tag]           v2.8.0                  -> v2.8.0
2026-10-07T23:26:39.8770657Z  * [new tag]           v3.0.0                  -> v3.0.0
2026-10-07T23:26:39.8771599Z  * [new tag]           v3.1.0                  -> v3.1.0
2026-10-07T23:26:39.8772976Z  * [new tag]           v3.1.1                  -> v3.1.1
2026-10-07T23:26:39.8773948Z  * [new tag]           v3.1.2                  -> v3.1.2
2026-10-07T23:26:39.8774919Z  * [new tag]           v3.14.0                 -> v3.14.0
2026-10-07T23:26:39.8775883Z  * [new tag]           v3.16.0                 -> v3.16.0
2026-10-07T23:26:39.8776868Z  * [new tag]           v3.2.0                  -> v3.2.0
2026-10-07T23:26:39.8777812Z  * [new tag]           v3.3.0                  -> v3.3.0
2026-10-07T23:26:39.8778913Z  * [new tag]           v3.3.1                  -> v3.3.1
2026-10-07T23:26:39.8779868Z  * [new tag]           v3.4.0                  -> v3.4.0
2026-10-07T23:26:39.8780809Z  * [new tag]           v3.4.1                  -> v3.4.1
2026-10-07T23:26:39.8781945Z  * [new tag]           v3.5.0                  -> v3.5.0
2026-10-07T23:26:39.8782896Z  * [new tag]           v3.6.0                  -> v3.6.0
2026-10-07T23:26:39.8783847Z  * [new tag]           v3.6.1                  -> v3.6.1
2026-10-07T23:26:39.8784780Z  * [new tag]           v3.7.0                  -> v3.7.0
2026-10-07T23:26:39.8785720Z  * [new tag]           v3.7.1                  -> v3.7.1
2026-10-07T23:26:39.8786653Z  * [new tag]           v3.8.0                  -> v3.8.0
2026-10-07T23:26:39.8787574Z  * [new tag]           v4.0.0                  -> v4.0.0
2026-10-07T23:26:39.8788517Z  * [new tag]           v4.0.1                  -> v4.0.1
2026-10-07T23:26:39.8789475Z  * [new tag]           v4.0.2                  -> v4.0.2
2026-10-07T23:26:39.8790423Z  * [new tag]           v4.0.3                  -> v4.0.3
2026-10-07T23:26:39.8791365Z  * [new tag]           v4.0.4                  -> v4.0.4
2026-10-07T23:26:39.8792519Z  * [new tag]           v4.0.5                  -> v4.0.5
2026-10-07T23:26:39.8793461Z  * [new tag]           v4.0.6                  -> v4.0.6
2026-10-07T23:26:39.8794407Z  * [new tag]           v4.0.7                  -> v4.0.7
2026-10-07T23:26:39.8795341Z  * [new tag]           v4.1.0                  -> v4.1.0
2026-10-07T23:26:39.8796296Z  * [new tag]           v4.2.0                  -> v4.2.0
2026-10-07T23:26:39.8797210Z  * [new tag]           v4.3.0                  -> v4.3.0
2026-10-07T23:26:39.8798139Z  * [new tag]           v5.0.0                  -> v5.0.0
2026-10-07T23:26:39.8799057Z  * [new tag]           v5.1.0                  -> v5.1.0
2026-10-07T23:26:39.8800140Z  * [new tag]           v5.1.1                  -> v5.1.1
2026-10-07T23:26:39.8801081Z  * [new tag]           v5.1.10                 -> v5.1.10
2026-10-07T23:26:39.8802213Z  * [new tag]           v5.1.2                  -> v5.1.2
2026-10-07T23:26:39.8803150Z  * [new tag]           v5.1.3                  -> v5.1.3
2026-10-07T23:26:39.8804086Z  * [new tag]           v5.1.4                  -> v5.1.4
2026-10-07T23:26:39.8805000Z  * [new tag]           v5.1.5                  -> v5.1.5
2026-10-07T23:26:39.8805921Z  * [new tag]           v5.1.6                  -> v5.1.6
2026-10-07T23:26:39.8806852Z  * [new tag]           v5.1.7                  -> v5.1.7
2026-10-07T23:26:39.8807775Z  * [new tag]           v5.1.9                  -> v5.1.9
2026-10-07T23:26:39.8808700Z  * [new tag]           v5.2.0                  -> v5.2.0
2026-10-07T23:26:39.8809610Z  * [new tag]           v5.3.0                  -> v5.3.0
2026-10-07T23:26:39.8810530Z  * [new tag]           v5.4.0                  -> v5.4.0
2026-10-07T23:26:39.8811464Z  * [new tag]           v5.4.1                  -> v5.4.1
2026-10-07T23:26:39.8812523Z  * [new tag]           v5.5.0                  -> v5.5.0
2026-10-07T23:26:39.8813454Z  * [new tag]           v5.6.0                  -> v5.6.0
2026-10-07T23:26:39.8814384Z  * [new tag]           v5.6.1                  -> v5.6.1
2026-10-07T23:26:39.8815313Z  * [new tag]           v5.6.2                  -> v5.6.2
2026-10-07T23:26:39.8816235Z  * [new tag]           v5.7.0                  -> v5.7.0
2026-10-07T23:26:39.8817158Z  * [new tag]           v5.7.1                  -> v5.7.1
2026-10-07T23:26:39.8818073Z  * [new tag]           v6.0.0                  -> v6.0.0
2026-10-07T23:26:39.8819110Z  * [new tag]           v6.0.1                  -> v6.0.1
2026-10-07T23:26:39.8820030Z  * [new tag]           v6.0.2                  -> v6.0.2
2026-10-07T23:26:39.8820962Z  * [new tag]           v6.0.3                  -> v6.0.3
2026-10-07T23:26:39.8822049Z  * [new tag]           v6.0.4                  -> v6.0.4
2026-10-07T23:26:39.8823000Z  * [new tag]           v6.0.5                  -> v6.0.5
2026-10-07T23:26:39.8824084Z  * [new tag]           v6.0.6                  -> v6.0.6
2026-10-07T23:26:39.8825028Z  * [new tag]           v6.0.7                  -> v6.0.7
2026-10-07T23:26:39.8825961Z  * [new tag]           v6.0.8                  -> v6.0.8
2026-10-07T23:26:39.8826883Z  * [new tag]           v6.0.9                  -> v6.0.9
2026-10-07T23:26:39.8827808Z  * [new tag]           v6.1.0                  -> v6.1.0
2026-10-07T23:26:39.8828738Z  * [new tag]           v6.1.1                  -> v6.1.1
2026-10-07T23:26:39.8829664Z  * [new tag]           v6.1.2                  -> v6.1.2
2026-10-07T23:26:39.8830583Z  * [new tag]           v6.2.0                  -> v6.2.0
2026-10-07T23:26:39.8831503Z  * [new tag]           v6.2.1                  -> v6.2.1
2026-10-07T23:26:39.8832576Z  * [new tag]           v6.2.10                 -> v6.2.10
2026-10-07T23:26:39.8833525Z  * [new tag]           v6.2.11                 -> v6.2.11
2026-10-07T23:26:39.8834477Z  * [new tag]           v6.2.12                 -> v6.2.12
2026-10-07T23:26:39.8835414Z  * [new tag]           v6.2.13                 -> v6.2.13
2026-10-07T23:26:39.8836353Z  * [new tag]           v6.2.14                 -> v6.2.14
2026-10-07T23:26:39.8837271Z  * [new tag]           v6.2.15                 -> v6.2.15
2026-10-07T23:26:39.8838195Z  * [new tag]           v6.2.16                 -> v6.2.16
2026-10-07T23:26:39.8839119Z  * [new tag]           v6.2.17                 -> v6.2.17
2026-10-07T23:26:39.8840046Z  * [new tag]           v6.2.2                  -> v6.2.2
2026-10-07T23:26:39.8840957Z  * [new tag]           v6.2.3                  -> v6.2.3
2026-10-07T23:26:39.8842015Z  * [new tag]           v6.2.4                  -> v6.2.4
2026-10-07T23:26:39.8842933Z  * [new tag]           v6.2.5                  -> v6.2.5
2026-10-07T23:26:39.8843836Z  * [new tag]           v6.2.6                  -> v6.2.6
2026-10-07T23:26:39.8844738Z  * [new tag]           v6.2.7                  -> v6.2.7
2026-10-07T23:26:39.8845806Z  * [new tag]           v6.2.8                  -> v6.2.8
2026-10-07T23:26:39.8846711Z  * [new tag]           v6.2.9                  -> v6.2.9
2026-10-07T23:26:39.8847629Z  * [new tag]           v6.3.0                  -> v6.3.0
2026-10-07T23:26:39.8848534Z  * [new tag]           v6.3.1                  -> v6.3.1
2026-10-07T23:26:39.8849449Z  * [new tag]           v6.3.10                 -> v6.3.10
2026-10-07T23:26:39.8850371Z  * [new tag]           v6.3.11                 -> v6.3.11
2026-10-07T23:26:39.8851294Z  * [new tag]           v6.3.12                 -> v6.3.12
2026-10-07T23:26:39.8852357Z  * [new tag]           v6.3.13                 -> v6.3.13
2026-10-07T23:26:39.8853271Z  * [new tag]           v6.3.14                 -> v6.3.14
2026-10-07T23:26:39.8854185Z  * [new tag]           v6.3.15                 -> v6.3.15
2026-10-07T23:26:39.8855101Z  * [new tag]           v6.3.16                 -> v6.3.16
2026-10-07T23:26:39.8856018Z  * [new tag]           v6.3.17                 -> v6.3.17
2026-10-07T23:26:39.8856938Z  * [new tag]           v6.3.18                 -> v6.3.18
2026-10-07T23:26:39.8857849Z  * [new tag]           v6.3.19                 -> v6.3.19
2026-10-07T23:26:39.8858754Z  * [new tag]           v6.3.2                  -> v6.3.2
2026-10-07T23:26:39.8859653Z  * [new tag]           v6.3.20                 -> v6.3.20
2026-10-07T23:26:39.8860563Z  * [new tag]           v6.3.3                  -> v6.3.3
2026-10-07T23:26:39.8861472Z  * [new tag]           v6.3.4                  -> v6.3.4
2026-10-07T23:26:39.8862546Z  * [new tag]           v6.3.5                  -> v6.3.5
2026-10-07T23:26:39.8863451Z  * [new tag]           v6.3.6                  -> v6.3.6
2026-10-07T23:26:39.8864343Z  * [new tag]           v6.3.7                  -> v6.3.7
2026-10-07T23:26:39.8865252Z  * [new tag]           v6.3.8                  -> v6.3.8
2026-10-07T23:26:39.8866146Z  * [new tag]           v6.3.9                  -> v6.3.9
2026-10-07T23:26:39.8867064Z  * [new tag]           v6.4.0                  -> v6.4.0
2026-10-07T23:26:39.8867965Z  * [new tag]           v6.4.1                  -> v6.4.1
2026-10-07T23:26:39.8868995Z  * [new tag]           v6.4.2                  -> v6.4.2
2026-10-07T23:26:39.8869932Z  * [new tag]           v6.4.3                  -> v6.4.3
2026-10-07T23:26:39.8870860Z  * [new tag]           v6.4.4                  -> v6.4.4
2026-10-07T23:26:39.8871902Z  * [new tag]           v6.5.0                  -> v6.5.0
2026-10-07T23:26:39.8872818Z  * [new tag]           v6.5.1                  -> v6.5.1
2026-10-07T23:26:39.8873722Z  * [new tag]           v6.6.0                  -> v6.6.0
2026-10-07T23:26:39.8874624Z  * [new tag]           v6.6.1                  -> v6.6.1
2026-10-07T23:26:39.8875547Z  * [new tag]           v6.6.10                 -> v6.6.10
2026-10-07T23:26:39.8876465Z  * [new tag]           v6.6.11                 -> v6.6.11
2026-10-07T23:26:39.8877381Z  * [new tag]           v6.6.12                 -> v6.6.12
2026-10-07T23:26:39.8878309Z  * [new tag]           v6.6.2                  -> v6.6.2
2026-10-07T23:26:39.8879213Z  * [new tag]           v6.6.3                  -> v6.6.3
2026-10-07T23:26:39.8880122Z  * [new tag]           v6.6.4                  -> v6.6.4
2026-10-07T23:26:39.8881033Z  * [new tag]           v6.6.5                  -> v6.6.5
2026-10-07T23:26:39.8882102Z  * [new tag]           v6.6.6                  -> v6.6.6
2026-10-07T23:26:39.8883030Z  * [new tag]           v6.6.7                  -> v6.6.7
2026-10-07T23:26:39.8883929Z  * [new tag]           v6.6.8                  -> v6.6.8
2026-10-07T23:26:39.8884833Z  * [new tag]           v6.6.9                  -> v6.6.9
2026-10-07T23:26:39.8885738Z  * [new tag]           v6.7.0                  -> v6.7.0
2026-10-07T23:26:39.8886660Z  * [new tag]           v6.7.1                  -> v6.7.1
2026-10-07T23:26:39.8887568Z  * [new tag]           v6.7.10                 -> v6.7.10
2026-10-07T23:26:39.8888481Z  * [new tag]           v6.7.11                 -> v6.7.11
2026-10-07T23:26:39.8889570Z  * [new tag]           v6.7.12                 -> v6.7.12
2026-10-07T23:26:39.8890489Z  * [new tag]           v6.7.13                 -> v6.7.13
2026-10-07T23:26:39.8891412Z  * [new tag]           v6.7.14                 -> v6.7.14
2026-10-07T23:26:39.8892514Z  * [new tag]           v6.7.15                 -> v6.7.15
2026-10-07T23:26:39.8893421Z  * [new tag]           v6.7.16                 -> v6.7.16
2026-10-07T23:26:39.8894342Z  * [new tag]           v6.7.2                  -> v6.7.2
2026-10-07T23:26:39.8895265Z  * [new tag]           v6.7.3                  -> v6.7.3
2026-10-07T23:26:39.8896174Z  * [new tag]           v6.7.4                  -> v6.7.4
2026-10-07T23:26:39.8897081Z  * [new tag]           v6.7.5                  -> v6.7.5
2026-10-07T23:26:39.8897990Z  * [new tag]           v6.7.6                  -> v6.7.6
2026-10-07T23:26:39.8898902Z  * [new tag]           v6.7.7                  -> v6.7.7
2026-10-07T23:26:39.8899799Z  * [new tag]           v6.7.8                  -> v6.7.8
2026-10-07T23:26:39.8900705Z  * [new tag]           v6.7.9                  -> v6.7.9
2026-10-07T23:26:39.8902048Z  * [new ref]           b9a87769777e6a35d11ed6a25a4b13a7988451a5 -> pull/2024/merge
2026-10-07T23:26:39.8904545Z ##[endgroup]
2026-10-07T23:26:39.8905453Z ##[group]Determining the checkout info
2026-10-07T23:26:39.8906532Z ##[endgroup]
2026-10-07T23:26:39.8907114Z [command]/usr/bin/git sparse-checkout disable
2026-10-07T23:26:39.8909048Z [command]/usr/bin/git config --local --unset-all extensions.worktreeConfig
2026-10-07T23:26:39.8911322Z ##[group]Checking out the ref
2026-10-07T23:26:39.8912551Z [command]/usr/bin/git checkout --progress --force refs/remotes/pull/2024/merge
2026-10-07T23:26:40.3284048Z Note: switching to 'refs/remotes/pull/2024/merge'.
2026-10-07T23:26:40.3285948Z 
2026-10-07T23:26:40.3286923Z You are in 'detached HEAD' state. You can look around, make experimental
2026-10-07T23:26:40.3289284Z changes and commit them, and you can discard any commits you make in this
2026-10-07T23:26:40.3292103Z state without impacting any branches by switching back to a branch.
2026-10-07T23:26:40.3293571Z 
2026-10-07T23:26:40.3294931Z If you want to create a new branch to retain commits you create, you may
2026-10-07T23:26:40.3297221Z do so (now or later) by using -c with the switch command. Example:
2026-10-07T23:26:40.3298442Z 
2026-10-07T23:26:40.3298955Z   git switch -c <new-branch-name>
2026-10-07T23:26:40.3299819Z 
2026-10-07T23:26:40.3300317Z Or undo this operation with:
2026-10-07T23:26:40.3301134Z 
2026-10-07T23:26:40.3301589Z   git switch -
2026-10-07T23:26:40.3302425Z 
2026-10-07T23:26:40.3303503Z Turn off this advice by setting config variable advice.detachedHead to false
2026-10-07T23:26:40.3305052Z 
2026-10-07T23:26:40.3306797Z HEAD is now at b9a87769 Merge 65f5e914b91ed64583c978e2074f8a5a4b973883 into 2d8cab3f75ddc8c2e42877092cd14bd1ffb01d38
2026-10-07T23:26:40.3326005Z ##[endgroup]
2026-10-07T23:26:40.3380588Z [command]/usr/bin/git log -1 --format=%H
2026-10-07T23:26:40.3408701Z b9a87769777e6a35d11ed6a25a4b13a7988451a5
2026-10-07T23:26:40.3784313Z ##[group]Run actions/setup-python@ece7cb06caefa5fff74198d8649806c4678c61a1
2026-10-07T23:26:40.3785729Z with:
2026-10-07T23:26:40.3786484Z   python-version: 3.13
2026-10-07T23:26:40.3787353Z   check-latest: false
2026-10-07T23:26:40.3795751Z   token: ***
2026-10-07T23:26:40.3796579Z   update-environment: true
2026-10-07T23:26:40.3797509Z   allow-prereleases: false
2026-10-07T23:26:40.3798425Z   freethreaded: false
2026-10-07T23:26:40.3799278Z ##[endgroup]
2026-10-07T23:26:40.5073497Z ##[group]Installed versions
2026-10-07T23:26:40.5168142Z Successfully set up CPython (3.13.16)
2026-10-07T23:26:40.5170788Z ##[endgroup]
2026-10-07T23:26:40.5418302Z ##[group]Run pip install --require-hashes --build-constraint tests/requirements-build.txt -r tests/requirements-ci.txt
2026-10-07T23:26:40.5423125Z pip install --require-hashes --build-constraint tests/requirements-build.txt -r tests/requirements-ci.txt
2026-10-07T23:26:40.5747930Z shell: /usr/bin/bash -e {0}
2026-10-07T23:26:40.5748849Z env:
2026-10-07T23:26:40.5749833Z   pythonLocation: /opt/hostedtoolcache/Python/3.13.16/x64
2026-10-07T23:26:40.5751322Z   PKG_CONFIG_PATH: /opt/hostedtoolcache/Python/3.13.16/x64/lib/pkgconfig
2026-10-07T23:26:40.5753028Z   Python_ROOT_DIR: /opt/hostedtoolcache/Python/3.13.16/x64
2026-10-07T23:26:40.5754370Z   Python2_ROOT_DIR: /opt/hostedtoolcache/Python/3.13.16/x64
2026-10-07T23:26:40.5755735Z   Python3_ROOT_DIR: /opt/hostedtoolcache/Python/3.13.16/x64
2026-10-07T23:26:40.5757108Z   LD_LIBRARY_PATH: /opt/hostedtoolcache/Python/3.13.16/x64/lib
2026-10-07T23:26:40.5758279Z ##[endgroup]
2026-10-07T23:26:41.5559819Z Collecting aiohappyeyeballs==2.7.1 (from -r tests/requirements-ci.txt (line 27))
2026-10-07T23:26:41.6267947Z   Downloading aiohappyeyeballs-2.7.1-py3-none-any.whl (15 kB)
2026-10-07T23:26:42.1555152Z Collecting aiohttp==3.14.3 (from -r tests/requirements-ci.txt (line 30))
2026-10-07T23:26:42.1706683Z   Downloading aiohttp-3.14.3-cp313-cp313-manylinux2014_x86_64.manylinux_2_17_x86_64.manylinux_2_28_x86_64.whl (1.8 MB)
2026-10-07T23:26:42.3393838Z      ━━━━━━━━━━━━━━━━━━━━━━━━━━━━━━━━━━━━━━━━ 1.8/1.8 MB 11.9 MB/s  0:00:00
2026-10-07T23:26:42.3608778Z Collecting aiosignal==1.4.0 (from -r tests/requirements-ci.txt (line 150))
2026-10-07T23:26:42.3728268Z   Downloading aiosignal-1.4.0-py3-none-any.whl (7.5 kB)
2026-10-07T23:26:42.3920924Z Collecting attrs==26.1.0 (from -r tests/requirements-ci.txt (line 153))
2026-10-07T23:26:42.4049351Z   Downloading attrs-26.1.0-py3-none-any.whl (67 kB)
2026-10-07T23:26:42.4729534Z Collecting frozenlist==1.8.0 (from -r tests/requirements-ci.txt (line 156))
2026-10-07T23:26:42.4854382Z   Downloading frozenlist-1.8.0-cp313-cp313-manylinux1_x86_64.manylinux_2_28_x86_64.manylinux_2_5_x86_64.whl (234 kB)
2026-10-07T23:26:42.5182119Z Collecting idna==3.20 (from -r tests/requirements-ci.txt (line 287))
2026-10-07T23:26:42.5304085Z   Downloading idna-3.20-py3-none-any.whl (69 kB)
2026-10-07T23:26:42.7785875Z Collecting multidict==6.9.1 (from -r tests/requirements-ci.txt (line 290))
2026-10-07T23:26:42.7930602Z   Downloading multidict-6.9.1-cp313-cp313-manylinux2014_x86_64.manylinux_2_17_x86_64.manylinux_2_28_x86_64.whl (336 kB)
2026-10-07T23:26:42.9979821Z Collecting numpy==2.4.6 (from -r tests/requirements-ci.txt (line 462))
2026-10-07T23:26:43.0117971Z   Downloading numpy-2.4.6-cp313-cp313-manylinux_2_27_x86_64.manylinux_2_28_x86_64.whl (16.6 MB)
2026-10-07T23:26:43.3679712Z      ━━━━━━━━━━━━━━━━━━━━━━━━━━━━━━━━━━━━━━━━ 16.6/16.6 MB 47.9 MB/s  0:00:00
2026-10-07T23:26:43.4548364Z Collecting propcache==0.5.4 (from -r tests/requirements-ci.txt (line 535))
2026-10-07T23:26:43.4667661Z   Downloading propcache-0.5.4-cp313-cp313-manylinux2014_x86_64.manylinux_2_17_x86_64.manylinux_2_28_x86_64.whl (234 kB)
2026-10-07T23:26:43.5124087Z Collecting pyyaml==6.0.1 (from -r tests/requirements-ci.txt (line 674))
2026-10-07T23:26:43.5266861Z   Downloading PyYAML-6.0.1.tar.gz (125 kB)
2026-10-07T23:26:43.6688303Z   Installing build dependencies: started
2026-10-07T23:26:44.9773197Z   Installing build dependencies: finished with status 'done'
2026-10-07T23:26:44.9779343Z   Getting requirements to build wheel: started
2026-10-07T23:26:46.6612738Z   Getting requirements to build wheel: finished with status 'done'
2026-10-07T23:26:46.6624357Z   Preparing metadata (pyproject.toml): started
2026-10-07T23:26:46.9030249Z   Preparing metadata (pyproject.toml): finished with status 'done'
2026-10-07T23:26:47.0320204Z Collecting scipy==1.17.1 (from -r tests/requirements-ci.txt (line 726))
2026-10-07T23:26:47.0459872Z   Downloading scipy-1.17.1-cp313-cp313-manylinux_2_27_x86_64.manylinux_2_28_x86_64.whl (35.2 MB)
2026-10-07T23:26:47.2935933Z      ━━━━━━━━━━━━━━━━━━━━━━━━━━━━━━━━━━━━━━━━ 35.2/35.2 MB 142.9 MB/s  0:00:00
2026-10-07T23:26:47.3510848Z Collecting threadpoolctl==3.6.0 (from -r tests/requirements-ci.txt (line 788))
2026-10-07T23:26:47.3629480Z   Downloading threadpoolctl-3.6.0-py3-none-any.whl (18 kB)
2026-10-07T23:26:47.3846792Z Collecting voluptuous==0.16.0 (from -r tests/requirements-ci.txt (line 791))
2026-10-07T23:26:47.4015646Z   Downloading voluptuous-0.16.0-py3-none-any.whl (31 kB)
2026-10-07T23:26:47.6648139Z Collecting yarl==1.25.1 (from -r tests/requirements-ci.txt (line 794))
2026-10-07T23:26:47.6861509Z   Downloading yarl-1.25.1-cp313-cp313-manylinux2014_x86_64.manylinux_2_17_x86_64.manylinux_2_28_x86_64.whl (117 kB)
2026-10-07T23:26:47.7080310Z Building wheels for collected packages: pyyaml
2026-10-07T23:26:47.7088168Z   Building wheel for pyyaml (pyproject.toml): started
2026-10-07T23:26:48.8962905Z   Building wheel for pyyaml (pyproject.toml): finished with status 'done'
2026-10-07T23:26:48.8968922Z   Created wheel for pyyaml: filename=pyyaml-6.0.1-cp313-cp313-linux_x86_64.whl size=45459 sha256=c06229c3df3b243625020e4c83880944b964c49b878d8a9c4dc05d77fb99ef7c
2026-10-07T23:26:48.8970209Z   Stored in directory: /home/runner/.cache/pip/wheels/9c/9e/34/1e1548811b63a9d001469f21797e8b7d5c216d8eb928e7d6ad
2026-10-07T23:26:48.8988899Z Successfully built pyyaml
2026-10-07T23:26:48.9590052Z Installing collected packages: voluptuous, threadpoolctl, pyyaml, propcache, numpy, multidict, idna, frozenlist, attrs, aiohappyeyeballs, yarl, scipy, aiosignal, aiohttp
2026-10-07T23:26:55.5281848Z 
2026-10-07T23:26:55.5304858Z Successfully installed aiohappyeyeballs-2.7.1 aiohttp-3.14.3 aiosignal-1.4.0 attrs-26.1.0 frozenlist-1.8.0 idna-3.20 multidict-6.9.1 numpy-2.4.6 propcache-0.5.4 pyyaml-6.0.1 scipy-1.17.1 threadpoolctl-3.6.0 voluptuous-0.16.0 yarl-1.25.1
2026-10-07T23:26:55.6563466Z ##[group]Run git fetch --no-tags origin main
2026-10-07T23:26:55.6563837Z git fetch --no-tags origin main
2026-10-07T23:26:55.6564114Z set -o pipefail
2026-10-07T23:26:55.6564367Z python3 tests/mutation_table.py \
2026-10-07T23:26:55.6564719Z   --scope changed --base origin/main --max 10 --jobs 3 \
2026-10-07T23:26:55.6565100Z   | tee "$RUNNER_TEMP/mutation-table.txt"
2026-10-07T23:26:55.6632919Z shell: /usr/bin/bash --noprofile --norc -e -o pipefail {0}
2026-10-07T23:26:55.6633282Z env:
2026-10-07T23:26:55.6633547Z   pythonLocation: /opt/hostedtoolcache/Python/3.13.16/x64
2026-10-07T23:26:55.6633975Z   PKG_CONFIG_PATH: /opt/hostedtoolcache/Python/3.13.16/x64/lib/pkgconfig
2026-10-07T23:26:55.6634404Z   Python_ROOT_DIR: /opt/hostedtoolcache/Python/3.13.16/x64
2026-10-07T23:26:55.6634776Z   Python2_ROOT_DIR: /opt/hostedtoolcache/Python/3.13.16/x64
2026-10-07T23:26:55.6635185Z   Python3_ROOT_DIR: /opt/hostedtoolcache/Python/3.13.16/x64
2026-10-07T23:26:55.6635565Z   LD_LIBRARY_PATH: /opt/hostedtoolcache/Python/3.13.16/x64/lib
2026-10-07T23:26:55.6635885Z ##[endgroup]
2026-10-07T23:26:55.9707527Z From https://github.com/tvofi/heatpump_optimizer
2026-10-07T23:26:55.9708215Z  * branch              main       -> FETCH_HEAD
2026-10-07T23:26:58.5343817Z     ADDED UNPINNED custom_components/heatpump_optimizer/flow_meter.py:31 GUARD_OFF: if flow_kg_s is None or supply_c is None or return_c is None:
2026-10-07T23:26:58.5345333Z     ADDED UNPINNED custom_components/heatpump_optimizer/flow_meter.py:36 CMP_BOUND: if drop <= 0.0
2026-10-07T23:26:58.5346420Z     ADDED UNPINNED custom_components/heatpump_optimizer/inputs.py:278 GUARD_OFF: if unit is None:
2026-10-07T23:26:58.5347718Z     ADDED UNPINNED custom_components/heatpump_optimizer/inputs.py:281 RETURN_DEL: return None if factor is None else value * factor
2026-10-07T23:26:58.5349045Z     ADDED UNPINNED custom_components/heatpump_optimizer/inputs.py:821 GUARD_OFF: if reading.value is None:
2026-10-07T23:26:58.5350342Z     ADDED UNPINNED custom_components/heatpump_optimizer/inputs.py:825 CMP_BOUND: if converted is None or converted < 0.0:
2026-10-07T23:26:58.5351630Z     ADDED UNPINNED custom_components/heatpump_optimizer/inputs.py:825 GUARD_OFF: if converted is None or converted < 0.0:
2026-10-07T23:26:58.5353153Z     ADDED UNPINNED custom_components/heatpump_optimizer/inputs.py:827 GUARD_OFF: if reading.problem is None:
2026-10-07T23:26:58.5354305Z     ADDED UNPINNED custom_components/heatpump_optimizer/inputs.py:831 RETURN_DEL: return reading
2026-10-07T23:26:58.5355634Z     ADDED UNPINNED custom_components/heatpump_optimizer/inputs.py:833 RETURN_DEL: return reading
2026-10-07T23:26:58.5356774Z     ADDED UNPINNED custom_components/heatpump_optimizer/thermal_model.py:1286 RETURN_DEL: return bool(cfg.get(key))
2026-10-07T23:26:58.5360055Z MUTATION TABLE REFUSED -- 4703 unpinned site(s) against 4693 at the ratchet base 2d8cab3f75ddc8c2e42877092cd14bd1ffb01d38, 11 of them added by this diff. A new guard, clamp, removable return, doubled constant or comparison bound left the tree without a recorded disposition; record it under killed_by or survivor_triage and the count falls back. `python3 tests/mutation_table.py --pin-killed --base origin/main` records every one a driver kills.
2026-10-07T23:26:58.5363178Z     custom_components/heatpump_optimizer/__init__.py:56 GUARD_OFF: if TYPE_CHECKING:
2026-10-07T23:26:58.5364287Z     custom_components/heatpump_optimizer/__init__.py:91 RETURN_DEL: return importlib.import_module(f".{module}", __package__)
2026-10-07T23:26:58.5365368Z     custom_components/heatpump_optimizer/__init__.py:117 GUARD_OFF: if module is None:
2026-10-07T23:26:58.5366219Z     custom_components/heatpump_optimizer/__init__.py:123 RETURN_DEL: return value
2026-10-07T23:26:58.5367072Z     custom_components/heatpump_optimizer/__init__.py:163 RETURN_DEL: return handovers
2026-10-07T23:26:58.5367935Z     custom_components/heatpump_optimizer/__init__.py:169 RETURN_DEL: return stamps
2026-10-07T23:26:58.5369157Z     custom_components/heatpump_optimizer/__init__.py:190 GUARD_OFF: if payload is None or stamped_at is None:
2026-10-07T23:26:58.5370277Z     custom_components/heatpump_optimizer/__init__.py:199 CMP_BOUND: if age_min > interval_minutes:
2026-10-07T23:26:58.5371299Z     custom_components/heatpump_optimizer/__init__.py:199 GUARD_OFF: if age_min > interval_minutes:
2026-10-07T23:26:58.5372444Z     custom_components/heatpump_optimizer/__init__.py:201 RETURN_DEL: return payload
2026-10-07T23:26:58.5373470Z     custom_components/heatpump_optimizer/__init__.py:212 CMP_BOUND: if entry.version > CONFIG_ENTRY_VERSION:
2026-10-07T23:26:58.5374609Z     custom_components/heatpump_optimizer/__init__.py:212 GUARD_OFF: if entry.version > CONFIG_ENTRY_VERSION:
2026-10-07T23:26:58.5375617Z     custom_components/heatpump_optimizer/__init__.py:220 RETURN_DEL: return False
2026-10-07T23:26:58.5376620Z     custom_components/heatpump_optimizer/__init__.py:222 CMP_BOUND: if entry.version < CONFIG_ENTRY_VERSION:
2026-10-07T23:26:58.5377765Z     custom_components/heatpump_optimizer/__init__.py:222 GUARD_OFF: if entry.version < CONFIG_ENTRY_VERSION:
2026-10-07T23:26:58.5378790Z     custom_components/heatpump_optimizer/__init__.py:230 RETURN_DEL: return True
2026-10-07T23:26:58.5379859Z     custom_components/heatpump_optimizer/__init__.py:255 GUARD_OFF: if (reg_entry.domain, reg_entry.unique_id) in retired:
2026-10-07T23:26:58.5380873Z     custom_components/heatpump_optimizer/__init__.py:276 RETURN_DEL: return True
2026-10-07T23:26:58.5381962Z     custom_components/heatpump_optimizer/__init__.py:361 RETURN_DEL: return True
2026-10-07T23:26:58.5383159Z     custom_components/heatpump_optimizer/__init__.py:394 BOOLOP: if coordinator is not None and coordinator.effective_config == new_confi
2026-10-07T23:26:58.5535899Z ##[error]Process completed with exit code 1.
2026-10-07T23:26:58.5642196Z ##[group]Run actions/upload-artifact@b7c566a772e6b6bfb58ed0dc250532a479d7789f
2026-10-07T23:26:58.5642648Z with:
2026-10-07T23:26:58.5642853Z   name: mutation-table
2026-10-07T23:26:58.5643130Z   path: /home/runner/work/_temp/mutation-table.txt
2026-10-07T23:26:58.5643450Z   if-no-files-found: ignore
2026-10-07T23:26:58.5643685Z   compression-level: 6
2026-10-07T23:26:58.5643898Z   overwrite: false
2026-10-07T23:26:58.5644105Z   include-hidden-files: false
2026-10-07T23:26:58.5644334Z env:
2026-10-07T23:26:58.5644583Z   pythonLocation: /opt/hostedtoolcache/Python/3.13.16/x64
2026-10-07T23:26:58.5645017Z   PKG_CONFIG_PATH: /opt/hostedtoolcache/Python/3.13.16/x64/lib/pkgconfig
2026-10-07T23:26:58.5645631Z   Python_ROOT_DIR: /opt/hostedtoolcache/Python/3.13.16/x64
2026-10-07T23:26:58.5646005Z   Python2_ROOT_DIR: /opt/hostedtoolcache/Python/3.13.16/x64
2026-10-07T23:26:58.5646383Z   Python3_ROOT_DIR: /opt/hostedtoolcache/Python/3.13.16/x64
2026-10-07T23:26:58.5646790Z   LD_LIBRARY_PATH: /opt/hostedtoolcache/Python/3.13.16/x64/lib
2026-10-07T23:26:58.5647107Z ##[endgroup]
2026-10-07T23:26:58.7243507Z With the provided path, there will be 1 file uploaded
2026-10-07T23:26:58.7263809Z Artifact name is valid!
2026-10-07T23:26:58.7265534Z Root directory input is valid!
2026-10-07T23:26:59.0902937Z Beginning upload of artifact content to blob storage
2026-10-07T23:26:59.3869301Z Uploaded bytes 1075
2026-10-07T23:26:59.4583952Z Finished uploading artifact content to blob storage!
2026-10-07T23:26:59.4585236Z SHA256 digest of uploaded artifact zip is d333e86ae3c26c84b8edb3134819e04d677d224b8b62417d89685a77e8a2a1f0
2026-10-07T23:26:59.4587591Z Finalizing artifact upload
2026-10-07T23:26:59.9584382Z Artifact mutation-table.zip successfully finalized. Artifact ID 11517882168
2026-10-07T23:26:59.9612851Z Artifact mutation-table has been successfully uploaded! Final size is 1075 bytes. Artifact ID is 11517882168
2026-10-07T23:26:59.9614318Z Artifact download URL: https://github.com/tvofi/heatpump_optimizer/actions/runs/37702280480/artifacts/11517882168
2026-10-07T23:26:59.9755764Z ##[group]Run set -uo pipefail
2026-10-07T23:26:59.9756116Z set -uo pipefail
2026-10-07T23:26:59.9756382Z out="$RUNNER_TEMP/mutation-pins"
2026-10-07T23:26:59.9756671Z mkdir -p "$out"
2026-10-07T23:26:59.9756930Z printf '%s\n' "$PR_HEAD" > "$out/head"
2026-10-07T23:26:59.9757530Z python3 -c 'import json, sys; sys.path.insert(0, "tests"); import mutation_table as m; print(json.dumps(m.load_budgets()))' \
2026-10-07T23:26:59.9758125Z   > "$RUNNER_TEMP/ledger-before.json"
2026-10-07T23:26:59.9758430Z rm -f "$RUNNER_TEMP/pin-run.txt"
2026-10-07T23:26:59.9758840Z # Under the 60-minute step timeout with room for the runs in flight
2026-10-07T23:26:59.9759307Z # (R9-F10.12); only a base program that has the flag gets it.
2026-10-07T23:26:59.9759647Z budget=()
2026-10-07T23:26:59.9760004Z if grep -qE '^MUTATION TABLE REFUSED -- [0-9]+ unpinned site\(s\) against' \
2026-10-07T23:26:59.9760494Z      "$RUNNER_TEMP/mutation-table.txt" \
2026-10-07T23:26:59.9760957Z    && git show origin/main:tests/mutation_table.py > tests/_mutation_table_base.py \
2026-10-07T23:26:59.9761484Z    && grep -q -- '--pin-killed' tests/_mutation_table_base.py; then
2026-10-07T23:26:59.9762223Z   echo tests/_mutation_table_base.py >> .git/info/exclude
2026-10-07T23:26:59.9762653Z   grep -q -- '--budget-minutes' tests/_mutation_table_base.py \
2026-10-07T23:26:59.9763026Z     && budget=(--budget-minutes 35)
2026-10-07T23:26:59.9763475Z   python3 tests/_mutation_table_base.py --pin-killed --base origin/main --jobs 3 \
2026-10-07T23:26:59.9763976Z     "${budget[@]}" 2>&1 | tee "$RUNNER_TEMP/pin-run.txt"
2026-10-07T23:26:59.9764291Z fi
2026-10-07T23:26:59.9764511Z rm -f tests/_mutation_table_base.py
2026-10-07T23:26:59.9764825Z python3 - "$RUNNER_TEMP" "$out" <<'PY'
2026-10-07T23:26:59.9765119Z import json, sys
2026-10-07T23:26:59.9765362Z from pathlib import Path
2026-10-07T23:26:59.9765629Z sys.path.insert(0, "tests")
2026-10-07T23:26:59.9765898Z import mutation_table
2026-10-07T23:26:59.9766191Z tmp, out = Path(sys.argv[1]), Path(sys.argv[2])
2026-10-07T23:26:59.9766509Z run = tmp / "pin-run.txt"
2026-10-07T23:26:59.9766804Z status, added = mutation_table.measurement(
2026-10-07T23:26:59.9767149Z     (tmp / "mutation-table.txt").read_text(),
2026-10-07T23:26:59.9767492Z     run.read_text() if run.exists() else None,
2026-10-07T23:26:59.9768042Z     json.loads((tmp / "ledger-before.json").read_text()),
2026-10-07T23:26:59.9768396Z     mutation_table.load_budgets())
2026-10-07T23:26:59.9768750Z (out / "pins.json").write_text(json.dumps(added, indent=2))
2026-10-07T23:26:59.9769118Z (out / "status").write_text(status + "\n")
2026-10-07T23:26:59.9769469Z print(f"measure: {status}, {len(added)} anchor(s)")
2026-10-07T23:26:59.9769780Z PY
2026-10-07T23:26:59.9834043Z shell: /usr/bin/bash --noprofile --norc -e -o pipefail {0}
2026-10-07T23:26:59.9834385Z env:
2026-10-07T23:26:59.9834665Z   pythonLocation: /opt/hostedtoolcache/Python/3.13.16/x64
2026-10-07T23:26:59.9835114Z   PKG_CONFIG_PATH: /opt/hostedtoolcache/Python/3.13.16/x64/lib/pkgconfig
2026-10-07T23:26:59.9835565Z   Python_ROOT_DIR: /opt/hostedtoolcache/Python/3.13.16/x64
2026-10-07T23:26:59.9835959Z   Python2_ROOT_DIR: /opt/hostedtoolcache/Python/3.13.16/x64
2026-10-07T23:26:59.9836360Z   Python3_ROOT_DIR: /opt/hostedtoolcache/Python/3.13.16/x64
2026-10-07T23:26:59.9836753Z   LD_LIBRARY_PATH: /opt/hostedtoolcache/Python/3.13.16/x64/lib
2026-10-07T23:26:59.9837114Z   PR_HEAD: 65f5e914b91ed64583c978e2074f8a5a4b973883
2026-10-07T23:26:59.9837410Z ##[endgroup]
2026-10-07T23:27:02.8127590Z   4703 unpinned site(s) of 5830 candidate sites, 4693 at the ratchet base 2d8cab3f75ddc8c2e42877092cd14bd1ffb01d38; the ledger agrees with the deterministic inventory
2026-10-07T23:27:02.8395620Z MUTATION TABLE -- scope changed: 9 production file(s) whose code this diff adds or modifies
2026-10-07T23:27:02.8529082Z PIN KILLED -- 11 new unpinned site(s) against 2d8cab3f75ddc8c2e42877092cd14bd1ffb01d38 to drive
2026-10-07T23:27:02.8533055Z   11 mutant(s) over 9 file(s); drivers in play: tests/arch_score_head.py, tests/backtest.py, tests/block_duty.py, tests/boost_drift_replay.py, tests/config_flow_steps.py, tests/debug_collect.py, tests/deployment_shape.py, tests/doc_claims.py, tests/edge.py, tests/entities.py, tests/env_drift.py, tests/features.py, tests/finite_boundary.py, tests/guard_pins.py, tests/harness_headers.py, tests/manual_plan.py, tests/optimality.py, tests/plan_view.py, tests/solar_alignment.py, tests/stress.py, tests/structure.py, tests/typing_ruler.py, tests/validate.py, tests/wood_advisor.py
2026-10-07T23:27:02.8535562Z   ref-driven drivers compare against '2d8cab3f75ddc8c2e42877092cd14bd1ffb01d38' (run.sh's GOLDEN_REF resolution)
2026-10-07T23:27:04.4626750Z   null control: custom_components/heatpump_optimizer/inputs.py:84 NULL_COMMENT, a comment-only edit every driver in play must let survive
2026-10-07T23:27:07.2976924Z   tests/harness_headers.py: baseline and null control deferred until a mutant survives every shared driver
2026-10-07T23:27:07.2978279Z   tests/stress.py: baseline and null control deferred until a mutant survives every shared driver
2026-10-07T23:27:07.2979327Z   tests/arch_score_head.py: baseline and null control deferred until a mutant run of it is red
2026-10-07T23:27:07.2980826Z   tests/backtest.py: baseline and null control deferred until a mutant run of it is red
2026-10-07T23:27:07.2982536Z   tests/block_duty.py: baseline and null control deferred until a mutant run of it is red
2026-10-07T23:27:07.2983866Z   tests/boost_drift_replay.py: baseline and null control deferred until a mutant run of it is red
2026-10-07T23:27:07.2985329Z   tests/config_flow_steps.py: baseline and null control deferred until a mutant run of it is red
2026-10-07T23:27:07.2986722Z   tests/debug_collect.py: baseline and null control deferred until a mutant run of it is red
2026-10-07T23:27:07.2987949Z   tests/deployment_shape.py: baseline and null control deferred until a mutant run of it is red
2026-10-07T23:27:07.2988946Z   tests/doc_claims.py: baseline and null control deferred until a mutant run of it is red
2026-10-07T23:27:07.2990288Z   tests/edge.py: baseline and null control deferred until a mutant run of it is red
2026-10-07T23:27:07.2991574Z   tests/entities.py: baseline and null control deferred until a mutant run of it is red
2026-10-07T23:27:07.2993806Z   tests/features.py: baseline and null control deferred until a mutant run of it is red
2026-10-07T23:27:07.2995342Z   tests/finite_boundary.py: baseline and null control deferred until a mutant run of it is red
2026-10-07T23:27:07.2996374Z   tests/guard_pins.py: baseline and null control deferred until a mutant run of it is red
2026-10-07T23:27:07.2997236Z   tests/manual_plan.py: baseline and null control deferred until a mutant run of it is red
2026-10-07T23:27:07.2998096Z   tests/optimality.py: baseline and null control deferred until a mutant run of it is red
2026-10-07T23:27:07.2999021Z   tests/plan_view.py: baseline and null control deferred until a mutant run of it is red
2026-10-07T23:27:07.2999654Z   tests/solar_alignment.py: baseline and null control deferred until a mutant run of it is red
2026-10-07T23:27:07.3000691Z   tests/structure.py: baseline and null control deferred until a mutant run of it is red
2026-10-07T23:27:07.3002034Z   tests/typing_ruler.py: baseline and null control deferred until a mutant run of it is red
2026-10-07T23:27:07.3002746Z   tests/validate.py: baseline and null control deferred until a mutant run of it is red
2026-10-07T23:27:07.3003339Z   tests/wood_advisor.py: baseline and null control deferred until a mutant run of it is red
2026-10-07T23:33:00.3484284Z   baseline tests/env_drift.py: rc=0 failed=0 353s
2026-10-07T23:33:02.5806790Z   null control custom_components/heatpump_optimizer/inputs.py:84 NULL_COMMENT survived every driver
2026-10-07T23:33:02.6410050Z   tests/arch_score_head.py: LAZY AND NEVER RUN -- every mutant run of it was green, so no verdict read its baseline; a red one would have made it INCONCLUSIVE, a killed null REFUSED
2026-10-07T23:33:02.6412757Z   tests/backtest.py: LAZY AND NEVER RUN -- every mutant run of it was green, so no verdict read its baseline; a red one would have made it INCONCLUSIVE, a killed null REFUSED
2026-10-07T23:33:02.6415115Z   tests/block_duty.py: LAZY AND NEVER RUN -- every mutant run of it was green, so no verdict read its baseline; a red one would have made it INCONCLUSIVE, a killed null REFUSED
2026-10-07T23:33:02.6417361Z   tests/boost_drift_replay.py: LAZY AND NEVER RUN -- every mutant run of it was green, so no verdict read its baseline; a red one would have made it INCONCLUSIVE, a killed null REFUSED
2026-10-07T23:33:02.6419468Z   tests/config_flow_steps.py: LAZY AND NEVER RUN -- every mutant run of it was green, so no verdict read its baseline; a red one would have made it INCONCLUSIVE, a killed null REFUSED
2026-10-07T23:33:02.6421475Z   tests/debug_collect.py: LAZY AND NEVER RUN -- every mutant run of it was green, so no verdict read its baseline; a red one would have made it INCONCLUSIVE, a killed null REFUSED
2026-10-07T23:33:02.6423798Z   tests/deployment_shape.py: LAZY AND NEVER RUN -- every mutant run of it was green, so no verdict read its baseline; a red one would have made it INCONCLUSIVE, a killed null REFUSED
2026-10-07T23:33:02.6425875Z   tests/doc_claims.py: LAZY AND NEVER RUN -- every mutant run of it was green, so no verdict read its baseline; a red one would have made it INCONCLUSIVE, a killed null REFUSED
2026-10-07T23:33:02.6427906Z   tests/edge.py: LAZY AND NEVER RUN -- every mutant run of it was green, so no verdict read its baseline; a red one would have made it INCONCLUSIVE, a killed null REFUSED
2026-10-07T23:33:02.6429884Z   tests/entities.py: LAZY AND NEVER RUN -- every mutant run of it was green, so no verdict read its baseline; a red one would have made it INCONCLUSIVE, a killed null REFUSED
2026-10-07T23:33:02.6432283Z   tests/features.py: LAZY AND NEVER RUN -- every mutant run of it was green, so no verdict read its baseline; a red one would have made it INCONCLUSIVE, a killed null REFUSED
2026-10-07T23:33:02.6433818Z   tests/finite_boundary.py: LAZY AND NEVER RUN -- every mutant run of it was green, so no verdict read its baseline; a red one would have made it INCONCLUSIVE, a killed null REFUSED
2026-10-07T23:33:02.6434926Z   tests/guard_pins.py: LAZY AND NEVER RUN -- every mutant run of it was green, so no verdict read its baseline; a red one would have made it INCONCLUSIVE, a killed null REFUSED
2026-10-07T23:33:02.6436242Z   tests/manual_plan.py: LAZY AND NEVER RUN -- every mutant run of it was green, so no verdict read its baseline; a red one would have made it INCONCLUSIVE, a killed null REFUSED
2026-10-07T23:33:02.6437309Z   tests/optimality.py: LAZY AND NEVER RUN -- every mutant run of it was green, so no verdict read its baseline; a red one would have made it INCONCLUSIVE, a killed null REFUSED
2026-10-07T23:33:02.6438357Z   tests/plan_view.py: LAZY AND NEVER RUN -- every mutant run of it was green, so no verdict read its baseline; a red one would have made it INCONCLUSIVE, a killed null REFUSED
2026-10-07T23:33:02.6439424Z   tests/solar_alignment.py: LAZY AND NEVER RUN -- every mutant run of it was green, so no verdict read its baseline; a red one would have made it INCONCLUSIVE, a killed null REFUSED
2026-10-07T23:33:02.6440527Z   tests/structure.py: LAZY AND NEVER RUN -- every mutant run of it was green, so no verdict read its baseline; a red one would have made it INCONCLUSIVE, a killed null REFUSED
2026-10-07T23:33:02.6441583Z   tests/typing_ruler.py: LAZY AND NEVER RUN -- every mutant run of it was green, so no verdict read its baseline; a red one would have made it INCONCLUSIVE, a killed null REFUSED
2026-10-07T23:33:02.6443098Z   tests/validate.py: LAZY AND NEVER RUN -- every mutant run of it was green, so no verdict read its baseline; a red one would have made it INCONCLUSIVE, a killed null REFUSED
2026-10-07T23:33:02.6444182Z   tests/wood_advisor.py: LAZY AND NEVER RUN -- every mutant run of it was green, so no verdict read its baseline; a red one would have made it INCONCLUSIVE, a killed null REFUSED
2026-10-07T23:33:02.6445349Z   tests/harness_headers.py: DEFERRED AND NEVER RUN -- no mutant survived every shared driver, so its baseline was never checked here; a red one would have made it INCONCLUSIVE, a killed null REFUSED
2026-10-07T23:33:02.6446570Z   tests/stress.py: DEFERRED AND NEVER RUN -- no mutant survived every shared driver, so its baseline was never checked here; a red one would have made it INCONCLUSIVE, a killed null REFUSED
2026-10-07T23:33:03.7921214Z   NOT RUN custom_components/heatpump_optimizer/flow_meter.py:31 GUARD_OFF -- not started: it would have overrun --budget-minutes
2026-10-07T23:33:03.7922897Z   NOT RUN custom_components/heatpump_optimizer/flow_meter.py:36 CMP_BOUND -- not started: it would have overrun --budget-minutes
2026-10-07T23:33:03.7924015Z   NOT RUN custom_components/heatpump_optimizer/inputs.py:278 GUARD_OFF -- not started: it would have overrun --budget-minutes
2026-10-07T23:33:03.7924914Z   NOT RUN custom_components/heatpump_optimizer/inputs.py:281 RETURN_DEL -- not started: it would have overrun --budget-minutes
2026-10-07T23:33:03.7925782Z   NOT RUN custom_components/heatpump_optimizer/inputs.py:821 GUARD_OFF -- not started: it would have overrun --budget-minutes
2026-10-07T23:33:03.7926653Z   NOT RUN custom_components/heatpump_optimizer/inputs.py:825 CMP_BOUND -- not started: it would have overrun --budget-minutes
2026-10-07T23:33:03.7927507Z   NOT RUN custom_components/heatpump_optimizer/inputs.py:825 GUARD_OFF -- not started: it would have overrun --budget-minutes
2026-10-07T23:33:03.7928360Z   NOT RUN custom_components/heatpump_optimizer/inputs.py:827 GUARD_OFF -- not started: it would have overrun --budget-minutes
2026-10-07T23:33:03.7929215Z   NOT RUN custom_components/heatpump_optimizer/inputs.py:831 RETURN_DEL -- not started: it would have overrun --budget-minutes
2026-10-07T23:33:03.7930090Z   NOT RUN custom_components/heatpump_optimizer/inputs.py:833 RETURN_DEL -- not started: it would have overrun --budget-minutes
2026-10-07T23:33:03.7930993Z   NOT RUN custom_components/heatpump_optimizer/thermal_model.py:1286 RETURN_DEL -- not started: it would have overrun --budget-minutes
2026-10-07T23:33:03.7931520Z 
2026-10-07T23:33:03.7932124Z MUTATION TABLE REFUSED -- nothing was measured: 0 mutant(s) timed out, 11 not started for --budget-minutes
2026-10-07T23:33:03.8082643Z ##[error]Process completed with exit code 1.
2026-10-07T23:33:03.8146593Z ##[group]Run actions/upload-artifact@b7c566a772e6b6bfb58ed0dc250532a479d7789f
2026-10-07T23:33:03.8147020Z with:
2026-10-07T23:33:03.8147234Z   name: mutation-pins
2026-10-07T23:33:03.8147503Z   path: /home/runner/work/_temp/mutation-pins/
2026-10-07T23:33:03.8147809Z   if-no-files-found: ignore
2026-10-07T23:33:03.8148053Z   compression-level: 6
2026-10-07T23:33:03.8148279Z   overwrite: false
2026-10-07T23:33:03.8148494Z   include-hidden-files: false
2026-10-07T23:33:03.8148727Z env:
2026-10-07T23:33:03.8148977Z   pythonLocation: /opt/hostedtoolcache/Python/3.13.16/x64
2026-10-07T23:33:03.8149411Z   PKG_CONFIG_PATH: /opt/hostedtoolcache/Python/3.13.16/x64/lib/pkgconfig
2026-10-07T23:33:03.8149828Z   Python_ROOT_DIR: /opt/hostedtoolcache/Python/3.13.16/x64
2026-10-07T23:33:03.8150206Z   Python2_ROOT_DIR: /opt/hostedtoolcache/Python/3.13.16/x64
2026-10-07T23:33:03.8150598Z   Python3_ROOT_DIR: /opt/hostedtoolcache/Python/3.13.16/x64
2026-10-07T23:33:03.8151002Z   LD_LIBRARY_PATH: /opt/hostedtoolcache/Python/3.13.16/x64/lib
2026-10-07T23:33:03.8151329Z ##[endgroup]
2026-10-07T23:33:03.9745161Z With the provided path, there will be 1 file uploaded
2026-10-07T23:33:03.9762518Z Artifact name is valid!
2026-10-07T23:33:03.9763380Z Root directory input is valid!
2026-10-07T23:33:04.3551499Z Beginning upload of artifact content to blob storage
2026-10-07T23:33:04.6695143Z Uploaded bytes 163
2026-10-07T23:33:04.7399969Z Finished uploading artifact content to blob storage!
2026-10-07T23:33:04.7401194Z SHA256 digest of uploaded artifact zip is cbb65dc2cb8e02d8ea0ed983411829e59a47235805b75239b5515e7ab23b3933
2026-10-07T23:33:04.7403199Z Finalizing artifact upload
2026-10-07T23:33:05.1761382Z Artifact mutation-pins.zip successfully finalized. Artifact ID 11518281708
2026-10-07T23:33:05.1763651Z Artifact mutation-pins has been successfully uploaded! Final size is 163 bytes. Artifact ID is 11518281708
2026-10-07T23:33:05.1766825Z Artifact download URL: https://github.com/tvofi/heatpump_optimizer/actions/runs/37702280480/artifacts/11518281708
2026-10-07T23:33:05.1963931Z Post job cleanup.
2026-10-07T23:33:05.2832471Z [command]/usr/bin/git version
2026-10-07T23:33:05.2868546Z git version 2.55.0
2026-10-07T23:33:05.2910162Z Temporarily overriding HOME='/home/runner/work/_temp/b5d402c1-ebc0-4d43-aba5-885aa13f82b1' before making global git config changes
2026-10-07T23:33:05.2911508Z Adding repository directory to the temporary git global config as a safe directory
2026-10-07T23:33:05.2916170Z [command]/usr/bin/git config --global --add safe.directory /home/runner/work/heatpump_optimizer/heatpump_optimizer
2026-10-07T23:33:05.2956249Z [command]/usr/bin/git config --local --name-only --get-regexp core\.sshCommand
2026-10-07T23:33:05.2993075Z [command]/usr/bin/git submodule foreach --recursive sh -c "git config --local --name-only --get-regexp 'core\.sshCommand' && git config --local --unset-all 'core.sshCommand' || :"
2026-10-07T23:33:05.3262860Z [command]/usr/bin/git config --local --name-only --get-regexp http\.https\:\/\/github\.com\/\.extraheader
2026-10-07T23:33:05.3291203Z http.https://github.com/.extraheader
2026-10-07T23:33:05.3302660Z [command]/usr/bin/git config --local --unset-all http.https://github.com/.extraheader
2026-10-07T23:33:05.3341106Z [command]/usr/bin/git submodule foreach --recursive sh -c "git config --local --name-only --get-regexp 'http\.https\:\/\/github\.com\/\.extraheader' && git config --local --unset-all 'http.https://github.com/.extraheader' || :"
2026-10-07T23:33:05.3654480Z [command]/usr/bin/git config --local --name-only --get-regexp ^includeIf\.gitdir:
2026-10-07T23:33:05.3694111Z [command]/usr/bin/git submodule foreach --recursive git config --local --show-origin --name-only --get-regexp remote.origin.url
2026-10-07T23:33:05.4142082Z Cleaning up orphan processes
