2026-10-07T23:33:10.9508262Z Current runner version: '2.337.0'
2026-10-07T23:33:10.9547067Z ##[group]Runner Image Provisioner
2026-10-07T23:33:10.9549002Z Hosted Compute Agent
2026-10-07T23:33:10.9550619Z Version: 20260901.588
2026-10-07T23:33:10.9552276Z Commit: f88ec8081b781fac6c440065ac7ff9e710ce3d0b
2026-10-07T23:33:10.9554459Z Build Date: 2026-09-01T19:56:44Z
2026-10-07T23:33:10.9556113Z Worker ID: {96308d15-240e-42f7-856a-dc3b13007a87}
2026-10-07T23:33:10.9558151Z Azure Region: eastus
2026-10-07T23:33:10.9559641Z ##[endgroup]
2026-10-07T23:33:10.9562422Z ##[group]Operating System
2026-10-07T23:33:10.9564388Z Ubuntu
2026-10-07T23:33:10.9565765Z 24.04.5
2026-10-07T23:33:10.9567172Z LTS
2026-10-07T23:33:10.9568635Z ##[endgroup]
2026-10-07T23:33:10.9570027Z ##[group]Runner Image
2026-10-07T23:33:10.9571539Z Image: ubuntu-24.04
2026-10-07T23:33:10.9573342Z Version: 20260927.320.1
2026-10-07T23:33:10.9576640Z Included Software: https://github.com/actions/runner-images/blob/ubuntu24/20260927.320/images/ubuntu/Ubuntu2404-Readme.md
2026-10-07T23:33:10.9580103Z Image Release: https://github.com/actions/runner-images/releases/tag/ubuntu24%2F20260927.320
2026-10-07T23:33:10.9582459Z ##[endgroup]
2026-10-07T23:33:10.9585692Z ##[group]GITHUB_TOKEN Permissions
2026-10-07T23:33:10.9589228Z Actions: write
2026-10-07T23:33:10.9590956Z Contents: write
2026-10-07T23:33:10.9592452Z Metadata: read
2026-10-07T23:33:10.9594259Z ##[endgroup]
2026-10-07T23:33:10.9598041Z Secret source: Actions
2026-10-07T23:33:10.9600429Z Cache mode: write
2026-10-07T23:33:10.9602478Z Prepare workflow directory
2026-10-07T23:33:11.0097719Z Prepare all required actions
2026-10-07T23:33:11.0170686Z Getting action download info
2026-10-07T23:33:11.2208642Z Download action repository 'actions/checkout@fbc6f3992d24b796d5a048ff273f7fcc4a7b6c09' (SHA:fbc6f3992d24b796d5a048ff273f7fcc4a7b6c09)
2026-10-07T23:33:11.3401138Z Download action repository 'actions/setup-python@ece7cb06caefa5fff74198d8649806c4678c61a1' (SHA:ece7cb06caefa5fff74198d8649806c4678c61a1)
2026-10-07T23:33:11.4472283Z Download action repository 'actions/download-artifact@37930b1c2abaa49bbe596cd826c3c89aef350131' (SHA:37930b1c2abaa49bbe596cd826c3c89aef350131)
2026-10-07T23:33:11.7101837Z Complete job name: mutation-autofix
2026-10-07T23:33:11.8024548Z ##[group]Run actions/checkout@fbc6f3992d24b796d5a048ff273f7fcc4a7b6c09
2026-10-07T23:33:11.8025923Z with:
2026-10-07T23:33:11.8026557Z   ref: fix/r9-ux9
2026-10-07T23:33:11.8027193Z   fetch-depth: 0
2026-10-07T23:33:11.8031136Z   token: ***
2026-10-07T23:33:11.8031788Z   persist-credentials: false
2026-10-07T23:33:11.8032540Z   repository: tvofi/heatpump_optimizer
2026-10-07T23:33:11.8033503Z   ssh-strict: true
2026-10-07T23:33:11.8034128Z   ssh-user: git
2026-10-07T23:33:11.8034755Z   clean: true
2026-10-07T23:33:11.8035397Z   sparse-checkout-cone-mode: true
2026-10-07T23:33:11.8036125Z   fetch-tags: false
2026-10-07T23:33:11.8036768Z   show-progress: true
2026-10-07T23:33:11.8037407Z   lfs: false
2026-10-07T23:33:11.8038004Z   submodules: false
2026-10-07T23:33:11.8038649Z   set-safe-directory: true
2026-10-07T23:33:11.8039404Z   allow-unsafe-pr-checkout: false
2026-10-07T23:33:11.8040403Z ##[endgroup]
2026-10-07T23:33:11.9096922Z Syncing repository: tvofi/heatpump_optimizer
2026-10-07T23:33:11.9100361Z ##[group]Getting Git version info
2026-10-07T23:33:11.9102419Z Working directory is '/home/runner/work/heatpump_optimizer/heatpump_optimizer'
2026-10-07T23:33:11.9105210Z [command]/usr/bin/git version
2026-10-07T23:33:11.9200092Z git version 2.55.0
2026-10-07T23:33:11.9229877Z ##[endgroup]
2026-10-07T23:33:11.9245168Z Temporarily overriding HOME='/home/runner/work/_temp/1e6edf72-deff-4274-9e30-48b9ebce7907' before making global git config changes
2026-10-07T23:33:11.9248083Z Adding repository directory to the temporary git global config as a safe directory
2026-10-07T23:33:11.9250944Z [command]/usr/bin/git config --global --add safe.directory /home/runner/work/heatpump_optimizer/heatpump_optimizer
2026-10-07T23:33:11.9308613Z Deleting the contents of '/home/runner/work/heatpump_optimizer/heatpump_optimizer'
2026-10-07T23:33:11.9312380Z ##[group]Initializing the repository
2026-10-07T23:33:11.9316874Z [command]/usr/bin/git init /home/runner/work/heatpump_optimizer/heatpump_optimizer
2026-10-07T23:33:11.9431156Z hint: Using 'master' as the name for the initial branch. This default branch name
2026-10-07T23:33:11.9433965Z hint: will change to "main" in Git 3.0. To configure the initial branch name
2026-10-07T23:33:11.9436434Z hint: to use in all of your new repositories, which will suppress this warning,
2026-10-07T23:33:11.9438549Z hint: call:
2026-10-07T23:33:11.9441507Z hint:
2026-10-07T23:33:11.9443428Z hint: 	git config --global init.defaultBranch <name>
2026-10-07T23:33:11.9445262Z hint:
2026-10-07T23:33:11.9446958Z hint: Names commonly chosen instead of 'master' are 'main', 'trunk' and
2026-10-07T23:33:11.9449219Z hint: 'development'. The just-created branch can be renamed via this command:
2026-10-07T23:33:11.9451478Z hint:
2026-10-07T23:33:11.9453527Z hint: 	git branch -m <name>
2026-10-07T23:33:11.9455177Z hint:
2026-10-07T23:33:11.9456949Z hint: Disable this message with "git config set advice.defaultBranchName false"
2026-10-07T23:33:11.9459650Z Initialized empty Git repository in /home/runner/work/heatpump_optimizer/heatpump_optimizer/.git/
2026-10-07T23:33:11.9480318Z [command]/usr/bin/git remote add origin https://github.com/tvofi/heatpump_optimizer
2026-10-07T23:33:11.9510923Z ##[endgroup]
2026-10-07T23:33:11.9513446Z ##[group]Disabling automatic garbage collection
2026-10-07T23:33:11.9516268Z [command]/usr/bin/git config --local gc.auto 0
2026-10-07T23:33:11.9553896Z ##[endgroup]
2026-10-07T23:33:11.9556155Z ##[group]Setting up auth
2026-10-07T23:33:11.9561772Z [command]/usr/bin/git config --local --name-only --get-regexp core\.sshCommand
2026-10-07T23:33:11.9601358Z [command]/usr/bin/git submodule foreach --recursive sh -c "git config --local --name-only --get-regexp 'core\.sshCommand' && git config --local --unset-all 'core.sshCommand' || :"
2026-10-07T23:33:11.9967147Z [command]/usr/bin/git config --local --name-only --get-regexp http\.https\:\/\/github\.com\/\.extraheader
2026-10-07T23:33:12.0009207Z [command]/usr/bin/git submodule foreach --recursive sh -c "git config --local --name-only --get-regexp 'http\.https\:\/\/github\.com\/\.extraheader' && git config --local --unset-all 'http.https://github.com/.extraheader' || :"
2026-10-07T23:33:12.0305718Z [command]/usr/bin/git config --local --name-only --get-regexp ^includeIf\.gitdir:
2026-10-07T23:33:12.0344364Z [command]/usr/bin/git submodule foreach --recursive git config --local --show-origin --name-only --get-regexp remote.origin.url
2026-10-07T23:33:12.0596818Z [command]/usr/bin/git config --local http.https://github.com/.extraheader AUTHORIZATION: basic ***
2026-10-07T23:33:12.0642269Z ##[endgroup]
2026-10-07T23:33:12.0644528Z ##[group]Fetching the repository
2026-10-07T23:33:12.0656912Z [command]/usr/bin/git -c protocol.version=2 fetch --prune --no-recurse-submodules origin +refs/heads/*:refs/remotes/origin/* +refs/tags/*:refs/tags/*
2026-10-07T23:33:19.6808346Z From https://github.com/tvofi/heatpump_optimizer
2026-10-07T23:33:19.6810757Z  * [new branch]        bus/approvals           -> origin/bus/approvals
2026-10-07T23:33:19.6813587Z  * [new branch]        cursor/r9-eg-entry-config-9aac -> origin/cursor/r9-eg-entry-config-9aac
2026-10-07T23:33:19.6838961Z  * [new branch]        cursor/r9-sw-1-resume-826f -> origin/cursor/r9-sw-1-resume-826f
2026-10-07T23:33:19.6841545Z  * [new branch]        cursor/r9-sw-2-actuation-6d19 -> origin/cursor/r9-sw-2-actuation-6d19
2026-10-07T23:33:19.6843995Z  * [new branch]        fix/r9-dbg-2-pr         -> origin/fix/r9-dbg-2-pr
2026-10-07T23:33:19.6845912Z  * [new branch]        fix/r9-eg-entry-config  -> origin/fix/r9-eg-entry-config
2026-10-07T23:33:19.6847957Z  * [new branch]        fix/r9-record-automerge -> origin/fix/r9-record-automerge
2026-10-07T23:33:19.6850077Z  * [new branch]        fix/r9-ro-12-pr         -> origin/fix/r9-ro-12-pr
2026-10-07T23:33:19.6851351Z  * [new branch]        fix/r9-sw-actuation     -> origin/fix/r9-sw-actuation
2026-10-07T23:33:19.6853550Z  * [new branch]        fix/r9-ux-actions       -> origin/fix/r9-ux-actions
2026-10-07T23:33:19.6854795Z  * [new branch]        fix/r9-ux9              -> origin/fix/r9-ux9
2026-10-07T23:33:19.6855983Z  * [new branch]        handoff-body/r9-ci-1    -> origin/handoff-body/r9-ci-1
2026-10-07T23:33:19.6857379Z  * [new branch]        handoff-body/r9-closures-eg-b7 -> origin/handoff-body/r9-closures-eg-b7
2026-10-07T23:33:19.6858874Z  * [new branch]        handoff-body/r9-dbg-1   -> origin/handoff-body/r9-dbg-1
2026-10-07T23:33:19.6860530Z  * [new branch]        handoff-body/r9-dbg-2   -> origin/handoff-body/r9-dbg-2
2026-10-07T23:33:19.6862978Z  * [new branch]        handoff-body/r9-eg-a4   -> origin/handoff-body/r9-eg-a4
2026-10-07T23:33:19.6865214Z  * [new branch]        handoff-body/r9-eg-b7-harness -> origin/handoff-body/r9-eg-b7-harness
2026-10-07T23:33:19.6867240Z  * [new branch]        handoff-body/r9-eg-coordinator-seams -> origin/handoff-body/r9-eg-coordinator-seams
2026-10-07T23:33:19.6869302Z  * [new branch]        handoff-body/r9-eg-entry-config -> origin/handoff-body/r9-eg-entry-config
2026-10-07T23:33:19.6871163Z  * [new branch]        handoff-body/r9-eg-solve-inputs -> origin/handoff-body/r9-eg-solve-inputs
2026-10-07T23:33:19.6873826Z  * [new branch]        handoff-body/r9-fixer-cap -> origin/handoff-body/r9-fixer-cap
2026-10-07T23:33:19.6875585Z  * [new branch]        handoff-body/r9-nightly-bdr -> origin/handoff-body/r9-nightly-bdr
2026-10-07T23:33:19.6877362Z  * [new branch]        handoff-body/r9-prepr-selftest -> origin/handoff-body/r9-prepr-selftest
2026-10-07T23:33:19.6879040Z  * [new branch]        handoff-body/r9-rca-1985 -> origin/handoff-body/r9-rca-1985
2026-10-07T23:33:19.6880590Z  * [new branch]        handoff-body/r9-rca-1990 -> origin/handoff-body/r9-rca-1990
2026-10-07T23:33:19.6882118Z  * [new branch]        handoff-body/r9-rca-2004 -> origin/handoff-body/r9-rca-2004
2026-10-07T23:33:19.6884064Z  * [new branch]        handoff-body/r9-rca-bugclasses -> origin/handoff-body/r9-rca-bugclasses
2026-10-07T23:33:19.6886212Z  * [new branch]        handoff-body/r9-rca-stress-recording -> origin/handoff-body/r9-rca-stress-recording
2026-10-07T23:33:19.6888321Z  * [new branch]        handoff-body/r9-record-automerge -> origin/handoff-body/r9-record-automerge
2026-10-07T23:33:19.6890195Z  * [new branch]        handoff-body/r9-record-path -> origin/handoff-body/r9-record-path
2026-10-07T23:33:19.6891720Z  * [new branch]        handoff-body/r9-ro-10   -> origin/handoff-body/r9-ro-10
2026-10-07T23:33:19.6893409Z  * [new branch]        handoff-body/r9-ro-11   -> origin/handoff-body/r9-ro-11
2026-10-07T23:33:19.6894808Z  * [new branch]        handoff-body/r9-ro-12   -> origin/handoff-body/r9-ro-12
2026-10-07T23:33:19.6896199Z  * [new branch]        handoff-body/r9-ro-8    -> origin/handoff-body/r9-ro-8
2026-10-07T23:33:19.6897587Z  * [new branch]        handoff-body/r9-sw-5    -> origin/handoff-body/r9-sw-5
2026-10-07T23:33:19.6899105Z  * [new branch]        handoff-body/r9-sw-actuation -> origin/handoff-body/r9-sw-actuation
2026-10-07T23:33:19.6900613Z  * [new branch]        handoff-body/r9-sw6     -> origin/handoff-body/r9-sw6
2026-10-07T23:33:19.6901984Z  * [new branch]        handoff-body/r9-ux-6    -> origin/handoff-body/r9-ux-6
2026-10-07T23:33:19.6903737Z  * [new branch]        handoff-body/r9-ux-7    -> origin/handoff-body/r9-ux-7
2026-10-07T23:33:19.6905225Z  * [new branch]        handoff-body/r9-ux-actions -> origin/handoff-body/r9-ux-actions
2026-10-07T23:33:19.6906694Z  * [new branch]        handoff-body/r9-ux9     -> origin/handoff-body/r9-ux9
2026-10-07T23:33:19.6908075Z  * [new branch]        handoff/audit-r9-alt    -> origin/handoff/audit-r9-alt
2026-10-07T23:33:19.6909583Z  * [new branch]        handoff/audit-r9-evidence -> origin/handoff/audit-r9-evidence
2026-10-07T23:33:19.6911104Z  * [new branch]        handoff/audit-r9-find-B1 -> origin/handoff/audit-r9-find-B1
2026-10-07T23:33:19.6912884Z  * [new branch]        handoff/audit-r9-find-B10 -> origin/handoff/audit-r9-find-B10
2026-10-07T23:33:19.6914704Z  * [new branch]        handoff/audit-r9-find-B2 -> origin/handoff/audit-r9-find-B2
2026-10-07T23:33:19.6916185Z  * [new branch]        handoff/audit-r9-find-B3 -> origin/handoff/audit-r9-find-B3
2026-10-07T23:33:19.6917687Z  * [new branch]        handoff/audit-r9-find-B4 -> origin/handoff/audit-r9-find-B4
2026-10-07T23:33:19.6919152Z  * [new branch]        handoff/audit-r9-find-B5 -> origin/handoff/audit-r9-find-B5
2026-10-07T23:33:19.6920629Z  * [new branch]        handoff/audit-r9-find-B6 -> origin/handoff/audit-r9-find-B6
2026-10-07T23:33:19.6922108Z  * [new branch]        handoff/audit-r9-find-B7 -> origin/handoff/audit-r9-find-B7
2026-10-07T23:33:19.6923783Z  * [new branch]        handoff/audit-r9-find-B8 -> origin/handoff/audit-r9-find-B8
2026-10-07T23:33:19.6925253Z  * [new branch]        handoff/audit-r9-find-B9 -> origin/handoff/audit-r9-find-B9
2026-10-07T23:33:19.6926719Z  * [new branch]        handoff/audit-r9-fixplan -> origin/handoff/audit-r9-fixplan
2026-10-07T23:33:19.6928199Z  * [new branch]        handoff/audit-r9-issues -> origin/handoff/audit-r9-issues
2026-10-07T23:33:19.6929656Z  * [new branch]        handoff/audit-r9-judge  -> origin/handoff/audit-r9-judge
2026-10-07T23:33:19.6931064Z  * [new branch]        handoff/audit-r9-leads  -> origin/handoff/audit-r9-leads
2026-10-07T23:33:19.6932516Z  * [new branch]        handoff/audit-r9-leads-l2 -> origin/handoff/audit-r9-leads-l2
2026-10-07T23:33:19.6934236Z  * [new branch]        handoff/audit-r9-leads-l3 -> origin/handoff/audit-r9-leads-l3
2026-10-07T23:33:19.6935709Z  * [new branch]        handoff/audit-r9-leads-l4 -> origin/handoff/audit-r9-leads-l4
2026-10-07T23:33:19.6937172Z  * [new branch]        handoff/audit-r9-leads-lc -> origin/handoff/audit-r9-leads-lc
2026-10-07T23:33:19.6938754Z  * [new branch]        handoff/audit-r9-plan   -> origin/handoff/audit-r9-plan
2026-10-07T23:33:19.6941669Z  * [new branch]        handoff/audit-r9-register -> origin/handoff/audit-r9-register
2026-10-07T23:33:19.6944579Z  * [new branch]        handoff/audit-r9-runner-1 -> origin/handoff/audit-r9-runner-1
2026-10-07T23:33:19.6947592Z  * [new branch]        handoff/audit-r9-sweep-s1 -> origin/handoff/audit-r9-sweep-s1
2026-10-07T23:33:19.6950197Z  * [new branch]        handoff/audit-r9-sweep-s2 -> origin/handoff/audit-r9-sweep-s2
2026-10-07T23:33:19.6954307Z  * [new branch]        handoff/audit-r9-sweep-s3 -> origin/handoff/audit-r9-sweep-s3
2026-10-07T23:33:19.6957248Z  * [new branch]        handoff/audit-r9-sweep-s4 -> origin/handoff/audit-r9-sweep-s4
2026-10-07T23:33:19.6959658Z  * [new branch]        handoff/audit-r9-sweep-s5 -> origin/handoff/audit-r9-sweep-s5
2026-10-07T23:33:19.6962010Z  * [new branch]        handoff/audit-r9-sweep-s6 -> origin/handoff/audit-r9-sweep-s6
2026-10-07T23:33:19.6965043Z  * [new branch]        handoff/audit-r9-sweep-s7 -> origin/handoff/audit-r9-sweep-s7
2026-10-07T23:33:19.6967297Z  * [new branch]        handoff/audit-r9-verify-g1-v1 -> origin/handoff/audit-r9-verify-g1-v1
2026-10-07T23:33:19.6969001Z  * [new branch]        handoff/audit-r9-verify-g1-v2 -> origin/handoff/audit-r9-verify-g1-v2
2026-10-07T23:33:19.6970651Z  * [new branch]        handoff/audit-r9-verify-g1-v3 -> origin/handoff/audit-r9-verify-g1-v3
2026-10-07T23:33:19.6972274Z  * [new branch]        handoff/audit-r9-verify-g2-v1 -> origin/handoff/audit-r9-verify-g2-v1
2026-10-07T23:33:19.6974265Z  * [new branch]        handoff/audit-r9-verify-g2-v2 -> origin/handoff/audit-r9-verify-g2-v2
2026-10-07T23:33:19.6975900Z  * [new branch]        handoff/audit-r9-verify-g2-v3 -> origin/handoff/audit-r9-verify-g2-v3
2026-10-07T23:33:19.6978401Z  * [new branch]        handoff/audit-r9-verify-g3-v1 -> origin/handoff/audit-r9-verify-g3-v1
2026-10-07T23:33:19.6980241Z  * [new branch]        handoff/audit-r9-verify-g3-v2 -> origin/handoff/audit-r9-verify-g3-v2
2026-10-07T23:33:19.6981988Z  * [new branch]        handoff/audit-r9-verify-g3-v3 -> origin/handoff/audit-r9-verify-g3-v3
2026-10-07T23:33:19.6984758Z  * [new branch]        handoff/audit-r9-verify-g4-v1 -> origin/handoff/audit-r9-verify-g4-v1
2026-10-07T23:33:19.6986447Z  * [new branch]        handoff/audit-r9-verify-g4-v2 -> origin/handoff/audit-r9-verify-g4-v2
2026-10-07T23:33:19.6988096Z  * [new branch]        handoff/audit-r9-verify-g4-v3 -> origin/handoff/audit-r9-verify-g4-v3
2026-10-07T23:33:19.6989552Z  * [new branch]        handoff/r9-ci-1         -> origin/handoff/r9-ci-1
2026-10-07T23:33:19.6990969Z  * [new branch]        handoff/r9-closures-eg-b7 -> origin/handoff/r9-closures-eg-b7
2026-10-07T23:33:19.6992347Z  * [new branch]        handoff/r9-dbg-0        -> origin/handoff/r9-dbg-0
2026-10-07T23:33:19.6993908Z  * [new branch]        handoff/r9-dbg-1        -> origin/handoff/r9-dbg-1
2026-10-07T23:33:19.6995185Z  * [new branch]        handoff/r9-dbg-2        -> origin/handoff/r9-dbg-2
2026-10-07T23:33:19.6996447Z  * [new branch]        handoff/r9-dbg-3        -> origin/handoff/r9-dbg-3
2026-10-07T23:33:19.6997741Z  * [new branch]        handoff/r9-diag-1       -> origin/handoff/r9-diag-1
2026-10-07T23:33:19.6999048Z  * [new branch]        handoff/r9-diag-2s      -> origin/handoff/r9-diag-2s
2026-10-07T23:33:19.7000346Z  * [new branch]        handoff/r9-eg-a4        -> origin/handoff/r9-eg-a4
2026-10-07T23:33:19.7001679Z  * [new branch]        handoff/r9-eg-archscore -> origin/handoff/r9-eg-archscore
2026-10-07T23:33:19.7003279Z  * [new branch]        handoff/r9-eg-b0        -> origin/handoff/r9-eg-b0
2026-10-07T23:33:19.7004655Z  * [new branch]        handoff/r9-eg-b7-harness -> origin/handoff/r9-eg-b7-harness
2026-10-07T23:33:19.7006364Z  * [new branch]        handoff/r9-eg-collaborator-interfaces -> origin/handoff/r9-eg-collaborator-interfaces
2026-10-07T23:33:19.7008608Z  * [new branch]        handoff/r9-eg-coordinator-seams -> origin/handoff/r9-eg-coordinator-seams
2026-10-07T23:33:19.7011708Z  * [new branch]        handoff/r9-eg-dhw-closure-dedupe-v2 -> origin/handoff/r9-eg-dhw-closure-dedupe-v2
2026-10-07T23:33:19.7014878Z  * [new branch]        handoff/r9-eg-dhw-planner -> origin/handoff/r9-eg-dhw-planner
2026-10-07T23:33:19.7017711Z  * [new branch]        handoff/r9-eg-entry-config -> origin/handoff/r9-eg-entry-config
2026-10-07T23:33:19.7020275Z  * [new branch]        handoff/r9-eg-one-copy  -> origin/handoff/r9-eg-one-copy
2026-10-07T23:33:19.7023041Z  * [new branch]        handoff/r9-eg-param-objects -> origin/handoff/r9-eg-param-objects
2026-10-07T23:33:19.7025583Z  * [new branch]        handoff/r9-eg-register-fold -> origin/handoff/r9-eg-register-fold
2026-10-07T23:33:19.7028127Z  * [new branch]        handoff/r9-eg-solve-inputs -> origin/handoff/r9-eg-solve-inputs
2026-10-07T23:33:19.7029711Z  * [new branch]        handoff/r9-eg-store-version -> origin/handoff/r9-eg-store-version
2026-10-07T23:33:19.7031377Z  * [new branch]        handoff/r9-eg-surface-identity -> origin/handoff/r9-eg-surface-identity
2026-10-07T23:33:19.7033402Z  * [new branch]        handoff/r9-eg-typed-payload -> origin/handoff/r9-eg-typed-payload
2026-10-07T23:33:19.7035124Z  * [new branch]        handoff/r9-eg-typed-payload-b -> origin/handoff/r9-eg-typed-payload-b
2026-10-07T23:33:19.7037848Z  * [new branch]        handoff/r9-f1-coordinator-10 -> origin/handoff/r9-f1-coordinator-10
2026-10-07T23:33:19.7039531Z  * [new branch]        handoff/r9-f1-coordinator-2 -> origin/handoff/r9-f1-coordinator-2
2026-10-07T23:33:19.7041093Z  * [new branch]        handoff/r9-f1-coordinator-3 -> origin/handoff/r9-f1-coordinator-3
2026-10-07T23:33:19.7042943Z  * [new branch]        handoff/r9-f1-coordinator-4 -> origin/handoff/r9-f1-coordinator-4
2026-10-07T23:33:19.7044524Z  * [new branch]        handoff/r9-f1-coordinator-5 -> origin/handoff/r9-f1-coordinator-5
2026-10-07T23:33:19.7046090Z  * [new branch]        handoff/r9-f1-coordinator-7 -> origin/handoff/r9-f1-coordinator-7
2026-10-07T23:33:19.7047808Z  * [new branch]        handoff/r9-f1-coordinator-7-review -> origin/handoff/r9-f1-coordinator-7-review
2026-10-07T23:33:19.7050587Z  * [new branch]        handoff/r9-f10-12       -> origin/handoff/r9-f10-12
2026-10-07T23:33:19.7053483Z  * [new branch]        handoff/r9-f10-13       -> origin/handoff/r9-f10-13
2026-10-07T23:33:19.7055705Z  * [new branch]        handoff/r9-f10-14       -> origin/handoff/r9-f10-14
2026-10-07T23:33:19.7058100Z  * [new branch]        handoff/r9-f10-15       -> origin/handoff/r9-f10-15
2026-10-07T23:33:19.7060461Z  * [new branch]        handoff/r9-f10-16       -> origin/handoff/r9-f10-16
2026-10-07T23:33:19.7063126Z  * [new branch]        handoff/r9-f10-ci-efficiency -> origin/handoff/r9-f10-ci-efficiency
2026-10-07T23:33:19.7065949Z  * [new branch]        handoff/r9-f10-claims-baseline-rca -> origin/handoff/r9-f10-claims-baseline-rca
2026-10-07T23:33:19.7068769Z  * [new branch]        handoff/r9-f10-closure-runalways -> origin/handoff/r9-f10-closure-runalways
2026-10-07T23:33:19.7070504Z  * [new branch]        handoff/r9-f10-gate-infra-1 -> origin/handoff/r9-f10-gate-infra-1
2026-10-07T23:33:19.7072148Z  * [new branch]        handoff/r9-f10-gate-infra-1d -> origin/handoff/r9-f10-gate-infra-1d
2026-10-07T23:33:19.7074165Z  * [new branch]        handoff/r9-f10-gate-infra-4 -> origin/handoff/r9-f10-gate-infra-4
2026-10-07T23:33:19.7076201Z  * [new branch]        handoff/r9-f10-gate-infra-5 -> origin/handoff/r9-f10-gate-infra-5
2026-10-07T23:33:19.7078627Z  * [new branch]        handoff/r9-f10-gate-infra-6 -> origin/handoff/r9-f10-gate-infra-6
2026-10-07T23:33:19.7080378Z  * [new branch]        handoff/r9-f10-harness-timeout -> origin/handoff/r9-f10-harness-timeout
2026-10-07T23:33:19.7082144Z  * [new branch]        handoff/r9-f10-loop-heartbeat -> origin/handoff/r9-f10-loop-heartbeat
2026-10-07T23:33:19.7084176Z  * [new branch]        handoff/r9-f10-merge-queue -> origin/handoff/r9-f10-merge-queue
2026-10-07T23:33:19.7085816Z  * [new branch]        handoff/r9-f11-governance-1 -> origin/handoff/r9-f11-governance-1
2026-10-07T23:33:19.7087472Z  * [new branch]        handoff/r9-f11-governance-3 -> origin/handoff/r9-f11-governance-3
2026-10-07T23:33:19.7089141Z  * [new branch]        handoff/r9-f11-governance-4 -> origin/handoff/r9-f11-governance-4
2026-10-07T23:33:19.7091175Z  * [new branch]        handoff/r9-f11-governance-4-review -> origin/handoff/r9-f11-governance-4-review
2026-10-07T23:33:19.7093245Z  * [new branch]        handoff/r9-f11-governance-5 -> origin/handoff/r9-f11-governance-5
2026-10-07T23:33:19.7094900Z  * [new branch]        handoff/r9-f11-governance-6 -> origin/handoff/r9-f11-governance-6
2026-10-07T23:33:19.7096548Z  * [new branch]        handoff/r9-f11-governance-7 -> origin/handoff/r9-f11-governance-7
2026-10-07T23:33:19.7098131Z  * [new branch]        handoff/r9-f2-solver-1  -> origin/handoff/r9-f2-solver-1
2026-10-07T23:33:19.7099633Z  * [new branch]        handoff/r9-f2-solver-3  -> origin/handoff/r9-f2-solver-3
2026-10-07T23:33:19.7101135Z  * [new branch]        handoff/r9-f2-solver-4  -> origin/handoff/r9-f2-solver-4
2026-10-07T23:33:19.7102921Z  * [new branch]        handoff/r9-f2-solver-5  -> origin/handoff/r9-f2-solver-5
2026-10-07T23:33:19.7104521Z  * [new branch]        handoff/r9-f3-stores-1  -> origin/handoff/r9-f3-stores-1
2026-10-07T23:33:19.7106020Z  * [new branch]        handoff/r9-f3-stores-3  -> origin/handoff/r9-f3-stores-3
2026-10-07T23:33:19.7107653Z  * [new branch]        handoff/r9-f4-inputs-sysid-1 -> origin/handoff/r9-f4-inputs-sysid-1
2026-10-07T23:33:19.7109422Z  * [new branch]        handoff/r9-f4-inputs-sysid-2 -> origin/handoff/r9-f4-inputs-sysid-2
2026-10-07T23:33:19.7111123Z  * [new branch]        handoff/r9-f5-config-text-1 -> origin/handoff/r9-f5-config-text-1
2026-10-07T23:33:19.7112972Z  * [new branch]        handoff/r9-f6-card-1    -> origin/handoff/r9-f6-card-1
2026-10-07T23:33:19.7114484Z  * [new branch]        handoff/r9-f6-card-2    -> origin/handoff/r9-f6-card-2
2026-10-07T23:33:19.7115941Z  * [new branch]        handoff/r9-f6-card-4    -> origin/handoff/r9-f6-card-4
2026-10-07T23:33:19.7178230Z  * [new branch]        handoff/r9-f7-entities-1 -> origin/handoff/r9-f7-entities-1
2026-10-07T23:33:19.7180963Z  * [new branch]        handoff/r9-f7-entities-2 -> origin/handoff/r9-f7-entities-2
2026-10-07T23:33:19.7183920Z  * [new branch]        handoff/r9-f7-family-splits -> origin/handoff/r9-f7-family-splits
2026-10-07T23:33:19.7186519Z  * [new branch]        handoff/r9-f8-docs-1    -> origin/handoff/r9-f8-docs-1
2026-10-07T23:33:19.7188930Z  * [new branch]        handoff/r9-f8-docs-2    -> origin/handoff/r9-f8-docs-2
2026-10-07T23:33:19.7191375Z  * [new branch]        handoff/r9-f8-docs-3    -> origin/handoff/r9-f8-docs-3
2026-10-07T23:33:19.7193975Z  * [new branch]        handoff/r9-f9-test-pins-2 -> origin/handoff/r9-f9-test-pins-2
2026-10-07T23:33:19.7195636Z  * [new branch]        handoff/r9-f9-test-pins-3 -> origin/handoff/r9-f9-test-pins-3
2026-10-07T23:33:19.7197187Z  * [new branch]        handoff/r9-fixer-cap    -> origin/handoff/r9-fixer-cap
2026-10-07T23:33:19.7198629Z  * [new branch]        handoff/r9-fr-10        -> origin/handoff/r9-fr-10
2026-10-07T23:33:19.7200126Z  * [new branch]        handoff/r9-friction-study -> origin/handoff/r9-friction-study
2026-10-07T23:33:19.7201709Z  * [new branch]        handoff/r9-nightly-bdr  -> origin/handoff/r9-nightly-bdr
2026-10-07T23:33:19.7203745Z  * [new branch]        handoff/r9-nightly-status-k5uati -> origin/handoff/r9-nightly-status-k5uati
2026-10-07T23:33:19.7205536Z  * [new branch]        handoff/r9-prepr-selftest -> origin/handoff/r9-prepr-selftest
2026-10-07T23:33:19.7207042Z  * [new branch]        handoff/r9-proc-1       -> origin/handoff/r9-proc-1
2026-10-07T23:33:19.7208472Z  * [new branch]        handoff/r9-proc-3       -> origin/handoff/r9-proc-3
2026-10-07T23:33:19.7209866Z  * [new branch]        handoff/r9-proc-4       -> origin/handoff/r9-proc-4
2026-10-07T23:33:19.7211255Z  * [new branch]        handoff/r9-proc-5       -> origin/handoff/r9-proc-5
2026-10-07T23:33:19.7213052Z  * [new branch]        handoff/r9-rc-prcontract-fix -> origin/handoff/r9-rc-prcontract-fix
2026-10-07T23:33:19.7214634Z  * [new branch]        handoff/r9-rca-1985     -> origin/handoff/r9-rca-1985
2026-10-07T23:33:19.7216055Z  * [new branch]        handoff/r9-rca-1990     -> origin/handoff/r9-rca-1990
2026-10-07T23:33:19.7217651Z  * [new branch]        handoff/r9-rca-2004     -> origin/handoff/r9-rca-2004
2026-10-07T23:33:19.7219839Z  * [new branch]        handoff/r9-rca-avoidable-interpreter-bound-recomputation -> origin/handoff/r9-rca-avoidable-interpreter-bound-recomputation
2026-10-07T23:33:19.7222047Z  * [new branch]        handoff/r9-rca-bugclasses -> origin/handoff/r9-rca-bugclasses
2026-10-07T23:33:19.7223946Z  * [new branch]        handoff/r9-rca-cpu-gate-blind -> origin/handoff/r9-rca-cpu-gate-blind
2026-10-07T23:33:19.7225491Z  * [new branch]        handoff/r9-rca-i1       -> origin/handoff/r9-rca-i1
2026-10-07T23:33:19.7226852Z  * [new branch]        handoff/r9-rca-i3       -> origin/handoff/r9-rca-i3
2026-10-07T23:33:19.7228219Z  * [new branch]        handoff/r9-rca-i4       -> origin/handoff/r9-rca-i4
2026-10-07T23:33:19.7229600Z  * [new branch]        handoff/r9-rca-i5       -> origin/handoff/r9-rca-i5
2026-10-07T23:33:19.7231004Z  * [new branch]        handoff/r9-rca-p1       -> origin/handoff/r9-rca-p1
2026-10-07T23:33:19.7232400Z  * [new branch]        handoff/r9-rca-p11      -> origin/handoff/r9-rca-p11
2026-10-07T23:33:19.7234079Z  * [new branch]        handoff/r9-rca-p2       -> origin/handoff/r9-rca-p2
2026-10-07T23:33:19.7235447Z  * [new branch]        handoff/r9-rca-p3       -> origin/handoff/r9-rca-p3
2026-10-07T23:33:19.7236818Z  * [new branch]        handoff/r9-rca-p5       -> origin/handoff/r9-rca-p5
2026-10-07T23:33:19.7238175Z  * [new branch]        handoff/r9-rca-p6       -> origin/handoff/r9-rca-p6
2026-10-07T23:33:19.7239533Z  * [new branch]        handoff/r9-rca-p9       -> origin/handoff/r9-rca-p9
2026-10-07T23:33:19.7241733Z  * [new branch]        handoff/r9-rca-persisted-future-instant-trusted-without-bound -> origin/handoff/r9-rca-persisted-future-instant-trusted-without-bound
2026-10-07T23:33:19.7244344Z  * [new branch]        handoff/r9-rca-stress-recording -> origin/handoff/r9-rca-stress-recording
2026-10-07T23:33:19.7246266Z  * [new branch]        handoff/r9-record-automerge -> origin/handoff/r9-record-automerge
2026-10-07T23:33:19.7247831Z  * [new branch]        handoff/r9-record-path  -> origin/handoff/r9-record-path
2026-10-07T23:33:19.7249241Z  * [new branch]        handoff/r9-ro-1         -> origin/handoff/r9-ro-1
2026-10-07T23:33:19.7250583Z  * [new branch]        handoff/r9-ro-10        -> origin/handoff/r9-ro-10
2026-10-07T23:33:19.7251949Z  * [new branch]        handoff/r9-ro-11        -> origin/handoff/r9-ro-11
2026-10-07T23:33:19.7253528Z  * [new branch]        handoff/r9-ro-12        -> origin/handoff/r9-ro-12
2026-10-07T23:33:19.7254870Z  * [new branch]        handoff/r9-ro-2         -> origin/handoff/r9-ro-2
2026-10-07T23:33:19.7256209Z  * [new branch]        handoff/r9-ro-3         -> origin/handoff/r9-ro-3
2026-10-07T23:33:19.7257532Z  * [new branch]        handoff/r9-ro-4         -> origin/handoff/r9-ro-4
2026-10-07T23:33:19.7258854Z  * [new branch]        handoff/r9-ro-5         -> origin/handoff/r9-ro-5
2026-10-07T23:33:19.7260185Z  * [new branch]        handoff/r9-ro-6         -> origin/handoff/r9-ro-6
2026-10-07T23:33:19.7261523Z  * [new branch]        handoff/r9-ro-7         -> origin/handoff/r9-ro-7
2026-10-07T23:33:19.7263111Z  * [new branch]        handoff/r9-ro-8         -> origin/handoff/r9-ro-8
2026-10-07T23:33:19.7264464Z  * [new branch]        handoff/r9-sw-5         -> origin/handoff/r9-sw-5
2026-10-07T23:33:19.7265853Z  * [new branch]        handoff/r9-sw-actuation -> origin/handoff/r9-sw-actuation
2026-10-07T23:33:19.7267265Z  * [new branch]        handoff/r9-sw-card      -> origin/handoff/r9-sw-card
2026-10-07T23:33:19.7268606Z  * [new branch]        handoff/r9-sw-gchv      -> origin/handoff/r9-sw-gchv
2026-10-07T23:33:19.7269965Z  * [new branch]        handoff/r9-sw-model     -> origin/handoff/r9-sw-model
2026-10-07T23:33:19.7271310Z  * [new branch]        handoff/r9-sw6          -> origin/handoff/r9-sw6
2026-10-07T23:33:19.7272932Z  * [new branch]        handoff/r9-ux-6         -> origin/handoff/r9-ux-6
2026-10-07T23:33:19.7274453Z  * [new branch]        handoff/r9-ux-7         -> origin/handoff/r9-ux-7
2026-10-07T23:33:19.7275873Z  * [new branch]        handoff/r9-ux-actions   -> origin/handoff/r9-ux-actions
2026-10-07T23:33:19.7277291Z  * [new branch]        handoff/r9-ux-events    -> origin/handoff/r9-ux-events
2026-10-07T23:33:19.7278685Z  * [new branch]        handoff/r9-ux-health    -> origin/handoff/r9-ux-health
2026-10-07T23:33:19.7280185Z  * [new branch]        handoff/r9-ux-insight-text -> origin/handoff/r9-ux-insight-text
2026-10-07T23:33:19.7281619Z  * [new branch]        handoff/r9-ux9          -> origin/handoff/r9-ux9
2026-10-07T23:33:19.7283191Z  * [new branch]        handoff/r9-web-3        -> origin/handoff/r9-web-3
2026-10-07T23:33:19.7284544Z  * [new branch]        handoff/r9-web-4        -> origin/handoff/r9-web-4
2026-10-07T23:33:19.7285882Z  * [new branch]        handoff/r9-web-5        -> origin/handoff/r9-web-5
2026-10-07T23:33:19.7287257Z  * [new branch]        handoff/r9-web-page     -> origin/handoff/r9-web-page
2026-10-07T23:33:19.7288632Z  * [new branch]        handoff/rca-1747        -> origin/handoff/rca-1747
2026-10-07T23:33:19.7290050Z  * [new branch]        handoff/repo-reorg-plan -> origin/handoff/repo-reorg-plan
2026-10-07T23:33:19.7291600Z  * [new branch]        handoff/silent-windows-plan -> origin/handoff/silent-windows-plan
2026-10-07T23:33:19.7293301Z  * [new branch]        main                    -> origin/main
2026-10-07T23:33:19.7294685Z  * [new branch]        proof-base/r9-ci-1-shards2 -> origin/proof-base/r9-ci-1-shards2
2026-10-07T23:33:19.7296180Z  * [new branch]        proof/r9-ci-1-pr2010    -> origin/proof/r9-ci-1-pr2010
2026-10-07T23:33:19.7297580Z  * [new branch]        proof/r9-ci-1-pr2025    -> origin/proof/r9-ci-1-pr2025
2026-10-07T23:33:19.7298992Z  * [new branch]        proof/r9-ci-1-shards2   -> origin/proof/r9-ci-1-shards2
2026-10-07T23:33:19.7300552Z  * [new branch]        proof/r9-ci-1-sw1       -> origin/proof/r9-ci-1-sw1
2026-10-07T23:33:19.7301876Z  * [new branch]        review/1987             -> origin/review/1987
2026-10-07T23:33:19.7303475Z  * [new branch]        review/1997             -> origin/review/1997
2026-10-07T23:33:19.7304761Z  * [new branch]        review/2002             -> origin/review/2002
2026-10-07T23:33:19.7306030Z  * [new branch]        review/2006             -> origin/review/2006
2026-10-07T23:33:19.7307295Z  * [new branch]        review/2007             -> origin/review/2007
2026-10-07T23:33:19.7308567Z  * [new branch]        review/2010             -> origin/review/2010
2026-10-07T23:33:19.7309814Z  * [new branch]        review/2011             -> origin/review/2011
2026-10-07T23:33:19.7311045Z  * [new branch]        review/2012             -> origin/review/2012
2026-10-07T23:33:19.7312303Z  * [new branch]        review/2013             -> origin/review/2013
2026-10-07T23:33:19.7313872Z  * [new branch]        review/2014             -> origin/review/2014
2026-10-07T23:33:19.7315144Z  * [new branch]        review/2015             -> origin/review/2015
2026-10-07T23:33:19.7316396Z  * [new branch]        review/2017             -> origin/review/2017
2026-10-07T23:33:19.7317642Z  * [new branch]        review/2018             -> origin/review/2018
2026-10-07T23:33:19.7318888Z  * [new branch]        review/2021             -> origin/review/2021
2026-10-07T23:33:19.7320149Z  * [new branch]        review/2022             -> origin/review/2022
2026-10-07T23:33:19.7321395Z  * [new branch]        review/2024             -> origin/review/2024
2026-10-07T23:33:19.7322807Z  * [new branch]        review/2025             -> origin/review/2025
2026-10-07T23:33:19.7324105Z  * [new branch]        review/2026             -> origin/review/2026
2026-10-07T23:33:19.7325362Z  * [new branch]        review/2027             -> origin/review/2027
2026-10-07T23:33:19.7326659Z  * [new branch]        review/2029             -> origin/review/2029
2026-10-07T23:33:19.7327929Z  * [new branch]        review/2030             -> origin/review/2030
2026-10-07T23:33:19.7329187Z  * [new branch]        review/2040             -> origin/review/2040
2026-10-07T23:33:19.7330588Z  * [new branch]        review/2042             -> origin/review/2042
2026-10-07T23:33:19.7331864Z  * [new branch]        review/2044             -> origin/review/2044
2026-10-07T23:33:19.7333284Z  * [new branch]        verdict/1987            -> origin/verdict/1987
2026-10-07T23:33:19.7334534Z  * [new branch]        verdict/1997            -> origin/verdict/1997
2026-10-07T23:33:19.7335779Z  * [new branch]        verdict/2002            -> origin/verdict/2002
2026-10-07T23:33:19.7337018Z  * [new branch]        verdict/2006            -> origin/verdict/2006
2026-10-07T23:33:19.7338259Z  * [new branch]        verdict/2007            -> origin/verdict/2007
2026-10-07T23:33:19.7339507Z  * [new branch]        verdict/2010            -> origin/verdict/2010
2026-10-07T23:33:19.7340762Z  * [new branch]        verdict/2011            -> origin/verdict/2011
2026-10-07T23:33:19.7342018Z  * [new branch]        verdict/2012            -> origin/verdict/2012
2026-10-07T23:33:19.7343466Z  * [new branch]        verdict/2013            -> origin/verdict/2013
2026-10-07T23:33:19.7344736Z  * [new branch]        verdict/2014            -> origin/verdict/2014
2026-10-07T23:33:19.7346013Z  * [new branch]        verdict/2015            -> origin/verdict/2015
2026-10-07T23:33:19.7347271Z  * [new branch]        verdict/2017            -> origin/verdict/2017
2026-10-07T23:33:19.7348523Z  * [new branch]        verdict/2018            -> origin/verdict/2018
2026-10-07T23:33:19.7349799Z  * [new branch]        verdict/2021            -> origin/verdict/2021
2026-10-07T23:33:19.7351057Z  * [new branch]        verdict/2022            -> origin/verdict/2022
2026-10-07T23:33:19.7352309Z  * [new branch]        verdict/2024            -> origin/verdict/2024
2026-10-07T23:33:19.7353728Z  * [new branch]        verdict/2025            -> origin/verdict/2025
2026-10-07T23:33:19.7355186Z  * [new branch]        verdict/2026            -> origin/verdict/2026
2026-10-07T23:33:19.7356447Z  * [new branch]        verdict/2027            -> origin/verdict/2027
2026-10-07T23:33:19.7357717Z  * [new branch]        verdict/2029            -> origin/verdict/2029
2026-10-07T23:33:19.7358961Z  * [new branch]        verdict/2030            -> origin/verdict/2030
2026-10-07T23:33:19.7360219Z  * [new branch]        verdict/2040            -> origin/verdict/2040
2026-10-07T23:33:19.7361459Z  * [new branch]        verdict/2042            -> origin/verdict/2042
2026-10-07T23:33:19.7362828Z  * [new branch]        verdict/2044            -> origin/verdict/2044
2026-10-07T23:33:19.7364111Z  * [new tag]           audit-round2-evidence   -> audit-round2-evidence
2026-10-07T23:33:19.7365298Z  * [new tag]           v2.3.0-beta.1           -> v2.3.0-beta.1
2026-10-07T23:33:19.7366391Z  * [new tag]           v2.4.0                  -> v2.4.0
2026-10-07T23:33:19.7367446Z  * [new tag]           v2.4.1                  -> v2.4.1
2026-10-07T23:33:19.7368492Z  * [new tag]           v2.5.0                  -> v2.5.0
2026-10-07T23:33:19.7369543Z  * [new tag]           v2.6.0                  -> v2.6.0
2026-10-07T23:33:19.7370587Z  * [new tag]           v2.6.1                  -> v2.6.1
2026-10-07T23:33:19.7371620Z  * [new tag]           v2.7.0                  -> v2.7.0
2026-10-07T23:33:19.7372819Z  * [new tag]           v2.8.0                  -> v2.8.0
2026-10-07T23:33:19.7373878Z  * [new tag]           v3.0.0                  -> v3.0.0
2026-10-07T23:33:19.7374918Z  * [new tag]           v3.1.0                  -> v3.1.0
2026-10-07T23:33:19.7375956Z  * [new tag]           v3.1.1                  -> v3.1.1
2026-10-07T23:33:19.7376997Z  * [new tag]           v3.1.2                  -> v3.1.2
2026-10-07T23:33:19.7378027Z  * [new tag]           v3.14.0                 -> v3.14.0
2026-10-07T23:33:19.7379073Z  * [new tag]           v3.16.0                 -> v3.16.0
2026-10-07T23:33:19.7380127Z  * [new tag]           v3.2.0                  -> v3.2.0
2026-10-07T23:33:19.7381156Z  * [new tag]           v3.3.0                  -> v3.3.0
2026-10-07T23:33:19.7382323Z  * [new tag]           v3.3.1                  -> v3.3.1
2026-10-07T23:33:19.7383505Z  * [new tag]           v3.4.0                  -> v3.4.0
2026-10-07T23:33:19.7384538Z  * [new tag]           v3.4.1                  -> v3.4.1
2026-10-07T23:33:19.7385574Z  * [new tag]           v3.5.0                  -> v3.5.0
2026-10-07T23:33:19.7386606Z  * [new tag]           v3.6.0                  -> v3.6.0
2026-10-07T23:33:19.7387640Z  * [new tag]           v3.6.1                  -> v3.6.1
2026-10-07T23:33:19.7388685Z  * [new tag]           v3.7.0                  -> v3.7.0
2026-10-07T23:33:19.7389719Z  * [new tag]           v3.7.1                  -> v3.7.1
2026-10-07T23:33:19.7390759Z  * [new tag]           v3.8.0                  -> v3.8.0
2026-10-07T23:33:19.7391787Z  * [new tag]           v4.0.0                  -> v4.0.0
2026-10-07T23:33:19.7392974Z  * [new tag]           v4.0.1                  -> v4.0.1
2026-10-07T23:33:19.7394031Z  * [new tag]           v4.0.2                  -> v4.0.2
2026-10-07T23:33:19.7395086Z  * [new tag]           v4.0.3                  -> v4.0.3
2026-10-07T23:33:19.7396117Z  * [new tag]           v4.0.4                  -> v4.0.4
2026-10-07T23:33:19.7397163Z  * [new tag]           v4.0.5                  -> v4.0.5
2026-10-07T23:33:19.7398191Z  * [new tag]           v4.0.6                  -> v4.0.6
2026-10-07T23:33:19.7399225Z  * [new tag]           v4.0.7                  -> v4.0.7
2026-10-07T23:33:19.7400267Z  * [new tag]           v4.1.0                  -> v4.1.0
2026-10-07T23:33:19.7401298Z  * [new tag]           v4.2.0                  -> v4.2.0
2026-10-07T23:33:19.7402339Z  * [new tag]           v4.3.0                  -> v4.3.0
2026-10-07T23:33:19.7403522Z  * [new tag]           v5.0.0                  -> v5.0.0
2026-10-07T23:33:19.7404556Z  * [new tag]           v5.1.0                  -> v5.1.0
2026-10-07T23:33:19.7405740Z  * [new tag]           v5.1.1                  -> v5.1.1
2026-10-07T23:33:19.7406781Z  * [new tag]           v5.1.10                 -> v5.1.10
2026-10-07T23:33:19.7407822Z  * [new tag]           v5.1.2                  -> v5.1.2
2026-10-07T23:33:19.7408928Z  * [new tag]           v5.1.3                  -> v5.1.3
2026-10-07T23:33:19.7409960Z  * [new tag]           v5.1.4                  -> v5.1.4
2026-10-07T23:33:19.7410996Z  * [new tag]           v5.1.5                  -> v5.1.5
2026-10-07T23:33:19.7412041Z  * [new tag]           v5.1.6                  -> v5.1.6
2026-10-07T23:33:19.7413227Z  * [new tag]           v5.1.7                  -> v5.1.7
2026-10-07T23:33:19.7414258Z  * [new tag]           v5.1.9                  -> v5.1.9
2026-10-07T23:33:19.7415289Z  * [new tag]           v5.2.0                  -> v5.2.0
2026-10-07T23:33:19.7416330Z  * [new tag]           v5.3.0                  -> v5.3.0
2026-10-07T23:33:19.7417374Z  * [new tag]           v5.4.0                  -> v5.4.0
2026-10-07T23:33:19.7418413Z  * [new tag]           v5.4.1                  -> v5.4.1
2026-10-07T23:33:19.7419439Z  * [new tag]           v5.5.0                  -> v5.5.0
2026-10-07T23:33:19.7420477Z  * [new tag]           v5.6.0                  -> v5.6.0
2026-10-07T23:33:19.7421511Z  * [new tag]           v5.6.1                  -> v5.6.1
2026-10-07T23:33:19.7422541Z  * [new tag]           v5.6.2                  -> v5.6.2
2026-10-07T23:33:19.7423711Z  * [new tag]           v5.7.0                  -> v5.7.0
2026-10-07T23:33:19.7424742Z  * [new tag]           v5.7.1                  -> v5.7.1
2026-10-07T23:33:19.7425769Z  * [new tag]           v6.0.0                  -> v6.0.0
2026-10-07T23:33:19.7426790Z  * [new tag]           v6.0.1                  -> v6.0.1
2026-10-07T23:33:19.7427818Z  * [new tag]           v6.0.2                  -> v6.0.2
2026-10-07T23:33:19.7428850Z  * [new tag]           v6.0.3                  -> v6.0.3
2026-10-07T23:33:19.7429868Z  * [new tag]           v6.0.4                  -> v6.0.4
2026-10-07T23:33:19.7430899Z  * [new tag]           v6.0.5                  -> v6.0.5
2026-10-07T23:33:19.7431927Z  * [new tag]           v6.0.6                  -> v6.0.6
2026-10-07T23:33:19.7433536Z  * [new tag]           v6.0.7                  -> v6.0.7
2026-10-07T23:33:19.7434628Z  * [new tag]           v6.0.8                  -> v6.0.8
2026-10-07T23:33:19.7435670Z  * [new tag]           v6.0.9                  -> v6.0.9
2026-10-07T23:33:19.7436706Z  * [new tag]           v6.1.0                  -> v6.1.0
2026-10-07T23:33:19.7437744Z  * [new tag]           v6.1.1                  -> v6.1.1
2026-10-07T23:33:19.7438775Z  * [new tag]           v6.1.2                  -> v6.1.2
2026-10-07T23:33:19.7439800Z  * [new tag]           v6.2.0                  -> v6.2.0
2026-10-07T23:33:19.7441180Z  * [new tag]           v6.2.1                  -> v6.2.1
2026-10-07T23:33:19.7442241Z  * [new tag]           v6.2.10                 -> v6.2.10
2026-10-07T23:33:19.7443666Z  * [new tag]           v6.2.11                 -> v6.2.11
2026-10-07T23:33:19.7444948Z  * [new tag]           v6.2.12                 -> v6.2.12
2026-10-07T23:33:19.7445991Z  * [new tag]           v6.2.13                 -> v6.2.13
2026-10-07T23:33:19.7447034Z  * [new tag]           v6.2.14                 -> v6.2.14
2026-10-07T23:33:19.7448067Z  * [new tag]           v6.2.15                 -> v6.2.15
2026-10-07T23:33:19.7449100Z  * [new tag]           v6.2.16                 -> v6.2.16
2026-10-07T23:33:19.7450128Z  * [new tag]           v6.2.17                 -> v6.2.17
2026-10-07T23:33:19.7451154Z  * [new tag]           v6.2.2                  -> v6.2.2
2026-10-07T23:33:19.7452195Z  * [new tag]           v6.2.3                  -> v6.2.3
2026-10-07T23:33:19.7453407Z  * [new tag]           v6.2.4                  -> v6.2.4
2026-10-07T23:33:19.7454435Z  * [new tag]           v6.2.5                  -> v6.2.5
2026-10-07T23:33:19.7455472Z  * [new tag]           v6.2.6                  -> v6.2.6
2026-10-07T23:33:19.7456497Z  * [new tag]           v6.2.7                  -> v6.2.7
2026-10-07T23:33:19.7457714Z  * [new tag]           v6.2.8                  -> v6.2.8
2026-10-07T23:33:19.7458746Z  * [new tag]           v6.2.9                  -> v6.2.9
2026-10-07T23:33:19.7459781Z  * [new tag]           v6.3.0                  -> v6.3.0
2026-10-07T23:33:19.7460817Z  * [new tag]           v6.3.1                  -> v6.3.1
2026-10-07T23:33:19.7461853Z  * [new tag]           v6.3.10                 -> v6.3.10
2026-10-07T23:33:19.7463075Z  * [new tag]           v6.3.11                 -> v6.3.11
2026-10-07T23:33:19.7464141Z  * [new tag]           v6.3.12                 -> v6.3.12
2026-10-07T23:33:19.7465161Z  * [new tag]           v6.3.13                 -> v6.3.13
2026-10-07T23:33:19.7466222Z  * [new tag]           v6.3.14                 -> v6.3.14
2026-10-07T23:33:19.7467261Z  * [new tag]           v6.3.15                 -> v6.3.15
2026-10-07T23:33:19.7468293Z  * [new tag]           v6.3.16                 -> v6.3.16
2026-10-07T23:33:19.7469332Z  * [new tag]           v6.3.17                 -> v6.3.17
2026-10-07T23:33:19.7470368Z  * [new tag]           v6.3.18                 -> v6.3.18
2026-10-07T23:33:19.7471379Z  * [new tag]           v6.3.19                 -> v6.3.19
2026-10-07T23:33:19.7472408Z  * [new tag]           v6.3.2                  -> v6.3.2
2026-10-07T23:33:19.7473606Z  * [new tag]           v6.3.20                 -> v6.3.20
2026-10-07T23:33:19.7474633Z  * [new tag]           v6.3.3                  -> v6.3.3
2026-10-07T23:33:19.7475660Z  * [new tag]           v6.3.4                  -> v6.3.4
2026-10-07T23:33:19.7476686Z  * [new tag]           v6.3.5                  -> v6.3.5
2026-10-07T23:33:19.7477709Z  * [new tag]           v6.3.6                  -> v6.3.6
2026-10-07T23:33:19.7478723Z  * [new tag]           v6.3.7                  -> v6.3.7
2026-10-07T23:33:19.7479736Z  * [new tag]           v6.3.8                  -> v6.3.8
2026-10-07T23:33:19.7480753Z  * [new tag]           v6.3.9                  -> v6.3.9
2026-10-07T23:33:19.7481786Z  * [new tag]           v6.4.0                  -> v6.4.0
2026-10-07T23:33:19.7482937Z  * [new tag]           v6.4.1                  -> v6.4.1
2026-10-07T23:33:19.7484117Z  * [new tag]           v6.4.2                  -> v6.4.2
2026-10-07T23:33:19.7485155Z  * [new tag]           v6.4.3                  -> v6.4.3
2026-10-07T23:33:19.7486173Z  * [new tag]           v6.4.4                  -> v6.4.4
2026-10-07T23:33:19.7487218Z  * [new tag]           v6.5.0                  -> v6.5.0
2026-10-07T23:33:19.7488375Z  * [new tag]           v6.5.1                  -> v6.5.1
2026-10-07T23:33:19.7489413Z  * [new tag]           v6.6.0                  -> v6.6.0
2026-10-07T23:33:19.7490441Z  * [new tag]           v6.6.1                  -> v6.6.1
2026-10-07T23:33:19.7491467Z  * [new tag]           v6.6.10                 -> v6.6.10
2026-10-07T23:33:19.7492508Z  * [new tag]           v6.6.11                 -> v6.6.11
2026-10-07T23:33:19.7493748Z  * [new tag]           v6.6.12                 -> v6.6.12
2026-10-07T23:33:19.7494782Z  * [new tag]           v6.6.2                  -> v6.6.2
2026-10-07T23:33:19.7495818Z  * [new tag]           v6.6.3                  -> v6.6.3
2026-10-07T23:33:19.7496842Z  * [new tag]           v6.6.4                  -> v6.6.4
2026-10-07T23:33:19.7497860Z  * [new tag]           v6.6.5                  -> v6.6.5
2026-10-07T23:33:19.7498998Z  * [new tag]           v6.6.6                  -> v6.6.6
2026-10-07T23:33:19.7500014Z  * [new tag]           v6.6.7                  -> v6.6.7
2026-10-07T23:33:19.7501038Z  * [new tag]           v6.6.8                  -> v6.6.8
2026-10-07T23:33:19.7502059Z  * [new tag]           v6.6.9                  -> v6.6.9
2026-10-07T23:33:19.7503217Z  * [new tag]           v6.7.0                  -> v6.7.0
2026-10-07T23:33:19.7504247Z  * [new tag]           v6.7.1                  -> v6.7.1
2026-10-07T23:33:19.7505267Z  * [new tag]           v6.7.10                 -> v6.7.10
2026-10-07T23:33:19.7506303Z  * [new tag]           v6.7.11                 -> v6.7.11
2026-10-07T23:33:19.7507497Z  * [new tag]           v6.7.12                 -> v6.7.12
2026-10-07T23:33:19.7508569Z  * [new tag]           v6.7.13                 -> v6.7.13
2026-10-07T23:33:19.7509616Z  * [new tag]           v6.7.14                 -> v6.7.14
2026-10-07T23:33:19.7510646Z  * [new tag]           v6.7.15                 -> v6.7.15
2026-10-07T23:33:19.7511674Z  * [new tag]           v6.7.16                 -> v6.7.16
2026-10-07T23:33:19.7512845Z  * [new tag]           v6.7.2                  -> v6.7.2
2026-10-07T23:33:19.7513875Z  * [new tag]           v6.7.3                  -> v6.7.3
2026-10-07T23:33:19.7514892Z  * [new tag]           v6.7.4                  -> v6.7.4
2026-10-07T23:33:19.7515920Z  * [new tag]           v6.7.5                  -> v6.7.5
2026-10-07T23:33:19.7516941Z  * [new tag]           v6.7.6                  -> v6.7.6
2026-10-07T23:33:19.7517954Z  * [new tag]           v6.7.7                  -> v6.7.7
2026-10-07T23:33:19.7518977Z  * [new tag]           v6.7.8                  -> v6.7.8
2026-10-07T23:33:19.7520001Z  * [new tag]           v6.7.9                  -> v6.7.9
2026-10-07T23:33:19.7523106Z ##[endgroup]
2026-10-07T23:33:19.7524467Z ##[group]Determining the checkout info
2026-10-07T23:33:19.7525494Z [command]/usr/bin/git branch --list --remote origin/fix/r9-ux9
2026-10-07T23:33:19.7526543Z   origin/fix/r9-ux9
2026-10-07T23:33:19.7528888Z ##[endgroup]
2026-10-07T23:33:19.7529616Z [command]/usr/bin/git sparse-checkout disable
2026-10-07T23:33:19.7531811Z [command]/usr/bin/git config --local --unset-all extensions.worktreeConfig
2026-10-07T23:33:19.7534922Z ##[group]Checking out the ref
2026-10-07T23:33:19.7536184Z [command]/usr/bin/git checkout --progress --force -B fix/r9-ux9 refs/remotes/origin/fix/r9-ux9
2026-10-07T23:33:20.1905118Z Switched to a new branch 'fix/r9-ux9'
2026-10-07T23:33:20.1909379Z branch 'fix/r9-ux9' set up to track 'origin/fix/r9-ux9'.
2026-10-07T23:33:20.1927547Z ##[endgroup]
2026-10-07T23:33:20.1981663Z [command]/usr/bin/git log -1 --format=%H
2026-10-07T23:33:20.2009724Z 65f5e914b91ed64583c978e2074f8a5a4b973883
2026-10-07T23:33:20.2021283Z ##[group]Removing auth
2026-10-07T23:33:20.2026239Z [command]/usr/bin/git config --local --name-only --get-regexp core\.sshCommand
2026-10-07T23:33:20.2063122Z [command]/usr/bin/git submodule foreach --recursive sh -c "git config --local --name-only --get-regexp 'core\.sshCommand' && git config --local --unset-all 'core.sshCommand' || :"
2026-10-07T23:33:20.2299343Z [command]/usr/bin/git config --local --name-only --get-regexp http\.https\:\/\/github\.com\/\.extraheader
2026-10-07T23:33:20.2329856Z http.https://github.com/.extraheader
2026-10-07T23:33:20.2337462Z [command]/usr/bin/git config --local --unset-all http.https://github.com/.extraheader
2026-10-07T23:33:20.2376051Z [command]/usr/bin/git submodule foreach --recursive sh -c "git config --local --name-only --get-regexp 'http\.https\:\/\/github\.com\/\.extraheader' && git config --local --unset-all 'http.https://github.com/.extraheader' || :"
2026-10-07T23:33:20.2605272Z [command]/usr/bin/git config --local --name-only --get-regexp ^includeIf\.gitdir:
2026-10-07T23:33:20.2642358Z [command]/usr/bin/git submodule foreach --recursive git config --local --show-origin --name-only --get-regexp remote.origin.url
2026-10-07T23:33:20.2904550Z ##[endgroup]
2026-10-07T23:33:20.3231185Z ##[group]Run set -euo pipefail
2026-10-07T23:33:20.3233042Z set -euo pipefail
2026-10-07T23:33:20.3234737Z git cat-file -e "$PINNED^{commit}" 2>/dev/null \
2026-10-07T23:33:20.3236829Z   || git fetch --no-tags --depth=1 origin "$PINNED"
2026-10-07T23:33:20.3239197Z git checkout "$PINNED" -- tests/closure.py tests/mutation_table.py
2026-10-07T23:33:20.3241721Z git reset -q -- tests/closure.py tests/mutation_table.py
2026-10-07T23:33:20.3244372Z # The report runs after `pull --rebase --autostash`, which can leave
2026-10-07T23:33:20.3246934Z # the pull request's copy in the tree; it runs this copy instead.
2026-10-07T23:33:20.3249725Z install -D -m 0444 tests/closure.py "$RUNNER_TEMP/pinned/closure.py"
2026-10-07T23:33:20.3520951Z shell: /usr/bin/bash -e {0}
2026-10-07T23:33:20.3522527Z env:
2026-10-07T23:33:20.3524191Z   PINNED: 2d8cab3f75ddc8c2e42877092cd14bd1ffb01d38
2026-10-07T23:33:20.3525974Z ##[endgroup]
2026-10-07T23:33:20.5871497Z ##[group]Run actions/setup-python@ece7cb06caefa5fff74198d8649806c4678c61a1
2026-10-07T23:33:20.5873660Z with:
2026-10-07T23:33:20.5874744Z   python-version: 3.13
2026-10-07T23:33:20.5875940Z   check-latest: false
2026-10-07T23:33:20.5885393Z   token: ***
2026-10-07T23:33:20.5886528Z   update-environment: true
2026-10-07T23:33:20.5887791Z   allow-prereleases: false
2026-10-07T23:33:20.5889025Z   freethreaded: false
2026-10-07T23:33:20.5890184Z ##[endgroup]
2026-10-07T23:33:20.7269352Z ##[group]Installed versions
2026-10-07T23:33:20.7356875Z Successfully set up CPython (3.13.15)
2026-10-07T23:33:20.7360404Z ##[endgroup]
2026-10-07T23:33:20.7766245Z ##[group]Run actions/download-artifact@37930b1c2abaa49bbe596cd826c3c89aef350131
2026-10-07T23:33:20.7769536Z with:
2026-10-07T23:33:20.7771303Z   name: mutation-pins
2026-10-07T23:33:20.7773670Z   path: /home/runner/work/_temp/mutation-pins
2026-10-07T23:33:20.7776165Z   merge-multiple: false
2026-10-07T23:33:20.7778304Z   repository: tvofi/heatpump_optimizer
2026-10-07T23:33:20.7780615Z   run-id: 37702280480
2026-10-07T23:33:20.7782513Z env:
2026-10-07T23:33:20.7785088Z   pythonLocation: /opt/hostedtoolcache/Python/3.13.15/x64
2026-10-07T23:33:20.7788724Z   PKG_CONFIG_PATH: /opt/hostedtoolcache/Python/3.13.15/x64/lib/pkgconfig
2026-10-07T23:33:20.7792185Z   Python_ROOT_DIR: /opt/hostedtoolcache/Python/3.13.15/x64
2026-10-07T23:33:20.7795600Z   Python2_ROOT_DIR: /opt/hostedtoolcache/Python/3.13.15/x64
2026-10-07T23:33:20.7798726Z   Python3_ROOT_DIR: /opt/hostedtoolcache/Python/3.13.15/x64
2026-10-07T23:33:20.7801866Z   LD_LIBRARY_PATH: /opt/hostedtoolcache/Python/3.13.15/x64/lib
2026-10-07T23:33:20.7804266Z ##[endgroup]
2026-10-07T23:33:20.9387543Z Downloading single artifact
2026-10-07T23:33:21.0246770Z Preparing to download the following artifacts:
2026-10-07T23:33:21.0251959Z - mutation-pins (ID: 11518281708, Size: 163, Expected Digest: sha256:cbb65dc2cb8e02d8ea0ed983411829e59a47235805b75239b5515e7ab23b3933)
2026-10-07T23:33:21.1658386Z Redirecting to blob download url: https://productionresultssa7.blob.core.windows.net/actions-results/1ce3d53e-0bf6-8465-a420-d03472dbce69/workflow-job-run-e0288be6-cf2f-57b6-96c3-51cb0b0ccf11/artifacts/a7e23c2f6948af35bfdc90e56eadc3b0ba823d55c0bc8c6bf03eedc3225fc7a9.zip
2026-10-07T23:33:21.1661160Z Starting download of artifact to: /home/runner/work/_temp/mutation-pins
2026-10-07T23:33:21.2105987Z (node:2413) [DEP0005] DeprecationWarning: Buffer() is deprecated due to security and usability issues. Please use the Buffer.alloc(), Buffer.allocUnsafe(), or Buffer.from() methods instead.
2026-10-07T23:33:21.2108081Z (Use `node --trace-deprecation ...` to show where the warning was created)
2026-10-07T23:33:21.2143679Z SHA256 digest of downloaded artifact is cbb65dc2cb8e02d8ea0ed983411829e59a47235805b75239b5515e7ab23b3933
2026-10-07T23:33:21.2144981Z Artifact download completed successfully.
2026-10-07T23:33:21.2145809Z Total of 1 artifact(s) downloaded
2026-10-07T23:33:21.2149890Z Download artifact has finished successfully
2026-10-07T23:33:21.2268292Z ##[group]Run export SUBJECT=$(git log -1 --pretty=%s)
2026-10-07T23:33:21.2268885Z export SUBJECT=$(git log -1 --pretty=%s)
2026-10-07T23:33:21.2269358Z python3 -I - <<'PY'
2026-10-07T23:33:21.2269744Z import os, sys
2026-10-07T23:33:21.2270134Z sys.path.append("tests")
2026-10-07T23:33:21.2270543Z import closure
2026-10-07T23:33:21.2270946Z allowed = closure.autofix_allowed(
2026-10-07T23:33:21.2271405Z     event_name=os.environ["EVENT_NAME"],
2026-10-07T23:33:21.2271915Z     closures_result=os.environ["MUTATION_RESULT"],
2026-10-07T23:33:21.2272408Z     head_repo=os.environ["HEAD_REPO"],
2026-10-07T23:33:21.2273470Z     repo=os.environ["REPO"],
2026-10-07T23:33:21.2273937Z     commit_subject=os.environ["SUBJECT"],
2026-10-07T23:33:21.2274439Z     loop_subject="ci: pin killed mutants",
2026-10-07T23:33:21.2274868Z )
2026-10-07T23:33:21.2275260Z print(f"allowed={allowed}")
2026-10-07T23:33:21.2275675Z if not allowed:
2026-10-07T23:33:21.2276069Z     status = "skip-not-allowed"
2026-10-07T23:33:21.2276476Z else:
2026-10-07T23:33:21.2276838Z     import subprocess, mutation_table
2026-10-07T23:33:21.2277428Z     head = subprocess.run(["git", "rev-parse", "HEAD"], capture_output=True,
2026-10-07T23:33:21.2278063Z                           text=True).stdout.strip()
2026-10-07T23:33:21.2278643Z     status = mutation_table.apply_pins(os.environ["PINS"], head)
2026-10-07T23:33:21.2279182Z print(f"AUTOFIX: {status}")
2026-10-07T23:33:21.2279684Z with open(os.environ["GITHUB_OUTPUT"], "a") as fh:
2026-10-07T23:33:21.2280199Z     fh.write(f"status={status}\n")
2026-10-07T23:33:21.2280620Z PY
2026-10-07T23:33:21.2354254Z shell: /usr/bin/bash -e {0}
2026-10-07T23:33:21.2354666Z env:
2026-10-07T23:33:21.2355116Z   pythonLocation: /opt/hostedtoolcache/Python/3.13.15/x64
2026-10-07T23:33:21.2355759Z   PKG_CONFIG_PATH: /opt/hostedtoolcache/Python/3.13.15/x64/lib/pkgconfig
2026-10-07T23:33:21.2356398Z   Python_ROOT_DIR: /opt/hostedtoolcache/Python/3.13.15/x64
2026-10-07T23:33:21.2356971Z   Python2_ROOT_DIR: /opt/hostedtoolcache/Python/3.13.15/x64
2026-10-07T23:33:21.2357554Z   Python3_ROOT_DIR: /opt/hostedtoolcache/Python/3.13.15/x64
2026-10-07T23:33:21.2358117Z   LD_LIBRARY_PATH: /opt/hostedtoolcache/Python/3.13.15/x64/lib
2026-10-07T23:33:21.2358604Z   EVENT_NAME: pull_request
2026-10-07T23:33:21.2358978Z   MUTATION_RESULT: failure
2026-10-07T23:33:21.2359377Z   HEAD_REPO: tvofi/heatpump_optimizer
2026-10-07T23:33:21.2359818Z   REPO: tvofi/heatpump_optimizer
2026-10-07T23:33:21.2360257Z   PINS: /home/runner/work/_temp/mutation-pins
2026-10-07T23:33:21.2360692Z ##[endgroup]
2026-10-07T23:33:22.3911961Z allowed=True
2026-10-07T23:33:22.3912847Z AUTOFIX: skip-no-measurement
2026-10-07T23:33:22.4133882Z ##[group]Run python3 -I "$RUNNER_TEMP/pinned/closure.py" autofix-report --job mutation-autofix \
2026-10-07T23:33:22.4134734Z python3 -I "$RUNNER_TEMP/pinned/closure.py" autofix-report --job mutation-autofix \
2026-10-07T23:33:22.4135334Z   --status "skip-no-measurement"
2026-10-07T23:33:22.4201832Z shell: /usr/bin/bash -e {0}
2026-10-07T23:33:22.4202177Z env:
2026-10-07T23:33:22.4202828Z   pythonLocation: /opt/hostedtoolcache/Python/3.13.15/x64
2026-10-07T23:33:22.4203419Z   PKG_CONFIG_PATH: /opt/hostedtoolcache/Python/3.13.15/x64/lib/pkgconfig
2026-10-07T23:33:22.4203972Z   Python_ROOT_DIR: /opt/hostedtoolcache/Python/3.13.15/x64
2026-10-07T23:33:22.4204461Z   Python2_ROOT_DIR: /opt/hostedtoolcache/Python/3.13.15/x64
2026-10-07T23:33:22.4204975Z   Python3_ROOT_DIR: /opt/hostedtoolcache/Python/3.13.15/x64
2026-10-07T23:33:22.4205478Z   LD_LIBRARY_PATH: /opt/hostedtoolcache/Python/3.13.15/x64/lib
2026-10-07T23:33:22.4205912Z ##[endgroup]
2026-10-07T23:33:22.4936492Z mutation-autofix: skip-no-measurement -- THE REPAIR DID NOT HAPPEN.
2026-10-07T23:33:22.4937565Z No commit will be pushed, so waiting for one waits forever. This is
2026-10-07T23:33:22.4938323Z the case `.cursor/rules/ci-autofix.mdc` already lists as a human
2026-10-07T23:33:22.4939027Z judgment call, and its rule against re-recording an UNDER-SCOPED
2026-10-07T23:33:22.4939778Z yourself does not apply once the bot has reported that it did not.
2026-10-07T23:33:22.4940491Z Pin the new sites yourself and commit tests/mutation_ledger/:
2026-10-07T23:33:22.4941230Z     python3 tests/mutation_table.py --pin-killed --base origin/main
2026-10-07T23:33:22.4941955Z A site no driver kills needs a killing check or a survivor_triage
2026-10-07T23:33:22.4943253Z verdict; no tool writes either.
2026-10-07T23:33:22.5025732Z ##[error]Process completed with exit code 1.
2026-10-07T23:33:22.5195468Z Post job cleanup.
2026-10-07T23:33:22.6075650Z [command]/usr/bin/git version
2026-10-07T23:33:22.6120954Z git version 2.55.0
2026-10-07T23:33:22.6165979Z Temporarily overriding HOME='/home/runner/work/_temp/9bd4612d-9c49-46ab-b3a7-810acf564542' before making global git config changes
2026-10-07T23:33:22.6167210Z Adding repository directory to the temporary git global config as a safe directory
2026-10-07T23:33:22.6171417Z [command]/usr/bin/git config --global --add safe.directory /home/runner/work/heatpump_optimizer/heatpump_optimizer
2026-10-07T23:33:22.6211422Z [command]/usr/bin/git config --local --name-only --get-regexp core\.sshCommand
2026-10-07T23:33:22.6248476Z [command]/usr/bin/git submodule foreach --recursive sh -c "git config --local --name-only --get-regexp 'core\.sshCommand' && git config --local --unset-all 'core.sshCommand' || :"
2026-10-07T23:33:22.6513143Z [command]/usr/bin/git config --local --name-only --get-regexp http\.https\:\/\/github\.com\/\.extraheader
2026-10-07T23:33:22.6554970Z [command]/usr/bin/git submodule foreach --recursive sh -c "git config --local --name-only --get-regexp 'http\.https\:\/\/github\.com\/\.extraheader' && git config --local --unset-all 'http.https://github.com/.extraheader' || :"
2026-10-07T23:33:22.6843488Z [command]/usr/bin/git config --local --name-only --get-regexp ^includeIf\.gitdir:
2026-10-07T23:33:22.6884504Z [command]/usr/bin/git submodule foreach --recursive git config --local --show-origin --name-only --get-regexp remote.origin.url
2026-10-07T23:33:22.7270599Z Cleaning up orphan processes
