H:  -> ALL 2074 ENTITY CHECKS PASSED
M1-guard: 1	1	tests/closure.py  -> 1 of 2074 ENTITY CHECKS FAILED
  FAIL a pinned classifier that disagrees with the closures job's UNDER-SCOPED reddens (#1846)  [{'defect': ('skip-not-under-scoped', True),
M3-quiet: 1	1	tests/closure.py  -> 1 of 2074 ENTITY CHECKS FAILED
  FAIL a pinned classifier that disagrees with the closures job's UNDER-SCOPED reddens (#1846)  [{'defect': ('skip-classifier-disagrees', Tr
M8-loose-predicate: 1	1	tests/closure.py  -> 1 of 2074 ENTITY CHECKS FAILED
  FAIL and stays quiet when the closures job printed no UNDER-SCOPED, or no check.txt exists (a46a91c null control)  [{'defect': ('skip-clas
M9-always-disagree: 1	1	tests/closure.py  -> 2 of 2074 ENTITY CHECKS FAILED
  FAIL and stays quiet when the closures job printed no UNDER-SCOPED, or no check.txt exists (a46a91c null control)  [{'defect': ('skip-clas
  FAIL every status the two apply functions return is classified here  [closures=['changed', 'skip-classifier-disagrees', 'skip-clean', 'ski
M2a-thisstep-pipefail: 1	1	.github/workflows/tests.yml  -> 1 of 2074 ENTITY CHECKS FAILED
  FAIL the closures job tees its check to check.txt beside the recordings  [without it closures-autofix cannot see that its pinned classifie
M2c-decoy-other-three: 3	3	.github/workflows/tests.yml  -> ALL 2074 ENTITY CHECKS PASSED
M2b-scoped-arm-tee: 1	1	.github/workflows/tests.yml  -> 1 of 2074 ENTITY CHECKS FAILED
  FAIL the closures job tees its check to check.txt beside the recordings  [without it closures-autofix cannot see that its pinned classifie
M6-pipefail-commented: 1	1	.github/workflows/tests.yml  -> 1 of 2074 ENTITY CHECKS FAILED
  FAIL the closures job tees its check to check.txt beside the recordings  [without it closures-autofix cannot see that its pinned classifie
M7-pipefail-after-fi: 1	1	.github/workflows/tests.yml  -> 1 of 2074 ENTITY CHECKS FAILED
  FAIL the closures job tees its check to check.txt beside the recordings  [without it closures-autofix cannot see that its pinned classifie
          # base's closure.py, and reddens where this one printed UNDER-SCOPED
          # and that one did not (#1846).
          if [ "$SCOPE_CASE" = "scoped" ]; then
            set -o pipefail
            python -u tests/closure.py check --in-dir "$RUNNER_TEMP/closures" --partial 2>&1 | tee "$RUNNER_TEMP/closures/check.txt"
          else
            python -u tests/closure.py check --in-dir "$RUNNER_TEMP/closures" 2>&1 | tee "$RUNNER_TEMP/closures/check.txt"
M10-pipefail-inside-then: 1	1	.github/workflows/tests.yml  -> 1 of 2074 ENTITY CHECKS FAILED
  FAIL the closures job tees its check to check.txt beside the recordings  [without it closures-autofix cannot see that its pinned classifie
M11-fixture-without-inert: 1	1	tests/entities.py  -> 2 of 2074 ENTITY CHECKS FAILED
  FAIL a pinned classifier that disagrees with the closures job's UNDER-SCOPED reddens (#1846)  [{'defect': ('changed', False), 'null': ('ch
  FAIL and stays quiet when the closures job printed no UNDER-SCOPED, or no check.txt exists (a46a91c null control)  [{'defect': ('changed',
ALLDONE
