31 mutable lines among 246 added lines
KILLED   L2044: if t == "script" and _site_external(a.get("src") or ""): -> in_tree_failures=1 anchor:RED untracked-link:RED
KILLED   L2045: out.append(("script", f"external script: {a['src']}")) -> in_tree_failures=1 anchor:RED untracked-link:RED
KILLED   L2046: elif t == "link" and _site_external(a.get("href") or ""): -> in_tree_failures=4 anchor:RED untracked-link:RED
KILLED   L2049: if rel & names: -> in_tree_failures=4 anchor:RED untracked-link:RED
KILLED   L2050: out.append((label, f"third-party <link rel={a.get('rel')}>: {a['href']}")) -> in_tree_failures=4 anchor:RED untracked-link:RED
KILLED   L2051: elif t == "iframe" and _site_external(a.get("src") or ""): -> in_tree_failures=2 anchor:RED untracked-link:RED
KILLED   L2052: out.append(("iframe", f"third-party <iframe>: {a['src']}")) -> in_tree_failures=2 anchor:RED untracked-link:RED
KILLED   L2062: if t in ("img", "source") and _site_external(a.get("src") or a.get("srcset") or  -> in_tree_failures=1 anchor:RED untracked-link:RED
KILLED   L2063: out.append(("third-party", f"third-party image: {a.get('src') or a.get('srcset') -> in_tree_failures=1 anchor:RED untracked-link:RED
KILLED   L2173: if pages is not None and t == "a" and re.fullmatch(r"[\w.-]+\.html(#.*)?", href) -> in_tree_failures=1 anchor:RED untracked-link:RED
KILLED   L2175: if href.split("#")[0] not in {*pages.values(), "index.html"}: -> in_tree_failures=1 anchor:RED untracked-link:RED
KILLED   L2176: errs.append(("subpage", f"link to {href}: not a page the docs build produces")) -> in_tree_failures=1 anchor:RED untracked-link:RED
KILLED   L2178: if pages is not None: -> in_tree_failures=1 anchor:RED untracked-link:RED
KILLED   L2181: if doc in pages and (a.get("href") or "").split("#")[0] != pages[doc]: -> in_tree_failures=1 anchor:RED untracked-link:RED
KILLED   L2182: errs.append(("subpage", f"docs card {doc} links {a.get('href')!r}, not its page  -> in_tree_failures=1 anchor:RED untracked-link:RED
KILLED   L2245: if key in _BUILD_CACHE: -> in_tree_failures=1 anchor:RED untracked-link:RED
KILLED   L2248: if not SITE_BUILD.is_file(): -> in_tree_failures=1 anchor:RED untracked-link:RED
KILLED   L2249: res["fails"] = [f"{str(SITE_BUILD).removeprefix(str(ROOT) + os.sep)} does not ex -> in_tree_failures=1 anchor:RED untracked-link:RED
KILLED   L2253: if tree.returncode != 0 or not tree.stdout.strip(): -> in_tree_failures=1 anchor:RED untracked-link:RED
KILLED   L2254: res["fails"] = [f"git ls-files failed in {root}: {tree.stderr.strip()[:120]}"] -> in_tree_failures=1 anchor:RED untracked-link:RED
KILLED   L2262: res["fails"] = [l[5:] for l in lines if l.startswith("FAIL ")] -> in_tree_failures=1 anchor:RED untracked-link:RED
KILLED   L2264: if r.returncode != 0 and not res["fails"]: -> in_tree_failures=1 anchor:RED untracked-link:RED
KILLED   L2265: res["fails"] = [f"build exited {r.returncode} with no FAIL line: {r.stderr.strip -> in_tree_failures=1 anchor:RED untracked-link:RED
KILLED   L2267: if man.is_file(): -> in_tree_failures=12 anchor:RED untracked-link:RED
KILLED   L2286: if not re.fullmatch(r"\d+\.\d+\.\d+", want): -> in_tree_failures=1 anchor:RED untracked-link:RED
KILLED   L2287: out.append(f"mermaid is {want!r} in package.json, not one exact version") -> in_tree_failures=1 anchor:RED untracked-link:RED
KILLED   L2288: if want != have: -> in_tree_failures=1 anchor:RED untracked-link:RED
KILLED   L2289: out.append(f"package.json pins mermaid {want!r} but the lockfile resolves {have! -> in_tree_failures=1 anchor:RED untracked-link:RED
SURVIVED L2339: if kind == "third-party": -> in_tree_failures=0 anchor:RED untracked-link:RED
KILLED   L2358: if readme: -> in_tree_failures=2 anchor:RED untracked-link:RED
KILLED   L2363: if git: -> in_tree_failures=3 anchor:RED untracked-link:RED
SURVIVORS: 1
