2026-10-07T12:04:27.1636750Z Current runner version: '2.337.0'
2026-10-07T12:04:27.1655506Z ##[group]Runner Image Provisioner
2026-10-07T12:04:27.1656141Z Hosted Compute Agent
2026-10-07T12:04:27.1656490Z Version: 20260901.588
2026-10-07T12:04:27.1656892Z Commit: f88ec8081b781fac6c440065ac7ff9e710ce3d0b
2026-10-07T12:04:27.1657388Z Build Date: 2026-09-01T19:56:44Z
2026-10-07T12:04:27.1657779Z Worker ID: {5ac0fe8c-8731-490c-b5b2-991d20419ad0}
2026-10-07T12:04:27.1658249Z Azure Region: centralus
2026-10-07T12:04:27.1658795Z ##[endgroup]
2026-10-07T12:04:27.1659598Z ##[group]Operating System
2026-10-07T12:04:27.1659968Z Ubuntu
2026-10-07T12:04:27.1660359Z 24.04.5
2026-10-07T12:04:27.1660704Z LTS
2026-10-07T12:04:27.1661011Z ##[endgroup]
2026-10-07T12:04:27.1661332Z ##[group]Runner Image
2026-10-07T12:04:27.1661796Z Image: ubuntu-24.04
2026-10-07T12:04:27.1662135Z Version: 20260927.320.1
2026-10-07T12:04:27.1662928Z Included Software: https://github.com/actions/runner-images/blob/ubuntu24/20260927.320/images/ubuntu/Ubuntu2404-Readme.md
2026-10-07T12:04:27.1663809Z Image Release: https://github.com/actions/runner-images/releases/tag/ubuntu24%2F20260927.320
2026-10-07T12:04:27.1664392Z ##[endgroup]
2026-10-07T12:04:27.1665061Z ##[group]GITHUB_TOKEN Permissions
2026-10-07T12:04:27.1666300Z Actions: read
2026-10-07T12:04:27.1666635Z Contents: read
2026-10-07T12:04:27.1667018Z Metadata: read
2026-10-07T12:04:27.1667384Z ##[endgroup]
2026-10-07T12:04:27.1669122Z Secret source: Actions
2026-10-07T12:04:27.1669751Z Cache mode: write
2026-10-07T12:04:27.1670170Z Prepare workflow directory
2026-10-07T12:04:27.1945609Z Prepare all required actions
2026-10-07T12:04:27.1980935Z Getting action download info
2026-10-07T12:04:27.4083600Z Download action repository 'actions/checkout@fbc6f3992d24b796d5a048ff273f7fcc4a7b6c09' (SHA:fbc6f3992d24b796d5a048ff273f7fcc4a7b6c09)
2026-10-07T12:04:27.5403147Z Download action repository 'actions/setup-python@ece7cb06caefa5fff74198d8649806c4678c61a1' (SHA:ece7cb06caefa5fff74198d8649806c4678c61a1)
2026-10-07T12:04:27.7260513Z Complete job name: nightly-status
2026-10-07T12:04:27.7814843Z ##[group]Run actions/checkout@fbc6f3992d24b796d5a048ff273f7fcc4a7b6c09
2026-10-07T12:04:27.7815395Z with:
2026-10-07T12:04:27.7815681Z   repository: tvofi/heatpump_optimizer
2026-10-07T12:04:27.7817759Z   token: ***
2026-10-07T12:04:27.7818032Z   ssh-strict: true
2026-10-07T12:04:27.7818310Z   ssh-user: git
2026-10-07T12:04:27.7818777Z   persist-credentials: true
2026-10-07T12:04:27.7819081Z   clean: true
2026-10-07T12:04:27.7819363Z   sparse-checkout-cone-mode: true
2026-10-07T12:04:27.7819741Z   fetch-depth: 1
2026-10-07T12:04:27.7820019Z   fetch-tags: false
2026-10-07T12:04:27.7820305Z   show-progress: true
2026-10-07T12:04:27.7820586Z   lfs: false
2026-10-07T12:04:27.7820856Z   submodules: false
2026-10-07T12:04:27.7821143Z   set-safe-directory: true
2026-10-07T12:04:27.7821461Z   allow-unsafe-pr-checkout: false
2026-10-07T12:04:27.7821861Z ##[endgroup]
2026-10-07T12:04:27.8506172Z Syncing repository: tvofi/heatpump_optimizer
2026-10-07T12:04:27.8507910Z ##[group]Getting Git version info
2026-10-07T12:04:27.8508738Z Working directory is '/home/runner/work/heatpump_optimizer/heatpump_optimizer'
2026-10-07T12:04:27.8509739Z [command]/usr/bin/git version
2026-10-07T12:04:27.8574391Z git version 2.55.0
2026-10-07T12:04:27.8589060Z ##[endgroup]
2026-10-07T12:04:27.8599209Z Temporarily overriding HOME='/home/runner/work/_temp/af68802f-7a23-4f5f-9979-709729a645ef' before making global git config changes
2026-10-07T12:04:27.8600405Z Adding repository directory to the temporary git global config as a safe directory
2026-10-07T12:04:27.8602780Z [command]/usr/bin/git config --global --add safe.directory /home/runner/work/heatpump_optimizer/heatpump_optimizer
2026-10-07T12:04:27.8661522Z Deleting the contents of '/home/runner/work/heatpump_optimizer/heatpump_optimizer'
2026-10-07T12:04:27.8662634Z ##[group]Initializing the repository
2026-10-07T12:04:27.8663247Z [command]/usr/bin/git init /home/runner/work/heatpump_optimizer/heatpump_optimizer
2026-10-07T12:04:27.8745903Z hint: Using 'master' as the name for the initial branch. This default branch name
2026-10-07T12:04:27.8746884Z hint: will change to "main" in Git 3.0. To configure the initial branch name
2026-10-07T12:04:27.8749231Z hint: to use in all of your new repositories, which will suppress this warning,
2026-10-07T12:04:27.8750236Z hint: call:
2026-10-07T12:04:27.8750575Z hint:
2026-10-07T12:04:27.8751051Z hint: 	git config --global init.defaultBranch <name>
2026-10-07T12:04:27.8751564Z hint:
2026-10-07T12:04:27.8752054Z hint: Names commonly chosen instead of 'master' are 'main', 'trunk' and
2026-10-07T12:04:27.8752868Z hint: 'development'. The just-created branch can be renamed via this command:
2026-10-07T12:04:27.8753506Z hint:
2026-10-07T12:04:27.8753854Z hint: 	git branch -m <name>
2026-10-07T12:04:27.8754246Z hint:
2026-10-07T12:04:27.8754776Z hint: Disable this message with "git config set advice.defaultBranchName false"
2026-10-07T12:04:27.8755764Z Initialized empty Git repository in /home/runner/work/heatpump_optimizer/heatpump_optimizer/.git/
2026-10-07T12:04:27.8757400Z [command]/usr/bin/git remote add origin https://github.com/tvofi/heatpump_optimizer
2026-10-07T12:04:27.8808724Z ##[endgroup]
2026-10-07T12:04:27.8809336Z ##[group]Disabling automatic garbage collection
2026-10-07T12:04:27.8812009Z [command]/usr/bin/git config --local gc.auto 0
2026-10-07T12:04:27.8845549Z ##[endgroup]
2026-10-07T12:04:27.8846011Z ##[group]Setting up auth
2026-10-07T12:04:27.8852679Z [command]/usr/bin/git config --local --name-only --get-regexp core\.sshCommand
2026-10-07T12:04:27.8892641Z [command]/usr/bin/git submodule foreach --recursive sh -c "git config --local --name-only --get-regexp 'core\.sshCommand' && git config --local --unset-all 'core.sshCommand' || :"
2026-10-07T12:04:27.9199358Z [command]/usr/bin/git config --local --name-only --get-regexp http\.https\:\/\/github\.com\/\.extraheader
2026-10-07T12:04:27.9229634Z [command]/usr/bin/git submodule foreach --recursive sh -c "git config --local --name-only --get-regexp 'http\.https\:\/\/github\.com\/\.extraheader' && git config --local --unset-all 'http.https://github.com/.extraheader' || :"
2026-10-07T12:04:27.9403703Z [command]/usr/bin/git config --local --name-only --get-regexp ^includeIf\.gitdir:
2026-10-07T12:04:27.9432091Z [command]/usr/bin/git submodule foreach --recursive git config --local --show-origin --name-only --get-regexp remote.origin.url
2026-10-07T12:04:27.9610132Z [command]/usr/bin/git config --local http.https://github.com/.extraheader AUTHORIZATION: basic ***
2026-10-07T12:04:27.9644083Z ##[endgroup]
2026-10-07T12:04:27.9644617Z ##[group]Fetching the repository
2026-10-07T12:04:27.9650942Z [command]/usr/bin/git -c protocol.version=2 fetch --no-tags --prune --no-recurse-submodules --depth=1 origin +9df29af919563a2b4b15a4fd94e15d280c75559e:refs/remotes/pull/2018/merge
2026-10-07T12:04:29.8702642Z From https://github.com/tvofi/heatpump_optimizer
2026-10-07T12:04:29.8704264Z  * [new ref]         9df29af919563a2b4b15a4fd94e15d280c75559e -> pull/2018/merge
2026-10-07T12:04:29.8707263Z ##[endgroup]
2026-10-07T12:04:29.8708254Z ##[group]Determining the checkout info
2026-10-07T12:04:29.8709605Z ##[endgroup]
2026-10-07T12:04:29.8745206Z [command]/usr/bin/git sparse-checkout disable
2026-10-07T12:04:29.8790048Z [command]/usr/bin/git config --local --unset-all extensions.worktreeConfig
2026-10-07T12:04:29.8816060Z ##[group]Checking out the ref
2026-10-07T12:04:29.8817362Z [command]/usr/bin/git checkout --progress --force refs/remotes/pull/2018/merge
2026-10-07T12:04:30.2073777Z Note: switching to 'refs/remotes/pull/2018/merge'.
2026-10-07T12:04:30.2074912Z 
2026-10-07T12:04:30.2075130Z You are in 'detached HEAD' state. You can look around, make experimental
2026-10-07T12:04:30.2075457Z changes and commit them, and you can discard any commits you make in this
2026-10-07T12:04:30.2075771Z state without impacting any branches by switching back to a branch.
2026-10-07T12:04:30.2075963Z 
2026-10-07T12:04:30.2076114Z If you want to create a new branch to retain commits you create, you may
2026-10-07T12:04:30.2076720Z do so (now or later) by using -c with the switch command. Example:
2026-10-07T12:04:30.2076870Z 
2026-10-07T12:04:30.2076961Z   git switch -c <new-branch-name>
2026-10-07T12:04:30.2077080Z 
2026-10-07T12:04:30.2077163Z Or undo this operation with:
2026-10-07T12:04:30.2077265Z 
2026-10-07T12:04:30.2077329Z   git switch -
2026-10-07T12:04:30.2077444Z 
2026-10-07T12:04:30.2077671Z Turn off this advice by setting config variable advice.detachedHead to false
2026-10-07T12:04:30.2077841Z 
2026-10-07T12:04:30.2078064Z HEAD is now at 9df29af Merge 7e197a6fd2af676203ee5ed30fc97f8214c2de87 into f060cb4cf8eabaad98ee7b04947c1edda6599c32
2026-10-07T12:04:30.2092391Z ##[endgroup]
2026-10-07T12:04:30.2132114Z [command]/usr/bin/git log -1 --format=%H
2026-10-07T12:04:30.2153875Z 9df29af919563a2b4b15a4fd94e15d280c75559e
2026-10-07T12:04:30.2352045Z ##[group]Run actions/setup-python@ece7cb06caefa5fff74198d8649806c4678c61a1
2026-10-07T12:04:30.2352299Z with:
2026-10-07T12:04:30.2352466Z   python-version: 3.13
2026-10-07T12:04:30.2408727Z   check-latest: false
2026-10-07T12:04:30.2410998Z   token: ***
2026-10-07T12:04:30.2411220Z   update-environment: true
2026-10-07T12:04:30.2411494Z   allow-prereleases: false
2026-10-07T12:04:30.2411751Z   freethreaded: false
2026-10-07T12:04:30.2411981Z ##[endgroup]
2026-10-07T12:04:30.3230869Z ##[group]Installed versions
2026-10-07T12:04:30.3286536Z Successfully set up CPython (3.13.15)
2026-10-07T12:04:30.3287126Z ##[endgroup]
2026-10-07T12:04:30.3481630Z ##[group]Run set -euo pipefail
2026-10-07T12:04:30.3483275Z [36;1mset -euo pipefail[0m
2026-10-07T12:04:30.3485148Z [36;1mgit cat-file -e "$PINNED^{commit}" 2>/dev/null || git fetch -q --no-tags --depth=1 origin "$PINNED"[0m
2026-10-07T12:04:30.3485703Z [36;1mgit checkout "$PINNED" -- \[0m
2026-10-07T12:04:30.3487319Z [36;1m  'tests/nightly_status.py'[0m
2026-10-07T12:04:30.3489032Z [36;1mtest "$(git hash-object tests/nightly_status.py)" = "$(git rev-parse "$PINNED:tests/nightly_status.py")"[0m
2026-10-07T12:04:30.3490758Z [36;1mpython -I -S tests/nightly_status.py[0m
2026-10-07T12:04:30.3787626Z shell: /usr/bin/bash -e {0}
2026-10-07T12:04:30.3787857Z env:
2026-10-07T12:04:30.3788058Z   pythonLocation: /opt/hostedtoolcache/Python/3.13.15/x64
2026-10-07T12:04:30.3788349Z   PKG_CONFIG_PATH: /opt/hostedtoolcache/Python/3.13.15/x64/lib/pkgconfig
2026-10-07T12:04:30.3788764Z   Python_ROOT_DIR: /opt/hostedtoolcache/Python/3.13.15/x64
2026-10-07T12:04:30.3789057Z   Python2_ROOT_DIR: /opt/hostedtoolcache/Python/3.13.15/x64
2026-10-07T12:04:30.3789298Z   Python3_ROOT_DIR: /opt/hostedtoolcache/Python/3.13.15/x64
2026-10-07T12:04:30.3789537Z   LD_LIBRARY_PATH: /opt/hostedtoolcache/Python/3.13.15/x64/lib
2026-10-07T12:04:30.3791048Z   GITHUB_TOKEN: ***
2026-10-07T12:04:30.3791225Z   PINNED: f060cb4cf8eabaad98ee7b04947c1edda6599c32
2026-10-07T12:04:30.3791433Z ##[endgroup]
2026-10-07T12:04:33.9446215Z NIGHTLY FAILED: mutation-ledger, mutation-nightly, record-autofix failed last night.
2026-10-07T12:04:33.9448233Z   scheduled run 37595831734, 2026-10-07T08:44:51+00:00, head be0cb82, run conclusion 'failure'
2026-10-07T12:04:33.9449906Z   https://github.com/tvofi/heatpump_optimizer/actions/runs/37595831734
2026-10-07T12:04:33.9450198Z   failing jobs:
2026-10-07T12:04:33.9450534Z     mutation-ledger  failure  https://github.com/tvofi/heatpump_optimizer/actions/runs/37595831734/job/112708109541
2026-10-07T12:04:33.9452111Z     mutation-nightly  failure  https://github.com/tvofi/heatpump_optimizer/actions/runs/37595831734/job/112708109605
2026-10-07T12:04:33.9452532Z     record-autofix  failure  https://github.com/tvofi/heatpump_optimizer/actions/runs/37595831734/job/112708108856
2026-10-07T12:04:33.9452759Z 
2026-10-07T12:04:33.9454220Z This check is NOT one of the required contexts on `main-protect`; a red here does not block a merge. The nightly lanes can fail for reasons outside this repository (a registry outage, a Home Assistant release), which is why they are unrequired and why this must stay unrequired too.
2026-10-07T12:04:33.9456366Z 
2026-10-07T12:04:33.9456588Z A red here is owed a fix and a PROOF, not an explanation. Fix the lane, then verify it on the default branch:
2026-10-07T12:04:33.9456933Z     gh workflow run tests.yml --ref main
2026-10-07T12:04:33.9460638Z and name that run id under `## Red checks` in your pull-request body. A concluded dispatch on the default branch is read as the nightly here, so the check goes green on the fix rather than on the next cron.
2026-10-07T12:04:33.9461422Z If the cause is outside this repository, that is a legitimate answer and it is recorded the same way: name the cause and who owns it, in the body. What is refused is a red nobody answered.
2026-10-07T12:04:33.9644506Z ##[error]Process completed with exit code 1.
2026-10-07T12:04:33.9753911Z Post job cleanup.
2026-10-07T12:04:34.0334960Z [command]/usr/bin/git version
2026-10-07T12:04:34.0366687Z git version 2.55.0
2026-10-07T12:04:34.0390032Z Temporarily overriding HOME='/home/runner/work/_temp/d5e4f77e-fa11-4c8c-89f2-ffe2c47bdbbe' before making global git config changes
2026-10-07T12:04:34.0390896Z Adding repository directory to the temporary git global config as a safe directory
2026-10-07T12:04:34.0393350Z [command]/usr/bin/git config --global --add safe.directory /home/runner/work/heatpump_optimizer/heatpump_optimizer
2026-10-07T12:04:34.0425294Z [command]/usr/bin/git config --local --name-only --get-regexp core\.sshCommand
2026-10-07T12:04:34.0479724Z [command]/usr/bin/git submodule foreach --recursive sh -c "git config --local --name-only --get-regexp 'core\.sshCommand' && git config --local --unset-all 'core.sshCommand' || :"
2026-10-07T12:04:34.0665478Z [command]/usr/bin/git config --local --name-only --get-regexp http\.https\:\/\/github\.com\/\.extraheader
2026-10-07T12:04:34.0686796Z http.https://github.com/.extraheader
2026-10-07T12:04:34.0697146Z [command]/usr/bin/git config --local --unset-all http.https://github.com/.extraheader
2026-10-07T12:04:34.0730395Z [command]/usr/bin/git submodule foreach --recursive sh -c "git config --local --name-only --get-regexp 'http\.https\:\/\/github\.com\/\.extraheader' && git config --local --unset-all 'http.https://github.com/.extraheader' || :"
2026-10-07T12:04:34.0938824Z [command]/usr/bin/git config --local --name-only --get-regexp ^includeIf\.gitdir:
2026-10-07T12:04:34.0975788Z [command]/usr/bin/git submodule foreach --recursive git config --local --show-origin --name-only --get-regexp remote.origin.url
2026-10-07T12:04:34.1270910Z Cleaning up orphan processes
