Manual hot water plan could not be made safe in 3 rounds; releasing every forced-off slot on that channel and planning it freely
Manual space plan could not be made safe in 3 rounds; releasing every forced-off slot on that channel and planning it freely
Unexpected error fetching prices: no HTTP session available in the test stub
Traceback (most recent call last):
  File "/Users/timmalmstrom/hpo-seats/r9c-rev-1987-r2/custom_components/heatpump_optimizer/coordinator.py", line 6524, in _fetch_tibber_prices
    else async_get_clientsession(hass)
         ^^^^^^^^^^^^^^^^^^^^^^^^^^^^^
  File "/Users/timmalmstrom/hpo-seats/r9c-rev-1987-r2/tests/hastub/homeassistant/helpers/aiohttp_client.py", line 5, in async_get_clientsession
    raise RuntimeError("no HTTP session available in the test stub")
RuntimeError: no HTTP session available in the test stub
Error fetching heatpump_optimizer data: Unexpected error fetching prices: no HTTP session available in the test stub
Unexpected error fetching prices: no HTTP session available in the test stub
Traceback (most recent call last):
  File "/Users/timmalmstrom/hpo-seats/r9c-rev-1987-r2/custom_components/heatpump_optimizer/coordinator.py", line 6524, in _fetch_tibber_prices
    else async_get_clientsession(hass)
         ^^^^^^^^^^^^^^^^^^^^^^^^^^^^^
  File "/Users/timmalmstrom/hpo-seats/r9c-rev-1987-r2/tests/hastub/homeassistant/helpers/aiohttp_client.py", line 5, in async_get_clientsession
    raise RuntimeError("no HTTP session available in the test stub")
RuntimeError: no HTTP session available in the test stub
Error fetching heatpump_optimizer data: Unexpected error fetching prices: no HTTP session available in the test stub
Unexpected error fetching prices: no HTTP session available in the test stub
Traceback (most recent call last):
  File "/Users/timmalmstrom/hpo-seats/r9c-rev-1987-r2/custom_components/heatpump_optimizer/coordinator.py", line 6524, in _fetch_tibber_prices
    else async_get_clientsession(hass)
         ^^^^^^^^^^^^^^^^^^^^^^^^^^^^^
  File "/Users/timmalmstrom/hpo-seats/r9c-rev-1987-r2/tests/hastub/homeassistant/helpers/aiohttp_client.py", line 5, in async_get_clientsession
    raise RuntimeError("no HTTP session available in the test stub")
RuntimeError: no HTTP session available in the test stub
Error fetching heatpump_optimizer data: Unexpected error fetching prices: no HTTP session available in the test stub
Discarding unreadable stored manual plan: 'str' object has no attribute 'get'
Discarding unreadable stored manual plan: 'int' object has no attribute 'get'
No forecast data returned for weather.home. Plans continue on the last forecast, marked stale.

=== Manual plan override ===

-- Slot parsing and validation
  ok   omitted channel stays None (fully automatic)
  ok   explicit empty list stays [] (off for the whole period)
  ok   slots are sorted by start time
  ok   rejects end == start
  ok   rejects end < start
  ok   rejects overlapping slots
  ok   rejects unparseable datetime
  ok   rejects a non-object slot
  ok   rejects expires_at in the past
  ok   ManualPlanError is a ValueError

-- Channel pin semantics
  ok   omitted channel yields no pins
  ok   supplied channel yields a pin array
  ok   pins on inside the slot
  ok   pins off outside the slot but before expiry
  ok   free at and beyond expiry
  ok   pinned_step_count counts the on steps
  ok   empty list forces off up to expiry
  ok   empty list still frees steps past expiry
  ok   a slot starting mid-step pins the step it lands in ON
  ok   and the partially covered trailing step stays ON too

-- Serialisation round-trip
  ok   space channel empty-list survives the round-trip
  ok   dhw channel slots survive the round-trip
  ok   expiry survives the round-trip
  ok   from_dict rejects a missing expiry

-- Pins change the solved schedule
  ok   forcing space on adds a run the optimizer skipped
  ok   a manual-on step is labelled manual_plan
  ok   the override is flagged active
  ok   forcing hot water on adds a DHW run
  ok   a manual DHW step is labelled manual_plan
  ok   the summer plan has several runs, so the last one is a real choice
  ok   forcing hot water off removes a run when safe
  ok   a safe forced-off step is not released

-- A quiet Off window outranks a force-on pin (#1910)
  ok   an Off mask shorter than the horizon is padded off-free to its length
  ok   an Off mask is OR'd into the steps pins already forced off
  ok   a force-on hot-water pin inside an Off window plans nothing in its steps

-- An Off window plans the anti-legionella cycle outside itself (#1910)
  ok   with no Off window the overdue cycle is at step 1 and the tank reaches 60 C
  ok   an Off window covering the placed step plans the cycle outside it
  ok   an Off window elsewhere leaves the cycle at step 1 and buys no hot water inside it
  ok   an Off window on the deadline's cheap hour plans the cycle elsewhere
  ok   an elastic cycle shops the hour outside an Off window

-- Legionella placement when the slice is entirely off (#1910)
  ok   a slice the Off window covers entirely is bought at the next free step
  ok   no free step left places no anti-legionella cycle
  ok   no Off window charges every step of the reach
  ok   an Off step contributes nothing to the reach

-- Quiet-window arms the solve does not reach (#1910)
  ok   a negative horizon is no actions, not an error
  ok   a zero horizon is no actions
  ok   an unreadable spec is no actions
  ok   a non-string control and a switch control are domain verdicts
  ok   a power entity with no state is no reading
  ok   a zero power reading is no reading
  ok   an unrecognised power unit is no reading
  ok   no state callable and a non-positive nameplate measure nothing
  ok   a non-string power entity id is not read
  ok   a zero hertz reading measures nothing
  ok   a frequency entity whose range max is zero measures nothing
  ok   a non-positive nameplate has no silent cap, and fraction 1.0 caps nothing
  ok   a measured figure below the floor is raised to the floor
  ok   the configured fraction is the cap when nothing is measured
  ok   a measured ceiling equal to nameplate does not install a cap array
  ok   fraction 1.0 resolves the rows and installs no cap
  ok   a window the horizon never reaches leaves the caller's cap alone
  ok   a silent cap is the elementwise minimum with the caller's extra cap
  ok   a what-if fraction off the default is folded into the config
  ok   a what-if spec key is folded and an absent one is not
  ok   two empty specs parse as nothing; one empty spec does not drop the other
  ok   windows that only touch at an endpoint do not overlap, from either side
  ok   an off window overlapping a silent window is refused even with no hot water
  ok   an off window overlapping hot water is refused
  ok   a weekly quiet spec keeps its day selector through canonicalisation
  ok   absent quiet specs canonicalise to nothing, and a present one round-trips
  ok   a service call whose off window overlaps hot water is refused
  ok   an Off mask with no other cap still zeroes exactly its own space steps
  ok   the plan sensor publishes the not-enforced marker and the resolved actions
  ok   configured_specs returns the stored rows and the not-enforced marker
  ok   the monthly peak sensor publishes the tariff fields it was given
  ok   the default silent fraction is the unset value the fold compares against

-- Safety release fires only when a hard floor binds
  ok   forcing space off in the cold releases pins for the comfort floor
  ok   released space steps actually run again
  ok   forcing space off when it is not needed releases nothing
  ok   forcing hot water off with a low tank releases pins
  ok   a due legionella cycle is released when forced off
  ok   forcing hot water off when the tank is hot releases nothing

-- A timezone-less expiry is handled, not crashed on
  ok   a naive expiry does not raise TypeError
  ok   the stored expiry is comparable with the parsed slots
  ok   and the override can still be applied to the horizon
  ok   a naive expiry in the past is rejected as a plan error

-- Abandoning an unsafe plan does not discard the safe channel
  ok   the breaching channel is abandoned
  ok   the channel that was never unsafe keeps its pins
  ok   so the space plan the user asked for still holds

-- A released pin is never reported without being planned around
  ok   a plan that never converges still terminates
  ok   giving up releases every forced-off slot
  ok   the abandoned plan is as warm as planning freely
  ok   and it heats about as much as planning freely

-- No override leaves behaviour unchanged
  ok   winter_dhw: passing no pins is byte-for-byte identical
  ok   winter_dhw: no pins means the override is inactive
  ok   summer: passing no pins is byte-for-byte identical
  ok   summer: no pins means the override is inactive
  ok   no_dhw: passing no pins is byte-for-byte identical
  ok   no_dhw: no pins means the override is inactive

-- Coordinator wiring, persistence and expiry
  ok   apply reports the pinned DHW step count
  ok   a slot late in the horizon is still counted
  ok   a slot past the window pins nothing, rather than pretending to
  ok   the manual-plan window is shorter than the optimisation horizon
  ok   an omitted channel produces no pins
  ok   a supplied channel produces aligned pins
  ok   the coordinator exposes the active override to the sensors
  ok   an override survives a restart within the day
  ok   an already-expired override is discarded on restore
  ok   an expired override yields no pins
  ok   an expired override is dropped from the coordinator
  ok   a rejected apply leaves the existing override intact
  ok   a stored list payload is discarded, not raised
  ok   a stored str payload is discarded, not raised
  ok   a stored int payload is discarded, not raised
  ok   the data dict omits manual_plan when none is active

-- #774 — reload handover expiry
  ok   unload keeps the published payload object identity
  ok   unload stamps the handover
  ok   a stamp inside one interval is handed over
  ok   take always pops the handover
  ok   a seven-day stamp is dropped
  ok   a one-minute stamp is still handed over
  ok   an unstamped leftover is dropped
  ok   async_remove_entry clears the leftover handover
  ok   setup does not hand an expired plan to the first refresh
  ok   setup's first refresh publishes the one-minute plan, by identity

-- #774 — handover republish ages
  ok   republish keeps the payload object so the features.py identity pin holds
  ok   republish recomputes plan_age_minutes from last_optimization
  ok   republish recomputes plan_stale from the live age
  ok   a just-solved handover still publishes age 0.0 (null control)

ALL 129 manual plan checks PASSED
