quiet_windows loaded True
modules ['heatpump_optimizer.quiet_windows']
cold_lease bound True
floor 15.0 + 0.3 = 15.3
COLD_RAIL_C -10.0
BLOCK_HOURS 2 lead 2:00:00
OK  due 1h got= anti-legionella cycle is due want= anti-legionella cycle is due
OK  overdue -2h got= anti-legionella cycle is due want= anti-legionella cycle is due
OK  exactly horizon got= None want= None
OK  beyond horizon got= None want= None
OK  space ignores legionella got= None want= None
OK  disinfection got= disinfection is running want= disinfection is running
OK  disinfection does not release space got= None want= None
OK  tank at min inside 00:00-23:59 at 12:00 got= the tank is at its minimum inside a demand window want= the tank is at its minimum inside a demand window
OK  tank at min outside 00:00-01:00 at 12:00 got= None want= None
OK  same closed window at 00:30 does release got= the tank is at its minimum inside a demand window want= the tank is at its minimum inside a demand window
OK  tank above min inside window got= None want= None
OK  room at floor got= the room is at the safety floor want= the room is at the safety floor
OK  room above floor got= None want= None
OK  room floor does not release DHW got= None want= None
OK  cold rail room 18 plan 21 outdoor -11 got= the house is below its plan while it is cold outside want= the house is below its plan while it is cold outside
OK  cold outdoor room at plan got= None want= None
OK  outdoor exactly at rail got= None want= None
OK  outdoor just below rail got= the house is below its plan while it is cold outside want= the house is below its plan while it is cold outside
OK  missing room below rail got= the house is below its plan while it is cold outside want= the house is below its plan while it is cold outside
OK  cold lease does not release DHW got= None want= None
OK  sysid got= a measurement experiment is running want= a measurement experiment is running
OK  sysid also DHW got= a measurement experiment is running want= a measurement experiment is running
OK  stale got= the plan is stale want= the plan is stale
OK  stale also space got= the plan is stale want= the plan is stale
OK  no snap got= None want= None
OK  no block identity got= {'power': 1.2, 'dhw_power': 0.4, 'dhw_heating_active': True, 'heat_pump_on': True, 'mode': 'normal', 'power_normalized': 0.3} want= {'power': 1.2, 'dhw_power': 0.4, 'dhw_heating_active': True, 'heat_pump_on': True, 'mode': 'normal', 'power_normalized': 0.3}
OK  space power zero got= 0.0 want= 0.0
OK  supply stays on got= True want= True
OK  dhw left got= 0.4 want= 0.4
OK  dhw power zero got= 0.0 want= 0.0
OK  dhw flag false got= False want= False
OK  space left under dhw block got= 1.2 want= 1.2
PROBE 32 of 32
