reviewer_null_probe RESULT fixed_speed_6_duty_folded=6/15
reviewer_null_probe RESULT fixed_speed_9_duty_folded=6/15
reviewer_null_probe RESULT mod_2to6_duty_folded=6/15
reviewer_null_probe RESULT mod_2to6_running_folded=9/9
reviewer_null_probe RESULT mod_3to8_duty_folded=6/15
reviewer_null_probe RESULT mod_3to8_running_folded=9/9
reviewer_probe2 RESULT fixed6_instant_d0.3_folded=0/40 on_ticks=9 cop_scale 1.000->1.000
reviewer_probe2 RESULT fixed6_instant_d0.5_folded=0/40 on_ticks=20 cop_scale 1.000->1.000
reviewer_probe2 RESULT fixed6_instant_d0.7_folded=0/40 on_ticks=24 cop_scale 1.000->1.000
reviewer_probe2 RESULT min3_max14_running3to4_folded=9/9
reviewer_probe2 RESULT selfmod_min3_cmd1.5_meas3.2_folded=0/3 refusal=duty_floor
reviewer_probe2 RESULT selfmod_min3_cmd2_meas3.2_folded=0/3 refusal=duty_floor
reviewer_probe2 RESULT selfmod_min3_cmd3_meas3.2_folded=3/3 refusal=None
reviewer_probe2 RESULT selfmod_min3_cmd4_meas3.2_folded=0/3 refusal=awaiting_draw_evidence
reviewer_probe3 RESULT selfmod_independent_folded=9/96 cop_scale=0.976
reviewer_probe3 RESULT honest_tracking_folded=96/96 cop_scale=1.000
reviewer_probe4 RESULT follow_noise10_folded=96/96 first_fold_tick=0 cop_scale=1.028 refusals[]
reviewer_probe4 RESULT follow_noise20_folded=96/96 first_fold_tick=0 cop_scale=1.123 refusals[]
reviewer_probe4 RESULT eff0.8_noise5_folded=96/96 first_fold_tick=0 cop_scale=0.563 refusals[]
reviewer_probe4 RESULT eff0.8_noise10_folded=96/96 first_fold_tick=0 cop_scale=0.563 refusals[]
reviewer_probe4 RESULT follow_lag1tick_folded=50/96 first_fold_tick=0 cop_scale=0.998 refusals[tracking_gate:46]
reviewer_probe4 RESULT selfmod_steady_folded=0/96 first_fold_tick=None cop_scale=1.000 refusals[awaiting_draw_evidence:92,tracking_gate:4]
reviewer_probe5 RESULT selfset_hourly_steps_folded=7/96 cop_scale=0.978
reviewer_probe5 RESULT selfset_three_hour_steps_folded=0/96 cop_scale=1.000
reviewer_probe5 RESULT selfset_flat_day_folded=0/96 cop_scale=1.000
p3b RESULT pmax4_selfmod_independent_folded=61/96 cop_scale=0.590
p3b RESULT pmax4_honest_tracking_folded=96/96 cop_scale=1.000
