=== head 178562446e680721ce4122ba6de690b1849195af
fatal: Not a valid object name f14e77c95e6a3e030ac2ee709cf3d87ff3899188ools/audit/archscore/gate.py
merge base f14e77c95e6a, head 178562446e68
Architecture score: dS -2.7550 WORSENS (inadmissible: dead_members 1->2; import_cycle_modules 0->2; public_unused 1->2)
  dead_members 1 -> 2  -0.5850
  import_cycle_modules 0 -> 2  -1.5850
  public_unused 1 -> 2  -0.5850
FAIL: dS -2.7550 WORSENS; unexplained: dead_members 1->2; import_cycle_modules 0->2; public_unused 1->2. Add a '## Architecture score' section with one line per metric: its name and why it rises
rc=1
=== head 9fec4d4858d10ef29380dea032e615606f07c41d
fatal: Not a valid object name f14e77c95e6a3e030ac2ee709cf3d87ff3899188ools/audit/archscore/gate.py
merge base f14e77c95e6a, head 9fec4d4858d1
Architecture score: dS -2.7550 WORSENS (inadmissible: dead_members 1->2; import_cycle_modules 0->2; public_unused 1->2)
  dead_members 1 -> 2  -0.5850
  import_cycle_modules 0 -> 2  -1.5850
  public_unused 1 -> 2  -0.5850
FAIL: dS -2.7550 WORSENS; unexplained: dead_members 1->2; import_cycle_modules 0->2; public_unused 1->2. Add a '## Architecture score' section with one line per metric: its name and why it rises
rc=1
=== head 9870f903f8fedf6bfebe7bc7f0cb844e7ffbe2ec
fatal: Not a valid object name f14e77c95e6a3e030ac2ee709cf3d87ff3899188ools/audit/archscore/gate.py
merge base f14e77c95e6a, head 9870f903f8fe
Architecture score: dS +0.0000 NULL
PASS: dS +0.0000 NULL, no gate metric rose
rc=0
178562446e680721ce4122ba6de690b1849195af: 2 planted module(s) in the archive
9870f903f8fedf6bfebe7bc7f0cb844e7ffbe2ec: 0 planted module(s) in the archive
57a24422a89f727c33455b41f578f8c0e7f71e40: 0 planted module(s) in the archive
