=== closures ===
closures: ours scripts=33 entries=2973
closures: theirs scripts=33 entries=2990
closures: merged scripts=33 entries=3011
  scripts added by ours: []
  scripts added by theirs: []
  added-but-missing-in-merged: []
  scripts whose list differs between sides: 27
  lists with dropped entries: 0
=== inert_reads ===
inert_reads: ours scripts=3 entries=540
inert_reads: theirs scripts=3 entries=541
inert_reads: merged scripts=3 entries=542
  scripts added by ours: []
  scripts added by theirs: []
  added-but-missing-in-merged: []
  scripts whose list differs between sides: 1
  lists with dropped entries: 0
=== recorded ===
base 34 ours 34 theirs 34 merged 34
missing in merged: []
extra in merged: []
  timing differs tests/arch_score.py: ours={'seconds': 342.6, 'rc': 0} theirs={'rc': 0, 'seconds': 306.2} merged={'rc': 0, 'seconds': 306.2}
  timing differs tests/arch_score_head.py: ours={'seconds': 44.9, 'rc': 0} theirs={'rc': 0, 'seconds': 46.4} merged={'rc': 0, 'seconds': 41.8}
  timing differs tests/backtest.py: ours={'seconds': 170.6, 'rc': 0} theirs={'rc': 0, 'seconds': 153.9} merged={'rc': 0, 'seconds': 159.6}
  timing differs tests/block_duty.py: ours={'seconds': 2.8, 'rc': 0} theirs={'rc': 0, 'seconds': 2.6} merged={'rc': 0, 'seconds': 2.6}
  timing differs tests/boost_drift_replay.py: ours={'seconds': 1804.3, 'rc': 0} theirs={'rc': 0, 'seconds': 1489.6} merged={'rc': 0, 'seconds': 1489.6}
  timing differs tests/card.mjs: ours={'seconds': 19.4, 'rc': 0} theirs={'rc': 0, 'seconds': 18.7} merged={'rc': 0, 'seconds': 18.7}
  timing differs tests/card_drift.mjs: ours={'seconds': 5.4, 'rc': 0} theirs={'rc': 0, 'seconds': 5.3} merged={'rc': 0, 'seconds': 5.3}
  timing differs tests/config_flow_steps.py: ours={'seconds': 39.3, 'rc': 0} theirs={'rc': 0, 'seconds': 38.0} merged={'rc': 0, 'seconds': 38.0}
  timing differs tests/debug_collect.py: ours={'seconds': 1.7, 'rc': 0} theirs={'rc': 0, 'seconds': 1.4} merged={'rc': 0, 'seconds': 1.4}
  timing differs tests/deployment_shape.py: ours={'seconds': 3.6, 'rc': 0} theirs={'rc': 0, 'seconds': 3.3} merged={'rc': 0, 'seconds': 3.3}
  timing differs tests/doc_claims.py: ours={'seconds': 10.3, 'rc': 0} theirs={'rc': 0, 'seconds': 8.6} merged={'rc': 0, 'seconds': 8.6}
  timing differs tests/edge.py: ours={'seconds': 56.2, 'rc': 0} theirs={'rc': 0, 'seconds': 48.4} merged={'rc': 0, 'seconds': 53.6}
  timing differs tests/entities.py: ours={'seconds': 354.4, 'rc': 0} theirs={'rc': 0, 'seconds': 259.6} merged={'rc': 0, 'seconds': 259.6}
  timing differs tests/env_drift.py: ours={'seconds': 1.0, 'rc': 0} theirs={'rc': 0, 'seconds': 0.9} merged={'rc': 0, 'seconds': 0.9}
  timing differs tests/features.py: ours={'seconds': 896.1, 'rc': 0} theirs={'rc': 0, 'seconds': 730.5} merged={'rc': 0, 'seconds': 730.5}
  timing differs tests/finite_boundary.py: ours={'seconds': 90.7, 'rc': 0} theirs={'rc': 0, 'seconds': 84.6} merged={'rc': 0, 'seconds': 90.4}
  timing differs tests/golden.py: ours={'seconds': 1.0, 'rc': 0} theirs={'rc': 0, 'seconds': 0.9} merged={'rc': 0, 'seconds': 0.9}
  timing differs tests/guard_pins.py: ours={'seconds': 1.4, 'rc': 0} theirs={'rc': 0, 'seconds': 1.2} merged={'rc': 0, 'seconds': 1.2}
  timing differs tests/harness_headers.py: ours={'seconds': 224.1, 'rc': 0} theirs={'rc': 0, 'seconds': 199.0} merged={'rc': 0, 'seconds': 220.7}
  timing differs tests/layout.py: ours={'seconds': 17.7, 'rc': 0} theirs={'rc': 0, 'seconds': 15.5} merged={'rc': 0, 'seconds': 17.3}
  timing differs tests/manual_plan.py: ours={'seconds': 9.3, 'rc': 0} theirs={'rc': 0, 'seconds': 8.5} merged={'rc': 0, 'seconds': 9.2}
  timing differs tests/md_tables.mjs: ours={'seconds': 0.3, 'rc': 0} theirs={'rc': 0, 'seconds': 0.2} merged={'rc': 0, 'seconds': 0.3}
  timing differs tests/optimality.py: ours={'seconds': 187.4, 'rc': 0} theirs={'rc': 0, 'seconds': 171.9} merged={'rc': 0, 'seconds': 186.3}
  timing differs tests/plan_view.py: ours={'seconds': 1.6, 'rc': 0} theirs={'rc': 0, 'seconds': 1.5} merged={'rc': 0, 'seconds': 1.5}
  timing differs tests/solar_alignment.py: ours={'seconds': 1.4, 'rc': 0} theirs={'rc': 0, 'seconds': 1.3} merged={'rc': 0, 'seconds': 1.3}
  timing differs tests/stress.py: ours={'seconds': 1077.8, 'rc': 0} theirs={'rc': 0, 'seconds': 760.6} merged={'rc': 0, 'seconds': 760.6}
  timing differs tests/structure.py: ours={'seconds': 19.9, 'rc': 0} theirs={'rc': 0, 'seconds': 10.4} merged={'rc': 0, 'seconds': 10.4}
  timing differs tests/typing_ruler.py: ours={'seconds': 0.7, 'rc': 0} theirs={'rc': 0, 'seconds': 0.5} merged={'rc': 0, 'seconds': 0.6}
  timing differs tests/validate.py: ours={'seconds': 62.0, 'rc': 0} theirs={'rc': 0, 'seconds': 57.7} merged={'rc': 0, 'seconds': 56.0}
  timing differs tests/wood_advisor.py: ours={'seconds': 1.8, 'rc': 0} theirs={'rc': 0, 'seconds': 1.6} merged={'rc': 0, 'seconds': 1.6}
