2026-10-10T15:11:31.4190795Z Current runner version: '2.337.0'
2026-10-10T15:11:31.4220735Z ##[group]Runner Image Provisioner
2026-10-10T15:11:31.4221617Z Hosted Compute Agent
2026-10-10T15:11:31.4222308Z Version: 20261002.596
2026-10-10T15:11:31.4222965Z Commit: c3d12f3313a95f25162a1503be624f3b0617f8c0
2026-10-10T15:11:31.4223734Z Build Date: 2026-10-02T22:28:27Z
2026-10-10T15:11:31.4224777Z Worker ID: {c5207fc9-a7e2-4cb9-959b-3479744a213f}
2026-10-10T15:11:31.4225611Z Region: northcentralus
2026-10-10T15:11:31.4226269Z Cloud: Azure
2026-10-10T15:11:31.4226837Z ##[endgroup]
2026-10-10T15:11:31.4228586Z ##[group]Operating System
2026-10-10T15:11:31.4229333Z Ubuntu
2026-10-10T15:11:31.4229859Z 24.04.5
2026-10-10T15:11:31.4230405Z LTS
2026-10-10T15:11:31.4230938Z ##[endgroup]
2026-10-10T15:11:31.4231520Z ##[group]Runner Image
2026-10-10T15:11:31.4232186Z Image: ubuntu-24.04
2026-10-10T15:11:31.4232787Z Version: 20261004.327.1
2026-10-10T15:11:31.4234112Z Included Software: https://github.com/actions/runner-images/blob/ubuntu24/20261004.327/images/ubuntu/Ubuntu2404-Readme.md
2026-10-10T15:11:31.4236437Z Image Release: https://github.com/actions/runner-images/releases/tag/ubuntu24%2F20261004.327
2026-10-10T15:11:31.4237596Z ##[endgroup]
2026-10-10T15:11:31.4238704Z ##[group]GITHUB_TOKEN Permissions
2026-10-10T15:11:31.4241108Z Contents: read
2026-10-10T15:11:31.4241777Z Metadata: read
2026-10-10T15:11:31.4242406Z ##[endgroup]
2026-10-10T15:11:31.4245284Z Secret source: Actions
2026-10-10T15:11:31.4246481Z Cache mode: write
2026-10-10T15:11:31.4247552Z Prepare workflow directory
2026-10-10T15:11:31.4605800Z Prepare all required actions
2026-10-10T15:11:31.4653920Z Getting action download info
2026-10-10T15:11:31.7153247Z Download action repository 'actions/checkout@fbc6f3992d24b796d5a048ff273f7fcc4a7b6c09' (SHA:fbc6f3992d24b796d5a048ff273f7fcc4a7b6c09)
2026-10-10T15:11:31.8348966Z Download action repository 'actions/setup-python@ece7cb06caefa5fff74198d8649806c4678c61a1' (SHA:ece7cb06caefa5fff74198d8649806c4678c61a1)
2026-10-10T15:11:31.9251184Z Download action repository 'actions/upload-artifact@b7c566a772e6b6bfb58ed0dc250532a479d7789f' (SHA:b7c566a772e6b6bfb58ed0dc250532a479d7789f)
2026-10-10T15:11:32.1663243Z Complete job name: typing
2026-10-10T15:11:32.2467674Z ##[group]Run actions/checkout@fbc6f3992d24b796d5a048ff273f7fcc4a7b6c09
2026-10-10T15:11:32.2468779Z with:
2026-10-10T15:11:32.2469235Z   repository: tvofi/heatpump_optimizer
2026-10-10T15:11:32.2472900Z   token: ***
2026-10-10T15:11:32.2473333Z   ssh-strict: true
2026-10-10T15:11:32.2473777Z   ssh-user: git
2026-10-10T15:11:32.2474218Z   persist-credentials: true
2026-10-10T15:11:32.2474911Z   clean: true
2026-10-10T15:11:32.2475375Z   sparse-checkout-cone-mode: true
2026-10-10T15:11:32.2475892Z   fetch-depth: 1
2026-10-10T15:11:32.2476314Z   fetch-tags: false
2026-10-10T15:11:32.2476753Z   show-progress: true
2026-10-10T15:11:32.2477190Z   lfs: false
2026-10-10T15:11:32.2477595Z   submodules: false
2026-10-10T15:11:32.2478031Z   set-safe-directory: true
2026-10-10T15:11:32.2478535Z   allow-unsafe-pr-checkout: false
2026-10-10T15:11:32.2479338Z ##[endgroup]
2026-10-10T15:11:32.3529320Z Syncing repository: tvofi/heatpump_optimizer
2026-10-10T15:11:32.3532107Z ##[group]Getting Git version info
2026-10-10T15:11:32.3533415Z Working directory is '/home/runner/work/heatpump_optimizer/heatpump_optimizer'
2026-10-10T15:11:32.3535520Z [command]/usr/bin/git version
2026-10-10T15:11:32.3616392Z git version 2.55.0
2026-10-10T15:11:32.3638686Z ##[endgroup]
2026-10-10T15:11:32.3654704Z Temporarily overriding HOME='/home/runner/work/_temp/9e08c60c-5b3f-4e9b-80f2-abb7cc4899ee' before making global git config changes
2026-10-10T15:11:32.3657295Z Adding repository directory to the temporary git global config as a safe directory
2026-10-10T15:11:32.3660724Z [command]/usr/bin/git config --global --add safe.directory /home/runner/work/heatpump_optimizer/heatpump_optimizer
2026-10-10T15:11:32.3724783Z Deleting the contents of '/home/runner/work/heatpump_optimizer/heatpump_optimizer'
2026-10-10T15:11:32.3729645Z ##[group]Initializing the repository
2026-10-10T15:11:32.3733727Z [command]/usr/bin/git init /home/runner/work/heatpump_optimizer/heatpump_optimizer
2026-10-10T15:11:32.3954746Z hint: Using 'master' as the name for the initial branch. This default branch name
2026-10-10T15:11:32.3963115Z hint: will change to "main" in Git 3.0. To configure the initial branch name
2026-10-10T15:11:32.3964893Z hint: to use in all of your new repositories, which will suppress this warning,
2026-10-10T15:11:32.3966136Z hint: call:
2026-10-10T15:11:32.3967013Z hint:
2026-10-10T15:11:32.3968118Z hint: 	git config --global init.defaultBranch <name>
2026-10-10T15:11:32.3969415Z hint:
2026-10-10T15:11:32.3970877Z hint: Names commonly chosen instead of 'master' are 'main', 'trunk' and
2026-10-10T15:11:32.3983016Z hint: 'development'. The just-created branch can be renamed via this command:
2026-10-10T15:11:32.3984739Z hint:
2026-10-10T15:11:32.3987347Z hint: 	git branch -m <name>
2026-10-10T15:11:32.3988490Z hint:
2026-10-10T15:11:32.3989933Z hint: Disable this message with "git config set advice.defaultBranchName false"
2026-10-10T15:11:32.3992710Z Initialized empty Git repository in /home/runner/work/heatpump_optimizer/heatpump_optimizer/.git/
2026-10-10T15:11:32.3996727Z [command]/usr/bin/git remote add origin https://github.com/tvofi/heatpump_optimizer
2026-10-10T15:11:32.4023921Z ##[endgroup]
2026-10-10T15:11:32.4025584Z ##[group]Disabling automatic garbage collection
2026-10-10T15:11:32.4032075Z [command]/usr/bin/git config --local gc.auto 0
2026-10-10T15:11:32.4073824Z ##[endgroup]
2026-10-10T15:11:32.4075864Z ##[group]Setting up auth
2026-10-10T15:11:32.4086168Z [command]/usr/bin/git config --local --name-only --get-regexp core\.sshCommand
2026-10-10T15:11:32.4133241Z [command]/usr/bin/git submodule foreach --recursive sh -c "git config --local --name-only --get-regexp 'core\.sshCommand' && git config --local --unset-all 'core.sshCommand' || :"
2026-10-10T15:11:32.4605067Z [command]/usr/bin/git config --local --name-only --get-regexp http\.https\:\/\/github\.com\/\.extraheader
2026-10-10T15:11:32.4644097Z [command]/usr/bin/git submodule foreach --recursive sh -c "git config --local --name-only --get-regexp 'http\.https\:\/\/github\.com\/\.extraheader' && git config --local --unset-all 'http.https://github.com/.extraheader' || :"
2026-10-10T15:11:32.4901232Z [command]/usr/bin/git config --local --name-only --get-regexp ^includeIf\.gitdir:
2026-10-10T15:11:32.4941796Z [command]/usr/bin/git submodule foreach --recursive git config --local --show-origin --name-only --get-regexp remote.origin.url
2026-10-10T15:11:32.5178490Z [command]/usr/bin/git config --local http.https://github.com/.extraheader AUTHORIZATION: basic ***
2026-10-10T15:11:32.5221340Z ##[endgroup]
2026-10-10T15:11:32.5222835Z ##[group]Fetching the repository
2026-10-10T15:11:32.5233354Z [command]/usr/bin/git -c protocol.version=2 fetch --no-tags --prune --no-recurse-submodules --depth=1 origin +40e492c74b924662b81f1a0c3f6751d37dbf205c:refs/remotes/pull/2118/merge
2026-10-10T15:11:34.1667649Z From https://github.com/tvofi/heatpump_optimizer
2026-10-10T15:11:34.1669900Z  * [new ref]         40e492c74b924662b81f1a0c3f6751d37dbf205c -> pull/2118/merge
2026-10-10T15:11:34.1674103Z ##[endgroup]
2026-10-10T15:11:34.1675753Z ##[group]Determining the checkout info
2026-10-10T15:11:34.1677122Z ##[endgroup]
2026-10-10T15:11:34.1679696Z [command]/usr/bin/git sparse-checkout disable
2026-10-10T15:11:34.1738075Z [command]/usr/bin/git config --local --unset-all extensions.worktreeConfig
2026-10-10T15:11:34.1772297Z ##[group]Checking out the ref
2026-10-10T15:11:34.1776337Z [command]/usr/bin/git checkout --progress --force refs/remotes/pull/2118/merge
2026-10-10T15:11:34.6590191Z Note: switching to 'refs/remotes/pull/2118/merge'.
2026-10-10T15:11:34.6590679Z 
2026-10-10T15:11:34.6590958Z You are in 'detached HEAD' state. You can look around, make experimental
2026-10-10T15:11:34.6591543Z changes and commit them, and you can discard any commits you make in this
2026-10-10T15:11:34.6592105Z state without impacting any branches by switching back to a branch.
2026-10-10T15:11:34.6592809Z 
2026-10-10T15:11:34.6593073Z If you want to create a new branch to retain commits you create, you may
2026-10-10T15:11:34.6593651Z do so (now or later) by using -c with the switch command. Example:
2026-10-10T15:11:34.6593952Z 
2026-10-10T15:11:34.6594091Z   git switch -c <new-branch-name>
2026-10-10T15:11:34.6594299Z 
2026-10-10T15:11:34.6594455Z Or undo this operation with:
2026-10-10T15:11:34.6595136Z 
2026-10-10T15:11:34.6595271Z   git switch -
2026-10-10T15:11:34.6595495Z 
2026-10-10T15:11:34.6595772Z Turn off this advice by setting config variable advice.detachedHead to false
2026-10-10T15:11:34.6596135Z 
2026-10-10T15:11:34.6596532Z HEAD is now at 40e492c Merge bc048801823eb4f77cfa42f54083214c154336a5 into d3dbf2c3fc42b87e6aad71d3de0c0885a10c750e
2026-10-10T15:11:34.6628698Z ##[endgroup]
2026-10-10T15:11:34.6677390Z [command]/usr/bin/git log -1 --format=%H
2026-10-10T15:11:34.6704921Z 40e492c74b924662b81f1a0c3f6751d37dbf205c
2026-10-10T15:11:34.7065388Z ##[group]Run actions/setup-python@ece7cb06caefa5fff74198d8649806c4678c61a1
2026-10-10T15:11:34.7065935Z with:
2026-10-10T15:11:34.7066208Z   python-version: 3.14
2026-10-10T15:11:34.7066501Z   check-latest: false
2026-10-10T15:11:34.7068901Z   token: ***
2026-10-10T15:11:34.7069168Z   update-environment: true
2026-10-10T15:11:34.7069467Z   allow-prereleases: false
2026-10-10T15:11:34.7069769Z   freethreaded: false
2026-10-10T15:11:34.7070034Z ##[endgroup]
2026-10-10T15:11:34.8446724Z ##[group]Installed versions
2026-10-10T15:11:34.8547636Z Successfully set up CPython (3.14.8)
2026-10-10T15:11:34.8548700Z ##[endgroup]
2026-10-10T15:11:34.8738390Z ##[group]Run python3 -m venv .venv-typing
2026-10-10T15:11:34.8738928Z [36;1mpython3 -m venv .venv-typing[0m
2026-10-10T15:11:34.8739416Z [36;1m.venv-typing/bin/python -m pip install --require-hashes --no-deps \[0m
2026-10-10T15:11:34.8739958Z [36;1m  --build-constraint tests/requirements-build.txt \[0m
2026-10-10T15:11:34.8740396Z [36;1m  -r tests/requirements-typing.txt[0m
2026-10-10T15:11:34.9102451Z shell: /usr/bin/bash -e {0}
2026-10-10T15:11:34.9102937Z env:
2026-10-10T15:11:34.9103386Z   pythonLocation: /opt/hostedtoolcache/Python/3.14.8/x64
2026-10-10T15:11:34.9104071Z   PKG_CONFIG_PATH: /opt/hostedtoolcache/Python/3.14.8/x64/lib/pkgconfig
2026-10-10T15:11:34.9105084Z   Python_ROOT_DIR: /opt/hostedtoolcache/Python/3.14.8/x64
2026-10-10T15:11:34.9105706Z   Python2_ROOT_DIR: /opt/hostedtoolcache/Python/3.14.8/x64
2026-10-10T15:11:34.9106332Z   Python3_ROOT_DIR: /opt/hostedtoolcache/Python/3.14.8/x64
2026-10-10T15:11:34.9107017Z   LD_LIBRARY_PATH: /opt/hostedtoolcache/Python/3.14.8/x64/lib
2026-10-10T15:11:34.9107552Z ##[endgroup]
2026-10-10T15:11:39.5633731Z Collecting acme==5.7.0 (from -r tests/requirements-typing.txt (line 34))
2026-10-10T15:11:39.6128928Z   Downloading acme-5.7.0-py3-none-any.whl (95 kB)
2026-10-10T15:11:39.6483185Z Collecting aiodns==4.0.4 (from -r tests/requirements-typing.txt (line 37))
2026-10-10T15:11:39.6517975Z   Downloading aiodns-4.0.4-py3-none-any.whl (12 kB)
2026-10-10T15:11:39.6687664Z Collecting aiogithubapi==26.0.0 (from -r tests/requirements-typing.txt (line 40))
2026-10-10T15:11:39.6725399Z   Downloading aiogithubapi-26.0.0-py3-none-any.whl (72 kB)
2026-10-10T15:11:39.6876158Z Collecting aiohappyeyeballs==2.7.1 (from -r tests/requirements-typing.txt (line 43))
2026-10-10T15:11:39.6921073Z   Downloading aiohappyeyeballs-2.7.1-py3-none-any.whl (15 kB)
2026-10-10T15:11:40.1749846Z Collecting aiohttp==3.14.3 (from -r tests/requirements-typing.txt (line 46))
2026-10-10T15:11:40.1784227Z   Downloading aiohttp-3.14.3-cp314-cp314-manylinux2014_x86_64.manylinux_2_17_x86_64.manylinux_2_28_x86_64.whl (1.8 MB)
2026-10-10T15:11:40.1947035Z      ━━━━━━━━━━━━━━━━━━━━━━━━━━━━━━━━━━━━━━━━ 1.8/1.8 MB 140.5 MB/s  0:00:00
2026-10-10T15:11:40.2085225Z Collecting aiohttp-asyncmdnsresolver==0.2.0 (from -r tests/requirements-typing.txt (line 166))
2026-10-10T15:11:40.2121618Z   Downloading aiohttp_asyncmdnsresolver-0.2.0-py3-none-any.whl (10 kB)
2026-10-10T15:11:40.2227143Z Collecting aiohttp-cors==0.8.1 (from -r tests/requirements-typing.txt (line 169))
2026-10-10T15:11:40.2258518Z   Downloading aiohttp_cors-0.8.1-py3-none-any.whl (25 kB)
2026-10-10T15:11:40.2382201Z Collecting aiohttp-fast-zlib==0.3.0 (from -r tests/requirements-typing.txt (line 172))
2026-10-10T15:11:40.2416596Z   Downloading aiohttp_fast_zlib-0.3.0-py3-none-any.whl (8.6 kB)
2026-10-10T15:11:40.2530731Z Collecting aiooui==0.1.11 (from -r tests/requirements-typing.txt (line 175))
2026-10-10T15:11:40.2565466Z   Downloading aiooui-0.1.11-py3-none-any.whl (343 kB)
2026-10-10T15:11:40.2692404Z Collecting aiosignal==1.4.0 (from -r tests/requirements-typing.txt (line 178))
2026-10-10T15:11:40.2726476Z   Downloading aiosignal-1.4.0-py3-none-any.whl (7.5 kB)
2026-10-10T15:11:40.2829197Z Collecting aiozoneinfo==0.2.3 (from -r tests/requirements-typing.txt (line 181))
2026-10-10T15:11:40.2880741Z   Downloading aiozoneinfo-0.2.3-py3-none-any.whl (8.0 kB)
2026-10-10T15:11:40.3080425Z Collecting annotatedyaml==1.0.2 (from -r tests/requirements-typing.txt (line 184))
2026-10-10T15:11:40.3115809Z   Downloading annotatedyaml-1.0.2-cp314-cp314-manylinux2014_x86_64.manylinux_2_17_x86_64.manylinux_2_28_x86_64.whl (71 kB)
2026-10-10T15:11:40.3283639Z Collecting anyio==4.15.1 (from -r tests/requirements-typing.txt (line 210))
2026-10-10T15:11:40.3320078Z   Downloading anyio-4.15.1-py3-none-any.whl (132 kB)
2026-10-10T15:11:40.3810505Z Collecting ast-serialize==0.11.2 (from -r tests/requirements-typing.txt (line 213))
2026-10-10T15:11:40.3853104Z   Downloading ast_serialize-0.11.2-cp39-abi3-manylinux_2_17_x86_64.manylinux2014_x86_64.whl (1.3 MB)
2026-10-10T15:11:40.3948550Z      ━━━━━━━━━━━━━━━━━━━━━━━━━━━━━━━━━━━━━━━━ 1.3/1.3 MB 155.1 MB/s  0:00:00
2026-10-10T15:11:40.4093999Z Collecting astral==2.2 (from -r tests/requirements-typing.txt (line 271))
2026-10-10T15:11:40.4129758Z   Downloading astral-2.2-py2.py3-none-any.whl (30 kB)
2026-10-10T15:11:40.4245088Z Collecting async-interrupt==1.2.2 (from -r tests/requirements-typing.txt (line 274))
2026-10-10T15:11:40.4278677Z   Downloading async_interrupt-1.2.2-py3-none-any.whl (8.9 kB)
2026-10-10T15:11:40.4375697Z Collecting atomicwrites-homeassistant==1.4.1 (from -r tests/requirements-typing.txt (line 277))
2026-10-10T15:11:40.4410570Z   Downloading atomicwrites_homeassistant-1.4.1-py2.py3-none-any.whl (7.1 kB)
2026-10-10T15:11:40.4539655Z Collecting attrs==26.1.0 (from -r tests/requirements-typing.txt (line 280))
2026-10-10T15:11:40.4574319Z   Downloading attrs-26.1.0-py3-none-any.whl (67 kB)
2026-10-10T15:11:40.4746155Z Collecting audioop-lts==0.2.2 (from -r tests/requirements-typing.txt (line 283))
2026-10-10T15:11:40.4781350Z   Downloading audioop_lts-0.2.2-cp313-abi3-manylinux1_x86_64.manylinux_2_28_x86_64.manylinux_2_5_x86_64.whl (85 kB)
2026-10-10T15:11:40.4922962Z Collecting awesomeversion==25.8.0 (from -r tests/requirements-typing.txt (line 333))
2026-10-10T15:11:40.4982187Z   Downloading awesomeversion-25.8.0-py3-none-any.whl (15 kB)
2026-10-10T15:11:40.5112419Z Collecting backoff==2.2.1 (from -r tests/requirements-typing.txt (line 336))
2026-10-10T15:11:40.5144905Z   Downloading backoff-2.2.1-py3-none-any.whl (15 kB)
2026-10-10T15:11:40.5497132Z Collecting bcrypt==5.0.0 (from -r tests/requirements-typing.txt (line 339))
2026-10-10T15:11:40.5539150Z   Downloading bcrypt-5.0.0-cp39-abi3-manylinux_2_34_x86_64.whl (278 kB)
2026-10-10T15:11:40.5719530Z Collecting bleak==3.0.2 (from -r tests/requirements-typing.txt (line 403))
2026-10-10T15:11:40.5756262Z   Downloading bleak-3.0.2-py3-none-any.whl (146 kB)
2026-10-10T15:11:40.5964119Z Collecting bleak-retry-connector==4.7.1 (from -r tests/requirements-typing.txt (line 406))
2026-10-10T15:11:40.6000003Z   Downloading bleak_retry_connector-4.7.1-py3-none-any.whl (19 kB)
2026-10-10T15:11:40.6172632Z Collecting bluetooth-adapters==2.4.0 (from -r tests/requirements-typing.txt (line 409))
2026-10-10T15:11:40.6213245Z   Downloading bluetooth_adapters-2.4.0-py3-none-any.whl (20 kB)
2026-10-10T15:11:40.6374866Z Collecting bluetooth-auto-recovery==1.6.4 (from -r tests/requirements-typing.txt (line 412))
2026-10-10T15:11:40.6410665Z   Downloading bluetooth_auto_recovery-1.6.4-py3-none-any.whl (13 kB)
2026-10-10T15:11:40.7357023Z Collecting bluetooth-data-tools==1.29.24 (from -r tests/requirements-typing.txt (line 415))
2026-10-10T15:11:40.7395757Z   Downloading bluetooth_data_tools-1.29.24-cp314-cp314-manylinux2014_x86_64.manylinux_2_17_x86_64.manylinux_2_28_x86_64.whl (494 kB)
2026-10-10T15:11:40.9201804Z Collecting boto3==1.43.103 (from -r tests/requirements-typing.txt (line 478))
2026-10-10T15:11:40.9238739Z   Downloading boto3-1.43.103-py3-none-any.whl (140 kB)
2026-10-10T15:11:41.1532533Z Collecting botocore==1.43.103 (from -r tests/requirements-typing.txt (line 481))
2026-10-10T15:11:41.1568984Z   Downloading botocore-1.43.103-py3-none-any.whl (15.9 MB)
2026-10-10T15:11:41.2176106Z      ━━━━━━━━━━━━━━━━━━━━━━━━━━━━━━━━━━━━━━━━ 15.9/15.9 MB 270.7 MB/s  0:00:00
2026-10-10T15:11:41.2483401Z Collecting btsocket==0.3.0 (from -r tests/requirements-typing.txt (line 484))
2026-10-10T15:11:41.2515707Z   Downloading btsocket-0.3.0-py2.py3-none-any.whl (14 kB)
2026-10-10T15:11:41.2681072Z Collecting certifi==2026.7.22 (from -r tests/requirements-typing.txt (line 487))
2026-10-10T15:11:41.2714985Z   Downloading certifi-2026.7.22-py3-none-any.whl (136 kB)
2026-10-10T15:11:41.3721892Z Collecting cffi==2.1.1 (from -r tests/requirements-typing.txt (line 490))
2026-10-10T15:11:41.3759095Z   Downloading cffi-2.1.1-cp314-cp314-manylinux2014_x86_64.manylinux_2_17_x86_64.whl (221 kB)
2026-10-10T15:11:41.4916641Z Collecting charset-normalizer==3.5.1 (from -r tests/requirements-typing.txt (line 591))
2026-10-10T15:11:41.4957015Z   Downloading charset_normalizer-3.5.1-cp314-cp314-manylinux2014_x86_64.manylinux_2_17_x86_64.manylinux_2_28_x86_64.whl (251 kB)
2026-10-10T15:11:41.5201974Z Collecting ciso8601==2.3.3 (from -r tests/requirements-typing.txt (line 764))
2026-10-10T15:11:41.5235298Z   Downloading ciso8601-2.3.3-cp314-cp314-manylinux1_x86_64.manylinux_2_28_x86_64.manylinux_2_5_x86_64.whl (41 kB)
2026-10-10T15:11:41.5341293Z Collecting cronsim==2.7 (from -r tests/requirements-typing.txt (line 830))
2026-10-10T15:11:41.5373601Z   Downloading cronsim-2.7-py3-none-any.whl (14 kB)
2026-10-10T15:11:41.7104999Z Collecting cryptography==50.0.1 (from -r tests/requirements-typing.txt (line 832))
2026-10-10T15:11:41.7140673Z   Downloading cryptography-50.0.1-cp311-abi3-manylinux_2_34_x86_64.whl (4.7 MB)
2026-10-10T15:11:41.7331870Z      ━━━━━━━━━━━━━━━━━━━━━━━━━━━━━━━━━━━━━━━━ 4.7/4.7 MB 271.8 MB/s  0:00:00
2026-10-10T15:11:42.0914477Z Collecting dbus-fast==5.0.22 (from -r tests/requirements-typing.txt (line 879))
2026-10-10T15:11:42.0965986Z   Downloading dbus_fast-5.0.22-cp314-cp314-manylinux2014_x86_64.manylinux_2_17_x86_64.manylinux_2_28_x86_64.whl (855 kB)
2026-10-10T15:11:42.1030151Z      ━━━━━━━━━━━━━━━━━━━━━━━━━━━━━━━━━━━━━━━━ 855.5/855.5 kB 152.3 MB/s  0:00:00
2026-10-10T15:11:42.1133234Z Collecting envs==1.4 (from -r tests/requirements-typing.txt (line 929))
2026-10-10T15:11:42.1167099Z   Downloading envs-1.4-py3-none-any.whl (10 kB)
2026-10-10T15:11:42.1501264Z Collecting fnv-hash-fast==2.0.3 (from -r tests/requirements-typing.txt (line 932))
2026-10-10T15:11:42.1536957Z   Downloading fnv_hash_fast-2.0.3-cp314-cp314-manylinux1_x86_64.manylinux_2_28_x86_64.manylinux_2_5_x86_64.whl (8.4 kB)
2026-10-10T15:11:42.1644570Z Collecting fnvhash==0.2.1 (from -r tests/requirements-typing.txt (line 976))
2026-10-10T15:11:42.1675802Z   Downloading fnvhash-0.2.1-py3-none-any.whl (18 kB)
2026-10-10T15:11:42.2274480Z Collecting frozenlist==1.8.0 (from -r tests/requirements-typing.txt (line 979))
2026-10-10T15:11:42.2310085Z   Downloading frozenlist-1.8.0-cp314-cp314-manylinux1_x86_64.manylinux_2_28_x86_64.manylinux_2_5_x86_64.whl (231 kB)
2026-10-10T15:11:42.3741544Z Collecting greenlet==3.5.6 (from -r tests/requirements-typing.txt (line 1110))
2026-10-10T15:11:42.3776673Z   Downloading greenlet-3.5.6-cp314-cp314-manylinux_2_24_x86_64.manylinux_2_28_x86_64.whl (670 kB)
2026-10-10T15:11:42.3831948Z      ━━━━━━━━━━━━━━━━━━━━━━━━━━━━━━━━━━━━━━━━ 670.8/670.8 kB 127.4 MB/s  0:00:00
2026-10-10T15:11:42.8675469Z Collecting grpcio==1.84.0 (from -r tests/requirements-typing.txt (line 1190))
2026-10-10T15:11:42.8711667Z   Downloading grpcio-1.84.0-cp314-cp314-manylinux2014_x86_64.manylinux_2_17_x86_64.whl (7.2 MB)
2026-10-10T15:11:42.8990847Z      ━━━━━━━━━━━━━━━━━━━━━━━━━━━━━━━━━━━━━━━━ 7.2/7.2 MB 271.2 MB/s  0:00:00
2026-10-10T15:11:42.9135788Z Collecting h11==0.16.0 (from -r tests/requirements-typing.txt (line 1252))
2026-10-10T15:11:42.9170301Z   Downloading h11-0.16.0-py3-none-any.whl (37 kB)
2026-10-10T15:11:43.2300629Z Collecting habluetooth==7.1.2 (from -r tests/requirements-typing.txt (line 1255))
2026-10-10T15:11:43.2362407Z   Downloading habluetooth-7.1.2-cp314-cp314-manylinux2014_x86_64.manylinux_2_17_x86_64.manylinux_2_28_x86_64.whl (1.2 MB)
2026-10-10T15:11:43.2430047Z      ━━━━━━━━━━━━━━━━━━━━━━━━━━━━━━━━━━━━━━━━ 1.2/1.2 MB 219.0 MB/s  0:00:00
2026-10-10T15:11:43.2661577Z Collecting hass-nabucasa==2.7.0 (from -r tests/requirements-typing.txt (line 1316))
2026-10-10T15:11:43.2694679Z   Downloading hass_nabucasa-2.7.0-py3-none-any.whl (98 kB)
2026-10-10T15:11:43.2858080Z Collecting home-assistant-bluetooth==2.0.0 (from -r tests/requirements-typing.txt (line 1319))
2026-10-10T15:11:43.2891843Z   Downloading home_assistant_bluetooth-2.0.0-py3-none-any.whl (7.9 kB)
2026-10-10T15:11:43.4916620Z Collecting homeassistant==2026.9.3 (from -r tests/requirements-typing.txt (line 1322))
2026-10-10T15:11:43.4961096Z   Downloading homeassistant-2026.9.3-py3-none-any.whl (61.3 MB)
2026-10-10T15:11:43.7471850Z      ━━━━━━━━━━━━━━━━━━━━━━━━━━━━━━━━━━━━━━━━ 61.3/61.3 MB 245.9 MB/s  0:00:00
2026-10-10T15:11:44.1707602Z Collecting homeassistant-stubs==2026.9.3 (from -r tests/requirements-typing.txt (line 1325))
2026-10-10T15:11:44.1757047Z   Downloading homeassistant_stubs-2026.9.3-py3-none-any.whl (4.2 MB)
2026-10-10T15:11:44.2052215Z      ━━━━━━━━━━━━━━━━━━━━━━━━━━━━━━━━━━━━━━━━ 4.2/4.2 MB 156.6 MB/s  0:00:00
2026-10-10T15:11:44.2476739Z Collecting httpcore==1.0.9 (from -r tests/requirements-typing.txt (line 1328))
2026-10-10T15:11:44.2508545Z   Downloading httpcore-1.0.9-py3-none-any.whl (78 kB)
2026-10-10T15:11:44.2694958Z Collecting httpx==0.28.1 (from -r tests/requirements-typing.txt (line 1331))
2026-10-10T15:11:44.2731882Z   Downloading httpx-0.28.1-py3-none-any.whl (73 kB)
2026-10-10T15:11:44.2853973Z Collecting icmplib==3.0.4 (from -r tests/requirements-typing.txt (line 1334))
2026-10-10T15:11:44.2889196Z   Downloading icmplib-3.0.4-py3-none-any.whl (30 kB)
2026-10-10T15:11:44.3033476Z Collecting idna==3.20 (from -r tests/requirements-typing.txt (line 1337))
2026-10-10T15:11:44.3067851Z   Downloading idna-3.20-py3-none-any.whl (69 kB)
2026-10-10T15:11:44.3178021Z Collecting ifaddr==0.2.0 (from -r tests/requirements-typing.txt (line 1340))
2026-10-10T15:11:44.3209217Z   Downloading ifaddr-0.2.0-py3-none-any.whl (12 kB)
2026-10-10T15:11:44.3340746Z Collecting jinja2==3.1.6 (from -r tests/requirements-typing.txt (line 1343))
2026-10-10T15:11:44.3374161Z   Downloading jinja2-3.1.6-py3-none-any.whl (134 kB)
2026-10-10T15:11:44.3489948Z Collecting jmespath==1.1.0 (from -r tests/requirements-typing.txt (line 1346))
2026-10-10T15:11:44.3522500Z   Downloading jmespath-1.1.0-py3-none-any.whl (20 kB)
2026-10-10T15:11:44.3654710Z Collecting josepy==2.2.0 (from -r tests/requirements-typing.txt (line 1349))
2026-10-10T15:11:44.3687173Z   Downloading josepy-2.2.0-py3-none-any.whl (29 kB)
2026-10-10T15:11:44.4966564Z Collecting librt==0.15.0 (from -r tests/requirements-typing.txt (line 1352))
2026-10-10T15:11:44.5007515Z   Downloading librt-0.15.0-cp314-cp314-manylinux2014_x86_64.manylinux_2_17_x86_64.manylinux_2_28_x86_64.whl (523 kB)
2026-10-10T15:11:44.5263443Z Collecting lru-dict==1.4.1 (from -r tests/requirements-typing.txt (line 1490))
2026-10-10T15:11:44.5301223Z   Downloading lru_dict-1.4.1-cp314-cp314-manylinux1_x86_64.manylinux_2_28_x86_64.manylinux_2_5_x86_64.whl (32 kB)
2026-10-10T15:11:44.5858490Z Collecting markupsafe==3.0.3 (from -r tests/requirements-typing.txt (line 1587))
2026-10-10T15:11:44.5898636Z   Downloading markupsafe-3.0.3-cp314-cp314-manylinux2014_x86_64.manylinux_2_17_x86_64.manylinux_2_28_x86_64.whl (23 kB)
2026-10-10T15:11:44.6058340Z Collecting mashumaro==3.22 (from -r tests/requirements-typing.txt (line 1677))
2026-10-10T15:11:44.6090478Z   Downloading mashumaro-3.22-py3-none-any.whl (95 kB)
2026-10-10T15:11:44.8640085Z Collecting multidict==6.9.1 (from -r tests/requirements-typing.txt (line 1680))
2026-10-10T15:11:44.8678632Z   Downloading multidict-6.9.1-cp314-cp314-manylinux2014_x86_64.manylinux_2_17_x86_64.manylinux_2_28_x86_64.whl (333 kB)
2026-10-10T15:11:44.9713918Z Collecting mypy==2.3.1 (from -r tests/requirements-typing.txt (line 1852))
2026-10-10T15:11:44.9789668Z   Downloading mypy-2.3.1-cp314-cp314-manylinux2014_x86_64.manylinux_2_17_x86_64.manylinux_2_28_x86_64.whl (15.2 MB)
2026-10-10T15:11:45.0296266Z      ━━━━━━━━━━━━━━━━━━━━━━━━━━━━━━━━━━━━━━━━ 15.2/15.2 MB 314.9 MB/s  0:00:00
2026-10-10T15:11:45.0582491Z Collecting mypy-extensions==1.1.0 (from -r tests/requirements-typing.txt (line 1905))
2026-10-10T15:11:45.0616655Z   Downloading mypy_extensions-1.1.0-py3-none-any.whl (5.0 kB)
2026-10-10T15:11:45.3316304Z Collecting numpy==2.5.3 (from -r tests/requirements-typing.txt (line 1908))
2026-10-10T15:11:45.3365163Z   Downloading numpy-2.5.3-cp314-cp314-manylinux_2_27_x86_64.manylinux_2_28_x86_64.whl (16.7 MB)
2026-10-10T15:11:45.4005945Z      ━━━━━━━━━━━━━━━━━━━━━━━━━━━━━━━━━━━━━━━━ 16.7/16.7 MB 269.0 MB/s  0:00:00
2026-10-10T15:11:45.4342378Z Collecting numpy-typing-compat==20260602.2.5 (from -r tests/requirements-typing.txt (line 1975))
2026-10-10T15:11:45.4378837Z   Downloading numpy_typing_compat-20260602.2.5-py3-none-any.whl (5.9 kB)
2026-10-10T15:11:45.4502544Z Collecting optype==0.18.0 (from -r tests/requirements-typing.txt (line 1978))
2026-10-10T15:11:45.4538672Z   Downloading optype-0.18.0-py3-none-any.whl (73 kB)
2026-10-10T15:11:45.6911878Z Collecting orjson==3.11.9 (from -r tests/requirements-typing.txt (line 1981))
2026-10-10T15:11:45.6947447Z   Downloading orjson-3.11.9-cp314-cp314-manylinux_2_17_x86_64.manylinux2014_x86_64.whl (134 kB)
2026-10-10T15:11:45.7105555Z Collecting packaging==26.3 (from -r tests/requirements-typing.txt (line 2056))
2026-10-10T15:11:45.7141546Z   Downloading packaging-26.3-py3-none-any.whl (129 kB)
2026-10-10T15:11:45.7257221Z Collecting pathspec==1.1.1 (from -r tests/requirements-typing.txt (line 2059))
2026-10-10T15:11:45.7288971Z   Downloading pathspec-1.1.1-py3-none-any.whl (57 kB)
2026-10-10T15:11:45.8897630Z Collecting pillow==12.3.0 (from -r tests/requirements-typing.txt (line 2062))
2026-10-10T15:11:45.8941044Z   Downloading pillow-12.3.0-cp314-cp314-manylinux_2_27_x86_64.manylinux_2_28_x86_64.whl (6.9 MB)
2026-10-10T15:11:45.9180477Z      ━━━━━━━━━━━━━━━━━━━━━━━━━━━━━━━━━━━━━━━━ 6.9/6.9 MB 321.4 MB/s  0:00:00
2026-10-10T15:11:45.9397991Z Collecting probatio==0.11.4 (from -r tests/requirements-typing.txt (line 2150))
2026-10-10T15:11:45.9439137Z   Downloading probatio-0.11.4-py3-none-any.whl (222 kB)
2026-10-10T15:11:46.0142497Z Collecting propcache==0.5.2 (from -r tests/requirements-typing.txt (line 2153))
2026-10-10T15:11:46.0179850Z   Downloading propcache-0.5.2-cp314-cp314-manylinux2014_x86_64.manylinux_2_17_x86_64.manylinux_2_28_x86_64.whl (61 kB)
2026-10-10T15:11:46.0855948Z Collecting psutil==7.2.2 (from -r tests/requirements-typing.txt (line 2275))
2026-10-10T15:11:46.0910558Z   Downloading psutil-7.2.2-cp36-abi3-manylinux2010_x86_64.manylinux_2_12_x86_64.manylinux_2_28_x86_64.whl (155 kB)
2026-10-10T15:11:46.1058392Z Collecting psutil-home-assistant==0.0.1 (from -r tests/requirements-typing.txt (line 2297))
2026-10-10T15:11:46.1096721Z   Downloading psutil_home_assistant-0.0.1-py3-none-any.whl (6.3 kB)
2026-10-10T15:11:46.1818272Z Collecting pycares==5.0.1 (from -r tests/requirements-typing.txt (line 2300))
2026-10-10T15:11:46.1857142Z   Downloading pycares-5.0.1-cp314-cp314-manylinux_2_26_x86_64.manylinux_2_28_x86_64.whl (223 kB)
2026-10-10T15:11:46.1994862Z Collecting pycognito==2024.5.1 (from -r tests/requirements-typing.txt (line 2386))
2026-10-10T15:11:46.2030188Z   Downloading pycognito-2024.5.1-py3-none-any.whl (26 kB)
2026-10-10T15:11:46.2145562Z Collecting pycparser==3.0 (from -r tests/requirements-typing.txt (line 2389))
2026-10-10T15:11:46.2183758Z   Downloading pycparser-3.0-py3-none-any.whl (48 kB)
2026-10-10T15:11:46.2347056Z Collecting pyjwt==2.15.0 (from -r tests/requirements-typing.txt (line 2392))
2026-10-10T15:11:46.2379932Z   Downloading pyjwt-2.15.0-py3-none-any.whl (33 kB)
2026-10-10T15:11:46.2586544Z Collecting pynacl==1.6.2 (from -r tests/requirements-typing.txt (line 2395))
2026-10-10T15:11:46.2621875Z   Downloading pynacl-1.6.2-cp38-abi3-manylinux_2_34_x86_64.whl (1.4 MB)
2026-10-10T15:11:46.2696697Z      ━━━━━━━━━━━━━━━━━━━━━━━━━━━━━━━━━━━━━━━━ 1.4/1.4 MB 228.6 MB/s  0:00:00
2026-10-10T15:11:46.2839596Z Collecting pyopenssl==26.4.0 (from -r tests/requirements-typing.txt (line 2421))
2026-10-10T15:11:46.2873634Z   Downloading pyopenssl-26.4.0-py3-none-any.whl (56 kB)
2026-10-10T15:11:46.2994654Z Collecting pyrfc3339==2.1.0 (from -r tests/requirements-typing.txt (line 2424))
2026-10-10T15:11:46.3028090Z   Downloading pyrfc3339-2.1.0-py3-none-any.whl (6.8 kB)
2026-10-10T15:11:46.3117175Z Collecting pyric==0.1.6.3 (from -r tests/requirements-typing.txt (line 2427))
2026-10-10T15:11:46.3151655Z   Downloading PyRIC-0.1.6.3.tar.gz (870 kB)
2026-10-10T15:11:46.3217057Z      ━━━━━━━━━━━━━━━━━━━━━━━━━━━━━━━━━━━━━━━━ 870.4/870.4 kB 168.3 MB/s  0:00:00
2026-10-10T15:11:46.3460078Z   Installing build dependencies: started
2026-10-10T15:11:47.0635351Z   Installing build dependencies: finished with status 'done'
2026-10-10T15:11:47.0641716Z   Getting requirements to build wheel: started
2026-10-10T15:11:47.6703932Z   Getting requirements to build wheel: finished with status 'done'
2026-10-10T15:11:47.6714399Z   Preparing metadata (pyproject.toml): started
2026-10-10T15:11:47.9441165Z   Preparing metadata (pyproject.toml): finished with status 'done'
2026-10-10T15:11:47.9552407Z Collecting python-dateutil==2.9.0.post0 (from -r tests/requirements-typing.txt (line 2429))
2026-10-10T15:11:47.9586934Z   Downloading python_dateutil-2.9.0.post0-py2.py3-none-any.whl (229 kB)
2026-10-10T15:11:47.9719863Z Collecting python-slugify==8.0.4 (from -r tests/requirements-typing.txt (line 2432))
2026-10-10T15:11:47.9751669Z   Downloading python_slugify-8.0.4-py2.py3-none-any.whl (10 kB)
2026-10-10T15:11:48.0067604Z Collecting pytz==2026.4 (from -r tests/requirements-typing.txt (line 2435))
2026-10-10T15:11:48.0102171Z   Downloading pytz-2026.4-py2.py3-none-any.whl (506 kB)
2026-10-10T15:11:48.0491744Z Collecting pyyaml==6.0.3 (from -r tests/requirements-typing.txt (line 2438))
2026-10-10T15:11:48.0526635Z   Downloading pyyaml-6.0.3-cp314-cp314-manylinux2014_x86_64.manylinux_2_17_x86_64.manylinux_2_28_x86_64.whl (794 kB)
2026-10-10T15:11:48.0582730Z      ━━━━━━━━━━━━━━━━━━━━━━━━━━━━━━━━━━━━━━━━ 794.2/794.2 kB 169.4 MB/s  0:00:00
2026-10-10T15:11:48.4296005Z Collecting regex==2026.9.10 (from -r tests/requirements-typing.txt (line 2512))
2026-10-10T15:11:48.4338287Z   Downloading regex-2026.9.10-cp314-cp314-manylinux2014_x86_64.manylinux_2_17_x86_64.manylinux_2_28_x86_64.whl (803 kB)
2026-10-10T15:11:48.4392807Z      ━━━━━━━━━━━━━━━━━━━━━━━━━━━━━━━━━━━━━━━━ 803.7/803.7 kB 170.5 MB/s  0:00:00
2026-10-10T15:11:48.4579673Z Collecting requests==2.34.2 (from -r tests/requirements-typing.txt (line 2643))
2026-10-10T15:11:48.4612274Z   Downloading requests-2.34.2-py3-none-any.whl (73 kB)
2026-10-10T15:11:48.4773254Z Collecting s3transfer==0.19.2 (from -r tests/requirements-typing.txt (line 2646))
2026-10-10T15:11:48.4804339Z   Downloading s3transfer-0.19.2-py3-none-any.whl (90 kB)
2026-10-10T15:11:48.4937351Z Collecting scipy-stubs==1.18.1.1 (from -r tests/requirements-typing.txt (line 2649))
2026-10-10T15:11:48.4971547Z   Downloading scipy_stubs-1.18.1.1-py3-none-any.whl (665 kB)
2026-10-10T15:11:48.5021936Z      ━━━━━━━━━━━━━━━━━━━━━━━━━━━━━━━━━━━━━━━━ 665.2/665.2 kB 144.0 MB/s  0:00:00
2026-10-10T15:11:48.5153114Z Collecting securetar==2026.4.1 (from -r tests/requirements-typing.txt (line 2652))
2026-10-10T15:11:48.5184986Z   Downloading securetar-2026.4.1-py3-none-any.whl (19 kB)
2026-10-10T15:11:48.5279224Z Collecting sentence-stream==1.3.0 (from -r tests/requirements-typing.txt (line 2655))
2026-10-10T15:11:48.5311135Z   Downloading sentence_stream-1.3.0-py3-none-any.whl (8.7 kB)
2026-10-10T15:11:48.5419285Z Collecting six==1.17.0 (from -r tests/requirements-typing.txt (line 2658))
2026-10-10T15:11:48.5451057Z   Downloading six-1.17.0-py2.py3-none-any.whl (11 kB)
2026-10-10T15:11:48.5583420Z Collecting snitun==0.47.0 (from -r tests/requirements-typing.txt (line 2661))
2026-10-10T15:11:48.5615521Z   Downloading snitun-0.47.0-py3-none-any.whl (72 kB)
2026-10-10T15:11:48.8338490Z Collecting sqlalchemy==2.0.52 (from -r tests/requirements-typing.txt (line 2664))
2026-10-10T15:11:48.8379373Z   Downloading sqlalchemy-2.0.52-cp314-cp314-manylinux2014_x86_64.manylinux_2_17_x86_64.manylinux_2_28_x86_64.whl (3.3 MB)
2026-10-10T15:11:48.8504171Z      ━━━━━━━━━━━━━━━━━━━━━━━━━━━━━━━━━━━━━━━━ 3.3/3.3 MB 305.6 MB/s  0:00:00
2026-10-10T15:11:48.8662592Z Collecting standard-aifc==3.13.0 (from -r tests/requirements-typing.txt (line 2717))
2026-10-10T15:11:48.8693811Z   Downloading standard_aifc-3.13.0-py3-none-any.whl (10 kB)
2026-10-10T15:11:48.8795555Z Collecting standard-chunk==3.13.0 (from -r tests/requirements-typing.txt (line 2720))
2026-10-10T15:11:48.8825597Z   Downloading standard_chunk-3.13.0-py3-none-any.whl (4.9 kB)
2026-10-10T15:11:48.8929121Z Collecting standard-telnetlib==3.13.0 (from -r tests/requirements-typing.txt (line 2723))
2026-10-10T15:11:48.8961886Z   Downloading standard_telnetlib-3.13.0-py3-none-any.whl (10.0 kB)
2026-10-10T15:11:48.9069915Z Collecting text-unidecode==1.3 (from -r tests/requirements-typing.txt (line 2726))
2026-10-10T15:11:48.9187395Z   Downloading text_unidecode-1.3-py2.py3-none-any.whl (78 kB)
2026-10-10T15:11:48.9286149Z Collecting threadpoolctl==3.7.0 (from -r tests/requirements-typing.txt (line 2729))
2026-10-10T15:11:48.9320524Z   Downloading threadpoolctl-3.7.0-py3-none-any.whl (26 kB)
2026-10-10T15:11:48.9469262Z Collecting typing-extensions==4.16.0 (from -r tests/requirements-typing.txt (line 2732))
2026-10-10T15:11:48.9500834Z   Downloading typing_extensions-4.16.0-py3-none-any.whl (45 kB)
2026-10-10T15:11:48.9621123Z Collecting tzdata==2026.4 (from -r tests/requirements-typing.txt (line 2735))
2026-10-10T15:11:48.9654053Z   Downloading tzdata-2026.4-py2.py3-none-any.whl (347 kB)
2026-10-10T15:11:48.9779075Z Collecting uart-devices==0.1.1 (from -r tests/requirements-typing.txt (line 2738))
2026-10-10T15:11:48.9821268Z   Downloading uart_devices-0.1.1-py3-none-any.whl (4.8 kB)
2026-10-10T15:11:49.0415425Z Collecting ulid-transform==2.2.9 (from -r tests/requirements-typing.txt (line 2741))
2026-10-10T15:11:49.0451102Z   Downloading ulid_transform-2.2.9-cp314-cp314-manylinux_2_24_x86_64.manylinux_2_28_x86_64.whl (26 kB)
2026-10-10T15:11:49.0625224Z Collecting urllib3==2.8.0 (from -r tests/requirements-typing.txt (line 2789))
2026-10-10T15:11:49.0659595Z   Downloading urllib3-2.8.0-py3-none-any.whl (135 kB)
2026-10-10T15:11:49.0773333Z Collecting usb-devices==0.5.1 (from -r tests/requirements-typing.txt (line 2792))
2026-10-10T15:11:49.0804573Z   Downloading usb_devices-0.5.1-py3-none-any.whl (5.4 kB)
2026-10-10T15:11:49.3433929Z Collecting uv==0.12.5 (from -r tests/requirements-typing.txt (line 2795))
2026-10-10T15:11:49.3474304Z   Downloading uv-0.12.5-py3-none-manylinux_2_17_x86_64.manylinux2014_x86_64.whl (23.7 MB)
2026-10-10T15:11:49.4306663Z      ━━━━━━━━━━━━━━━━━━━━━━━━━━━━━━━━━━━━━━━━ 23.7/23.7 MB 293.3 MB/s  0:00:00
2026-10-10T15:11:49.4603952Z Collecting voluptuous==0.16.0 (from -r tests/requirements-typing.txt (line 2815))
2026-10-10T15:11:49.4640023Z   Downloading voluptuous-0.16.0-py3-none-any.whl (31 kB)
2026-10-10T15:11:49.4759645Z Collecting webrtc-models==0.3.0 (from -r tests/requirements-typing.txt (line 2818))
2026-10-10T15:11:49.4792129Z   Downloading webrtc_models-0.3.0-py3-none-any.whl (7.5 kB)
2026-10-10T15:11:49.8228480Z Collecting yarl==1.24.5 (from -r tests/requirements-typing.txt (line 2821))
2026-10-10T15:11:49.8268143Z   Downloading yarl-1.24.5-cp314-cp314-manylinux2014_x86_64.manylinux_2_17_x86_64.manylinux_2_28_x86_64.whl (110 kB)
2026-10-10T15:11:50.2722609Z Collecting zeroconf==0.151.1 (from -r tests/requirements-typing.txt (line 2926))
2026-10-10T15:11:50.2779937Z   Downloading zeroconf-0.151.1-cp314-cp314-manylinux2014_x86_64.manylinux_2_17_x86_64.manylinux_2_28_x86_64.whl (1.4 MB)
2026-10-10T15:11:50.2855514Z      ━━━━━━━━━━━━━━━━━━━━━━━━━━━━━━━━━━━━━━━━ 1.4/1.4 MB 249.4 MB/s  0:00:00
2026-10-10T15:11:50.3754114Z Building wheels for collected packages: pyric
2026-10-10T15:11:50.3762814Z   Building wheel for pyric (pyproject.toml): started
2026-10-10T15:11:50.6831306Z   Building wheel for pyric (pyproject.toml): finished with status 'done'
2026-10-10T15:11:50.6840696Z   Created wheel for pyric: filename=pyric-0.1.6.3-py2.py3-none-any.whl size=407977 sha256=9645b9fd91ff1d276659d7c0a78d37743a0d8b83fcc239b17de97684b8cdb222
2026-10-10T15:11:50.6842826Z   Stored in directory: /home/runner/.cache/pip/wheels/2c/cf/02/36fd497a2f3c8c6d98b3b75cc8523b8bc38d611dde1a319a9a
2026-10-10T15:11:50.6864130Z Successfully built pyric
2026-10-10T15:11:50.6991548Z Installing collected packages: text-unidecode, standard-telnetlib, standard-chunk, standard-aifc, pytz, pyric, ifaddr, ciso8601, btsocket, zeroconf, yarl, webrtc-models, voluptuous, uv, usb-devices, urllib3, ulid-transform, uart-devices, tzdata, typing-extensions, threadpoolctl, sqlalchemy, snitun, six, sentence-stream, securetar, scipy-stubs, s3transfer, requests, regex, pyyaml, python-slugify, python-dateutil, pyrfc3339, pyopenssl, pynacl, pyjwt, pycparser, pycognito, pycares, psutil-home-assistant, psutil, propcache, probatio, pillow, pathspec, packaging, orjson, optype, numpy-typing-compat, numpy, mypy-extensions, mypy, multidict, mashumaro, markupsafe, lru-dict, librt, josepy, jmespath, jinja2, idna, icmplib, httpx, httpcore, homeassistant-stubs, homeassistant, home-assistant-bluetooth, hass-nabucasa, habluetooth, h11, grpcio, greenlet, frozenlist, fnvhash, fnv-hash-fast, envs, dbus-fast, cryptography, cronsim, charset-normalizer, cffi, certifi, botocore, boto3, bluetooth-data-tools, bluetooth-auto-recovery, bluetooth-adapters, bleak-retry-connector, bleak, bcrypt, backoff, awesomeversion, audioop-lts, attrs, atomicwrites-homeassistant, async-interrupt, astral, ast-serialize, anyio, annotatedyaml, aiozoneinfo, aiosignal, aiooui, aiohttp-fast-zlib, aiohttp-cors, aiohttp-asyncmdnsresolver, aiohttp, aiohappyeyeballs, aiogithubapi, aiodns, acme
2026-10-10T15:12:25.4542338Z 
2026-10-10T15:12:25.4641979Z Successfully installed acme-5.7.0 aiodns-4.0.4 aiogithubapi-26.0.0 aiohappyeyeballs-2.7.1 aiohttp-3.14.3 aiohttp-asyncmdnsresolver-0.2.0 aiohttp-cors-0.8.1 aiohttp-fast-zlib-0.3.0 aiooui-0.1.11 aiosignal-1.4.0 aiozoneinfo-0.2.3 annotatedyaml-1.0.2 anyio-4.15.1 ast-serialize-0.11.2 astral-2.2 async-interrupt-1.2.2 atomicwrites-homeassistant-1.4.1 attrs-26.1.0 audioop-lts-0.2.2 awesomeversion-25.8.0 backoff-2.2.1 bcrypt-5.0.0 bleak-3.0.2 bleak-retry-connector-4.7.1 bluetooth-adapters-2.4.0 bluetooth-auto-recovery-1.6.4 bluetooth-data-tools-1.29.24 boto3-1.43.103 botocore-1.43.103 btsocket-0.3.0 certifi-2026.7.22 cffi-2.1.1 charset-normalizer-3.5.1 ciso8601-2.3.3 cronsim-2.7 cryptography-50.0.1 dbus-fast-5.0.22 envs-1.4 fnv-hash-fast-2.0.3 fnvhash-0.2.1 frozenlist-1.8.0 greenlet-3.5.6 grpcio-1.84.0 h11-0.16.0 habluetooth-7.1.2 hass-nabucasa-2.7.0 home-assistant-bluetooth-2.0.0 homeassistant-2026.9.3 homeassistant-stubs-2026.9.3 httpcore-1.0.9 httpx-0.28.1 icmplib-3.0.4 idna-3.20 ifaddr-0.2.0 jinja2-3.1.6 jmespath-1.1.0 josepy-2.2.0 librt-0.15.0 lru-dict-1.4.1 markupsafe-3.0.3 mashumaro-3.22 multidict-6.9.1 mypy-2.3.1 mypy-extensions-1.1.0 numpy-2.5.3 numpy-typing-compat-20260602.2.5 optype-0.18.0 orjson-3.11.9 packaging-26.3 pathspec-1.1.1 pillow-12.3.0 probatio-0.11.4 propcache-0.5.2 psutil-7.2.2 psutil-home-assistant-0.0.1 pycares-5.0.1 pycognito-2024.5.1 pycparser-3.0 pyjwt-2.15.0 pynacl-1.6.2 pyopenssl-26.4.0 pyrfc3339-2.1.0 pyric-0.1.6.3 python-dateutil-2.9.0.post0 python-slugify-8.0.4 pytz-2026.4 pyyaml-6.0.3 regex-2026.9.10 requests-2.34.2 s3transfer-0.19.2 scipy-stubs-1.18.1.1 securetar-2026.4.1 sentence-stream-1.3.0 six-1.17.0 snitun-0.47.0 sqlalchemy-2.0.52 standard-aifc-3.13.0 standard-chunk-3.13.0 standard-telnetlib-3.13.0 text-unidecode-1.3 threadpoolctl-3.7.0 typing-extensions-4.16.0 tzdata-2026.4 uart-devices-0.1.1 ulid-transform-2.2.9 urllib3-2.8.0 usb-devices-0.5.1 uv-0.12.5 voluptuous-0.16.0 webrtc-models-0.3.0 yarl-1.24.5 zeroconf-0.151.1
2026-10-10T15:12:26.1458747Z ##[group]Run .venv-typing/bin/python tests/typing_ruler.py --mypy \
2026-10-10T15:12:26.1459308Z [36;1m.venv-typing/bin/python tests/typing_ruler.py --mypy \[0m
2026-10-10T15:12:26.1459710Z [36;1m  --emit "$RUNNER_TEMP/typing-census.json"[0m
2026-10-10T15:12:26.1526668Z shell: /usr/bin/bash -e {0}
2026-10-10T15:12:26.1526944Z env:
2026-10-10T15:12:26.1527230Z   pythonLocation: /opt/hostedtoolcache/Python/3.14.8/x64
2026-10-10T15:12:26.1527713Z   PKG_CONFIG_PATH: /opt/hostedtoolcache/Python/3.14.8/x64/lib/pkgconfig
2026-10-10T15:12:26.1528199Z   Python_ROOT_DIR: /opt/hostedtoolcache/Python/3.14.8/x64
2026-10-10T15:12:26.1528624Z   Python2_ROOT_DIR: /opt/hostedtoolcache/Python/3.14.8/x64
2026-10-10T15:12:26.1529045Z   Python3_ROOT_DIR: /opt/hostedtoolcache/Python/3.14.8/x64
2026-10-10T15:12:26.1529464Z   LD_LIBRARY_PATH: /opt/hostedtoolcache/Python/3.14.8/x64/lib
2026-10-10T15:12:26.1529814Z ##[endgroup]
2026-10-10T15:12:54.7167371Z 
2026-10-10T15:12:54.7168350Z === typing ruler (mypy 2.3.1, homeassistant-stubs 2026.9.3, stub-free) ===
2026-10-10T15:12:54.7169624Z   ok   every recorded typing count is a finite non-negative integer
2026-10-10T15:12:54.7170391Z   ok   interpreter is at least Python 3.14.2
2026-10-10T15:12:54.7170862Z   ok   mypy is pinned at 2.3.1
2026-10-10T15:12:54.7171323Z   ok   homeassistant-stubs is pinned at 2026.9.3
2026-10-10T15:12:54.7172479Z   ..   third-party resolution (chosen by the stubs, recorded not asserted)  [aiohttp==3.14.3, numpy==2.5.3, scipy-stubs==1.18.1.1, threadpoolctl==3.7.0, voluptuous==0.16.0]
2026-10-10T15:12:54.7173703Z   ok   every third-party requirement is installed
2026-10-10T15:12:54.7174224Z   ok   mypy exited 0 or 1 (clean, or errors found)
2026-10-10T15:12:54.7176230Z   ok   production-only by construction: every error line is under custom_components/heatpump_optimizer/
2026-10-10T15:12:54.7176914Z 
2026-10-10T15:12:54.7177219Z measurement written to /home/runner/work/_temp/typing-census.json
2026-10-10T15:12:54.7177668Z 
2026-10-10T15:12:54.7177921Z ########## errors by module (reported, not ratcheted) ##########
2026-10-10T15:12:54.7178455Z   coordinator.py                      1
2026-10-10T15:12:54.7179048Z   FAIL errors did not grow  [recorded 0, measured 1 (+1)]
2026-10-10T15:12:54.7179822Z   FAIL by_code[no-any-return] did not grow  [recorded 0, measured 1 (+1)]
2026-10-10T15:12:54.7180858Z   ok   type_ignores did not grow
2026-10-10T15:12:54.7181166Z 
2026-10-10T15:12:54.7181348Z 2 of 10 typing-ruler checks FAILED
2026-10-10T15:12:54.7317674Z ##[error]Process completed with exit code 1.
2026-10-10T15:12:54.7425785Z ##[group]Run actions/upload-artifact@b7c566a772e6b6bfb58ed0dc250532a479d7789f
2026-10-10T15:12:54.7426219Z with:
2026-10-10T15:12:54.7426415Z   name: typing-census
2026-10-10T15:12:54.7426686Z   path: /home/runner/work/_temp/typing-census.json
2026-10-10T15:12:54.7427005Z   if-no-files-found: ignore
2026-10-10T15:12:54.7427245Z   compression-level: 6
2026-10-10T15:12:54.7427453Z   overwrite: false
2026-10-10T15:12:54.7427659Z   include-hidden-files: false
2026-10-10T15:12:54.7427885Z env:
2026-10-10T15:12:54.7428126Z   pythonLocation: /opt/hostedtoolcache/Python/3.14.8/x64
2026-10-10T15:12:54.7428552Z   PKG_CONFIG_PATH: /opt/hostedtoolcache/Python/3.14.8/x64/lib/pkgconfig
2026-10-10T15:12:54.7428988Z   Python_ROOT_DIR: /opt/hostedtoolcache/Python/3.14.8/x64
2026-10-10T15:12:54.7429362Z   Python2_ROOT_DIR: /opt/hostedtoolcache/Python/3.14.8/x64
2026-10-10T15:12:54.7429733Z   Python3_ROOT_DIR: /opt/hostedtoolcache/Python/3.14.8/x64
2026-10-10T15:12:54.7449308Z   LD_LIBRARY_PATH: /opt/hostedtoolcache/Python/3.14.8/x64/lib
2026-10-10T15:12:54.7449746Z ##[endgroup]
2026-10-10T15:12:54.9096925Z With the provided path, there will be 1 file uploaded
2026-10-10T15:12:54.9115582Z Artifact name is valid!
2026-10-10T15:12:54.9125669Z Root directory input is valid!
2026-10-10T15:12:55.1612996Z Beginning upload of artifact content to blob storage
2026-10-10T15:12:55.3079564Z Uploaded bytes 353
2026-10-10T15:12:55.3418234Z Finished uploading artifact content to blob storage!
2026-10-10T15:12:55.3419471Z SHA256 digest of uploaded artifact zip is a4d8744fa77cdff9ec42b9ed31cd5f0dd273df9c1341e6776901a0bf12ca5315
2026-10-10T15:12:55.3421365Z Finalizing artifact upload
2026-10-10T15:12:55.6334335Z Artifact typing-census.zip successfully finalized. Artifact ID 11672989034
2026-10-10T15:12:55.6336002Z Artifact typing-census has been successfully uploaded! Final size is 353 bytes. Artifact ID is 11672989034
2026-10-10T15:12:55.6340286Z Artifact download URL: https://github.com/tvofi/heatpump_optimizer/actions/runs/38062581878/artifacts/11672989034
2026-10-10T15:12:55.6551251Z Post job cleanup.
2026-10-10T15:12:55.7443271Z [command]/usr/bin/git version
2026-10-10T15:12:55.7491075Z git version 2.55.0
2026-10-10T15:12:55.7534289Z Temporarily overriding HOME='/home/runner/work/_temp/5c9e91b7-8185-4341-8807-badc32749975' before making global git config changes
2026-10-10T15:12:55.7536793Z Adding repository directory to the temporary git global config as a safe directory
2026-10-10T15:12:55.7541643Z [command]/usr/bin/git config --global --add safe.directory /home/runner/work/heatpump_optimizer/heatpump_optimizer
2026-10-10T15:12:55.7590211Z [command]/usr/bin/git config --local --name-only --get-regexp core\.sshCommand
2026-10-10T15:12:55.7635917Z [command]/usr/bin/git submodule foreach --recursive sh -c "git config --local --name-only --get-regexp 'core\.sshCommand' && git config --local --unset-all 'core.sshCommand' || :"
2026-10-10T15:12:55.7908451Z [command]/usr/bin/git config --local --name-only --get-regexp http\.https\:\/\/github\.com\/\.extraheader
2026-10-10T15:12:55.7947457Z http.https://github.com/.extraheader
2026-10-10T15:12:55.7962107Z [command]/usr/bin/git config --local --unset-all http.https://github.com/.extraheader
2026-10-10T15:12:55.8003340Z [command]/usr/bin/git submodule foreach --recursive sh -c "git config --local --name-only --get-regexp 'http\.https\:\/\/github\.com\/\.extraheader' && git config --local --unset-all 'http.https://github.com/.extraheader' || :"
2026-10-10T15:12:55.8326075Z [command]/usr/bin/git config --local --name-only --get-regexp ^includeIf\.gitdir:
2026-10-10T15:12:55.8392615Z [command]/usr/bin/git submodule foreach --recursive git config --local --show-origin --name-only --get-regexp remote.origin.url
2026-10-10T15:12:55.8865142Z Cleaning up orphan processes
