# baseline=7dd68dd  horizon=12h
# procs_at_start=0 load1=4.19

=== Stress and economics ===
RESULT reference_solve_cpu_s=25.274 s
RESULT reference_thread_factor=1.00014
RESULT winter_typical.comfort_terms_calls_per_solve=9855 calls
RESULT winter_typical.comfort_terms_calls_per_gradient=49.0299 calls/grad
RESULT winter_typical.batch_rows_per_solve=9648 rows
RESULT winter_typical.batch_rows_per_gradient=48 rows/grad
RESULT winter_typical.njev=201 grads
RESULT winter_typical.comfort_terms_cpu_share_pct=32.0145 pct
RESULT winter_typical.simulate_batch_cpu_share_pct=36.1368 pct
RESULT winter_typical.comfort_over_simulate_batch=0.885924
RESULT winter_typical.solve_wall_s_PROVISIONAL=0.685883 s
RESULT winter_typical.solve_cpu_s_PROVISIONAL=0.670853 s
RESULT winter_typical.thread_factor=0.999997
RESULT flat_NULL.comfort_terms_calls_per_solve=11325 calls
RESULT flat_NULL.comfort_terms_calls_per_gradient=49.026 calls/grad
RESULT flat_NULL.batch_rows_per_solve=11088 rows
RESULT flat_NULL.batch_rows_per_gradient=48 rows/grad
RESULT flat_NULL.njev=231 grads
RESULT flat_NULL.comfort_terms_cpu_share_pct=32.6246 pct
RESULT flat_NULL.simulate_batch_cpu_share_pct=36.7138 pct
RESULT flat_NULL.comfort_over_simulate_batch=0.888622
RESULT flat_NULL.solve_wall_s_PROVISIONAL=0.786562 s
RESULT flat_NULL.solve_cpu_s_PROVISIONAL=0.771526 s
RESULT flat_NULL.thread_factor=0.999998
RESULT cpu_ratio_vs_reference=0.0265432
RESULT null_control_comfort_share_delta_pp=0.610156 pp
RESULT null_control_calls_per_gradient_delta=-0.00387672 calls/grad
RESULT load1=4.19434
RESULT swapins=41682242
RESULT concurrent_gate_procs=0
