class                 tot A_first W_first T_first  per-round
I1                     68       1       1       1  R1=8 R2=11 R3=7 R4=4 R5=10 R6=6 R7=3 R8=5 R9=14
I2                      8       5       5       5  R2=1 R3=1 R5=3 R7=1 R8=1 R9=1
I3                     31       3       3       3  R2=1 R3=4 R4=6 R5=2 R6=2 R7=3 R8=6 R9=7
I4                     20       5       5       6  R4=1 R5=3 R6=3 R7=7 R8=1 R9=5
I5                     89       1       1       1  R1=10 R2=15 R3=10 R4=7 R5=9 R6=6 R7=3 R8=6 R9=23
N-approval-rebuy        1    None    None    None  R9=1
N-finally-return        1    None    None    None  R9=1
N-future-instant        8       9       9       9  R9=8
N-name-sort             1    None    None    None  R9=1
N-reap-lock             1    None    None    None  R9=1
N-restart               2    None    None    None  R9=2
N-shared-config         3    None       9    None  R8=2 R9=1
N-solve-recompute       8       9       9       9  R8=1 R9=7
N-staleness             1    None    None    None  R9=1
N-step-grid             1    None    None    None  R9=1
N-structure-blind       5       9       9       9  R8=2 R9=3
P1                     27       5       2       3  R1=2 R2=2 R3=1 R4=2 R5=3 R6=2 R8=2 R9=13
P10                    12       1       1       2  R1=3 R2=2 R3=1 R4=1 R5=1 R6=1 R7=1 R9=2
P11                     6       9       9       9  R9=6
P2                     66       1       1       1  R1=5 R2=7 R3=2 R4=3 R5=4 R6=3 R7=4 R8=7 R9=31
P3                     20       2       2       4  R2=3 R4=4 R5=2 R6=3 R7=1 R8=1 R9=6
P4                     16       2       2       2  R1=2 R2=3 R3=2 R4=2 R5=3 R6=1 R7=1 R8=1 R9=1
P5                     19       3       2       3  R1=2 R2=2 R3=3 R4=1 R5=3 R6=1 R7=1 R8=1 R9=5
P6                     25       1       1       1  R1=5 R2=6 R3=2 R4=1 R6=1 R7=3 R8=1 R9=6
P7                      5    None       3       9  R2=1 R3=2 R5=1 R9=1
P8                     10       4       4       4  R1=1 R2=1 R4=3 R5=1 R7=1 R8=1 R9=2
P9                     32       1       1       2  R1=4 R2=8 R4=1 R5=3 R6=1 R7=2 R8=1 R9=12

A never fired, W or T fired: ['N-shared-config', 'P7']
W fires strictly before A: [('N-shared-config', 9, None), ('P1', 2, 5), ('P5', 2, 3), ('P7', 3, None)]
T fires, W never: []
