RESULT breach_steps_summer_negative_export0.00=0 steps_of_96
RESULT signed_err_3kw_summer_negative_export0.00=0.000000 currency_per_day
RESULT breach_steps_summer_negative_export0.30=0 steps_of_96
RESULT signed_err_3kw_summer_negative_export0.30=-0.000000 currency_per_day
RESULT breach_steps_summer_typical_export0.00=0 steps_of_96
RESULT signed_err_3kw_summer_typical_export0.00=0.000000 currency_per_day
RESULT breach_steps_summer_typical_export0.30=0 steps_of_96
RESULT signed_err_3kw_summer_typical_export0.30=0.000000 currency_per_day
RESULT breach_steps_shoulder_export0.00=0 steps_of_96
RESULT signed_err_3kw_shoulder_export0.00=-0.000000 currency_per_day
RESULT breach_steps_shoulder_export0.30=0 steps_of_96
RESULT signed_err_3kw_shoulder_export0.30=0.000000 currency_per_day
RESULT breach_steps_winter_typical_export0.00=0 steps_of_96
RESULT signed_err_3kw_winter_typical_export0.00=-0.000000 currency_per_day
RESULT breach_steps_winter_typical_export0.30=0 steps_of_96
RESULT signed_err_3kw_winter_typical_export0.30=-0.000000 currency_per_day
RESULT breach_steps_winter_moderate_export0.00=0 steps_of_96
RESULT signed_err_3kw_winter_moderate_export0.00=-0.000000 currency_per_day
RESULT breach_steps_winter_moderate_export0.30=0 steps_of_96
RESULT signed_err_3kw_winter_moderate_export0.30=-0.000000 currency_per_day
RESULT breach_steps_flat_export0.00=0 steps_of_96
RESULT signed_err_3kw_flat_export0.00=0.000000 currency_per_day
RESULT breach_steps_flat_export0.30=0 steps_of_96
RESULT signed_err_3kw_flat_export0.30=0.000000 currency_per_day
RESULT cells=12
RESULT signed_err_range_export0.30=-0.000000..0.000000 currency_per_day
RESULT signed_err_mean_export0.30=-0.000000
RESULT signed_err_mean_export0.30_leave_most_negative_out=0.000000
RESULT null_export0_nonnegative_profiles_breach=0 steps
RESULT null_no_surplus_abs_err=0.000e+00 currency
RESULT solve_predicted_cost=-0.061175 currency
RESULT solve_predicted_cost_minus_identity=0.000000 currency
RESULT solve_surplus_kwh_in_negative_steps=2.2733 kWh
RESULT blended_block_breach_summer_negative_export0.00=0 steps_of_96
RESULT perturbed=0
RESULT thread_factor=1.000
RESULT load1=1.94
RESULT swapins=0
