RESULT k0.5_1z_on_weighted_overstatement=0.0206 ratio (max 0.0735, bias 3.80 K)
RESULT k0.5_1z_off_weighted_overstatement=0.0206 ratio (max 0.0735, bias 0.00 K)
RESULT k0.5_1z_wide_weighted_overstatement=0.0206 ratio (max 0.0735, bias 3.80 K)
RESULT k0.5_2z_on_weighted_overstatement=0.0206 ratio (max 0.0735, bias 3.42 K)
RESULT k0.5_2z_off_weighted_overstatement=0.0206 ratio (max 0.0735, bias 0.00 K)
RESULT k0.5_2z_wide_weighted_overstatement=0.0206 ratio (max 0.0735, bias 3.42 K)
RESULT k0.8_1z_on_weighted_overstatement=0.1321 ratio (max 0.2322, bias 7.43 K)
RESULT k0.8_1z_off_weighted_overstatement=0.1321 ratio (max 0.2322, bias 0.00 K)
RESULT k0.8_1z_wide_weighted_overstatement=0.1321 ratio (max 0.2322, bias 7.55 K)
RESULT k0.8_2z_on_weighted_overstatement=0.1321 ratio (max 0.2322, bias 7.07 K)
RESULT k0.8_2z_off_weighted_overstatement=0.1321 ratio (max 0.2322, bias 0.00 K)
RESULT k0.8_2z_wide_weighted_overstatement=0.1321 ratio (max 0.2322, bias 7.16 K)
RESULT k1.0_1z_on_weighted_overstatement=0.2095 ratio (max 0.3147, bias 9.57 K)
RESULT k1.0_1z_off_weighted_overstatement=0.2095 ratio (max 0.3147, bias 0.00 K)
RESULT k1.0_1z_wide_weighted_overstatement=0.2085 ratio (max 0.3147, bias 10.04 K)
RESULT k1.0_2z_on_weighted_overstatement=0.2068 ratio (max 0.3115, bias 9.26 K)
RESULT k1.0_2z_off_weighted_overstatement=0.2095 ratio (max 0.3147, bias 0.00 K)
RESULT k1.0_2z_wide_weighted_overstatement=0.2038 ratio (max 0.3029, bias 9.65 K)
RESULT k1.2_1z_on_weighted_overstatement=0.2472 ratio (max 0.3473, bias 11.36 K)
RESULT k1.2_1z_off_weighted_overstatement=0.2618 ratio (max 0.3625, bias 0.00 K)
RESULT k1.2_1z_wide_weighted_overstatement=0.2251 ratio (max 0.3189, bias 12.49 K)
RESULT k1.2_2z_on_weighted_overstatement=0.2358 ratio (max 0.3320, bias 11.11 K)
RESULT k1.2_2z_off_weighted_overstatement=0.2618 ratio (max 0.3625, bias 0.00 K)
RESULT k1.2_2z_wide_weighted_overstatement=0.2154 ratio (max 0.3074, bias 12.11 K)
RESULT fixed45_1z_on_weighted_overstatement=0.1120 ratio (max 0.2361, bias 15.00 K)
RESULT fixed45_1z_off_weighted_overstatement=0.2011 ratio (max 0.3145, bias 0.00 K)
RESULT fixed45_1z_wide_weighted_overstatement=-0.0223 ratio (max 0.0113, bias 22.55 K)
RESULT fixed45_2z_on_weighted_overstatement=0.0962 ratio (max 0.2266, bias 15.00 K)
RESULT fixed45_2z_off_weighted_overstatement=0.2011 ratio (max 0.3145, bias 0.00 K)
RESULT fixed45_2z_wide_weighted_overstatement=-0.0278 ratio (max 0.0144, bias 22.17 K)
RESULT fixed50_1z_on_weighted_overstatement=0.1983 ratio (max 0.3772, bias 15.00 K)
RESULT fixed50_1z_off_weighted_overstatement=0.2943 ratio (max 0.4644, bias 0.00 K)
RESULT fixed50_1z_wide_weighted_overstatement=-0.0188 ratio (max 0.0098, bias 27.55 K)
RESULT fixed50_2z_on_weighted_overstatement=0.1813 ratio (max 0.3666, bias 15.00 K)
RESULT fixed50_2z_off_weighted_overstatement=0.2943 ratio (max 0.4644, bias 0.00 K)
RESULT fixed50_2z_wide_weighted_overstatement=-0.0236 ratio (max 0.0125, bias 27.17 K)
RESULT thread_factor=1.0000
RESULT load1=3.15
RESULT swapins=0
