RESULT winter_typical_winter_cold_E0.00_tariff_prod_minus_unfloored=0.0000 currency_per_day
RESULT winter_typical_winter_cold_E0.00_published_minus_tariff_prod=0.0000 currency
RESULT winter_typical_winter_cold_E0.00_tariff_prod=30.6407 currency
RESULT summer_negative_summer_cool_E0.00_tariff_prod_minus_unfloored=0.0518 currency_per_day
RESULT summer_negative_summer_cool_E0.00_published_minus_tariff_prod=-0.1743 currency
RESULT summer_negative_summer_cool_E0.00_tariff_prod=0.4361 currency
RESULT summer_negative_summer_warm_E0.00_tariff_prod_minus_unfloored=0.0199 currency_per_day
RESULT summer_negative_summer_warm_E0.00_published_minus_tariff_prod=-0.1181 currency
RESULT summer_negative_summer_warm_E0.00_tariff_prod=0.5194 currency
RESULT summer_typical_summer_warm_E0.30_tariff_prod_minus_unfloored=0.0000 currency_per_day
RESULT summer_typical_summer_warm_E0.30_published_minus_tariff_prod=-0.0985 currency
RESULT summer_typical_summer_warm_E0.30_tariff_prod=1.2536 currency
RESULT summer_negative_summer_cool_E0.30_tariff_prod_minus_unfloored=-0.0773 currency_per_day
RESULT summer_negative_summer_cool_E0.30_published_minus_tariff_prod=-0.6101 currency
RESULT summer_negative_summer_cool_E0.30_tariff_prod=0.8710 currency
RESULT shoulder_shoulder_E0.30_tariff_prod_minus_unfloored=0.0000 currency_per_day
RESULT shoulder_shoulder_E0.30_published_minus_tariff_prod=0.0000 currency
RESULT shoulder_shoulder_E0.30_tariff_prod=6.5654 currency
RESULT thread_factor=1.0005
RESULT load1=1.67
RESULT swapins=0
