RESULT live_repeat_identical=1 count
RESULT live_torn_fields=0 count
RESULT live_torn_field_names=none count
RESULT live_exceptions=0 count
RESULT live_payload_has_plan=1 count
RESULT live_control_changed=26 count
RESULT whatif_repeat_identical=1 count
RESULT whatif_error=none count
RESULT whatif_torn_fields=10 count
RESULT whatif_torn_field_names=compressor_starts+cost_delta+dhw_slots+min_dhw_temperature+min_room_temperature+monthly_cost_delta+projected_peak_kw+savings_percentage+simulated_cost+space_slots count
RESULT whatif_exceptions=0 count
RESULT whatif_scalar_torn_fields=0 count
RESULT whatif_scalar_exceptions=0 count
RESULT whatif_control_changed=10 count
RESULT whatif_control_field_names=compressor_starts+cost_delta+dhw_slots+min_dhw_temperature+min_room_temperature+monthly_cost_delta+projected_peak_kw+savings_percentage+simulated_cost+space_slots count
RESULT whatif_torn_defrost_learner=9 count
RESULT whatif_torn_draw_pattern=0 count
RESULT whatif_torn_gains_profile=7 count
RESULT whatif_torn_dhw_windows=9 count
RESULT thread_factor=346.113
RESULT load1=2.28
RESULT swapins=0
