RESULT notready_eager.leaked_listeners=10 count
RESULT notready_eager.leaked_mqtt_subs=5 count
RESULT notready_eager.zombie_coordinators=5 count
RESULT notready_eager.zombie_handler_runs=5 count
RESULT notready_eager.live_listeners=2 count
RESULT notready_eager.escaped_exceptions=0 count
RESULT notready_eager.first_cycle_ok=1 count
RESULT notready_eager.retries=5 count
RESULT notready_guards_off_eager.leaked_listeners=0 count
RESULT notready_guards_off_eager.leaked_mqtt_subs=0 count
RESULT notready_guards_off_eager.zombie_coordinators=0 count
RESULT notready_guards_off_eager.zombie_handler_runs=0 count
RESULT notready_guards_off_eager.live_listeners=0 count
RESULT notready_guards_off_eager.escaped_exceptions=0 count
RESULT notready_guards_off_eager.first_cycle_ok=1 count
RESULT notready_guards_off_eager.retries=5 count
RESULT midsolve_eager.light_refresh_published=1 count
RESULT midsolve_eager.reload_ok=1 count
RESULT midsolve_eager.new_first_cycle_ok=1 count
RESULT midsolve_eager.old_tasks_alive=0 count
RESULT midsolve_eager.old_listeners=0 count
RESULT midsolve_eager.old_mqtt_subs=0 count
RESULT midsolve_eager.old_timers=0 count
RESULT midsolve_eager.old_exec_futures_pending=0 count
RESULT midsolve_eager.old_post_shutdown_actuations=0 count
RESULT midsolve_eager.old_post_shutdown_saves=0 count
RESULT midsolve_eager.escaped_exceptions=0 count
RESULT midsolve_eager.old_instance_alive_after_gc=0 count
RESULT midsolve_eager.sched_shutdown_returned_before_release=1 count
RESULT midsolve_eager.sched_zombie_actuations=1 count
RESULT midsolve_eager.sched_zombie_saves=2 count
RESULT midsolve_eager.sched_zombie_service_calls=3 count
RESULT midsolve_eager.sched_zombie_service_calls_detail=switch.turn_on+mqtt.publish+mqtt.publish count
RESULT midsolve_eager.sched_old_tasks_alive=0 count
RESULT midsolve_eager.sched_old_timers=0 count
RESULT midsolve_eager.sched_newest_first_cycle_ok=1 count
RESULT midsolve_eager.sched_escaped_exceptions=0 count
RESULT midsolve_eager.unload_midsolve_state_not_loaded=1 count
RESULT midsolve_eager.unload_midsolve_listeners=0 count
RESULT midsolve_eager.unload_midsolve_mqtt_subs=0 count
RESULT midsolve_eager.unload_midsolve_tasks_alive=0 count
RESULT midsolve_eager.resetup_first_cycle_ok=1 count
RESULT midsolve_eager.handover_republished=1 count
RESULT midsolve_eager.total_escaped_exceptions=0 count
RESULT notready_lazy.leaked_listeners=10 count
RESULT notready_lazy.leaked_mqtt_subs=5 count
RESULT notready_lazy.zombie_coordinators=5 count
RESULT notready_lazy.zombie_handler_runs=5 count
RESULT notready_lazy.live_listeners=2 count
RESULT notready_lazy.escaped_exceptions=0 count
RESULT notready_lazy.first_cycle_ok=1 count
RESULT notready_lazy.retries=5 count
RESULT notready_guards_off_lazy.leaked_listeners=0 count
RESULT notready_guards_off_lazy.leaked_mqtt_subs=0 count
RESULT notready_guards_off_lazy.zombie_coordinators=0 count
RESULT notready_guards_off_lazy.zombie_handler_runs=0 count
RESULT notready_guards_off_lazy.live_listeners=0 count
RESULT notready_guards_off_lazy.escaped_exceptions=0 count
RESULT notready_guards_off_lazy.first_cycle_ok=1 count
RESULT notready_guards_off_lazy.retries=5 count
RESULT midsolve_lazy.light_refresh_published=1 count
RESULT midsolve_lazy.reload_ok=1 count
RESULT midsolve_lazy.new_first_cycle_ok=1 count
RESULT midsolve_lazy.old_tasks_alive=0 count
RESULT midsolve_lazy.old_listeners=0 count
RESULT midsolve_lazy.old_mqtt_subs=0 count
RESULT midsolve_lazy.old_timers=0 count
RESULT midsolve_lazy.old_exec_futures_pending=0 count
RESULT midsolve_lazy.old_post_shutdown_actuations=0 count
RESULT midsolve_lazy.old_post_shutdown_saves=0 count
RESULT midsolve_lazy.escaped_exceptions=0 count
RESULT midsolve_lazy.old_instance_alive_after_gc=0 count
RESULT midsolve_lazy.sched_shutdown_returned_before_release=1 count
RESULT midsolve_lazy.sched_zombie_actuations=1 count
RESULT midsolve_lazy.sched_zombie_saves=2 count
RESULT midsolve_lazy.sched_zombie_service_calls=6 count
RESULT midsolve_lazy.sched_zombie_service_calls_detail=switch.turn_on+mqtt.publish+mqtt.publish+switch.turn_on+mqtt.publish+mqtt.publish count
RESULT midsolve_lazy.sched_old_tasks_alive=0 count
RESULT midsolve_lazy.sched_old_timers=0 count
RESULT midsolve_lazy.sched_newest_first_cycle_ok=1 count
RESULT midsolve_lazy.sched_escaped_exceptions=0 count
RESULT midsolve_lazy.unload_midsolve_state_not_loaded=1 count
RESULT midsolve_lazy.unload_midsolve_listeners=0 count
RESULT midsolve_lazy.unload_midsolve_mqtt_subs=0 count
RESULT midsolve_lazy.unload_midsolve_tasks_alive=0 count
RESULT midsolve_lazy.resetup_first_cycle_ok=1 count
RESULT midsolve_lazy.handover_republished=1 count
RESULT midsolve_lazy.total_escaped_exceptions=0 count
RESULT notready_leaked_listeners=10 count
RESULT notready_leaked_mqtt_subs=5 count
RESULT notready_zombie_coordinators=5 count
RESULT notready_zombie_handler_runs=5 count
RESULT notready_leaked_listeners_guards_off=0 count
RESULT reload_midsolve_old_tasks_alive=0 count
RESULT reload_midsolve_old_listeners=0 count
RESULT reload_midsolve_old_instance_alive_after_gc=0 count
RESULT sched_midsolve_zombie_actuations=1 count
RESULT sched_midsolve_zombie_saves=2 count
RESULT new_first_cycle_ok=1 count
RESULT total_escaped_exceptions=0 count
RESULT thread_factor=58.407
RESULT load1=2.24
RESULT swapins=0
