RESULT covering_prices_known_steps=96 count
RESULT covering_prices_fallback_steps=0 count
RESULT covering_prices_n_steps=96 count
RESULT covering_prices_solved=1 count
RESULT covering_prices_plan_stale=0 count
RESULT covering_prices_update_success=1 count
RESULT covering_prices_savings_pct=27.92 count
RESULT covering_prices_switch_calls=1 count
RESULT covering_prices_disclosure_keys=price_known_steps=96 count
RESULT covering_prices_forecast_min_max=0.600/1.058 count
RESULT stuck_prices_known_steps=0 count
RESULT stuck_prices_fallback_steps=96 count
RESULT stuck_prices_n_steps=96 count
RESULT stuck_prices_solved=1 count
RESULT stuck_prices_plan_stale=0 count
RESULT stuck_prices_update_success=1 count
RESULT stuck_prices_savings_pct=13.4 count
RESULT stuck_prices_switch_calls=1 count
RESULT stuck_prices_disclosure_keys=price_known_steps=0 count
RESULT stuck_prices_forecast_min_max=0.500/0.500 count
RESULT fabricated_forecast_steps=48 count
RESULT fabricated_forecast_all_equal_current=1 count
RESULT fabricated_forecast_stale_hours=0.0 count
RESULT fabricated_forecast_published_stale_hours=0.0 count
RESULT clock_back_weather_stale_hours=-2.0 count
RESULT clock_fwd_plan_stale=1 count
RESULT clock_fwd_plan_age_minutes=240.0 count
RESULT clock_fwd_actuations=0 count
RESULT clock_back_plan_age_minutes=0.0 count
RESULT clock_back_plan_stale=0 count
RESULT future_last_reported_ok=1 count
RESULT unknown_ok=0 count
RESULT unavailable_ok=0 count
RESULT three_hours_old_ok=0 count
RESULT solve_fail_cycles_still_publish=3 count
RESULT solve_fail_counter=3 count
RESULT solve_fail_issue_raised=1 count
RESULT solve_fail_plan_stale_after_100min=1 count
RESULT solve_fail_actuations_when_stale=0 count
RESULT solve_recover_counter=0 count
RESULT solve_recover_issue_cleared=1 count
RESULT solve_recover_plan_stale=0 count
RESULT thread_factor=1.006
RESULT load1=4.10
RESULT swapins=0
