RESULT fuzz.snapshots.n=200 count
RESULT fuzz.snapshots.loader_raised=0 count
RESULT fuzz.snapshots.cycle1_failed=0 count
RESULT fuzz.snapshots.cycle2_failed=0 count
RESULT fuzz.snapshots.repeat_on_restart=0 count
RESULT fuzz.snapshots.silent_load=0 count
RESULT fuzz.snapshots.multi_warn=0 count
RESULT fuzz.snapshots.disk_reset=8 count
RESULT fuzz.snapshots.identity_failures=0 count
NOTE fuzz.snapshots.exception_kinds={}
RESULT fuzz.dhw_profile.n=200 count
RESULT fuzz.dhw_profile.loader_raised=64 count
RESULT fuzz.dhw_profile.cycle1_failed=0 count
RESULT fuzz.dhw_profile.cycle2_failed=0 count
RESULT fuzz.dhw_profile.repeat_on_restart=64 count
RESULT fuzz.dhw_profile.silent_load=0 count
RESULT fuzz.dhw_profile.multi_warn=0 count
RESULT fuzz.dhw_profile.disk_reset=0 count
RESULT fuzz.dhw_profile.identity_failures=0 count
NOTE fuzz.dhw_profile.exception_kinds={"TypeError": 38, "UFuncTypeError": 24, "AttributeError": 2}
RESULT fuzz.dhw_legionella.n=200 count
RESULT fuzz.dhw_legionella.loader_raised=0 count
RESULT fuzz.dhw_legionella.cycle1_failed=0 count
RESULT fuzz.dhw_legionella.cycle2_failed=0 count
RESULT fuzz.dhw_legionella.repeat_on_restart=0 count
RESULT fuzz.dhw_legionella.silent_load=0 count
RESULT fuzz.dhw_legionella.multi_warn=0 count
RESULT fuzz.dhw_legionella.disk_reset=200 count
RESULT fuzz.dhw_legionella.identity_failures=0 count
NOTE fuzz.dhw_legionella.exception_kinds={}
RESULT fuzz.dhw_draws.n=200 count
RESULT fuzz.dhw_draws.loader_raised=1 count
RESULT fuzz.dhw_draws.cycle1_failed=0 count
RESULT fuzz.dhw_draws.cycle2_failed=0 count
RESULT fuzz.dhw_draws.repeat_on_restart=1 count
RESULT fuzz.dhw_draws.silent_load=0 count
RESULT fuzz.dhw_draws.multi_warn=0 count
RESULT fuzz.dhw_draws.disk_reset=0 count
RESULT fuzz.dhw_draws.identity_failures=0 count
NOTE fuzz.dhw_draws.exception_kinds={"TypeError": 1}
RESULT fuzz.thermal_learning.n=200 count
RESULT fuzz.thermal_learning.loader_raised=9 count
RESULT fuzz.thermal_learning.cycle1_failed=0 count
RESULT fuzz.thermal_learning.cycle2_failed=0 count
RESULT fuzz.thermal_learning.repeat_on_restart=9 count
RESULT fuzz.thermal_learning.silent_load=0 count
RESULT fuzz.thermal_learning.multi_warn=0 count
RESULT fuzz.thermal_learning.disk_reset=7 count
RESULT fuzz.thermal_learning.identity_failures=0 count
NOTE fuzz.thermal_learning.exception_kinds={"OverflowError": 6, "AttributeError": 2, "KeyError": 1}
RESULT fuzz.price_model.n=200 count
RESULT fuzz.price_model.loader_raised=57 count
RESULT fuzz.price_model.cycle1_failed=0 count
RESULT fuzz.price_model.cycle2_failed=0 count
RESULT fuzz.price_model.repeat_on_restart=0 count
RESULT fuzz.price_model.silent_load=0 count
RESULT fuzz.price_model.multi_warn=0 count
RESULT fuzz.price_model.disk_reset=63 count
RESULT fuzz.price_model.identity_failures=0 count
NOTE fuzz.price_model.exception_kinds={"TypeError": 41, "ValueError": 14, "AttributeError": 2}
RESULT fuzz.ledger.n=200 count
RESULT fuzz.ledger.loader_raised=3 count
RESULT fuzz.ledger.cycle1_failed=0 count
RESULT fuzz.ledger.cycle2_failed=0 count
RESULT fuzz.ledger.repeat_on_restart=0 count
RESULT fuzz.ledger.silent_load=0 count
RESULT fuzz.ledger.multi_warn=0 count
RESULT fuzz.ledger.disk_reset=0 count
RESULT fuzz.ledger.identity_failures=0 count
NOTE fuzz.ledger.exception_kinds={"AttributeError": 2, "OverflowError": 1}
RESULT fuzz.accuracy.n=200 count
RESULT fuzz.accuracy.loader_raised=11 count
RESULT fuzz.accuracy.cycle1_failed=0 count
RESULT fuzz.accuracy.cycle2_failed=0 count
RESULT fuzz.accuracy.repeat_on_restart=0 count
RESULT fuzz.accuracy.silent_load=0 count
RESULT fuzz.accuracy.multi_warn=0 count
RESULT fuzz.accuracy.disk_reset=200 count
RESULT fuzz.accuracy.identity_failures=0 count
NOTE fuzz.accuracy.exception_kinds={"OverflowError": 8, "AttributeError": 2, "KeyError": 1}
RESULT fuzz.energy_totals.n=200 count
RESULT fuzz.energy_totals.loader_raised=7 count
RESULT fuzz.energy_totals.cycle1_failed=0 count
RESULT fuzz.energy_totals.cycle2_failed=0 count
RESULT fuzz.energy_totals.repeat_on_restart=0 count
RESULT fuzz.energy_totals.silent_load=0 count
RESULT fuzz.energy_totals.multi_warn=0 count
RESULT fuzz.energy_totals.disk_reset=186 count
RESULT fuzz.energy_totals.identity_failures=0 count
NOTE fuzz.energy_totals.exception_kinds={"TypeError": 5, "AttributeError": 2}
RESULT fuzz.manual_plan.n=200 count
RESULT fuzz.manual_plan.loader_raised=0 count
RESULT fuzz.manual_plan.cycle1_failed=0 count
RESULT fuzz.manual_plan.cycle2_failed=0 count
RESULT fuzz.manual_plan.repeat_on_restart=0 count
RESULT fuzz.manual_plan.silent_load=0 count
RESULT fuzz.manual_plan.multi_warn=0 count
RESULT fuzz.manual_plan.disk_reset=147 count
RESULT fuzz.manual_plan.identity_failures=0 count
NOTE fuzz.manual_plan.exception_kinds={}
RESULT fuzz.total_loader_raised=152 count
RESULT thread_factor=1.000
RESULT load1=1.87
RESULT swapins=0
EXIT 0
