RESULT own_cop_flow_carnot=1 bool
RESULT own_cop_nominal=3.5 cop
RESULT own_cop_reference_c=7 degC
RESULT own_flow_reference_c=35 degC
RESULT own_buffer_max_c=70 degC
RESULT own_derate_none=1 bool
RESULT own_formula_maxrel=0 rel
RESULT own_min_cop_random=0.7202652352 cop
RESULT own_random_below_unity=278 count
RESULT own_random_points=2000 count
RESULT own_fine_cells=5751 count
RESULT own_fine_cells_below_unity=880 count
RESULT own_fine_min_cop=0.7195446773 cop
RESULT own_fine_min_at=outdoor=-21.0C,flow=70.0C
RESULT own_fine_below_unity_drop_coldest_col=817 count
RESULT own_fine_below_unity_drop_hottest_row=861 count
RESULT own_dhw_cells=1701 count
RESULT own_dhw_min_cop=0.84 cop
RESULT own_dhw_cells_below_unity=214 count
RESULT own_dhw_at_35c_min=1.05 cop
RESULT own_negative_steps=380 count
RESULT own_invert_band_lo_c=-40 degC
RESULT own_invert_band_hi_c=-21 degC
RESULT own_invert_band_width_c=19 degC
RESULT own_invert_cop_at_-30c=0.7600190654 cop
RESULT own_invert_cop_at_-21c=0.7195446773 cop
RESULT own_marginal_cop_-21_70=0.7195446773 cop
RESULT own_marginal_cop_-25_70=0.7384800635 cop
RESULT own_marginal_cop_dhw_-25_60=0.84 cop
RESULT own_null_carnot_off=0 bool
RESULT own_null_min_cop=1.05 cop
RESULT own_null_below_unity=0 count
RESULT own_null_worst_step=0 cop
RESULT own_perturbed_min_cop=1 cop
RESULT own_perturbed_below_unity=0 count
RESULT thread_factor=1.000660397 ratio
RESULT load1=5.330078125 load
RESULT concurrent_processes=3 count
RESULT swapins=486610747 count
