RESULT own_flow_set_c=27.88571429 degC
RESULT own_finder_flow_set_differs=1 bool
RESULT own_cells=400 count
RESULT own_jump_max=0.9999400002 fraction
RESULT own_jump_min=-3.547634802e-10 fraction
RESULT own_cells_jumping=400 count
RESULT own_jump_analytic_maxrel=3.547847673e-10 rel
RESULT own_jump_null_at_margin=-3.547718134e-10 fraction
RESULT own_jump_null_at_2p5margin=-2.547718052e-10 fraction
RESULT own_jump_null_above_curve=0 fraction
RESULT own_direction_backward=1 bool
RESULT own_jump_vec_at_0.25C=0.8749999961 fraction
RESULT own_wood_at_step1_c=27.38571429 degC
RESULT own_adjacent_ulp_kw=5.551115123e-17 kW
RESULT own_adjacent_buf_below_c=27.88571429 degC
RESULT own_adjacent_buf_above_c=27.88571429 degC
RESULT own_adjacent_wood_dE_below_kwh=-1.235270969 kWh
RESULT own_adjacent_wood_dE_above_kwh=-0.006989024309 kWh
RESULT own_adjacent_jump_kwh=-1.228281944 kWh
RESULT own_nextafter_ulp_kw=5.551115123e-17 kW
RESULT own_nextafter_jump_kwh=0 kWh
RESULT own_optimizer_imports_wood_share=1 bool
RESULT own_perturbed_jump_max=9.999255627e-06 fraction
RESULT thread_factor=0.9968960356 ratio
RESULT load1=4.897949219 load
RESULT concurrent_processes=3 count
RESULT swapins=486589805 count
