RESULT cons.cases=1600 count
RESULT cons.worst_imbalance_kwh=-1.296740493e-13 kWh
RESULT cons.worst_config=two-tank 4-way
RESULT mono.comparisons=6240 count
RESULT mono.worst_delta_c=-2.131628207e-14 degC
RESULT mono.worst_at=two-zone no valve/buffer_tank_temperature
RESULT cop.worst_step_vs_flow=0 cop
RESULT cop.worst_step_vs_dhw_temp=0 cop
RESULT dt.production_step_minutes=15 min
RESULT dt.worst_24h_0.25h_vs_0.03125h_c=0.01128163367 degC
RESULT dt.worst_at=two-zone no valve/buffer
RESULT derate.min=0.55 factor
RESULT derate.max=0.55 factor
RESULT derate.bound_min=0.55 factor
RESULT derate.bound_max=1 factor
RESULT derate.in_bounds=1 bool
RESULT share.cells=1521 count
RESULT share.min=0 fraction
RESULT share.max=1 fraction
RESULT share.vec_scalar_max_abs_diff=0 fraction
RESULT coil.worst_identity_error_kw=5.551115123e-17 kW
RESULT cost.no_pv_error=0 SEK
RESULT cost.pv_error=2.131628207e-14 SEK
RESULT cost.pv_margin_min=0 SEK/kWh
RESULT window.box_average_error=0 kW
RESULT window.marginal_price_error=0 SEK/kW
RESULT thread_factor=0.9986592624 ratio
RESULT load1=13.80908203 load
RESULT concurrent_processes=2 count
RESULT swapins=475555185 count
