RESULT ratio_catalog_6kw=1.102246261 ratio
RESULT ratio_catalog_9kw=3.128723195 ratio
RESULT ratio_worst=5.083811356 ratio
RESULT ratio_hourly_14kw=1.546570958 ratio
RESULT ratio_null_flat_5kw=1.000000062 ratio
RESULT ratio_null_hourly_8kw=0.9999997334 ratio
RESULT ratio_null_spiky_12kw=1 ratio
RESULT break_excess_kw_1pc=5.841609022 kW
RESULT cells=28 count
RESULT cells_over_1pc=16 count
RESULT cell_ratio_min=0.9999997334 ratio
RESULT cell_ratio_max=13.35094575 ratio
RESULT cell_ratio_mean=2.901817752 ratio
RESULT loo_worst=2.514813011 ratio
RESULT loo_dropped_cell=n=192,excess=15.0
RESULT catalog_charged_sek_6kw=537.3450524 SEK
RESULT catalog_billed_sek_6kw=487.5 SEK
RESULT phantom_sek_6kw=49.84505239 SEK
RESULT catalog_charged_sek_9kw=2287.878837 SEK
RESULT catalog_billed_sek_9kw=731.25 SEK
RESULT phantom_sek_9kw=1556.628837 SEK
RESULT catalog_charged_sek_12kw=4956.716072 SEK
RESULT catalog_billed_sek_12kw=975 SEK
RESULT phantom_sek_12kw=3981.716072 SEK
RESULT perturbed_ratio_worst=1.00000032 ratio
RESULT perturbed_cells_over_1pc=0 count
RESULT thread_factor=0.9984289876 ratio
RESULT load1=14.31494141 load
RESULT concurrent_processes=2 count
RESULT swapins=475552543 count
