beat: refs/heads/main at fc362c9db469 unchanged; nothing written
beat: refs/heads/main at fc362c9db469 unchanged; nothing written
beat: refs/heads/main at fc362c9db469 unchanged; nothing written
beat: refs/heads/main at fc362c9db469 unchanged; nothing written
beat: refs/heads/main at fc362c9db469 unchanged; nothing written
beat: refs/heads/main at fc362c9db469 unchanged; nothing written
beat: refs/heads/main at fc362c9db469 unchanged; nothing written
beat: refs/heads/main at fc362c9db469 unchanged; nothing written
beat: refs/heads/main at fc362c9db469 unchanged; nothing written
beat: refs/heads/main at fc362c9db469 unchanged; nothing written
beat: refs/heads/main at fc362c9db469 unchanged; nothing written
beat: fetched origin/handoff/audit-r9-fixplan
generated handoff/round9/state/NEXT-SESSION-PROMPT.md: 2343 bytes
generated handoff/round9/state/PLAN-TABLE.md: 831 bytes
generated handoff/round9/state/RESUME-CURRENT.md: 443 bytes
already current: handoff/audit-r9-plan at d6bb71a42bbb carries these bytes; nothing to commit or push
mirrored handoff/round9/state/NEXT-SESSION-PROMPT.md -> /Users/timmalmstrom/hpo-seats/r9rev-2122/ev/sandbox/mirror/NEXT-SESSION-PROMPT.md
mirrored handoff/round9/state/PLAN-TABLE.md -> /Users/timmalmstrom/hpo-seats/r9rev-2122/ev/sandbox/mirror/PLAN-TABLE.md
mirrored handoff/round9/state/RESUME-CURRENT.md -> /Users/timmalmstrom/hpo-seats/r9rev-2122/ev/sandbox/mirror/RESUME-CURRENT.md
beat: refs/heads/main at 0ab163d46868 unchanged; nothing written
beat: refs/heads/main at 0ab163d46868 unchanged; nothing written
beat: refs/heads/main at 0ab163d46868 unchanged; nothing written
beat: refs/heads/main at 0ab163d46868 unchanged; nothing written
beat: refs/heads/main at 0ab163d46868 unchanged; nothing written
beat: refs/heads/main at 0ab163d46868 unchanged; nothing written
